02-22 18:56:36.446  1498  1626 I netstats_mobile_sample: [0,0,0,0,0,0,0,0,0,0,0,0,1614020196446]
02-22 18:56:36.446  1498  1626 I netstats_wifi_sample: [21554409,16141,2427511,8988,21554409,16141,2427511,8988,21528272,16055,2402577,8918,1614020196446]
02-22 18:56:39.037  1498  1626 I netstats_mobile_sample: [0,0,0,0,0,0,0,0,0,0,0,0,1614020199037]
02-22 18:56:39.037  1498  1626 I netstats_wifi_sample: [21554409,16141,2427511,8988,21554409,16141,2427511,8988,21528272,16055,2402577,8918,1614020199037]
02-22 18:56:41.671  1498  1626 I netstats_mobile_sample: [0,0,0,0,0,0,0,0,0,0,0,0,1614020201671]
02-22 18:56:41.671  1498  1626 I netstats_wifi_sample: [21554409,16141,2427511,8988,21554409,16141,2427511,8988,21528272,16055,2402577,8918,1614020201671]
02-22 18:56:43.233  1498  1617 I am_uid_stopped: 10080
02-22 18:56:43.233  1498  1617 I am_kill : [0,29617,com.logitech.integration.test,0,stop com.logitech.integration.test]
02-22 18:56:43.235   570   570 I chatty  : uid=1000(system) hwservicemanage expire 12 lines
02-22 18:56:43.235  1498  1617 I am_finish_activity: [0,99197233,34,com.logitech.integration.test/.MainActivity,proc died without state saved]
02-22 18:56:43.239  1498  1617 I am_set_resumed_activity: [0,com.logitech.integration.test.test/androidx.test.core.app.InstrumentationActivityInvoker$BootstrapActivity,resumeTopActivityInnerLocked]
02-22 18:56:43.239  1498  1617 I am_resume_activity: [0,58842766,34,com.logitech.integration.test.test/androidx.test.core.app.InstrumentationActivityInvoker$BootstrapActivity]
02-22 18:56:43.241  1498  1523 I sysui_multi_action: [757,803,799,window_time_0,802,60]
02-22 18:56:43.244  1498 13790 I am_finish_activity: [0,58842766,34,com.logitech.integration.test.test/androidx.test.core.app.InstrumentationActivityInvoker$BootstrapActivity,app-request]
02-22 18:56:43.244  1498 13790 I am_focused_stack: [0,0,12,32,finishActivity adjustFocus adjustFocusToNextFocusableStack]
02-22 18:56:43.244  1498 13790 I am_set_resumed_activity: [0,us.zoom.zoompresence/zoom.us.azr.touch.mainscreen.ui.MainBoardActivity,finishActivity]
02-22 18:56:43.245  1498 13790 I am_pause_activity: [0,58842766,com.logitech.integration.test.test/androidx.test.core.app.InstrumentationActivityInvoker$BootstrapActivity,userLeaving=false]
02-22 18:56:43.247 29654 29654 I am_on_activity_result_called: [0,androidx.test.core.app.InstrumentationActivityInvoker$BootstrapActivity,ACTIVITY_RESULT]
02-22 18:56:43.247 29654 29654 I am_on_restart_called: [0,androidx.test.core.app.InstrumentationActivityInvoker$BootstrapActivity,performRestartActivity]
02-22 18:56:43.248  1498  1523 I sysui_multi_action: [757,803,799,window_time_0,802,0]
02-22 18:56:43.251  1498  5759 I am_add_to_stopping: [0,58842766,com.logitech.integration.test.test/androidx.test.core.app.InstrumentationActivityInvoker$BootstrapActivity,finishCurrentActivityLocked]
02-22 18:56:43.252  1498  5759 I am_set_resumed_activity: [0,us.zoom.zoompresence/zoom.us.azr.touch.mainscreen.ui.MainBoardActivity,resumeTopActivityInnerLocked]
02-22 18:56:43.252  1498  5759 I am_resume_activity: [0,3435679,14,us.zoom.zoompresence/zoom.us.azr.touch.mainscreen.ui.MainBoardActivity]
02-22 18:56:43.258  9651  9651 I am_on_restart_called: [0,zoom.us.azr.touch.mainscreen.ui.MainBoardActivity,performRestartActivity]
02-22 18:56:43.258  1498  1523 I sysui_multi_action: [757,803,799,window_time_0,802,0]
02-22 18:56:43.261  9651  9651 I am_on_start_called: [0,zoom.us.azr.touch.mainscreen.ui.MainBoardActivity,handleStartActivity]
02-22 18:56:43.265  9651  9651 I am_on_resume_called: [0,zoom.us.azr.touch.mainscreen.ui.MainBoardActivity,RESUME_ACTIVITY]
02-22 18:56:43.267  9651  9651 I am_on_top_resumed_gained_called: [0,zoom.us.azr.touch.mainscreen.ui.MainBoardActivity,topWhenResuming]
02-22 18:56:43.285     0     0 I CAM_INFO: CAM-ISP: __cam_isp_ctx_flush_req_in_top_state: 2049 ctx id:2 Last request id to flush is 1773
02-22 18:56:43.285     0     0 I CAM_INFO: CAM-ISP: __cam_isp_ctx_flush_req_in_top_state: 2063 ctx:2 last applied id:1770, reported req id:1769, buf done id:1768
02-22 18:56:43.285     0     0 I CAM_INFO: CAM-ISP: __cam_isp_ctx_flush_req_in_top_state: 2069 current time:27246290 last apply time:27246290, reported req time:27246290, buf done time:27246270
02-22 18:56:43.285     0     0 I CAM_INFO: CAM-ISP: __cam_isp_ctx_dump_state_monitor_array: 121 Dumping state information for preceding requests
02-22 18:56:43.292     0     0 E CAM_ERR : CAM-ISP: cam_ife_csid_irq: 3386 CSID 1 irq status 0x0 0x4000ff 0x1ffa 0x0 0x0 0x0 0x0
02-22 18:56:43.299  1498  5759 I am_destroy_activity: [0,58842766,34,com.logitech.integration.test.test/androidx.test.core.app.InstrumentationActivityInvoker$BootstrapActivity,finish-imm:activityIdleInternalLocked]
02-22 18:56:43.301 29654 29654 I am_on_destroy_called: [0,androidx.test.core.app.InstrumentationActivityInvoker$BootstrapActivity,performDestroy]
02-22 18:56:43.302  1498  5759 I wm_task_removed: [34,removeAppToken: last token]
02-22 18:56:43.302  1498  5759 I am_remove_task: [34,32]
02-22 18:56:43.302  1498  5759 I wm_task_removed: [34,removeTask]
02-22 18:56:43.303  1498  5759 I wm_stack_removed: 32
02-22 18:56:43.303     0     0 I binder  : undelivered transaction 5290859, process died.
02-22 18:56:43.303     0     0 I binder  : undelivered transaction 5290850, process died.
02-22 18:56:43.303     0     0 I binder  : undelivered transaction 5291143, process died.
02-22 18:56:43.304     0     0 I binder  : undelivered transaction 5291237, process died.
02-22 18:56:43.304     0     0 I binder  : undelivered transaction 5291243, process died.
02-22 18:56:43.304     0     0 I binder  : undelivered transaction 5291248, process died.
02-22 18:56:43.304     0     0 I binder  : undelivered transaction 5291266, process died.
02-22 18:56:43.304     0     0 I binder  : undelivered transaction 5291352, process died.
02-22 18:56:43.304     0     0 I binder  : undelivered transaction 5291363, process died.
02-22 18:56:43.304     0     0 I binder  : undelivered transaction 5291376, process died.
02-22 18:56:43.304     0     0 I binder  : undelivered transaction 5291381, process died.
02-22 18:56:43.304     0     0 I binder  : undelivered transaction 5291385, process died.
02-22 18:56:43.304     0     0 I binder  : undelivered transaction 5291390, process died.
02-22 18:56:43.304     0     0 I binder  : undelivered transaction 5291393, process died.
02-22 18:56:43.304     0     0 I binder  : undelivered transaction 5291399, process died.
02-22 18:56:43.304     0     0 I binder  : undelivered transaction 5291442, process died.
02-22 18:56:43.304     0     0 I binder  : undelivered transaction 5291446, process died.
02-22 18:56:43.304     0     0 I binder  : undelivered transaction 5291451, process died.
02-22 18:56:43.304     0     0 I binder  : undelivered transaction 5291308, process died.
02-22 18:56:43.304     0     0 I binder  : undelivered transaction 5290764, process died.
02-22 18:56:43.304     0     0 I binder  : undelivered transaction 5290827, process died.
02-22 18:56:43.304     0     0 I binder  : undelivered transaction 5291307, process died.
02-22 18:56:43.305     0     0 I binder  : 1267:29882 transaction failed 29189/-22, size 80-0 line 3136
02-22 18:56:43.312     0     0 I binder  : 1267:29897 transaction failed 29189/-22, size 96-0 line 3136
02-22 18:56:43.322     0     0 I audio_in_release: session id 1
02-22 18:56:43.334     0     0 I event_handler: reclaimed all bufs
02-22 18:56:43.341     0     0 I msm_mi2s_snd_shutdown(): substream = subdevice #0  stream = 1 did not shutdown
02-22 18:56:43.482  1498  1530 I am_uid_stopped: 10081
02-22 18:56:43.483  1498  1530 I am_kill : [0,29654,com.logitech.integration.test.test,900,stop com.logitech.integration.test.test]
02-22 18:56:43.512     0     0 I sdcardfs: removing com.logitech.integration.test.test
02-22 18:56:43.520  1498  1546 I commit_sys_config_file: [package-user-0,3]
02-22 18:56:43.520  1498  1546 I commit_sys_config_file: [package,38]
02-22 18:56:43.589  1498  1520 I am_uid_active: 10016
02-22 18:56:43.600     0     0 I CAM_INFO: CAM-ISP: __cam_isp_ctx_flush_req_in_top_state: 2049 ctx id:2 Last request id to flush is 1773
02-22 18:56:43.602  1498  1498 I notification_cancel_all: [1000,1498,com.logitech.integration.test.test,0,0,0,5,NULL]
02-22 18:56:43.608  1498  1627 I commit_sys_config_file: [net-policy,9]
02-22 18:56:43.616  1498  1522 I commit_sys_config_file: [notification-policy,3]
02-22 18:56:43.612     0     0 I CAM_INFO: CAM-ISP: __cam_isp_ctx_handle_irq_in_activated: 3796 Ctx:2 No handle function for substate 6
02-22 18:56:43.612     0     0 I CAM_INFO: CAM-ISP: __cam_isp_ctx_dump_state_monitor_array: 121 Dumping state information for preceding requests
02-22 18:56:43.622  1498  1626 I netstats_mobile_sample: [0,0,0,0,0,0,0,0,0,0,0,0,1614020203623]
02-22 18:56:43.623  1498  1626 I netstats_wifi_sample: [21554409,16141,2427511,8988,21554409,16141,2427511,8988,21528272,16055,2402577,8918,1614020203623]
02-22 18:56:43.623     0     0 I CAM_INFO: CAM-ISP: __cam_isp_ctx_handle_irq_in_activated: 3796 Ctx:2 No handle function for substate 6
02-22 18:56:43.623     0     0 I CAM_INFO: CAM-ISP: __cam_isp_ctx_dump_state_monitor_array: 121 Dumping state information for preceding requests
02-22 18:56:43.634     0     0 I CAM_INFO: CAM-SENSOR: cam_sensor_driver_cmd: 1701 CAM_STOP_DEV,  sensor_state 3 +
02-22 18:56:43.635     0     0 I CAM_INFO: CAM-SENSOR: cam_sensor_driver_cmd: 1727 CAM_STOP_DEV Success, sensor_id:0x8000,sensor_slave_addr:0x34
02-22 18:56:43.642     0     0 I CAM_INFO: CAM-CORE: cam_node_handle_ioctl: 863 Release HW done(rc = 0)
02-22 18:56:43.645     0     0 I CAM_INFO: CAM-SENSOR: cam_sensor_util_request_gpio_table: 787 No GPIO data
02-22 18:56:43.645     0     0 I CAM_INFO: CAM-SENSOR: cam_sensor_driver_cmd: 1604 CAM_RELEASE_DEV,  sensor_state 1 +
02-22 18:56:43.647     0     0 E CAM_ERR : CAM-ACTUATOR: cam_afptz_store: 434 try to power on!
02-22 18:56:43.647     0     0 E CAM_ERR : CAM-SENSOR: cam_sensor_power_up_cci0: 2208 cam_sensor_power_up_cci0: cci0 busy, cannot power up
02-22 18:56:43.647     0     0 E CAM_ERR : CAM-ACTUATOR: cam_afptz_store: 471 cci_client is NULL!!!
02-22 18:56:43.647     0     0 E CAM_ERR : CAM-ACTUATOR: cam_afptz_show: 383 unknow read cmd
02-22 18:56:43.647     0     0 E CAM_ERR : CAM-ACTUATOR: cam_afptz_show: 400 read fail
02-22 18:56:43.648     0     0 E CAM_ERR : CAM-ACTUATOR: cam_afptz_store: 434 try to power on!
02-22 18:56:43.648     0     0 E CAM_ERR : CAM-SENSOR: cam_sensor_power_up_cci0: 2208 cam_sensor_power_up_cci0: cci0 busy, cannot power up
02-22 18:56:43.648     0     0 E CAM_ERR : CAM-ACTUATOR: cam_afptz_store: 471 cci_client is NULL!!!
02-22 18:56:43.648     0     0 E CAM_ERR : CAM-ACTUATOR: cam_afptz_show: 383 unknow read cmd
02-22 18:56:43.648     0     0 E CAM_ERR : CAM-ACTUATOR: cam_afptz_show: 400 read fail
02-22 18:56:43.648     0     0 E CAM_ERR : CAM-ACTUATOR: cam_afptz_store: 434 try to power on!
02-22 18:56:43.648     0     0 E CAM_ERR : CAM-SENSOR: cam_sensor_power_up_cci0: 2208 cam_sensor_power_up_cci0: cci0 busy, cannot power up
02-22 18:56:43.648     0     0 E CAM_ERR : CAM-ACTUATOR: cam_afptz_store: 471 cci_client is NULL!!!
02-22 18:56:43.648     0     0 E CAM_ERR : CAM-ACTUATOR: cam_afptz_show: 383 unknow read cmd
02-22 18:56:43.648     0     0 E CAM_ERR : CAM-ACTUATOR: cam_afptz_show: 400 read fail
02-22 18:56:43.648     0     0 E CAM_ERR : CAM-ACTUATOR: cam_afptz_store: 434 try to power on!
02-22 18:56:43.648     0     0 E CAM_ERR : CAM-SENSOR: cam_sensor_power_up_cci0: 2208 cam_sensor_power_up_cci0: cci0 busy, cannot power up
02-22 18:56:43.648     0     0 E CAM_ERR : CAM-ACTUATOR: cam_afptz_store: 471 cci_client is NULL!!!
02-22 18:56:43.648     0     0 E CAM_ERR : CAM-ACTUATOR: cam_afptz_show: 383 unknow read cmd
02-22 18:56:43.648     0     0 E CAM_ERR : CAM-ACTUATOR: cam_afptz_show: 400 read fail
02-22 18:56:43.649     0     0 E CAM_ERR : CAM-ACTUATOR: cam_afptz_store: 434 try to power on!
02-22 18:56:43.649     0     0 E CAM_ERR : CAM-SENSOR: cam_sensor_power_up_cci0: 2208 cam_sensor_power_up_cci0: cci0 busy, cannot power up
02-22 18:56:43.649     0     0 E CAM_ERR : CAM-ACTUATOR: cam_afptz_store: 471 cci_client is NULL!!!
02-22 18:56:43.649     0     0 E CAM_ERR : CAM-ACTUATOR: cam_afptz_show: 383 unknow read cmd
02-22 18:56:43.649     0     0 E CAM_ERR : CAM-ACTUATOR: cam_afptz_show: 400 read fail
02-22 18:56:43.649     0     0 E CAM_ERR : CAM-ACTUATOR: cam_afptz_store: 434 try to power on!
02-22 18:56:43.649     0     0 E CAM_ERR : CAM-SENSOR: cam_sensor_power_up_cci0: 2208 cam_sensor_power_up_cci0: cci0 busy, cannot power up
02-22 18:56:43.649     0     0 E CAM_ERR : CAM-ACTUATOR: cam_afptz_store: 471 cci_client is NULL!!!
02-22 18:56:43.649     0     0 E CAM_ERR : CAM-ACTUATOR: cam_afptz_show: 383 unknow read cmd
02-22 18:56:43.649     0     0 E CAM_ERR : CAM-ACTUATOR: cam_afptz_show: 400 read fail
02-22 18:56:43.649     0     0 E CAM_ERR : CAM-ACTUATOR: cam_afptz_store: 434 try to power on!
02-22 18:56:43.649     0     0 E CAM_ERR : CAM-SENSOR: cam_sensor_power_up_cci0: 2208 cam_sensor_power_up_cci0: cci0 busy, cannot power up
02-22 18:56:43.649     0     0 E CAM_ERR : CAM-ACTUATOR: cam_afptz_store: 471 cci_client is NULL!!!
02-22 18:56:43.649     0     0 E CAM_ERR : CAM-ACTUATOR: cam_afptz_show: 383 unknow read cmd
02-22 18:56:43.649     0     0 E CAM_ERR : CAM-ACTUATOR: cam_afptz_show: 400 read fail
02-22 18:56:43.650     0     0 E CAM_ERR : CAM-ACTUATOR: cam_afptz_store: 434 try to power on!
02-22 18:56:43.650     0     0 E CAM_ERR : CAM-SENSOR: cam_sensor_power_up_cci0: 2208 cam_sensor_power_up_cci0: cci0 busy, cannot power up
02-22 18:56:43.650     0     0 E CAM_ERR : CAM-ACTUATOR: cam_afptz_store: 471 cci_client is NULL!!!
02-22 18:56:43.650     0     0 E CAM_ERR : CAM-ACTUATOR: cam_afptz_show: 383 unknow read cmd
02-22 18:56:43.650     0     0 E CAM_ERR : CAM-ACTUATOR: cam_afptz_show: 400 read fail
02-22 18:56:43.650     0     0 E CAM_ERR : CAM-ACTUATOR: cam_afptz_store: 434 try to power on!
02-22 18:56:43.650     0     0 E CAM_ERR : CAM-SENSOR: cam_sensor_power_up_cci0: 2208 cam_sensor_power_up_cci0: cci0 busy, cannot power up
02-22 18:56:43.650     0     0 E CAM_ERR : CAM-ACTUATOR: cam_afptz_store: 471 cci_client is NULL!!!
02-22 18:56:43.650     0     0 E CAM_ERR : CAM-ACTUATOR: cam_afptz_show: 383 unknow read cmd
02-22 18:56:43.650     0     0 E CAM_ERR : CAM-ACTUATOR: cam_afptz_show: 400 read fail
02-22 18:56:43.650     0     0 E CAM_ERR : CAM-ACTUATOR: cam_afptz_store: 434 try to power on!
02-22 18:56:43.650     0     0 E CAM_ERR : CAM-SENSOR: cam_sensor_power_up_cci0: 2208 cam_sensor_power_up_cci0: cci0 busy, cannot power up
02-22 18:56:43.650     0     0 E CAM_ERR : CAM-ACTUATOR: cam_afptz_store: 471 cci_client is NULL!!!
02-22 18:56:43.650     0     0 E CAM_ERR : CAM-ACTUATOR: cam_afptz_show: 383 unknow read cmd
02-22 18:56:43.650     0     0 E CAM_ERR : CAM-ACTUATOR: cam_afptz_show: 400 read fail
02-22 18:56:43.656     0     0 E CAM_ERR : CAM-SENSOR: cam_sensor_cci_i2c_util: 235 Failed rc = -19
02-22 18:56:43.660     0     0 I sdcardfs: removing com.logitech.integration.test
02-22 18:56:43.667     0     0 I CAM_INFO: CAM-SENSOR: cam_sensor_driver_cmd: 1654 CAM_RELEASE_DEV Success, sensor_id:0x8000,sensor_slave_addr:0x34
02-22 18:56:43.723     0     0 E CAM_ERR : CAM-ACTUATOR: cam_afptz_store: 434 try to power on!
02-22 18:56:43.765  1498  1546 I commit_sys_config_file: [package-user-0,62]
02-22 18:56:43.765  1498  1546 I commit_sys_config_file: [package,125]
02-22 18:56:43.765  1498  4913 I dvm_lock_sample: [system_server,1,Binder:1498_D,125,PackageManagerService.java,7234,java.lang.String com.android.server.pm.PackageManagerService.getInstantAppPackageName(int),-,19072,void com.android.server.pm.PackageManagerService.removePackageDataLIF(com.android.server.pm.PackageSetting, int[], com.android.server.pm.PackageManagerService$PackageRemovedInfo, int, boolean),25]
02-22 18:56:43.766  1498 10340 I dvm_lock_sample: [system_server,1,Binder:1498_16,80,PackageManagerService.java,5683,int com.android.server.pm.PackageManagerService.checkUidPermission(java.lang.String, int),-,19072,void com.android.server.pm.PackageManagerService.removePackageDataLIF(com.android.server.pm.PackageSetting, int[], com.android.server.pm.PackageManagerService$PackageRemovedInfo, int, boolean),16]
02-22 18:56:43.759     0     0 I CAM_INFO: CAM-ACTUATOR: cam_afptz_store: 437 skip actuator camera_io_init
02-22 18:56:43.773  1498  1529 I commit_sys_config_file: [package-perms-0,7]
02-22 18:56:43.812  1498  1529 I commit_sys_config_file: [roles-0,4]
02-22 18:56:43.829  2837  2837 I force_gc: bg
02-22 18:56:43.839  1498  1498 I notification_cancel_all: [1000,1498,com.logitech.integration.test,0,0,0,5,NULL]
02-22 18:56:43.840  1498  1626 I netstats_mobile_sample: [0,0,0,0,0,0,0,0,0,0,0,0,1614020203840]
02-22 18:56:43.840  1498  1626 I netstats_wifi_sample: [21554409,16141,2427511,8988,21554409,16141,2427511,8988,21528272,16055,2402577,8918,1614020203840]
02-22 18:56:43.880  1498  1627 I commit_sys_config_file: [net-policy,46]
02-22 18:56:43.975  1498  1522 I commit_sys_config_file: [notification-policy,134]
02-22 18:56:43.987  1498  1529 I commit_sys_config_file: [package-perms-0,4]
02-22 18:56:44.056  1498  1529 I commit_sys_config_file: [roles-0,7]
02-22 18:56:44.271  1498  1626 I netstats_mobile_sample: [0,0,0,0,0,0,0,0,0,0,0,0,1614020204271]
02-22 18:56:44.271  1498  1626 I netstats_wifi_sample: [21554409,16141,2427511,8988,21554409,16141,2427511,8988,21528272,16055,2402577,8918,1614020204271]
02-22 18:56:44.362     0     0 I msm_vidc: info: Closed video instance: ffffffe2de1a8000
02-22 18:56:45.014  9651  9651 I chatty  : uid=10038(us.zoom.zoompresence) expire 30 lines
02-22 18:56:46.881  1498  1529 I sysui_multi_action: [757,1717,758,1,759,0]
02-22 18:56:46.882  1498  1529 I sysui_multi_action: [757,1717,758,2,759,0]
02-22 18:56:46.882  1498  1529 I sysui_multi_action: [757,1717,758,3,759,0]
02-22 18:56:53.534  1498  1546 I commit_sys_config_file: [package-user-0,6]
02-22 18:56:53.594  1498  2001 I commit_sys_config_file: [appops,6]
02-22 18:56:53.845  1498  1523 I commit_sys_config_file: [warnings-config,5]
02-22 18:56:58.844   570   570 I chatty  : uid=1000(system) hwservicemanage expire 10 lines
02-22 18:57:32.616  1498  1643 I storage_state: [41217664-9172-527a-b3d5-edabb50a7d69,0,0,52688814080,53087854592]
02-22 18:57:34.854  9651  9651 I chatty  : uid=10038(us.zoom.zoompresence) expire 15 lines
02-22 18:57:45.920     0     0 W healthd : battery l=50 v=4172 t=25.0 h=2 st=3 c=-490 fc=0 cc=0 chg=
02-22 18:57:58.857  1498  1530 I am_uid_idle: 10016
02-22 18:57:59.035     0     0 D logd    : logdr: UID=0 GID=0 PID=30053 b tail=0 logMask=19 pid=0 start=0ns timeout=0ns
02-22 18:57:59.734  9651  9651 I chatty  : uid=10038(us.zoom.zoompresence) expire 63 lines
02-22 18:58:20.546     0     0 D logd    : logdr: UID=0 GID=0 PID=30069 b tail=0 logMask=19 pid=0 start=0ns timeout=0ns
02-22 18:59:25.696     0     0 D logd    : logdr: UID=0 GID=0 PID=30089 b tail=0 logMask=19 pid=0 start=0ns timeout=0ns
--------- beginning of system
02-22 18:59:43.144  1498  4913 D PackageInstaller: Logitech App Whitelist: createSessionInternal: installerPackageName = null
02-22 18:59:43.158  1498  1522 I commit_sys_config_file: [package-session,4]
02-22 18:59:43.164  1498  1522 I commit_sys_config_file: [package-session,4]
02-22 18:59:43.215  1498  4913 I commit_sys_config_file: [package-session,4]
02-22 18:59:43.232  1498  1546 D PackageManager: Logitech App Whitelist: assertPackageIsValid: package name = com.logitech.integration.test
02-22 18:59:43.232  1498  1546 D PackageManager: Logitech App Whitelist: assertPackageIsValid: END
02-22 18:59:43.234  1498  1546 I PackageManager: Considering granting permission android.permission.CAPTURE_SECURE_VIDEO_OUTPUT to package com.displaylink.desktop.oem
02-22 18:59:43.234  1498  1546 I PackageManager: Considering granting permission android.permission.RECEIVE_BOOT_COMPLETED to package com.displaylink.desktop.oem
02-22 18:59:43.234  1498  1546 I PackageManager: Considering granting permission android.permission.CAPTURE_VIDEO_OUTPUT to package com.displaylink.desktop.oem
02-22 18:59:43.234  1498  1546 I PackageManager: Considering granting permission android.permission.KILL_BACKGROUND_PROCESSES to package com.logitech.frogger.logidesktop
02-22 18:59:43.234  1498  1546 I PackageManager: Considering granting permission android.permission.ACCESS_NETWORK_STATE to package com.qualcomm.qti.qms.service.telemetry
02-22 18:59:43.234  1498  1546 I PackageManager: Considering granting permission android.permission.INTERNET to package com.qualcomm.qti.qms.service.telemetry
02-22 18:59:43.234  1498  1546 I PackageManager: Considering granting permission android.permission.RECEIVE_BOOT_COMPLETED to package com.qualcomm.qti.qms.service.telemetry
02-22 18:59:43.234  1498  1546 I PackageManager: Considering granting permission android.permission.WRITE_SECURE_SETTINGS to package com.logitech.example.platform_library.client
02-22 18:59:43.234  1498  1546 I PackageManager: Considering granting permission android.permission.FOREGROUND_SERVICE to package com.android.dynsystem
02-22 18:59:43.234  1498  1546 I PackageManager: Considering granting permission android.permission.INTERNET to package com.android.dynsystem
02-22 18:59:43.234  1498  1546 I PackageManager: Considering granting permission android.permission.MANAGE_DYNAMIC_SYSTEM to package com.android.dynsystem
02-22 18:59:43.234  1498  1546 I PackageManager: Considering granting permission android.permission.REBOOT to package com.android.dynsystem
02-22 18:59:43.234  1498  1546 I PackageManager: Considering granting permission android.permission.RECEIVE_BOOT_COMPLETED to package com.android.dynsystem
02-22 18:59:43.234  1498  1546 I PackageManager: Considering granting permission com.android.systemui.permission.PLUGIN to package com.logitech.platform.dev.sysuiplugin
02-22 18:59:43.234  1498  1546 I PackageManager: Considering granting permission android.permission.READ_CALENDAR to package com.android.providers.calendar
02-22 18:59:43.234  1498  1546 I PackageManager: Considering granting permission android.permission.WRITE_CALENDAR to package com.android.providers.calendar
02-22 18:59:43.234  1498  1546 I PackageManager: Considering granting permission android.permission.RECEIVE_BOOT_COMPLETED to package com.android.providers.calendar
02-22 18:59:43.234  1498  1546 I PackageManager: Considering granting permission android.permission.GET_ACCOUNTS to package com.android.providers.calendar
02-22 18:59:43.234  1498  1546 I PackageManager: Considering granting permission android.permission.GET_ACCOUNTS_PRIVILEGED to package com.android.providers.calendar
02-22 18:59:43.234  1498  1546 I PackageManager: Considering granting permission android.permission.USE_CREDENTIALS to package com.android.providers.calendar
02-22 18:59:43.234  1498  1546 I PackageManager: Considering granting permission android.permission.MANAGE_ACCOUNTS to package com.android.providers.calendar
02-22 18:59:43.234  1498  1546 I PackageManager: Considering granting permission android.permission.READ_SYNC_STATS to package com.android.providers.calendar
02-22 18:59:43.234  1498  1546 I PackageManager: Considering granting permission android.permission.READ_SYNC_SETTINGS to package com.android.providers.calendar
02-22 18:59:43.234  1498  1546 I PackageManager: Considering granting permission android.permission.WRITE_SYNC_SETTINGS to package com.android.providers.calendar
02-22 18:59:43.234  1498  1546 I PackageManager: Considering granting permission android.permission.INTERNET to package com.android.providers.calendar
02-22 18:59:43.234  1498  1546 I PackageManager: Considering granting permission android.permission.SUBSCRIBED_FEEDS_READ to package com.android.providers.calendar
02-22 18:59:43.234  1498  1546 I PackageManager: Considering granting permission android.permission.SUBSCRIBED_FEEDS_WRITE to package com.android.providers.calendar
02-22 18:59:43.234  1498  1546 I PackageManager: Considering granting permission android.permission.WAKE_LOCK to package com.android.providers.calendar
02-22 18:59:43.234  1498  1546 I PackageManager: Considering granting permission android.permission.WRITE_EXTERNAL_STORAGE to package com.android.providers.calendar
02-22 18:59:43.234  1498  1546 I PackageManager: Considering granting permission android.permission.UPDATE_APP_OPS_STATS to package com.android.providers.calendar
02-22 18:59:43.235  1498  1546 I PackageManager: Considering granting permission android.permission.USE_RESERVED_DISK to package com.android.providers.calendar
02-22 18:59:43.235  1498  1546 I PackageManager: Considering granting permission android.permission.MANAGE_USERS to package com.android.providers.calendar
02-22 18:59:43.235  1498  1546 I PackageManager: Considering granting permission android.permission.INTERACT_ACROSS_USERS to package com.android.providers.calendar
02-22 18:59:43.235  1498  1546 I PackageManager: Considering granting permission android.permission.READ_EXTERNAL_STORAGE to package com.android.providers.calendar
02-22 18:59:43.235  1498  1546 I PackageManager: Considering granting permission android.permission.RECEIVE_BOOT_COMPLETED to package com.android.providers.media
02-22 18:59:43.235  1498  1546 I PackageManager: Considering granting permission android.permission.RECEIVE_DEVICE_CUSTOMIZATION_READY to package com.android.providers.media
02-22 18:59:43.235  1498  1546 I PackageManager: Considering granting permission android.permission.WRITE_SETTINGS to package com.android.providers.media
02-22 18:59:43.235  1498  1546 I PackageManager: Considering granting permission android.permission.WAKE_LOCK to package com.android.providers.media
02-22 18:59:43.235  1498  1546 I PackageManager: Considering granting permission android.permission.WRITE_EXTERNAL_STORAGE to package com.android.providers.media
02-22 18:59:43.235  1498  1546 I PackageManager: Considering granting permission android.permission.WRITE_MEDIA_STORAGE to package com.android.providers.media
02-22 18:59:43.235  1498  1546 I PackageManager: Considering granting permission android.permission.ACCESS_MTP to package com.android.providers.media
02-22 18:59:43.235  1498  1546 I PackageManager: Considering granting permission android.permission.MANAGE_USERS to package com.android.providers.media
02-22 18:59:43.235  1498  1546 I PackageManager: Considering granting permission android.permission.INTERACT_ACROSS_USERS to package com.android.providers.media
02-22 18:59:43.235  1498  1546 I PackageManager: Considering granting permission android.permission.USE_RESERVED_DISK to package com.android.providers.media
02-22 18:59:43.235  1498  1546 I PackageManager: Considering granting permission android.permission.WATCH_APPOPS to package com.android.providers.media
02-22 18:59:43.235  1498  1546 I PackageManager: Considering granting permission android.permission.UPDATE_DEVICE_STATS to package com.android.providers.media
02-22 18:59:43.235  1498  1546 I PackageManager: Considering granting permission android.permission.READ_EXTERNAL_STORAGE to package com.android.providers.media
02-22 18:59:43.235  1498  1546 I PackageManager: Considering granting permission android.permission.WRITE_SETTINGS to package com.logitech.platform.upgrade
02-22 18:59:43.235  1498  1546 I PackageManager: Considering granting permission android.permission.WRITE_SECURE_SETTINGS to package com.logitech.platform.upgrade
02-22 18:59:43.235  1498  1546 I PackageManager: Considering granting permission android.permission.MANAGE_USERS to package com.logitech.platform.upgrade
02-22 18:59:43.235  1498  1546 I PackageManager: Considering granting permission android.permission.CHANGE_COMPONENT_ENABLED_STATE to package com.logitech.platform.upgrade
02-22 18:59:43.235  1498  1546 I PackageManager: Considering granting permission android.permission.INTERNET to package com.logitech.vc.synctestapp
02-22 18:59:43.235  1498  1546 I PackageManager: Considering granting permission android.permission.ACCESS_NETWORK_STATE to package com.logitech.vc.synctestapp
02-22 18:59:43.235  1498  1546 I PackageManager: Considering granting permission android.permission.SET_TIME to package com.logitech.vc.synctestapp
02-22 18:59:43.235  1498  1546 I PackageManager: Considering granting permission android.permission.SET_TIME_ZONE to package com.logitech.vc.synctestapp
02-22 18:59:43.235  1498  1546 I PackageManager: Considering granting permission android.permission.READ_EXTERNAL_STORAGE to package com.logitech.vc.synctestapp
02-22 18:59:43.235  1498  1546 I PackageManager: Considering granting permission android.permission.WRITE_EXTERNAL_STORAGE to package com.logitech.vc.synctestapp
02-22 18:59:43.235  1498  1546 I PackageManager: Considering granting permission com.logitech.vc.permission.analytics.collector.SEND_MESSAGE to package com.logitech.vc.synctestapp
02-22 18:59:43.235  1498  1546 I PackageManager: Considering granting permission com.logitech.vc.permission.attestation.ATTEST to package com.logitech.vc.synctestapp
02-22 18:59:43.235  1498  1546 I PackageManager: Considering granting permission android.permission.INTERNET to package com.logitech.systemapplication
02-22 18:59:43.235  1498  1546 I PackageManager: Considering granting permission com.logitech.vc.permission.attestation.ATTEST to package com.logitech.systemapplication
02-22 18:59:43.235  1498  1546 I PackageManager: Considering granting permission android.permission.WRITE_SETTINGS to package com.logitech.platform.provision
02-22 18:59:43.235  1498  1546 I PackageManager: Considering granting permission android.permission.WRITE_SECURE_SETTINGS to package com.logitech.platform.provision
02-22 18:59:43.235  1498  1546 I PackageManager: Considering granting permission android.permission.FORCE_STOP_PACKAGES to package com.logitech.platform.provision
02-22 18:59:43.235  1498  1546 I PackageManager: Considering granting permission android.permission.CHANGE_COMPONENT_ENABLED_STATE to package com.logitech.platform.provision
02-22 18:59:43.235  1498  1546 I PackageManager: Considering granting permission android.permission.READ_EXTERNAL_STORAGE to package com.android.externalstorage
02-22 18:59:43.235  1498  1546 I PackageManager: Considering granting permission android.permission.WRITE_EXTERNAL_STORAGE to package com.android.externalstorage
02-22 18:59:43.235  1498  1546 I PackageManager: Considering granting permission android.permission.WRITE_MEDIA_STORAGE to package com.android.externalstorage
02-22 18:59:43.235  1498  1546 I PackageManager: Considering granting permission android.permission.MOUNT_UNMOUNT_FILESYSTEMS to package com.android.externalstorage
02-22 18:59:43.235  1498  1546 I PackageManager: Considering granting permission android.permission.READ_PHONE_STATE to package com.qualcomm.uimremoteclient
02-22 18:59:43.235  1498  1546 I PackageManager: Considering granting permission android.permission.SYSTEM_ALERT_WINDOW to package us.zoom.zrc
02-22 18:59:43.235  1498  1546 I PackageManager: Considering granting permission android.permission.READ_PHONE_STATE to package us.zoom.zrc
02-22 18:59:43.235  1498  1546 I PackageManager: Considering granting permission android.permission.WRITE_EXTERNAL_STORAGE to package us.zoom.zrc
02-22 18:59:43.236  1498  1546 I PackageManager: Considering granting permission android.permission.INTERNET to package us.zoom.zrc
02-22 18:59:43.236  1498  1546 I PackageManager: Considering granting permission android.permission.WAKE_LOCK to package us.zoom.zrc
02-22 18:59:43.236  1498  1546 I PackageManager: Considering granting permission android.permission.BLUETOOTH to package us.zoom.zrc
02-22 18:59:43.236  1498  1546 I PackageManager: Considering granting permission android.permission.BLUETOOTH_ADMIN to package us.zoom.zrc
02-22 18:59:43.236  1498  1546 I PackageManager: Considering granting permission android.permission.ACCESS_WIFI_STATE to package us.zoom.zrc
02-22 18:59:43.236  1498  1546 I PackageManager: Considering granting permission android.permission.ACCESS_NETWORK_STATE to package us.zoom.zrc
02-22 18:59:43.236  1498  1546 I PackageManager: Considering granting permission android.permission.RECORD_AUDIO to package us.zoom.zrc
02-22 18:59:43.236  1498  1546 I PackageManager: Considering granting permission android.permission.READ_EXTERNAL_STORAGE to package us.zoom.zrc
02-22 18:59:43.236  1498  1546 I PackageManager: Considering granting permission android.permission.RECEIVE_BOOT_COMPLETED to package com.qualcomm.qti.uceShimService
02-22 18:59:43.236  1498  1546 I PackageManager: Considering granting permission android.permission.BROADCAST_STICKY to package com.qualcomm.qti.uceShimService
02-22 18:59:43.236  1498  1546 I PackageManager: Considering granting permission android.permission.BLUETOOTH to package com.android.companiondevicemanager
02-22 18:59:43.236  1498  1546 I PackageManager: Considering granting permission android.permission.BLUETOOTH_ADMIN to package com.android.companiondevicemanager
02-22 18:59:43.236  1498  1546 I PackageManager: Considering granting permission android.permission.ACCESS_FINE_LOCATION to package com.android.companiondevicemanager
02-22 18:59:43.236  1498  1546 I PackageManager: Considering granting permission android.permission.ACCESS_BACKGROUND_LOCATION to package com.android.companiondevicemanager
02-22 18:59:43.236  1498  1546 I PackageManager: Considering granting permission android.permission.ACCESS_WIFI_STATE to package com.android.companiondevicemanager
02-22 18:59:43.236  1498  1546 I PackageManager: Considering granting permission android.permission.CHANGE_WIFI_STATE to package com.android.companiondevicemanager
02-22 18:59:43.236  1498  1546 I PackageManager: Considering granting permission android.permission.ACCESS_COARSE_LOCATION to package com.android.companiondevicemanager
02-22 18:59:43.236  1498  1546 I PackageManager: Considering granting permission android.permission.INTERNET to package com.qualcomm.qti.qms.service.connectionsecurity
02-22 18:59:43.236  1498  1546 I PackageManager: Considering granting permission android.permission.ACCESS_WIFI_STATE to package com.qualcomm.qti.qms.service.connectionsecurity
02-22 18:59:43.236  1498  1546 I PackageManager: Considering granting permission android.permission.CHANGE_WIFI_STATE to package com.qualcomm.qti.qms.service.connectionsecurity
02-22 18:59:43.236  1498  1546 I PackageManager: Considering granting permission android.permission.ACCESS_NETWORK_STATE to package com.qualcomm.qti.qms.service.connectionsecurity
02-22 18:59:43.236  1498  1546 I PackageManager: Considering granting permission android.permission.WAKE_LOCK to package com.qualcomm.qti.qms.service.connectionsecurity
02-22 18:59:43.236  1498  1546 I PackageManager: Considering granting permission android.permission.RECEIVE_BOOT_COMPLETED to package com.qualcomm.qti.qms.service.connectionsecurity
02-22 18:59:43.236  1498  1546 I PackageManager: Considering granting permission android.permission.RECEIVE_BOOT_COMPLETED to package com.android.providers.downloads
02-22 18:59:43.236  1498  1546 I PackageManager: Considering granting permission android.permission.ACCESS_DOWNLOAD_MANAGER to package com.android.providers.downloads
02-22 18:59:43.236  1498  1546 I PackageManager: Considering granting permission android.permission.ACCESS_CACHE_FILESYSTEM to package com.android.providers.downloads
02-22 18:59:43.236  1498  1546 I PackageManager: Considering granting permission android.permission.SEND_DOWNLOAD_COMPLETED_INTENTS to package com.android.providers.downloads
02-22 18:59:43.236  1498  1546 I PackageManager: Considering granting permission android.permission.ACCESS_NETWORK_STATE to package com.android.providers.downloads
02-22 18:59:43.236  1498  1546 I PackageManager: Considering granting permission android.permission.INTERNET to package com.android.providers.downloads
02-22 18:59:43.236  1498  1546 I PackageManager: Considering granting permission android.permission.WRITE_EXTERNAL_STORAGE to package com.android.providers.downloads
02-22 18:59:43.236  1498  1546 I PackageManager: Considering granting permission android.permission.ACCESS_ALL_DOWNLOADS to package com.android.providers.downloads
02-22 18:59:43.236  1498  1546 I PackageManager: Considering granting permission android.permission.UPDATE_DEVICE_STATS to package com.android.providers.downloads
02-22 18:59:43.236  1498  1546 I PackageManager: Considering granting permission android.permission.CONNECTIVITY_INTERNAL to package com.android.providers.downloads
02-22 18:59:43.236  1498  1546 I PackageManager: Considering granting permission android.permission.CLEAR_APP_CACHE to package com.android.providers.downloads
02-22 18:59:43.236  1498  1546 I PackageManager: Considering granting permission android.permission.WAKE_LOCK to package com.android.providers.downloads
02-22 18:59:43.236  1498  1546 I PackageManager: Considering granting permission android.permission.UPDATE_APP_OPS_STATS to package com.android.providers.downloads
02-22 18:59:43.236  1498  1546 I PackageManager: Considering granting permission android.permission.START_ACTIVITIES_FROM_BACKGROUND to package com.android.providers.downloads
02-22 18:59:43.236  1498  1546 I PackageManager: Considering granting permission android.permission.READ_EXTERNAL_STORAGE to package com.android.providers.downloads
02-22 18:59:43.236  1498  1546 I PackageManager: Considering granting permission android.permission.RECEIVE_BOOT_COMPLETED to package vendor.qti.hardware.cacert.server
02-22 18:59:43.236  1498  1546 I PackageManager: Considering granting permission android.permission.RECEIVE_BOOT_COMPLETED to package com.logitech.platform.zoom.zdm
02-22 18:59:43.236  1498  1546 I PackageManager: Considering granting permission android.permission.WRITE_EXTERNAL_STORAGE to package com.logitech.platform.zoom.zdm
02-22 18:59:43.236  1498  1546 I PackageManager: Considering granting permission android.permission.READ_EXTERNAL_STORAGE to package com.logitech.platform.zoom.zdm
02-22 18:59:43.236  1498  1546 I PackageManager: Considering granting permission android.permission.INTERNET to package com.logitech.platform.zoom.zdm
02-22 18:59:43.236  1498  1546 I PackageManager: Considering granting permission android.permission.WRITE_SECURE_SETTINGS to package com.logitech.platform.zoom.zdm
02-22 18:59:43.236  1498  1546 I PackageManager: Considering granting permission android.permission.BROADCAST_STICKY to package com.logitech.platform.zoom.zdm
02-22 18:59:43.236  1498  1546 I PackageManager: Considering granting permission android.permission.ACCESS_NETWORK_STATE to package com.logitech.platform.zoom.zdm
02-22 18:59:43.236  1498  1546 I PackageManager: Considering granting permission com.logitech.vc.permission.analytics.collector.SEND_MESSAGE to package com.logitech.platform.zoom.zdm
02-22 18:59:43.236  1498  1546 I PackageManager: Considering granting permission android.permission.WAKE_LOCK to package com.logitech.bugreporter
02-22 18:59:43.236  1498  1546 I PackageManager: Considering granting permission android.permission.ACCESS_NETWORK_STATE to package com.logitech.bugreporter
02-22 18:59:43.236  1498  1546 I PackageManager: Considering granting permission android.permission.RECEIVE_BOOT_COMPLETED to package com.logitech.bugreporter
02-22 18:59:43.237  1498  1546 I PackageManager: Considering granting permission android.permission.FOREGROUND_SERVICE to package com.logitech.bugreporter
02-22 18:59:43.237  1498  1546 I PackageManager: Considering granting permission android.permission.WAKE_LOCK to package vendor.qti.iwlan
02-22 18:59:43.237  1498  1546 I PackageManager: Considering granting permission android.permission.READ_PHONE_STATE to package com.qualcomm.uimremoteserver
02-22 18:59:43.237  1498  1546 I PackageManager: Considering granting permission android.permission.INTERNET to package com.android.pacprocessor
02-22 18:59:43.237  1498  1546 I PackageManager: Considering granting permission android.permission.CAMERA to package com.android.uvccamera
02-22 18:59:43.237  1498  1546 I PackageManager: Considering granting permission android.permission.READ_EXTERNAL_STORAGE to package com.android.uvccamera
02-22 18:59:43.237  1498  1546 I PackageManager: Considering granting permission android.permission.WRITE_EXTERNAL_STORAGE to package com.android.uvccamera
02-22 18:59:43.237  1498  1546 I PackageManager: Considering granting permission android.permission.WAKE_LOCK to package com.android.uvccamera
02-22 18:59:43.237  1498  1546 I PackageManager: Considering granting permission android.permission.SYSTEM_ALERT_WINDOW to package com.android.uvccamera
02-22 18:59:43.237  1498  1546 I PackageManager: Considering granting permission android.permission.CHANGE_WIFI_STATE to package com.android.certinstaller
02-22 18:59:43.237  1498  1546 I PackageManager: Considering granting permission android.permission.ACCESS_WIFI_STATE to package com.android.certinstaller
02-22 18:59:43.237  1498  1546 I PackageManager: Considering granting permission android.permission.MANAGE_USERS to package com.android.certinstaller
02-22 18:59:43.237  1498  1546 I PackageManager: Considering granting permission android.permission.ACCESS_ALL_DOWNLOADS to package com.android.certinstaller
02-22 18:59:43.237  1498  1546 I PackageManager: Considering granting permission android.permission.ACCESS_NOTIFICATION_POLICY to package us.zoom.zoompresence
02-22 18:59:43.237  1498  1546 I PackageManager: Considering granting permission android.permission.WRITE_EXTERNAL_STORAGE to package us.zoom.zoompresence
02-22 18:59:43.237  1498  1546 I PackageManager: Considering granting permission android.permission.READ_EXTERNAL_STORAGE to package us.zoom.zoompresence
02-22 18:59:43.237  1498  1546 I PackageManager: Considering granting permission android.permission.INTERNET to package us.zoom.zoompresence
02-22 18:59:43.237  1498  1546 I PackageManager: Considering granting permission android.permission.ACCESS_NETWORK_STATE to package us.zoom.zoompresence
02-22 18:59:43.237  1498  1546 I PackageManager: Considering granting permission android.permission.ACCESS_WIFI_STATE to package us.zoom.zoompresence
02-22 18:59:43.237  1498  1546 I PackageManager: Considering granting permission android.permission.MODIFY_AUDIO_SETTINGS to package us.zoom.zoompresence
02-22 18:59:43.237  1498  1546 I PackageManager: Considering granting permission android.permission.RECORD_AUDIO to package us.zoom.zoompresence
02-22 18:59:43.237  1498  1546 I PackageManager: Considering granting permission android.permission.FOREGROUND_SERVICE to package us.zoom.zoompresence
02-22 18:59:43.237  1498  1546 I PackageManager: Considering granting permission android.permission.CAMERA to package us.zoom.zoompresence
02-22 18:59:43.237  1498  1546 I PackageManager: Considering granting permission android.permission.BLUETOOTH to package us.zoom.zoompresence
02-22 18:59:43.237  1498  1546 I PackageManager: Considering granting permission android.permission.WAKE_LOCK to package us.zoom.zoompresence
02-22 18:59:43.237  1498  1546 I PackageManager: Considering granting permission android.permission.REQUEST_IGNORE_BATTERY_OPTIMIZATIONS to package us.zoom.zoompresence
02-22 18:59:43.237  1498  1546 I PackageManager: Considering granting permission android.permission.ACCESS_MEDIA_LOCATION to package us.zoom.zoompresence
02-22 18:59:43.237  1498  1546 I PackageManager: Considering granting permission android.permission.BLUETOOTH to package org.codeaurora.bluetooth
02-22 18:59:43.237  1498  1546 I PackageManager: Considering granting permission android.permission.BLUETOOTH_ADMIN to package org.codeaurora.bluetooth
02-22 18:59:43.237  1498  1546 I PackageManager: Considering granting permission android.permission.WAKE_LOCK to package org.codeaurora.bluetooth
02-22 18:59:43.237  1498  1546 I PackageManager: Considering granting permission android.permission.CONNECTIVITY_INTERNAL to package org.codeaurora.bluetooth
02-22 18:59:43.237  1498  1546 I PackageManager: Considering granting permission android.permission.BLUETOOTH_STACK to package org.codeaurora.bluetooth
02-22 18:59:43.237  1498  1546 I PackageManager: Considering granting permission android.permission.WRITE_EXTERNAL_STORAGE to package org.codeaurora.bluetooth
02-22 18:59:43.237  1498  1546 I PackageManager: Considering granting permission android.permission.WRITE_MEDIA_STORAGE to package org.codeaurora.bluetooth
02-22 18:59:43.237  1498  1546 I PackageManager: Considering granting permission android.permission.ACCESS_NOTIFICATIONS to package org.codeaurora.bluetooth
02-22 18:59:43.237  1498  1546 I PackageManager: Considering granting permission android.permission.MANAGE_NOTIFICATIONS to package org.codeaurora.bluetooth
02-22 18:59:43.237  1498  1546 I PackageManager: Considering granting permission android.permission.READ_EXTERNAL_STORAGE to package org.codeaurora.bluetooth
02-22 18:59:43.238  1498  1546 I PackageManager: Considering granting permission android.permission.WRITE_EXTERNAL_STORAGE to package aws.apps.keyeventdisplay
02-22 18:59:43.238  1498  1546 I PackageManager: Considering granting permission android.permission.READ_LOGS to package aws.apps.keyeventdisplay
02-22 18:59:43.238  1498  1546 I PackageManager: Considering granting permission android.permission.READ_EXTERNAL_STORAGE to package aws.apps.keyeventdisplay
02-22 18:59:43.238  1498  1546 I PackageManager: Considering granting permission android.permission.LOCATION_HARDWARE to package android
02-22 18:59:43.238  1498  1546 I PackageManager: Considering granting permission android.permission.CONNECTIVITY_USE_RESTRICTED_NETWORKS to package android
02-22 18:59:43.238  1498  1546 I PackageManager: Considering granting permission android.permission.GET_ACCOUNTS to package android
02-22 18:59:43.238  1498  1546 I PackageManager: Considering granting permission android.permission.SEND_SHOW_SUSPENDED_APP_DETAILS to package android
02-22 18:59:43.238  1498  1546 I PackageManager: Considering granting permission android.permission.BIND_JOB_SERVICE to package android
02-22 18:59:43.238  1498  1546 I PackageManager: Considering granting permission android.permission.TRIGGER_TIME_ZONE_RULES_CHECK to package android
02-22 18:59:43.238  1498  1546 I PackageManager: Considering granting permission android.permission.BIND_NETWORK_RECOMMENDATION_SERVICE to package android
02-22 18:59:43.238  1498  1546 I PackageManager: Considering granting permission android.permission.BIND_ATTENTION_SERVICE to package android
02-22 18:59:43.238  1498  1546 I PackageManager: Considering granting permission android.permission.CONTROL_VPN to package android
02-22 18:59:43.238  1498  1546 I PackageManager: Considering granting permission android.permission.PACKAGE_USAGE_STATS to package android
02-22 18:59:43.238  1498  1546 I PackageManager: Considering granting permission android.intent.category.MASTER_CLEAR.permission.C2D_MESSAGE to package android
02-22 18:59:43.238  1498  1546 I PackageManager: Considering granting permission android.permission.LOCAL_MAC_ADDRESS to package android
02-22 18:59:43.238  1498  1546 I PackageManager: Considering granting permission android.permission.CONFIRM_FULL_BACKUP to package android
02-22 18:59:43.238  1498  1546 I PackageManager: Considering granting permission android.permission.ACCESS_INSTANT_APPS to package android
02-22 18:59:43.238  1498  1546 I PackageManager: Considering granting permission android.permission.RECEIVE_BOOT_COMPLETED to package com.qualcomm.wfd.service
02-22 18:59:43.238  1498  1546 I PackageManager: Considering granting permission android.permission.INJECT_EVENTS to package com.qualcomm.wfd.service
02-22 18:59:43.238  1498  1546 I PackageManager: Considering granting permission android.permission.BLUETOOTH to package com.qualcomm.wfd.service
02-22 18:59:43.238  1498  1546 I PackageManager: Considering granting permission android.permission.ACCESS_SURFACE_FLINGER to package com.qualcomm.wfd.service
02-22 18:59:43.238  1498  1546 I PackageManager: Considering granting permission android.permission.FOREGROUND_SERVICE to package com.qualcomm.wfd.service
02-22 18:59:43.238  1498  1546 I PackageManager: Considering granting permission com.qualcomm.permission.wfd.QC_WFD to package com.qualcomm.wfd.service
02-22 18:59:43.238  1498  1546 I PackageManager: Considering granting permission android.permission.INTERNET to package com.logitech.vc.analytics
02-22 18:59:43.238  1498  1546 I PackageManager: Considering granting permission android.permission.WAKE_LOCK to package com.logitech.vc.analytics
02-22 18:59:43.238  1498  1546 I PackageManager: Considering granting permission android.permission.RECEIVE_BOOT_COMPLETED to package com.logitech.vc.analytics
02-22 18:59:43.238  1498  1546 I PackageManager: Considering granting permission com.logitech.vc.permission.analytics.collector.SEND_MESSAGE to package com.logitech.vc.analytics
02-22 18:59:43.238  1498  1546 I PackageManager: Considering granting permission com.logitech.vc.permission.attestation.ATTEST to package com.logitech.vc.analytics
02-22 18:59:43.238  1498  1546 I PackageManager: Considering granting permission android.permission.CONTROL_REMOTE_APP_TRANSITION_ANIMATIONS to package com.android.launcher3
02-22 18:59:43.238  1498  1546 I PackageManager: Considering granting permission android.permission.VIBRATE to package com.android.launcher3
02-22 18:59:43.238  1498  1546 I PackageManager: Considering granting permission android.permission.CALL_PHONE to package com.android.launcher3
02-22 18:59:43.238  1498  1546 I PackageManager: Considering granting permission android.permission.SET_WALLPAPER to package com.android.launcher3
