02-22 18:38:47.663     0     0 I CAM_INFO: CAM-SENSOR: cam_sensor_driver_cmd: 1697 CAM_START_DEV Success, sensor_id:0x8000,sensor_slave_addr:0x34
02-22 18:38:48.477  1498  1626 I netstats_mobile_sample: [0,0,0,0,0,0,0,0,0,0,0,0,1614019128477]
02-22 18:38:48.477  1498  1626 I netstats_wifi_sample: [21554409,16141,2427511,8988,21554409,16141,2427511,8988,21528272,16055,2402577,8918,1614019128477]
02-22 18:38:48.512     0     0 I CAM_INFO: CAM-SENSOR: cam_sensor_driver_cmd: 1519 CAM_ACQUIRE_DEV,  sensor_state 0 +
02-22 18:38:48.550     0     0 I CAM_INFO: CAM-SENSOR: cam_sensor_driver_cmd: 1600 CAM_ACQUIRE_DEV Success, sensor_id:0x8000,sensor_slave_addr:0x34
02-22 18:38:48.681     0     0 I CAM_INFO: CAM-SENSOR: cam_sensor_driver_cmd: 1604 CAM_RELEASE_DEV,  sensor_state 2 +
02-22 18:38:48.695     0     0 I CAM_INFO: CAM-SENSOR: cam_sensor_driver_cmd: 1654 CAM_RELEASE_DEV Success, sensor_id:0x8000,sensor_slave_addr:0x34
02-22 18:38:48.714  2300  2366 I dvm_lock_sample: [com.logitech.service.systemservi,1,Binder:2300_4,190,AICVService.java,-1,com.logitech.service.models.aicv.AICVPersonCounterMode com.logitech.service.aicvservice.AICVService.getPersonCounterMode(),BaseService.java,-1,void com.logitech.service.baseservice.BaseService.stop(boolean),38]
02-22 18:38:49.354  9651  9651 I chatty  : uid=10038(us.zoom.zoompresence) expire 12 lines
02-22 18:38:50.862  1498  1626 I netstats_mobile_sample: [0,0,0,0,0,0,0,0,0,0,0,0,1614019130862]
02-22 18:38:50.862  1498  1626 I netstats_wifi_sample: [21554409,16141,2427511,8988,21554409,16141,2427511,8988,21528272,16055,2402577,8918,1614019130862]
02-22 18:38:53.392  1498  1626 I netstats_mobile_sample: [0,0,0,0,0,0,0,0,0,0,0,0,1614019133392]
02-22 18:38:53.392  1498  1626 I netstats_wifi_sample: [21554409,16141,2427511,8988,21554409,16141,2427511,8988,21528272,16055,2402577,8918,1614019133392]
02-22 18:38:56.088  1498  1626 I netstats_mobile_sample: [0,0,0,0,0,0,0,0,0,0,0,0,1614019136088]
02-22 18:38:56.088  1498  1626 I netstats_wifi_sample: [21554409,16141,2427511,8988,21554409,16141,2427511,8988,21528272,16055,2402577,8918,1614019136088]
02-22 18:38:58.724  1498  1626 I netstats_mobile_sample: [0,0,0,0,0,0,0,0,0,0,0,0,1614019138724]
02-22 18:38:58.724  1498  1626 I netstats_wifi_sample: [21554409,16141,2427511,8988,21554409,16141,2427511,8988,21528272,16055,2402577,8918,1614019138724]
02-22 18:39:01.290  1498  1626 I service_manager_stats: [100,21,51879]
02-22 18:39:01.290  1498  1626 I netstats_mobile_sample: [0,0,0,0,0,0,0,0,0,0,0,0,1614019141290]
02-22 18:39:01.290  1498  1626 I netstats_wifi_sample: [21554409,16141,2427511,8988,21554409,16141,2427511,8988,21528272,16055,2402577,8918,1614019141290]
02-22 18:39:03.792  1498  1626 I netstats_mobile_sample: [0,0,0,0,0,0,0,0,0,0,0,0,1614019143792]
02-22 18:39:03.792  1498  1626 I netstats_wifi_sample: [21554409,16141,2427511,8988,21554409,16141,2427511,8988,21528272,16055,2402577,8918,1614019143792]
02-22 18:39:06.309  1498  1626 I netstats_mobile_sample: [0,0,0,0,0,0,0,0,0,0,0,0,1614019146309]
02-22 18:39:06.309  1498  1626 I netstats_wifi_sample: [21554409,16141,2427511,8988,21554409,16141,2427511,8988,21528272,16055,2402577,8918,1614019146309]
02-22 18:39:08.873  1498  1626 I netstats_mobile_sample: [0,0,0,0,0,0,0,0,0,0,0,0,1614019148874]
02-22 18:39:08.874  1498  1626 I netstats_wifi_sample: [21554409,16141,2427511,8988,21554409,16141,2427511,8988,21528272,16055,2402577,8918,1614019148874]
02-22 18:39:09.264  9651  9651 I chatty  : uid=10038(us.zoom.zoompresence) expire 12 lines
02-22 18:39:11.371  1498  1626 I netstats_mobile_sample: [0,0,0,0,0,0,0,0,0,0,0,0,1614019151371]
02-22 18:39:11.371  1498  1626 I netstats_wifi_sample: [21554409,16141,2427511,8988,21554409,16141,2427511,8988,21528272,16055,2402577,8918,1614019151371]
02-22 18:39:13.973  1498  1626 I netstats_mobile_sample: [0,0,0,0,0,0,0,0,0,0,0,0,1614019153973]
02-22 18:39:13.973  1498  1626 I netstats_wifi_sample: [21554409,16141,2427511,8988,21554409,16141,2427511,8988,21528272,16055,2402577,8918,1614019153973]
02-22 18:39:16.371  1498  1626 I netstats_mobile_sample: [0,0,0,0,0,0,0,0,0,0,0,0,1614019156371]
02-22 18:39:16.371  1498  1626 I netstats_wifi_sample: [21554409,16141,2427511,8988,21554409,16141,2427511,8988,21528272,16055,2402577,8918,1614019156371]
02-22 18:39:18.830  2043  2084 I dvm_lock_sample: [com.logitech.service.systemservi,1,Binder:2043_1,6,PTZFService.java,-1,int com.logitech.service.ptzfservice.PTZFService.getAbsolute(com.logitech.service.models.ptzf.PtzfType),-,-1,int com.logitech.service.ptzfservice.PTZFService.getAbsolute(com.logitech.service.models.ptzf.PtzfType),1]
02-22 18:39:18.907  1498  1626 I netstats_mobile_sample: [0,0,0,0,0,0,0,0,0,0,0,0,1614019158907]
02-22 18:39:18.907  1498  1626 I netstats_wifi_sample: [21554409,16141,2427511,8988,21554409,16141,2427511,8988,21528272,16055,2402577,8918,1614019158907]
02-22 18:39:21.507  1498  1626 I netstats_mobile_sample: [0,0,0,0,0,0,0,0,0,0,0,0,1614019161507]
02-22 18:39:21.507  1498  1626 I netstats_wifi_sample: [21554409,16141,2427511,8988,21554409,16141,2427511,8988,21528272,16055,2402577,8918,1614019161507]
02-22 18:39:24.131  1498  1626 I netstats_mobile_sample: [0,0,0,0,0,0,0,0,0,0,0,0,1614019164131]
02-22 18:39:24.131  1498  1626 I netstats_wifi_sample: [21554409,16141,2427511,8988,21554409,16141,2427511,8988,21528272,16055,2402577,8918,1614019164131]
02-22 18:39:26.622  1498  1626 I netstats_mobile_sample: [0,0,0,0,0,0,0,0,0,0,0,0,1614019166623]
02-22 18:39:26.623  1498  1626 I netstats_wifi_sample: [21554409,16141,2427511,8988,21554409,16141,2427511,8988,21528272,16055,2402577,8918,1614019166623]
02-22 18:39:29.194  9651  9651 I chatty  : uid=10038(us.zoom.zoompresence) expire 12 lines
02-22 18:39:29.288  1498  1626 I netstats_mobile_sample: [0,0,0,0,0,0,0,0,0,0,0,0,1614019169288]
02-22 18:39:29.288  1498  1626 I netstats_wifi_sample: [21554409,16141,2427511,8988,21554409,16141,2427511,8988,21528272,16055,2402577,8918,1614019169288]
02-22 18:39:30.947  1498  1643 I storage_state: [41217664-9172-527a-b3d5-edabb50a7d69,0,0,52404207616,53087854592]
02-22 18:39:31.856  1498  1626 I netstats_mobile_sample: [0,0,0,0,0,0,0,0,0,0,0,0,1614019171856]
02-22 18:39:31.856  1498  1626 I netstats_wifi_sample: [21554409,16141,2427511,8988,21554409,16141,2427511,8988,21528272,16055,2402577,8918,1614019171856]
02-22 18:39:34.524  1498  1626 I netstats_mobile_sample: [0,0,0,0,0,0,0,0,0,0,0,0,1614019174524]
02-22 18:39:34.524  1498  1626 I netstats_wifi_sample: [21554409,16141,2427511,8988,21554409,16141,2427511,8988,21528272,16055,2402577,8918,1614019174524]
02-22 18:39:37.189  1498  1626 I netstats_mobile_sample: [0,0,0,0,0,0,0,0,0,0,0,0,1614019177189]
02-22 18:39:37.189  1498  1626 I netstats_wifi_sample: [21554409,16141,2427511,8988,21554409,16141,2427511,8988,21528272,16055,2402577,8918,1614019177189]
02-22 18:39:39.837  1498  1626 I netstats_mobile_sample: [0,0,0,0,0,0,0,0,0,0,0,0,1614019179837]
02-22 18:39:39.837  1498  1626 I netstats_wifi_sample: [21554409,16141,2427511,8988,21554409,16141,2427511,8988,21528272,16055,2402577,8918,1614019179837]
02-22 18:39:42.507  1498  1626 I netstats_mobile_sample: [0,0,0,0,0,0,0,0,0,0,0,0,1614019182507]
02-22 18:39:42.507  1498  1626 I netstats_wifi_sample: [21554409,16141,2427511,8988,21554409,16141,2427511,8988,21528272,16055,2402577,8918,1614019182507]
02-22 18:39:45.109  1498  1626 I netstats_mobile_sample: [0,0,0,0,0,0,0,0,0,0,0,0,1614019185109]
02-22 18:39:45.109  1498  1626 I netstats_wifi_sample: [21554409,16141,2427511,8988,21554409,16141,2427511,8988,21528272,16055,2402577,8918,1614019185109]
02-22 18:39:46.740  1498  1530 I am_uid_idle: 10077
02-22 18:39:47.770  1498  1626 I netstats_mobile_sample: [0,0,0,0,0,0,0,0,0,0,0,0,1614019187771]
02-22 18:39:47.771  1498  1626 I netstats_wifi_sample: [21554409,16141,2427511,8988,21554409,16141,2427511,8988,21528272,16055,2402577,8918,1614019187771]
02-22 18:39:49.124  9651  9651 I chatty  : uid=10038(us.zoom.zoompresence) expire 12 lines
02-22 18:39:50.438  1498  1626 I netstats_mobile_sample: [0,0,0,0,0,0,0,0,0,0,0,0,1614019190438]
02-22 18:39:50.438  1498  1626 I netstats_wifi_sample: [21554409,16141,2427511,8988,21554409,16141,2427511,8988,21528272,16055,2402577,8918,1614019190438]
02-22 18:39:53.007  1498  1626 I service_manager_stats: [100,22,51717]
02-22 18:39:53.007  1498  1626 I netstats_mobile_sample: [0,0,0,0,0,0,0,0,0,0,0,0,1614019193007]
02-22 18:39:53.007  1498  1626 I netstats_wifi_sample: [21554409,16141,2427511,8988,21554409,16141,2427511,8988,21528272,16055,2402577,8918,1614019193007]
02-22 18:39:55.408  1498  1626 I netstats_mobile_sample: [0,0,0,0,0,0,0,0,0,0,0,0,1614019195408]
02-22 18:39:55.408  1498  1626 I netstats_wifi_sample: [21554409,16141,2427511,8988,21554409,16141,2427511,8988,21528272,16055,2402577,8918,1614019195408]
02-22 18:39:57.919  1498  1626 I netstats_mobile_sample: [0,0,0,0,0,0,0,0,0,0,0,0,1614019197919]
02-22 18:39:57.919  1498  1626 I netstats_wifi_sample: [21554409,16141,2427511,8988,21554409,16141,2427511,8988,21528272,16055,2402577,8918,1614019197919]
02-22 18:39:57.987  1498  1529 I am_pss  : [27808,10076,com.logitech.integration.test,330329088,323354624,0,451829760,0,2,22]
02-22 18:40:00.489  1498  1626 I netstats_mobile_sample: [0,0,0,0,0,0,0,0,0,0,0,0,1614019200489]
02-22 18:40:00.489  1498  1626 I netstats_wifi_sample: [21554409,16141,2427511,8988,21554409,16141,2427511,8988,21528272,16055,2402577,8918,1614019200489]
02-22 18:40:02.890  1498  1626 I netstats_mobile_sample: [0,0,0,0,0,0,0,0,0,0,0,0,1614019202890]
02-22 18:40:02.890  1498  1626 I netstats_wifi_sample: [21554409,16141,2427511,8988,21554409,16141,2427511,8988,21528272,16055,2402577,8918,1614019202890]
02-22 18:40:05.423  1498  1626 I netstats_mobile_sample: [0,0,0,0,0,0,0,0,0,0,0,0,1614019205423]
02-22 18:40:05.423  1498  1626 I netstats_wifi_sample: [21554409,16141,2427511,8988,21554409,16141,2427511,8988,21528272,16055,2402577,8918,1614019205423]
02-22 18:40:08.090  1498  1626 I netstats_mobile_sample: [0,0,0,0,0,0,0,0,0,0,0,0,1614019208090]
02-22 18:40:08.090  1498  1626 I netstats_wifi_sample: [21554409,16141,2427511,8988,21554409,16141,2427511,8988,21528272,16055,2402577,8918,1614019208090]
02-22 18:40:09.024  9651  9651 I chatty  : uid=10038(us.zoom.zoompresence) expire 12 lines
02-22 18:40:10.525  1498  1626 I netstats_mobile_sample: [0,0,0,0,0,0,0,0,0,0,0,0,1614019210525]
02-22 18:40:10.525  1498  1626 I netstats_wifi_sample: [21554409,16141,2427511,8988,21554409,16141,2427511,8988,21528272,16055,2402577,8918,1614019210525]
02-22 18:40:12.963  1498  1626 I netstats_mobile_sample: [0,0,0,0,0,0,0,0,0,0,0,0,1614019212963]
02-22 18:40:12.963  1498  1626 I netstats_wifi_sample: [21554409,16141,2427511,8988,21554409,16141,2427511,8988,21528272,16055,2402577,8918,1614019212963]
02-22 18:40:15.673  1498  1626 I netstats_mobile_sample: [0,0,0,0,0,0,0,0,0,0,0,0,1614019215673]
02-22 18:40:15.673  1498  1626 I netstats_wifi_sample: [21554409,16141,2427511,8988,21554409,16141,2427511,8988,21528272,16055,2402577,8918,1614019215673]
02-22 18:40:18.204  1498  1626 I netstats_mobile_sample: [0,0,0,0,0,0,0,0,0,0,0,0,1614019218204]
02-22 18:40:18.204  1498  1626 I netstats_wifi_sample: [21554409,16141,2427511,8988,21554409,16141,2427511,8988,21528272,16055,2402577,8918,1614019218204]
02-22 18:40:20.842  1498  1626 I netstats_mobile_sample: [0,0,0,0,0,0,0,0,0,0,0,0,1614019220842]
02-22 18:40:20.842  1498  1626 I netstats_wifi_sample: [21554409,16141,2427511,8988,21554409,16141,2427511,8988,21528272,16055,2402577,8918,1614019220842]
02-22 18:40:20.930     0     0 I audio_in_release: session id 1
02-22 18:40:20.942     0     0 I event_handler: reclaimed all bufs
02-22 18:40:20.949     0     0 I msm_mi2s_snd_shutdown(): substream = subdevice #0  stream = 1 did not shutdown
02-22 18:40:20.970     0     0 I msm_vidc: info: Closed video instance: ffffffe3470d0000
02-22 18:40:20.977  1498  9636 I am_finish_activity: [0,5329270,30,com.logitech.integration.test/.MainActivity,app-request]
02-22 18:40:20.993  1498  9636 I am_pause_activity: [0,5329270,com.logitech.integration.test/.MainActivity,userLeaving=false]
02-22 18:40:20.994 27808 27808 I am_on_top_resumed_lost_called: [0,com.logitech.integration.test.MainActivity,topStateChangedWhenResumed]
02-22 18:40:20.995  1498  1523 I sysui_multi_action: [757,803,799,window_time_0,802,95]
02-22 18:40:20.996 27808 27808 I am_on_paused_called: [0,com.logitech.integration.test.MainActivity,performPause]
02-22 18:40:20.997  1498 11034 I am_add_to_stopping: [0,5329270,com.logitech.integration.test/.MainActivity,finishCurrentActivityLocked]
02-22 18:40:20.998  1498 11034 I am_set_resumed_activity: [0,com.logitech.integration.test.test/androidx.test.core.app.InstrumentationActivityInvoker$BootstrapActivity,resumeTopActivityInnerLocked]
02-22 18:40:20.999  1498 11034 I am_resume_activity: [0,100583585,30,com.logitech.integration.test.test/androidx.test.core.app.InstrumentationActivityInvoker$BootstrapActivity]
02-22 18:40:21.004  1498  9636 I am_finish_activity: [0,100583585,30,com.logitech.integration.test.test/androidx.test.core.app.InstrumentationActivityInvoker$BootstrapActivity,app-request]
02-22 18:40:21.004  1498  9636 I am_focused_stack: [0,0,12,28,finishActivity adjustFocus adjustFocusToNextFocusableStack]
02-22 18:40:21.004  1498  9636 I am_set_resumed_activity: [0,us.zoom.zoompresence/zoom.us.azr.touch.mainscreen.ui.MainBoardActivity,finishActivity]
02-22 18:40:21.010  1498  9636 I am_pause_activity: [0,100583585,com.logitech.integration.test.test/androidx.test.core.app.InstrumentationActivityInvoker$BootstrapActivity,userLeaving=false]
02-22 18:40:21.013 27848 27848 I am_on_activity_result_called: [0,androidx.test.core.app.InstrumentationActivityInvoker$BootstrapActivity,ACTIVITY_RESULT]
02-22 18:40:21.013 27848 27848 I am_on_restart_called: [0,androidx.test.core.app.InstrumentationActivityInvoker$BootstrapActivity,performRestartActivity]
02-22 18:40:21.013  1498  1523 I am_uid_active: 10077
02-22 18:40:21.014  1498  1523 I sysui_multi_action: [757,803,799,window_time_0,802,0]
02-22 18:40:21.014  1498  1523 I sysui_multi_action: [757,803,799,window_time_0,802,0]
02-22 18:40:21.016  1498  5233 I am_add_to_stopping: [0,100583585,com.logitech.integration.test.test/androidx.test.core.app.InstrumentationActivityInvoker$BootstrapActivity,finishCurrentActivityLocked]
02-22 18:40:21.017  1498  5233 I am_set_resumed_activity: [0,us.zoom.zoompresence/zoom.us.azr.touch.mainscreen.ui.MainBoardActivity,resumeTopActivityInnerLocked]
02-22 18:40:21.018  1498  5233 I am_resume_activity: [0,3435679,14,us.zoom.zoompresence/zoom.us.azr.touch.mainscreen.ui.MainBoardActivity]
02-22 18:40:21.024  1498  1523 I sysui_multi_action: [757,803,799,window_time_0,802,0]
02-22 18:40:21.029  9651  9651 I am_on_restart_called: [0,zoom.us.azr.touch.mainscreen.ui.MainBoardActivity,performRestartActivity]
02-22 18:40:21.031  9651  9651 I am_on_start_called: [0,zoom.us.azr.touch.mainscreen.ui.MainBoardActivity,handleStartActivity]
02-22 18:40:21.034  9651  9651 I am_on_resume_called: [0,zoom.us.azr.touch.mainscreen.ui.MainBoardActivity,RESUME_ACTIVITY]
02-22 18:40:21.035  9651  9651 I am_on_top_resumed_gained_called: [0,zoom.us.azr.touch.mainscreen.ui.MainBoardActivity,topWhenResuming]
02-22 18:40:21.076  1498 11672 I am_destroy_activity: [0,100583585,30,com.logitech.integration.test.test/androidx.test.core.app.InstrumentationActivityInvoker$BootstrapActivity,finish-imm:activityIdleInternalLocked]
02-22 18:40:21.077  1498 11672 I am_destroy_activity: [0,5329270,30,com.logitech.integration.test/.MainActivity,finish-imm:activityIdleInternalLocked]
02-22 18:40:21.081 27848 27848 I am_on_destroy_called: [0,androidx.test.core.app.InstrumentationActivityInvoker$BootstrapActivity,performDestroy]
02-22 18:40:21.096     0     0 I CAM_INFO: CAM-ISP: __cam_isp_ctx_flush_req_in_top_state: 2049 ctx id:2 Last request id to flush is 2803
02-22 18:40:21.096     0     0 I CAM_INFO: CAM-ISP: __cam_isp_ctx_flush_req_in_top_state: 2063 ctx:2 last applied id:2799, reported req id:2798, buf done id:2798
02-22 18:40:21.096     0     0 I CAM_INFO: CAM-ISP: __cam_isp_ctx_flush_req_in_top_state: 2069 current time:26264100 last apply time:26264080, reported req time:26264080, buf done time:26264100
02-22 18:40:21.096     0     0 I CAM_INFO: CAM-ISP: __cam_isp_ctx_dump_state_monitor_array: 121 Dumping state information for preceding requests
02-22 18:40:21.124     0     0 E CAM_ERR : CAM-ISP: cam_ife_csid_irq: 3386 CSID 1 irq status 0x0 0x4000ff 0x1ffa 0x0 0x0 0x0 0x0
02-22 18:40:21.126     0     0 I CAM_INFO: CAM-ISP: __cam_isp_ctx_flush_req_in_top_state: 2049 ctx id:2 Last request id to flush is 2803
02-22 18:40:21.130     0     0 I CAM_INFO: CAM-SENSOR: cam_sensor_driver_cmd: 1701 CAM_STOP_DEV,  sensor_state 3 +
02-22 18:40:21.131     0     0 I CAM_INFO: CAM-SENSOR: cam_sensor_driver_cmd: 1727 CAM_STOP_DEV Success, sensor_id:0x8000,sensor_slave_addr:0x34
02-22 18:40:21.139     0     0 I CAM_INFO: CAM-CORE: cam_node_handle_ioctl: 863 Release HW done(rc = 0)
02-22 18:40:21.141     0     0 I CAM_INFO: CAM-SENSOR: cam_sensor_util_request_gpio_table: 787 No GPIO data
02-22 18:40:21.141     0     0 I CAM_INFO: CAM-SENSOR: cam_sensor_driver_cmd: 1604 CAM_RELEASE_DEV,  sensor_state 1 +
02-22 18:40:21.151     0     0 E CAM_ERR : CAM-SENSOR: cam_sensor_cci_i2c_util: 235 Failed rc = -19
02-22 18:40:21.168     0     0 I CAM_INFO: CAM-SENSOR: cam_sensor_driver_cmd: 1654 CAM_RELEASE_DEV Success, sensor_id:0x8000,sensor_slave_addr:0x34
02-22 18:40:21.189 27808 27808 I am_on_stop_called: [0,com.logitech.integration.test.MainActivity,LIFECYCLER_STOP_ACTIVITY]
02-22 18:40:21.196 27808 27808 I am_on_destroy_called: [0,com.logitech.integration.test.MainActivity,performDestroy]
02-22 18:40:21.201  1498 11034 I wm_task_removed: [30,removeAppToken: last token]
02-22 18:40:21.201  1498 11034 I am_remove_task: [30,28]
02-22 18:40:21.201  1498 11034 I wm_task_removed: [30,removeTask]
02-22 18:40:21.202  1498 11034 I wm_stack_removed: 28
02-22 18:40:21.280  1498 11034 I wm_stack_created: 29
02-22 18:40:21.281  1498 11034 I wm_task_created: [31,29]
02-22 18:40:21.281  1498 11034 I wm_task_moved: [31,0,2147483647]
02-22 18:40:21.281  1498 11034 I am_focused_stack: [0,0,29,12,reuseOrNewTask]
02-22 18:40:21.282  1498 11034 I am_create_task: [0,31]
02-22 18:40:21.282  1498 11034 I am_create_activity: [0,67485876,31,com.logitech.integration.test.test/androidx.test.core.app.InstrumentationActivityInvoker$BootstrapActivity,android.intent.action.MAIN,NULL,NULL,268468224]
02-22 18:40:21.282  9651  9651 I am_on_top_resumed_lost_called: [0,zoom.us.azr.touch.mainscreen.ui.MainBoardActivity,topStateChangedWhenResumed]
02-22 18:40:21.282  1498 11034 I wm_task_moved: [31,0,2147483647]
02-22 18:40:21.283  1498 11034 I am_pause_activity: [0,3435679,us.zoom.zoompresence/zoom.us.azr.touch.mainscreen.ui.MainBoardActivity,userLeaving=true]
02-22 18:40:21.285  9651  9651 I am_on_paused_called: [0,zoom.us.azr.touch.mainscreen.ui.MainBoardActivity,performPause]
02-22 18:40:21.286  1498  5233 I am_add_to_stopping: [0,3435679,us.zoom.zoompresence/zoom.us.azr.touch.mainscreen.ui.MainBoardActivity,makeInvisible]
02-22 18:40:21.286  1498  5233 I am_restart_activity: [0,67485876,31,com.logitech.integration.test.test/androidx.test.core.app.InstrumentationActivityInvoker$BootstrapActivity]
02-22 18:40:21.287  1498  5233 I am_set_resumed_activity: [0,com.logitech.integration.test.test/androidx.test.core.app.InstrumentationActivityInvoker$BootstrapActivity,minimalResumeActivityLocked]
02-22 18:40:21.290  1498  1523 I sysui_multi_action: [757,803,799,window_time_0,802,0]
02-22 18:40:21.294 27848 27848 I am_on_create_called: [0,androidx.test.core.app.InstrumentationActivityInvoker$BootstrapActivity,performCreate]
02-22 18:40:21.299 27848 27848 I am_on_start_called: [0,androidx.test.core.app.InstrumentationActivityInvoker$BootstrapActivity,handleStartActivity]
02-22 18:40:21.301  1498  5233 I am_create_activity: [0,162983757,31,com.logitech.integration.test/.MainActivity,NULL,NULL,NULL,0]
02-22 18:40:21.302  1498  5233 I am_pause_activity: [0,67485876,com.logitech.integration.test.test/androidx.test.core.app.InstrumentationActivityInvoker$BootstrapActivity,userLeaving=true]
02-22 18:40:21.303 27848 27848 I am_on_resume_called: [0,androidx.test.core.app.InstrumentationActivityInvoker$BootstrapActivity,RESUME_ACTIVITY]
02-22 18:40:21.304 27848 27848 I am_on_top_resumed_gained_called: [0,androidx.test.core.app.InstrumentationActivityInvoker$BootstrapActivity,topStateChangedWhenResumed]
02-22 18:40:21.304 27848 27848 I am_on_top_resumed_lost_called: [0,androidx.test.core.app.InstrumentationActivityInvoker$BootstrapActivity,topStateChangedWhenResumed]
02-22 18:40:21.304 27848 27848 I am_on_paused_called: [0,androidx.test.core.app.InstrumentationActivityInvoker$BootstrapActivity,performPause]
02-22 18:40:21.305  1498  5233 I am_add_to_stopping: [0,67485876,com.logitech.integration.test.test/androidx.test.core.app.InstrumentationActivityInvoker$BootstrapActivity,makeInvisible]
02-22 18:40:21.305  1498  5233 I am_restart_activity: [0,162983757,31,com.logitech.integration.test/.MainActivity]
02-22 18:40:21.305  1498  5233 I am_set_resumed_activity: [0,com.logitech.integration.test/.MainActivity,minimalResumeActivityLocked]
02-22 18:40:21.310  1498  1523 I sysui_multi_action: [757,803,799,window_time_0,802,0]
02-22 18:40:21.332 27808 27808 I am_on_create_called: [0,com.logitech.integration.test.MainActivity,performCreate]
02-22 18:40:21.346 27808 27808 I am_on_start_called: [0,com.logitech.integration.test.MainActivity,handleStartActivity]
02-22 18:40:21.348 27808 27808 I am_on_resume_called: [0,com.logitech.integration.test.MainActivity,RESUME_ACTIVITY]
02-22 18:40:21.354 27808 27808 I am_on_top_resumed_gained_called: [0,com.logitech.integration.test.MainActivity,topStateChangedWhenResumed]
02-22 18:40:21.372  1498  1529 I sysui_multi_action: [319,49,321,38,322,95,325,26564,757,761,758,8,759,1,806,com.logitech.integration.test,871,com.logitech.integration.test.MainActivity,904,com.logitech.integration.test,905,0,1320,12,1321,1]
02-22 18:40:21.373  1498  1529 I am_activity_launch_time: [0,162983757,com.logitech.integration.test/.MainActivity,95]
02-22 18:40:21.389  1498 11034 I am_stop_activity: [0,67485876,com.logitech.integration.test.test/androidx.test.core.app.InstrumentationActivityInvoker$BootstrapActivity]
02-22 18:40:21.390  1498 11034 I am_stop_activity: [0,3435679,us.zoom.zoompresence/zoom.us.azr.touch.mainscreen.ui.MainBoardActivity]
02-22 18:40:21.390 27848 27848 I am_on_stop_called: [0,androidx.test.core.app.InstrumentationActivityInvoker$BootstrapActivity,STOP_ACTIVITY_ITEM]
02-22 18:40:21.395  9651  9651 I am_on_stop_called: [0,zoom.us.azr.touch.mainscreen.ui.MainBoardActivity,STOP_ACTIVITY_ITEM]
02-22 18:40:21.454     0     0 E CAM_ERR : CAM-ACTUATOR: cam_afptz_store: 434 try to power on!
02-22 18:40:21.490     0     0 I CAM_INFO: CAM-ACTUATOR: cam_afptz_store: 437 skip actuator camera_io_init
02-22 18:40:21.556     0     0 I msm_vidc: info: Opening video instance: ffffffe3470d0000, 0
02-22 18:40:21.591     0     0 I aac_in_open: session id 1: NT mode encoder success
02-22 18:40:21.591     0     0 I aac_in_open: session id 1: success
02-22 18:40:21.612     0     0 I audio_in_release: session id 1
02-22 18:40:21.622     0     0 I msm_vidc: info: Closed video instance: ffffffe3470d0000
02-22 18:40:21.635     0     0 I CAM_INFO: CAM-SENSOR: cam_sensor_driver_cmd: 1519 CAM_ACQUIRE_DEV,  sensor_state 3 +
02-22 18:40:21.650     0     0 I ueventd : firmware: loading 'CAMERA_ICP.elf' for '/devices/platform/soc/ac00000.qcom,a5/firmware/CAMERA_ICP.elf'
02-22 18:40:21.652     0     0 I ueventd : loading /devices/platform/soc/ac00000.qcom,a5/firmware/CAMERA_ICP.elf took 2ms
02-22 18:40:21.665     0     0 I CAM_INFO: CAM-ICP: cam_icp_mgr_process_dbg_buf: 2042 FW_DBG:CICP_FW_E : HFI  :QC_IMAGE_VERSION_STRING=CICP.FW.2.1-00008,OEM_IMAGE_VERSION_STRING=CRM,BUILD_TIME: Oct 23 2019 14:14:13,CACHE_ENABLED at icphostinterface.c:636 QC_IMAGE_VERSION_STRING=CICP.FW.2.1-00008 OEM_IMAGE_VERSION_STRING=CRM
02-22 18:40:21.665     0     0 I CAM_INFO: CAM-ICP: cam_icp_mgr_process_dbg_buf: 2042 FW_DBG:CICP_FW_E : HFI  :ELF variant: CACHE-ENABLED:API_V1::USE_CDM_1_0: , API version: 0x1000034 at icphostinterface.c:637 QC_IMAGE_VERSION_STRING=CICP.FW.2.1-00008 OEM_IMAGE_VERSION_STRING=CRM
02-22 18:40:21.665     0     0 I CAM_INFO: CAM-ICP: cam_icp_mgr_hw_open: 3209 FW download done successfully
02-22 18:40:21.693     0     0 I CAM_INFO: CAM-SENSOR: cam_sensor_driver_cmd: 1600 CAM_ACQUIRE_DEV Success, sensor_id:0x8000,sensor_slave_addr:0x34
02-22 18:40:21.708     0     0 I CAM_INFO: CAM-SENSOR: cam_sensor_util_request_gpio_table: 787 No GPIO data
02-22 18:40:21.708     0     0 E CAM_ERR : CAM-SENSOR: cam_sensor_core_power_up: 1881 clk index 0 >= max 0
02-22 18:40:21.708     0     0 E CAM_ERR : CAM-SENSOR: cam_sensor_core_power_up: 2064 failed
02-22 18:40:21.708     0     0 I CAM_INFO: CAM-SENSOR: cam_sensor_util_request_gpio_table: 787 No GPIO data
02-22 18:40:21.775     0     0 I ueventd : firmware: loading 'CAMERA_ICP.elf' for '/devices/platform/soc/ac00000.qcom,a5/firmware/CAMERA_ICP.elf'
02-22 18:40:21.777     0     0 I ueventd : loading /devices/platform/soc/ac00000.qcom,a5/firmware/CAMERA_ICP.elf took 1ms
02-22 18:40:21.788     0     0 I CAM_INFO: CAM-ICP: cam_icp_mgr_process_dbg_buf: 2042 FW_DBG:CICP_FW_E : HFI  :QC_IMAGE_VERSION_STRING=CICP.FW.2.1-00008,OEM_IMAGE_VERSION_STRING=CRM,BUILD_TIME: Oct 23 2019 14:14:13,CACHE_ENABLED at icphostinterface.c:636 QC_IMAGE_VERSION_STRING=CICP.FW.2.1-00008 OEM_IMAGE_VERSION_STRING=CRM
02-22 18:40:21.788     0     0 I CAM_INFO: CAM-ICP: cam_icp_mgr_process_dbg_buf: 2042 FW_DBG:CICP_FW_E : HFI  :ELF variant: CACHE-ENABLED:API_V1::USE_CDM_1_0: , API version: 0x1000034 at icphostinterface.c:637 QC_IMAGE_VERSION_STRING=CICP.FW.2.1-00008 OEM_IMAGE_VERSION_STRING=CRM
02-22 18:40:21.788     0     0 I CAM_INFO: CAM-ICP: cam_icp_mgr_hw_open: 3209 FW download done successfully
02-22 18:40:21.804     0     0 I CAM_INFO: CAM-CORE: cam_node_handle_ioctl: 756 Acquire HW successful
02-22 18:40:21.816     0     0 I CAM_INFO: CAM-SENSOR: cam_sensor_driver_cmd: 1673 CAM_START_DEV,  sensor_state 2 +
02-22 18:40:21.818     0     0 I CAM_INFO: CAM-SENSOR: cam_sensor_driver_cmd: 1697 CAM_START_DEV Success, sensor_id:0x8000,sensor_slave_addr:0x34
02-22 18:40:22.026     0     0 I msm_vidc: info: Opening video instance: ffffffe328fc0000, 0
02-22 18:40:22.061     0     0 I aac_in_open: session id 1: NT mode encoder success
02-22 18:40:22.061     0     0 I aac_in_open: session id 1: success
02-22 18:40:22.080     0     0 E q6asm_send_cal: cal_block is NULL or stale
02-22 18:40:22.191     0     0 I CAM_INFO: CAM-ISP: __cam_isp_ctx_flush_req_in_top_state: 2049 ctx id:3 Last request id to flush is 8
02-22 18:40:22.206     0     0 I CAM_INFO: CAM-ISP: __cam_isp_ctx_handle_irq_in_activated: 3796 Ctx:3 No handle function for substate 6
02-22 18:40:22.206     0     0 I CAM_INFO: CAM-ISP: __cam_isp_ctx_dump_state_monitor_array: 121 Dumping state information for preceding requests
02-22 18:40:22.217     0     0 I CAM_INFO: CAM-ISP: __cam_isp_ctx_handle_irq_in_activated: 3796 Ctx:3 No handle function for substate 6
02-22 18:40:22.217     0     0 I CAM_INFO: CAM-ISP: __cam_isp_ctx_dump_state_monitor_array: 121 Dumping state information for preceding requests
02-22 18:40:22.224     0     0 I CAM_INFO: CAM-SENSOR: cam_sensor_driver_cmd: 1701 CAM_STOP_DEV,  sensor_state 3 +
02-22 18:40:22.225     0     0 I CAM_INFO: CAM-SENSOR: cam_sensor_driver_cmd: 1727 CAM_STOP_DEV Success, sensor_id:0x8000,sensor_slave_addr:0x34
02-22 18:40:22.232     0     0 I CAM_INFO: CAM-CORE: cam_node_handle_ioctl: 863 Release HW done(rc = 0)
02-22 18:40:22.263     0     0 I ueventd : firmware: loading 'CAMERA_ICP.elf' for '/devices/platform/soc/ac00000.qcom,a5/firmware/CAMERA_ICP.elf'
02-22 18:40:22.265     0     0 I ueventd : loading /devices/platform/soc/ac00000.qcom,a5/firmware/CAMERA_ICP.elf took 1ms
02-22 18:40:22.268   570   570 I chatty  : uid=1000(system) hwservicemanage expire 11 lines
02-22 18:40:22.275     0     0 I CAM_INFO: CAM-ICP: cam_icp_mgr_process_dbg_buf: 2042 FW_DBG:CICP_FW_E : HFI  :QC_IMAGE_VERSION_STRING=CICP.FW.2.1-00008,OEM_IMAGE_VERSION_STRING=CRM,BUILD_TIME: Oct 23 2019 14:14:13,CACHE_ENABLED at icphostinterface.c:636 QC_IMAGE_VERSION_STRING=CICP.FW.2.1-00008 OEM_IMAGE_VERSION_STRING=CRM
02-22 18:40:22.275     0     0 I CAM_INFO: CAM-ICP: cam_icp_mgr_process_dbg_buf: 2042 FW_DBG:CICP_FW_E : HFI  :ELF variant: CACHE-ENABLED:API_V1::USE_CDM_1_0: , API version: 0x1000034 at icphostinterface.c:637 QC_IMAGE_VERSION_STRING=CICP.FW.2.1-00008 OEM_IMAGE_VERSION_STRING=CRM
02-22 18:40:22.275     0     0 I CAM_INFO: CAM-ICP: cam_icp_mgr_hw_open: 3209 FW download done successfully
02-22 18:40:22.289     0     0 I CAM_INFO: CAM-CORE: cam_node_handle_ioctl: 756 Acquire HW successful
02-22 18:40:22.302     0     0 I CAM_INFO: CAM-SENSOR: cam_sensor_driver_cmd: 1673 CAM_START_DEV,  sensor_state 2 +
02-22 18:40:22.304     0     0 I CAM_INFO: CAM-SENSOR: cam_sensor_driver_cmd: 1697 CAM_START_DEV Success, sensor_id:0x8000,sensor_slave_addr:0x34
02-22 18:40:23.155     0     0 I CAM_INFO: CAM-SENSOR: cam_sensor_driver_cmd: 1519 CAM_ACQUIRE_DEV,  sensor_state 0 +
02-22 18:40:23.177  1498  1626 I netstats_mobile_sample: [0,0,0,0,0,0,0,0,0,0,0,0,1614019223177]
02-22 18:40:23.177  1498  1626 I netstats_wifi_sample: [21554409,16141,2427511,8988,21554409,16141,2427511,8988,21528272,16055,2402577,8918,1614019223177]
02-22 18:40:23.193     0     0 I CAM_INFO: CAM-SENSOR: cam_sensor_driver_cmd: 1600 CAM_ACQUIRE_DEV Success, sensor_id:0x8000,sensor_slave_addr:0x34
02-22 18:40:23.240     0     0 I CAM_INFO: CAM-CORE: cam_node_handle_ioctl: 756 Acquire HW successful
02-22 18:40:23.253     0     0 I CAM_INFO: CAM-SENSOR: cam_sensor_driver_cmd: 1673 CAM_START_DEV,  sensor_state 2 +
02-22 18:40:23.254     0     0 I CAM_INFO: CAM-SENSOR: cam_sensor_driver_cmd: 1697 CAM_START_DEV Success, sensor_id:0x8000,sensor_slave_addr:0x34
02-22 18:40:23.462     0     0 I CAM_INFO: CAM-ISP: __cam_isp_ctx_flush_req_in_top_state: 2049 ctx id:4 Last request id to flush is 1
02-22 18:40:23.475     0     0 I CAM_INFO: CAM-ISP: __cam_isp_ctx_handle_irq_in_activated: 3796 Ctx:4 No handle function for substate 6
02-22 18:40:23.475     0     0 I CAM_INFO: CAM-ISP: __cam_isp_ctx_dump_state_monitor_array: 121 Dumping state information for preceding requests
02-22 18:40:23.486     0     0 I CAM_INFO: CAM-ISP: __cam_isp_ctx_handle_irq_in_activated: 3796 Ctx:4 No handle function for substate 6
02-22 18:40:23.486     0     0 I CAM_INFO: CAM-ISP: __cam_isp_ctx_dump_state_monitor_array: 121 Dumping state information for preceding requests
02-22 18:40:23.493     0     0 I CAM_INFO: CAM-SENSOR: cam_sensor_driver_cmd: 1701 CAM_STOP_DEV,  sensor_state 3 +
02-22 18:40:23.493     0     0 I CAM_INFO: CAM-SENSOR: cam_sensor_driver_cmd: 1727 CAM_STOP_DEV Success, sensor_id:0x8000,sensor_slave_addr:0x34
02-22 18:40:23.499     0     0 I CAM_INFO: CAM-CORE: cam_node_handle_ioctl: 863 Release HW done(rc = 0)
02-22 18:40:23.501     0     0 I CAM_INFO: CAM-SENSOR: cam_sensor_driver_cmd: 1604 CAM_RELEASE_DEV,  sensor_state 1 +
02-22 18:40:23.514     0     0 I CAM_INFO: CAM-SENSOR: cam_sensor_driver_cmd: 1654 CAM_RELEASE_DEV Success, sensor_id:0x8000,sensor_slave_addr:0x34
02-22 18:40:23.531  2300  2360 I dvm_lock_sample: [com.logitech.service.systemservi,0,Binder:2300_3,311,AICVService.java,-1,void com.logitech.service.aicvservice.AICVService.onPtzPositionUpdate(com.logitech.service.models.ptzf.PtzfInput),BaseService.java,-1,void com.logitech.service.baseservice.BaseService.stop(boolean),62]
02-22 18:40:25.693  1498  1626 I netstats_mobile_sample: [0,0,0,0,0,0,0,0,0,0,0,0,1614019225693]
02-22 18:40:25.693  1498  1626 I netstats_wifi_sample: [21554409,16141,2427511,8988,21554409,16141,2427511,8988,21528272,16055,2402577,8918,1614019225693]
02-22 18:40:28.227  1498  1626 I netstats_mobile_sample: [0,0,0,0,0,0,0,0,0,0,0,0,1614019228227]
02-22 18:40:28.227  1498  1626 I netstats_wifi_sample: [21554409,16141,2427511,8988,21554409,16141,2427511,8988,21528272,16055,2402577,8918,1614019228227]
02-22 18:40:28.934  9651  9651 I chatty  : uid=10038(us.zoom.zoompresence) expire 12 lines
02-22 18:40:30.825  1498  1626 I netstats_mobile_sample: [0,0,0,0,0,0,0,0,0,0,0,0,1614019230826]
02-22 18:40:30.825  1498  1626 I netstats_wifi_sample: [21554409,16141,2427511,8988,21554409,16141,2427511,8988,21528272,16055,2402577,8918,1614019230826]
02-22 18:40:31.048  1498  1643 I storage_state: [41217664-9172-527a-b3d5-edabb50a7d69,0,0,52330999808,53087854592]
02-22 18:40:33.460  1498  1626 I netstats_mobile_sample: [0,0,0,0,0,0,0,0,0,0,0,0,1614019233460]
02-22 18:40:33.460  1498  1626 I netstats_wifi_sample: [21554409,16141,2427511,8988,21554409,16141,2427511,8988,21528272,16055,2402577,8918,1614019233460]
02-22 18:40:35.993  1498  1626 I netstats_mobile_sample: [0,0,0,0,0,0,0,0,0,0,0,0,1614019235994]
02-22 18:40:35.994  1498  1626 I netstats_wifi_sample: [21554409,16141,2427511,8988,21554409,16141,2427511,8988,21528272,16055,2402577,8918,1614019235994]
02-22 18:40:38.605  1498  1626 I netstats_mobile_sample: [0,0,0,0,0,0,0,0,0,0,0,0,1614019238605]
02-22 18:40:38.605  1498  1626 I netstats_wifi_sample: [21554409,16141,2427511,8988,21554409,16141,2427511,8988,21528272,16055,2402577,8918,1614019238605]
02-22 18:40:41.273  1498  1626 I netstats_mobile_sample: [0,0,0,0,0,0,0,0,0,0,0,0,1614019241273]
02-22 18:40:41.273  1498  1626 I netstats_wifi_sample: [21554409,16141,2427511,8988,21554409,16141,2427511,8988,21528272,16055,2402577,8918,1614019241273]
02-22 18:40:43.937  1498  1626 I service_manager_stats: [100,23,50930]
02-22 18:40:43.937  1498  1626 I netstats_mobile_sample: [0,0,0,0,0,0,0,0,0,0,0,0,1614019243937]
02-22 18:40:43.937  1498  1626 I netstats_wifi_sample: [21554409,16141,2427511,8988,21554409,16141,2427511,8988,21528272,16055,2402577,8918,1614019243937]
02-22 18:40:46.337  1498  1626 I netstats_mobile_sample: [0,0,0,0,0,0,0,0,0,0,0,0,1614019246337]
02-22 18:40:46.337  1498  1626 I netstats_wifi_sample: [21554409,16141,2427511,8988,21554409,16141,2427511,8988,21528272,16055,2402577,8918,1614019246337]
02-22 18:40:48.864  9651  9651 I chatty  : uid=10038(us.zoom.zoompresence) expire 12 lines
02-22 18:40:48.973  1498  1626 I netstats_mobile_sample: [0,0,0,0,0,0,0,0,0,0,0,0,1614019248973]
02-22 18:40:48.973  1498  1626 I netstats_wifi_sample: [21554409,16141,2427511,8988,21554409,16141,2427511,8988,21528272,16055,2402577,8918,1614019248973]
02-22 18:40:51.388  1498  1626 I netstats_mobile_sample: [0,0,0,0,0,0,0,0,0,0,0,0,1614019251389]
02-22 18:40:51.389  1498  1626 I netstats_wifi_sample: [21554409,16141,2427511,8988,21554409,16141,2427511,8988,21528272,16055,2402577,8918,1614019251389]
02-22 18:40:53.926  1498  1626 I netstats_mobile_sample: [0,0,0,0,0,0,0,0,0,0,0,0,1614019253926]
02-22 18:40:53.926  1498  1626 I netstats_wifi_sample: [21554409,16141,2427511,8988,21554409,16141,2427511,8988,21528272,16055,2402577,8918,1614019253926]
02-22 18:40:56.530  1498  1626 I netstats_mobile_sample: [0,0,0,0,0,0,0,0,0,0,0,0,1614019256530]
02-22 18:40:56.530  1498  1626 I netstats_wifi_sample: [21554409,16141,2427511,8988,21554409,16141,2427511,8988,21528272,16055,2402577,8918,1614019256530]
02-22 18:40:59.122  1498  1626 I netstats_mobile_sample: [0,0,0,0,0,0,0,0,0,0,0,0,1614019259122]
02-22 18:40:59.122  1498  1626 I netstats_wifi_sample: [21554409,16141,2427511,8988,21554409,16141,2427511,8988,21528272,16055,2402577,8918,1614019259122]
02-22 18:41:01.661  1498  1626 I netstats_mobile_sample: [0,0,0,0,0,0,0,0,0,0,0,0,1614019261662]
02-22 18:41:01.662  1498  1626 I netstats_wifi_sample: [21554409,16141,2427511,8988,21554409,16141,2427511,8988,21528272,16055,2402577,8918,1614019261662]
02-22 18:41:04.158  1498  1626 I netstats_mobile_sample: [0,0,0,0,0,0,0,0,0,0,0,0,1614019264158]
02-22 18:41:04.158  1498  1626 I netstats_wifi_sample: [21554409,16141,2427511,8988,21554409,16141,2427511,8988,21528272,16055,2402577,8918,1614019264158]
02-22 18:41:06.692  1498  1626 I netstats_mobile_sample: [0,0,0,0,0,0,0,0,0,0,0,0,1614019266692]
02-22 18:41:06.692  1498  1626 I netstats_wifi_sample: [21554409,16141,2427511,8988,21554409,16141,2427511,8988,21528272,16055,2402577,8918,1614019266692]
02-22 18:41:08.804  9651  9651 I chatty  : uid=10038(us.zoom.zoompresence) expire 12 lines
02-22 18:41:09.246  1498  1626 I netstats_mobile_sample: [0,0,0,0,0,0,0,0,0,0,0,0,1614019269246]
02-22 18:41:09.246  1498  1626 I netstats_wifi_sample: [21554409,16141,2427511,8988,21554409,16141,2427511,8988,21528272,16055,2402577,8918,1614019269246]
02-22 18:41:11.703  1498  1626 I netstats_mobile_sample: [0,0,0,0,0,0,0,0,0,0,0,0,1614019271703]
02-22 18:41:11.703  1498  1626 I netstats_wifi_sample: [21554409,16141,2427511,8988,21554409,16141,2427511,8988,21528272,16055,2402577,8918,1614019271703]
02-22 18:41:14.208  1498  1626 I netstats_mobile_sample: [0,0,0,0,0,0,0,0,0,0,0,0,1614019274208]
02-22 18:41:14.208  1498  1626 I netstats_wifi_sample: [21554409,16141,2427511,8988,21554409,16141,2427511,8988,21528272,16055,2402577,8918,1614019274208]
02-22 18:41:16.789  1498  1626 I netstats_mobile_sample: [0,0,0,0,0,0,0,0,0,0,0,0,1614019276789]
02-22 18:41:16.789  1498  1626 I netstats_wifi_sample: [21554409,16141,2427511,8988,21554409,16141,2427511,8988,21528272,16055,2402577,8918,1614019276789]
02-22 18:41:19.272  1498  1626 I netstats_mobile_sample: [0,0,0,0,0,0,0,0,0,0,0,0,1614019279272]
02-22 18:41:19.272  1498  1626 I netstats_wifi_sample: [21554409,16141,2427511,8988,21554409,16141,2427511,8988,21528272,16055,2402577,8918,1614019279272]
02-22 18:41:21.392  1498  1530 I am_uid_idle: 10077
02-22 18:41:21.834  1498  1626 I netstats_mobile_sample: [0,0,0,0,0,0,0,0,0,0,0,0,1614019281835]
02-22 18:41:21.834  1498  1626 I netstats_wifi_sample: [21554409,16141,2427511,8988,21554409,16141,2427511,8988,21528272,16055,2402577,8918,1614019281835]
02-22 18:41:24.319  1498  1626 I netstats_mobile_sample: [0,0,0,0,0,0,0,0,0,0,0,0,1614019284319]
02-22 18:41:24.319  1498  1626 I netstats_wifi_sample: [21554409,16141,2427511,8988,21554409,16141,2427511,8988,21528272,16055,2402577,8918,1614019284319]
02-22 18:41:26.898  1498  1626 I netstats_mobile_sample: [0,0,0,0,0,0,0,0,0,0,0,0,1614019286899]
02-22 18:41:26.899  1498  1626 I netstats_wifi_sample: [21554409,16141,2427511,8988,21554409,16141,2427511,8988,21528272,16055,2402577,8918,1614019286899]
02-22 18:41:28.704  9651  9651 I chatty  : uid=10038(us.zoom.zoompresence) expire 12 lines
02-22 18:41:29.422  1498  1626 I netstats_mobile_sample: [0,0,0,0,0,0,0,0,0,0,0,0,1614019289422]
02-22 18:41:29.422  1498  1626 I netstats_wifi_sample: [21554409,16141,2427511,8988,21554409,16141,2427511,8988,21528272,16055,2402577,8918,1614019289422]
02-22 18:41:31.130  1498  1643 I storage_state: [41217664-9172-527a-b3d5-edabb50a7d69,0,0,52256727040,53087854592]
02-22 18:41:31.921  1498  1626 I netstats_mobile_sample: [0,0,0,0,0,0,0,0,0,0,0,0,1614019291921]
02-22 18:41:31.921  1498  1626 I netstats_wifi_sample: [21554409,16141,2427511,8988,21554409,16141,2427511,8988,21528272,16055,2402577,8918,1614019291921]
02-22 18:41:34.454  1498  1626 I service_manager_stats: [100,22,50517]
02-22 18:41:34.454  1498  1626 I netstats_mobile_sample: [0,0,0,0,0,0,0,0,0,0,0,0,1614019294455]
02-22 18:41:34.454  1498  1626 I netstats_wifi_sample: [21554409,16141,2427511,8988,21554409,16141,2427511,8988,21528272,16055,2402577,8918,1614019294455]
02-22 18:41:36.954  1498  1626 I netstats_mobile_sample: [0,0,0,0,0,0,0,0,0,0,0,0,1614019296955]
02-22 18:41:36.955  1498  1626 I netstats_wifi_sample: [21554409,16141,2427511,8988,21554409,16141,2427511,8988,21528272,16055,2402577,8918,1614019296955]
02-22 18:41:39.625  1498  1626 I netstats_mobile_sample: [0,0,0,0,0,0,0,0,0,0,0,0,1614019299625]
02-22 18:41:39.625  1498  1626 I netstats_wifi_sample: [21554409,16141,2427511,8988,21554409,16141,2427511,8988,21528272,16055,2402577,8918,1614019299625]
02-22 18:41:42.140  1498  1626 I netstats_mobile_sample: [0,0,0,0,0,0,0,0,0,0,0,0,1614019302140]
02-22 18:41:42.140  1498  1626 I netstats_wifi_sample: [21554409,16141,2427511,8988,21554409,16141,2427511,8988,21528272,16055,2402577,8918,1614019302140]
02-22 18:41:43.589  1498  1617 I am_uid_stopped: 10076
02-22 18:41:43.589  1498  1617 I am_kill : [0,27808,com.logitech.integration.test,0,stop com.logitech.integration.test]
02-22 18:41:43.592  1498  1617 I am_finish_activity: [0,162983757,31,com.logitech.integration.test/.MainActivity,proc died without state saved]
02-22 18:41:43.598  1498  1617 I am_set_resumed_activity: [0,com.logitech.integration.test.test/androidx.test.core.app.InstrumentationActivityInvoker$BootstrapActivity,resumeTopActivityInnerLocked]
02-22 18:41:43.598  1498  1617 I am_resume_activity: [0,67485876,31,com.logitech.integration.test.test/androidx.test.core.app.InstrumentationActivityInvoker$BootstrapActivity]
02-22 18:41:43.599  1498  1523 I sysui_multi_action: [757,803,799,window_time_0,802,82]
02-22 18:41:43.601  1498  1617 I am_uid_active: 10077
02-22 18:41:43.602  1498 11034 I am_finish_activity: [0,67485876,31,com.logitech.integration.test.test/androidx.test.core.app.InstrumentationActivityInvoker$BootstrapActivity,app-request]
02-22 18:41:43.602  1498 11034 I am_focused_stack: [0,0,12,29,finishActivity adjustFocus adjustFocusToNextFocusableStack]
02-22 18:41:43.603  1498 11034 I am_set_resumed_activity: [0,us.zoom.zoompresence/zoom.us.azr.touch.mainscreen.ui.MainBoardActivity,finishActivity]
02-22 18:41:43.604  1498 11034 I am_pause_activity: [0,67485876,com.logitech.integration.test.test/androidx.test.core.app.InstrumentationActivityInvoker$BootstrapActivity,userLeaving=false]
02-22 18:41:43.608 27848 27848 I am_on_activity_result_called: [0,androidx.test.core.app.InstrumentationActivityInvoker$BootstrapActivity,ACTIVITY_RESULT]
02-22 18:41:43.609 27848 27848 I am_on_restart_called: [0,androidx.test.core.app.InstrumentationActivityInvoker$BootstrapActivity,performRestartActivity]
02-22 18:41:43.610  1498  1523 I sysui_multi_action: [757,803,799,window_time_0,802,0]
02-22 18:41:43.611  1498 11034 I am_add_to_stopping: [0,67485876,com.logitech.integration.test.test/androidx.test.core.app.InstrumentationActivityInvoker$BootstrapActivity,finishCurrentActivityLocked]
02-22 18:41:43.613  1498 11034 I am_set_resumed_activity: [0,us.zoom.zoompresence/zoom.us.azr.touch.mainscreen.ui.MainBoardActivity,resumeTopActivityInnerLocked]
02-22 18:41:43.613  1498 11034 I am_resume_activity: [0,3435679,14,us.zoom.zoompresence/zoom.us.azr.touch.mainscreen.ui.MainBoardActivity]
02-22 18:41:43.615  9651  9651 I am_on_restart_called: [0,zoom.us.azr.touch.mainscreen.ui.MainBoardActivity,performRestartActivity]
02-22 18:41:43.618  9651  9651 I am_on_start_called: [0,zoom.us.azr.touch.mainscreen.ui.MainBoardActivity,handleStartActivity]
02-22 18:41:43.621  1498  1523 I sysui_multi_action: [757,803,799,window_time_0,802,0]
02-22 18:41:43.622  9651  9651 I am_on_resume_called: [0,zoom.us.azr.touch.mainscreen.ui.MainBoardActivity,RESUME_ACTIVITY]
02-22 18:41:43.623  9651  9651 I am_on_top_resumed_gained_called: [0,zoom.us.azr.touch.mainscreen.ui.MainBoardActivity,topWhenResuming]
02-22 18:41:43.641     0     0 E binder_alloc: 27808: binder_alloc_buf, no vma
02-22 18:41:43.641     0     0 I binder  : 1249:5230 transaction failed 29189/-3, size 156-0 line 3282
02-22 18:41:43.642     0     0 I CAM_INFO: CAM-ISP: __cam_isp_ctx_flush_req_in_top_state: 2049 ctx id:1 Last request id to flush is 2440
02-22 18:41:43.642     0     0 I CAM_INFO: CAM-ISP: __cam_isp_ctx_flush_req_in_top_state: 2063 ctx:1 last applied id:2437, reported req id:2436, buf done id:2435
02-22 18:41:43.642     0     0 I CAM_INFO: CAM-ISP: __cam_isp_ctx_flush_req_in_top_state: 2069 current time:26346650 last apply time:26346650, reported req time:26346650, buf done time:26346620
02-22 18:41:43.642     0     0 I CAM_INFO: CAM-ISP: __cam_isp_ctx_dump_state_monitor_array: 121 Dumping state information for preceding requests
02-22 18:41:43.643     0     0 I binder  : undelivered transaction 4884388, process died.
02-22 18:41:43.643     0     0 I binder  : undelivered transaction 4884357, process died.
02-22 18:41:43.643     0     0 I binder  : undelivered transaction 4884622, process died.
02-22 18:41:43.643     0     0 I binder  : undelivered transaction 4884767, process died.
02-22 18:41:43.643     0     0 I binder  : undelivered transaction 4884304, process died.
02-22 18:41:43.643     0     0 I binder  : undelivered transaction 4884351, process died.
02-22 18:41:43.643     0     0 I binder  : undelivered transaction 4884564, process died.
02-22 18:41:43.643     0     0 I binder  : undelivered transaction 4884607, process died.
02-22 18:41:43.643     0     0 I binder  : undelivered transaction 4884766, process died.
02-22 18:41:43.645     0     0 I binder  : 1267:28367 transaction failed 29189/-22, size 80-0 line 3136
02-22 18:41:43.649     0     0 I binder  : 1267:28382 transaction failed 29189/-22, size 96-0 line 3136
02-22 18:41:43.652     0     0 E CAM_ERR : CAM-ISP: cam_ife_csid_irq: 3386 CSID 1 irq status 0x0 0x4000ff 0x1ffa 0x0 0x0 0x0 0x0
02-22 18:41:43.657  1498  2574 I am_destroy_activity: [0,67485876,31,com.logitech.integration.test.test/androidx.test.core.app.InstrumentationActivityInvoker$BootstrapActivity,finish-imm:activityIdleInternalLocked]
02-22 18:41:43.657     0     0 I CAM_INFO: CAM-ISP: __cam_isp_ctx_flush_req_in_top_state: 2049 ctx id:1 Last request id to flush is 2440
02-22 18:41:43.658 27848 27848 I am_on_destroy_called: [0,androidx.test.core.app.InstrumentationActivityInvoker$BootstrapActivity,performDestroy]
02-22 18:41:43.659  1498  1517 I wm_task_removed: [31,removeAppToken: last token]
02-22 18:41:43.659  1498  1517 I am_remove_task: [31,29]
02-22 18:41:43.659  1498  1517 I wm_task_removed: [31,removeTask]
02-22 18:41:43.660  1498  1517 I wm_stack_removed: 29
02-22 18:41:43.662     0     0 I audio_in_release: session id 1
02-22 18:41:43.664     0     0 I CAM_INFO: CAM-SENSOR: cam_sensor_driver_cmd: 1701 CAM_STOP_DEV,  sensor_state 3 +
02-22 18:41:43.665     0     0 I CAM_INFO: CAM-SENSOR: cam_sensor_driver_cmd: 1727 CAM_STOP_DEV Success, sensor_id:0x8000,sensor_slave_addr:0x34
02-22 18:41:43.671     0     0 I event_handler: reclaimed all bufs
02-22 18:41:43.673     0     0 I CAM_INFO: CAM-CORE: cam_node_handle_ioctl: 863 Release HW done(rc = 0)
02-22 18:41:43.675     0     0 I CAM_INFO: CAM-SENSOR: cam_sensor_util_request_gpio_table: 787 No GPIO data
02-22 18:41:43.676     0     0 I CAM_INFO: CAM-SENSOR: cam_sensor_driver_cmd: 1604 CAM_RELEASE_DEV,  sensor_state 1 +
02-22 18:41:43.677     0     0 I msm_mi2s_snd_shutdown(): substream = subdevice #0  stream = 1 did not shutdown
02-22 18:41:43.678     0     0 E CAM_ERR : CAM-ACTUATOR: cam_afptz_store: 434 try to power on!
02-22 18:41:43.678     0     0 E CAM_ERR : CAM-SENSOR: cam_sensor_power_up_cci0: 2208 cam_sensor_power_up_cci0: cci0 busy, cannot power up
02-22 18:41:43.678     0     0 E CAM_ERR : CAM-ACTUATOR: cam_afptz_store: 471 cci_client is NULL!!!
02-22 18:41:43.678     0     0 E CAM_ERR : CAM-ACTUATOR: cam_afptz_show: 383 unknow read cmd
02-22 18:41:43.678     0     0 E CAM_ERR : CAM-ACTUATOR: cam_afptz_show: 400 read fail
02-22 18:41:43.679     0     0 E CAM_ERR : CAM-ACTUATOR: cam_afptz_store: 434 try to power on!
02-22 18:41:43.679     0     0 E CAM_ERR : CAM-SENSOR: cam_sensor_power_up_cci0: 2208 cam_sensor_power_up_cci0: cci0 busy, cannot power up
02-22 18:41:43.679     0     0 E CAM_ERR : CAM-ACTUATOR: cam_afptz_store: 471 cci_client is NULL!!!
02-22 18:41:43.679     0     0 E CAM_ERR : CAM-ACTUATOR: cam_afptz_show: 383 unknow read cmd
02-22 18:41:43.679     0     0 E CAM_ERR : CAM-ACTUATOR: cam_afptz_show: 400 read fail
02-22 18:41:43.679     0     0 E CAM_ERR : CAM-ACTUATOR: cam_afptz_store: 434 try to power on!
02-22 18:41:43.679     0     0 E CAM_ERR : CAM-SENSOR: cam_sensor_power_up_cci0: 2208 cam_sensor_power_up_cci0: cci0 busy, cannot power up
02-22 18:41:43.679     0     0 E CAM_ERR : CAM-ACTUATOR: cam_afptz_store: 471 cci_client is NULL!!!
02-22 18:41:43.679     0     0 E CAM_ERR : CAM-ACTUATOR: cam_afptz_show: 383 unknow read cmd
02-22 18:41:43.679     0     0 E CAM_ERR : CAM-ACTUATOR: cam_afptz_show: 400 read fail
02-22 18:41:43.680     0     0 E CAM_ERR : CAM-ACTUATOR: cam_afptz_store: 434 try to power on!
02-22 18:41:43.680     0     0 E CAM_ERR : CAM-SENSOR: cam_sensor_power_up_cci0: 2208 cam_sensor_power_up_cci0: cci0 busy, cannot power up
02-22 18:41:43.680     0     0 E CAM_ERR : CAM-ACTUATOR: cam_afptz_store: 471 cci_client is NULL!!!
02-22 18:41:43.680     0     0 E CAM_ERR : CAM-ACTUATOR: cam_afptz_show: 383 unknow read cmd
02-22 18:41:43.680     0     0 E CAM_ERR : CAM-ACTUATOR: cam_afptz_show: 400 read fail
02-22 18:41:43.680     0     0 E CAM_ERR : CAM-ACTUATOR: cam_afptz_store: 434 try to power on!
02-22 18:41:43.680     0     0 E CAM_ERR : CAM-SENSOR: cam_sensor_power_up_cci0: 2208 cam_sensor_power_up_cci0: cci0 busy, cannot power up
02-22 18:41:43.680     0     0 E CAM_ERR : CAM-ACTUATOR: cam_afptz_store: 471 cci_client is NULL!!!
02-22 18:41:43.680     0     0 E CAM_ERR : CAM-ACTUATOR: cam_afptz_show: 383 unknow read cmd
02-22 18:41:43.680     0     0 E CAM_ERR : CAM-ACTUATOR: cam_afptz_show: 400 read fail
02-22 18:41:43.681     0     0 E CAM_ERR : CAM-ACTUATOR: cam_afptz_store: 434 try to power on!
02-22 18:41:43.681     0     0 E CAM_ERR : CAM-SENSOR: cam_sensor_power_up_cci0: 2208 cam_sensor_power_up_cci0: cci0 busy, cannot power up
02-22 18:41:43.681     0     0 E CAM_ERR : CAM-ACTUATOR: cam_afptz_store: 471 cci_client is NULL!!!
02-22 18:41:43.681     0     0 E CAM_ERR : CAM-ACTUATOR: cam_afptz_show: 383 unknow read cmd
