02-22 18:41:43.681     0     0 E CAM_ERR : CAM-ACTUATOR: cam_afptz_show: 400 read fail
02-22 18:41:43.681     0     0 E CAM_ERR : CAM-ACTUATOR: cam_afptz_store: 434 try to power on!
02-22 18:41:43.681     0     0 E CAM_ERR : CAM-SENSOR: cam_sensor_power_up_cci0: 2208 cam_sensor_power_up_cci0: cci0 busy, cannot power up
02-22 18:41:43.681     0     0 E CAM_ERR : CAM-ACTUATOR: cam_afptz_store: 471 cci_client is NULL!!!
02-22 18:41:43.681     0     0 E CAM_ERR : CAM-ACTUATOR: cam_afptz_show: 383 unknow read cmd
02-22 18:41:43.681     0     0 E CAM_ERR : CAM-ACTUATOR: cam_afptz_show: 400 read fail
02-22 18:41:43.682     0     0 E CAM_ERR : CAM-ACTUATOR: cam_afptz_store: 434 try to power on!
02-22 18:41:43.682     0     0 E CAM_ERR : CAM-SENSOR: cam_sensor_power_up_cci0: 2208 cam_sensor_power_up_cci0: cci0 busy, cannot power up
02-22 18:41:43.682     0     0 E CAM_ERR : CAM-ACTUATOR: cam_afptz_store: 471 cci_client is NULL!!!
02-22 18:41:43.682     0     0 E CAM_ERR : CAM-ACTUATOR: cam_afptz_show: 383 unknow read cmd
02-22 18:41:43.682     0     0 E CAM_ERR : CAM-ACTUATOR: cam_afptz_show: 400 read fail
02-22 18:41:43.682     0     0 E CAM_ERR : CAM-ACTUATOR: cam_afptz_store: 434 try to power on!
02-22 18:41:43.682     0     0 E CAM_ERR : CAM-SENSOR: cam_sensor_power_up_cci0: 2208 cam_sensor_power_up_cci0: cci0 busy, cannot power up
02-22 18:41:43.682     0     0 E CAM_ERR : CAM-ACTUATOR: cam_afptz_store: 471 cci_client is NULL!!!
02-22 18:41:43.682     0     0 E CAM_ERR : CAM-ACTUATOR: cam_afptz_show: 383 unknow read cmd
02-22 18:41:43.682     0     0 E CAM_ERR : CAM-ACTUATOR: cam_afptz_show: 400 read fail
02-22 18:41:43.682     0     0 E CAM_ERR : CAM-ACTUATOR: cam_afptz_store: 434 try to power on!
02-22 18:41:43.682     0     0 E CAM_ERR : CAM-SENSOR: cam_sensor_power_up_cci0: 2208 cam_sensor_power_up_cci0: cci0 busy, cannot power up
02-22 18:41:43.682     0     0 E CAM_ERR : CAM-ACTUATOR: cam_afptz_store: 471 cci_client is NULL!!!
02-22 18:41:43.682     0     0 E CAM_ERR : CAM-ACTUATOR: cam_afptz_show: 383 unknow read cmd
02-22 18:41:43.682     0     0 E CAM_ERR : CAM-ACTUATOR: cam_afptz_show: 400 read fail
02-22 18:41:43.686     0     0 E CAM_ERR : CAM-SENSOR: cam_sensor_cci_i2c_util: 235 Failed rc = -19
02-22 18:41:43.697     0     0 I CAM_INFO: CAM-SENSOR: cam_sensor_driver_cmd: 1654 CAM_RELEASE_DEV Success, sensor_id:0x8000,sensor_slave_addr:0x34
02-22 18:41:43.782     0     0 E CAM_ERR : CAM-ACTUATOR: cam_afptz_store: 434 try to power on!
02-22 18:41:43.818     0     0 I CAM_INFO: CAM-ACTUATOR: cam_afptz_store: 437 skip actuator camera_io_init
02-22 18:41:43.839  2043 10338 I dvm_lock_sample: [com.logitech.service.systemservi,1,Binder:2043_8,57,PTZFService.java,-1,int com.logitech.service.ptzfservice.PTZFService.getAbsolute(com.logitech.service.models.ptzf.PtzfType),-,-1,int com.logitech.service.ptzfservice.PTZFService.getAbsolute(com.logitech.service.models.ptzf.PtzfType),11]
02-22 18:41:43.864  1498  1613 I commit_sys_config_file: [settings-2-0,5]
02-22 18:41:43.971  1498  1530 I am_uid_stopped: 10077
02-22 18:41:43.972  1498  1530 I am_kill : [0,27848,com.logitech.integration.test.test,900,stop com.logitech.integration.test.test]
02-22 18:41:44.003     0     0 I sdcardfs: removing com.logitech.integration.test.test
02-22 18:41:44.015  1498  1546 I commit_sys_config_file: [package-user-0,4]
02-22 18:41:44.015  1498  1546 I commit_sys_config_file: [package,44]
02-22 18:41:44.081  1498  1520 I am_uid_active: 10016
02-22 18:41:44.089  1498  1498 I notification_cancel_all: [1000,1498,com.logitech.integration.test.test,0,0,0,5,NULL]
02-22 18:41:44.090  1498  1627 I commit_sys_config_file: [net-policy,5]
02-22 18:41:44.097   570   570 I chatty  : uid=1000(system) hwservicemanage expire 11 lines
02-22 18:41:44.099  1498  1522 I commit_sys_config_file: [notification-policy,6]
02-22 18:41:44.111  1498  1626 I netstats_mobile_sample: [0,0,0,0,0,0,0,0,0,0,0,0,1614019304112]
02-22 18:41:44.111  1498  1626 I netstats_wifi_sample: [21554409,16141,2427511,8988,21554409,16141,2427511,8988,21528272,16055,2402577,8918,1614019304112]
02-22 18:41:44.277     0     0 I sdcardfs: removing com.logitech.integration.test
02-22 18:41:44.287  1498  1546 I commit_sys_config_file: [package-user-0,4]
02-22 18:41:44.287  1498  1546 I commit_sys_config_file: [package,97]
02-22 18:41:44.293  1498  1529 I commit_sys_config_file: [package-perms-0,5]
02-22 18:41:44.304  1498  1529 I commit_sys_config_file: [roles-0,4]
02-22 18:41:44.352  2837  2837 I force_gc: bg
02-22 18:41:44.361  1498  1498 I notification_cancel_all: [1000,1498,com.logitech.integration.test,0,0,0,5,NULL]
02-22 18:41:44.367  1498  1626 I netstats_mobile_sample: [0,0,0,0,0,0,0,0,0,0,0,0,1614019304367]
02-22 18:41:44.367  1498  1626 I netstats_wifi_sample: [21554409,16141,2427511,8988,21554409,16141,2427511,8988,21528272,16055,2402577,8918,1614019304367]
02-22 18:41:44.374  1498  1522 I commit_sys_config_file: [notification-policy,10]
02-22 18:41:44.374  1498  1627 I commit_sys_config_file: [net-policy,13]
02-22 18:41:44.386  1498  1522 I commit_sys_config_file: [notification-policy,11]
02-22 18:41:44.537  1498  1529 I commit_sys_config_file: [package-perms-0,8]
02-22 18:41:44.603  1498  1529 I commit_sys_config_file: [roles-0,5]
02-22 18:41:44.697     0     0 I msm_vidc: info: Closed video instance: ffffffe328fc0000
02-22 18:41:44.712  1498  1626 I netstats_mobile_sample: [0,0,0,0,0,0,0,0,0,0,0,0,1614019304713]
02-22 18:41:44.712  1498  1626 I netstats_wifi_sample: [21554409,16141,2427511,8988,21554409,16141,2427511,8988,21528272,16055,2402577,8918,1614019304713]
02-22 18:41:47.404  1498  1529 I sysui_multi_action: [757,1717,758,1,759,0]
02-22 18:41:47.405  1498  1529 I sysui_multi_action: [757,1717,758,2,759,0]
02-22 18:41:47.405  1498  1529 I sysui_multi_action: [757,1717,758,3,759,0]
02-22 18:41:48.634  9651  9651 I chatty  : uid=10038(us.zoom.zoompresence) expire 27 lines
02-22 18:41:54.002  1498  1546 I commit_sys_config_file: [package-user-0,6]
02-22 18:41:54.091  1498  2001 I commit_sys_config_file: [appops,7]
02-22 18:41:54.364  1498  1523 I commit_sys_config_file: [warnings-config,5]
02-22 18:42:27.202     0     0 D logd    : logdr: UID=0 GID=0 PID=28548 b tail=0 logMask=19 pid=0 start=0ns timeout=0ns
02-22 18:42:31.210  1498  1643 I storage_state: [41217664-9172-527a-b3d5-edabb50a7d69,0,0,52691300352,53087854592]
02-22 18:42:33.454  9651  9651 I chatty  : uid=10038(us.zoom.zoompresence) expire 18 lines
02-22 18:42:59.388  1498  1530 I am_uid_idle: 10016
02-22 18:43:01.718   570   570 I chatty  : uid=1000(system) hwservicemanage expire 2 lines
02-22 18:43:03.354  9651  9651 I chatty  : uid=10038(us.zoom.zoompresence) expire 168 lines
02-22 18:44:01.725   570   570 I chatty  : uid=1000(system) hwservicemanage expire 10 lines
02-22 18:47:37.177     0     0 D logd    : logdr: UID=0 GID=0 PID=28614 b tail=0 logMask=19 pid=0 start=0ns timeout=0ns
02-22 18:47:37.396  1498  1529 I commit_sys_config_file: [batterystats,7]
02-22 18:47:37.400  1498  1529 I commit_sys_config_file: [batterystats,4]
02-22 18:47:42.184  9651  9651 I chatty  : uid=10038(us.zoom.zoompresence) expire 27 lines
02-22 18:47:45.920     0     0 W healthd : battery l=50 v=4173 t=25.0 h=2 st=3 c=-481 fc=0 cc=0 chg=
02-22 18:48:04.544  3007  3007 I chatty  : uid=1000(system) com.logitech.vc.analytics expire 6 lines
02-22 18:48:22.269     0     0 I         : snd_pcm_hw_constraint_integer failed
02-22 18:48:22.269     0     0 I msm_pcm_open: P buffer bytes minmax constraint ret 1
02-22 18:48:22.434     0     0 I msm_mi2s_snd_shutdown(): substream = subdevice #0  stream = 0 did not shutdown
02-22 18:48:25.940  1498  1522 I commit_sys_config_file: [package-session,5]
02-22 18:48:25.945  1498  1522 I commit_sys_config_file: [package-session,4]
02-22 18:48:25.963  1498  1766 I commit_sys_config_file: [package-session,4]
02-22 18:48:26.048  1498  1546 I commit_sys_config_file: [package-user-0,5]
02-22 18:48:26.048  1498  1546 I commit_sys_config_file: [package,45]
02-22 18:48:26.048  1498  1520 I dvm_lock_sample: [system_server,0,android.fg,46,PermissionManagerService.java,469,void com.android.server.pm.permission.PermissionManagerService.doNotifyRuntimePermissionStateChanged(java.lang.String, int),PackageManagerService.java,17138,void com.android.server.pm.PackageManagerService.installPackagesLI(java.util.List),9]
02-22 18:48:26.053  1498  1546 I sysui_multi_action: [757,1243,758,4,806,com.logitech.integration.test.test,1241,android.permission.WRITE_EXTERNAL_STORAGE]
02-22 18:48:26.060  1498  1546 I sysui_multi_action: [757,1243,758,4,806,com.logitech.integration.test.test,1241,android.permission.READ_EXTERNAL_STORAGE]
02-22 18:48:26.068  1498  1546 I unknown_sources_enabled: 1
02-22 18:48:26.073  1498  1498 I notification_cancel_all: [1000,1498,com.logitech.integration.test.test,0,0,0,5,NULL]
02-22 18:48:26.075   570   570 I chatty  : uid=1000(system) hwservicemanage expire 10 lines
02-22 18:48:26.079  1498  1520 I am_uid_active: 10016
02-22 18:48:26.080  1498  1593 I commit_sys_config_file: [package-session,9]
02-22 18:48:26.309  1498  1529 I commit_sys_config_file: [roles-0,9]
02-22 18:48:26.374  1498  1529 I commit_sys_config_file: [package-perms-0,6]
02-22 18:48:27.034  9651  9651 I chatty  : uid=10038(us.zoom.zoompresence) expire 24 lines
02-22 18:49:02.207  1498  1522 I commit_sys_config_file: [package-session,4]
02-22 18:49:02.213  1498  1522 I commit_sys_config_file: [package-session,4]
02-22 18:49:02.262  1498  1766 I commit_sys_config_file: [package-session,4]
02-22 18:49:02.359  1498  1546 I commit_sys_config_file: [package-user-0,5]
02-22 18:49:02.359  1498  1546 I commit_sys_config_file: [package,56]
02-22 18:49:02.366  1498  1546 I sysui_multi_action: [757,1243,758,4,806,com.logitech.integration.test,1241,android.permission.CAMERA]
02-22 18:49:02.367  1498  1546 I sysui_multi_action: [757,1243,758,4,806,com.logitech.integration.test,1241,android.permission.WRITE_EXTERNAL_STORAGE]
02-22 18:49:02.378  1498  1546 I sysui_multi_action: [757,1243,758,4,806,com.logitech.integration.test,1241,android.permission.READ_EXTERNAL_STORAGE]
02-22 18:49:02.382  1498  1546 I sysui_multi_action: [757,1243,758,4,806,com.logitech.integration.test,1241,android.permission.RECORD_AUDIO]
02-22 18:49:02.384  1498  1546 I unknown_sources_enabled: 1
02-22 18:49:02.388  1498  1498 I notification_cancel_all: [1000,1498,com.logitech.integration.test,0,0,0,5,NULL]
02-22 18:49:02.394  1498  1593 I commit_sys_config_file: [package-session,8]
02-22 18:49:02.617  1498  1529 I commit_sys_config_file: [roles-0,14]
02-22 18:49:02.652  1498  1529 I commit_sys_config_file: [package-perms-0,8]
02-22 18:49:03.510  1498  1522 I commit_sys_config_file: [package-session,5]
02-22 18:49:03.515  1498  1522 I commit_sys_config_file: [package-session,4]
02-22 18:49:03.534  1498  2574 I commit_sys_config_file: [package-session,5]
02-22 18:49:03.598  1498  1546 I commit_sys_config_file: [package-user-0,4]
02-22 18:49:03.598  1498  1546 I commit_sys_config_file: [package,44]
02-22 18:49:03.667  1498  1546 I commit_sys_config_file: [package-user-0,4]
02-22 18:49:03.667  1498  1546 I commit_sys_config_file: [package,43]
02-22 18:49:03.671  1498  1546 I sysui_multi_action: [757,1243,758,4,806,com.logitech.integration.test.test,1241,android.permission.WRITE_EXTERNAL_STORAGE]
02-22 18:49:03.680  1498  1546 I sysui_multi_action: [757,1243,758,4,806,com.logitech.integration.test.test,1241,android.permission.READ_EXTERNAL_STORAGE]
02-22 18:49:03.685  1498  1546 I unknown_sources_enabled: 1
02-22 18:49:03.701  1498  1593 I commit_sys_config_file: [package-session,13]
02-22 18:49:03.706  1498  1498 I notification_cancel_all: [1000,1498,com.logitech.integration.test.test,0,0,0,5,NULL]
02-22 18:49:03.706  1498  1498 I notification_cancel_all: [1000,1498,com.logitech.integration.test.test,0,0,0,5,NULL]
02-22 18:49:03.929  1498  1529 I commit_sys_config_file: [package-perms-0,8]
02-22 18:49:04.015  1498  1802 I am_uid_active: 10013
02-22 18:49:04.524  1498  1802 I am_uid_running: 10079
02-22 18:49:04.544  1498  1531 I am_proc_start: [0,28763,10079,com.logitech.integration.test,added application,com.logitech.integration.test]
02-22 18:49:04.571  1498  1802 I am_proc_bound: [0,28763,com.logitech.integration.test]
02-22 18:49:04.573  1498  1802 I am_uid_active: 10079
02-22 18:49:04.725   570   570 I chatty  : uid=1000(system) hwservicemanage expire 10 lines
02-22 18:49:04.736  1498  1529 I commit_sys_config_file: [procstats,7]
02-22 18:49:04.742  1498  1626 I netstats_mobile_sample: [0,0,0,0,0,0,0,0,0,0,0,0,1614019744742]
02-22 18:49:04.742  1498  1626 I netstats_wifi_sample: [21554409,16141,2427511,8988,21554409,16141,2427511,8988,21528272,16055,2402577,8918,1614019744742]
02-22 18:49:04.749     0     0 I init    : Received control message 'start' for 'dumpstate_runner' from pid: 4194 (com.logitech.bugreporter)
02-22 18:49:04.749     0     0 I init    : starting service 'dumpstate_runner'...
02-22 18:49:04.779     0     0 I init    : Received control message 'start' for 'logitech_dumpstatez' from pid: 28793 (/system/bin/DumpstateRunner)
02-22 18:49:04.779     0     0 I init    : starting service 'logitech_dumpstatez'...
02-22 18:49:04.781     0     0 I init    : Created socket '/dev/socket/dumpstate', mode 660, user 0, group 0
02-22 18:49:05.816     0     0 D logd    : logdr: UID=2000 GID=2000 PID=28802 n tail=0 logMask=80 pid=0 start=0ns timeout=0ns
02-22 18:49:05.860     0     0 D logd    : logdr: UID=2000 GID=2000 PID=28804 n tail=0 logMask=19 pid=0 start=0ns timeout=0ns
02-22 18:49:05.948     0     0 D logd    : logdr: UID=2000 GID=2000 PID=28806 n tail=0 logMask=4 pid=0 start=0ns timeout=0ns
02-22 18:49:06.046     0     0 D logd    : logdr: UID=2000 GID=2000 PID=28808 n tail=0 logMask=20 pid=0 start=0ns timeout=0ns
02-22 18:49:06.058     0     0 D logd    : logdr: UID=2000 GID=2000 PID=28810 n tail=0 logMask=2 pid=0 start=0ns timeout=0ns
02-22 18:49:06.706  1498  2574 I wm_stack_created: 30
02-22 18:49:06.708  1498  2574 I wm_task_created: [32,30]
02-22 18:49:06.708  1498  2574 I wm_task_moved: [32,0,2147483647]
02-22 18:49:06.708  1498  2574 I am_focused_stack: [0,0,30,12,reuseOrNewTask]
02-22 18:49:06.709  1498  2574 I am_create_task: [0,32]
02-22 18:49:06.709  1498  2574 I am_create_activity: [0,41012285,32,com.logitech.integration.test.test/androidx.test.core.app.InstrumentationActivityInvoker$BootstrapActivity,android.intent.action.MAIN,NULL,NULL,268468224]
02-22 18:49:06.709  1498  2574 I wm_task_moved: [32,0,2147483647]
02-22 18:49:06.709  9651  9651 I am_on_top_resumed_lost_called: [0,zoom.us.azr.touch.mainscreen.ui.MainBoardActivity,topStateChangedWhenResumed]
02-22 18:49:06.710  1498  2574 I am_pause_activity: [0,3435679,us.zoom.zoompresence/zoom.us.azr.touch.mainscreen.ui.MainBoardActivity,userLeaving=true]
02-22 18:49:06.716  1498  1524 I am_add_to_stopping: [0,3435679,us.zoom.zoompresence/zoom.us.azr.touch.mainscreen.ui.MainBoardActivity,makeInvisible]
02-22 18:49:06.717  1498  1523 I am_uid_running: 10078
02-22 18:49:06.718  9651  9651 I am_on_paused_called: [0,zoom.us.azr.touch.mainscreen.ui.MainBoardActivity,performPause]
02-22 18:49:06.722  1498  1523 I sysui_multi_action: [757,803,799,window_time_0,802,443]
02-22 18:49:06.741  1498  1531 I am_proc_start: [0,28825,10078,com.logitech.integration.test.test,activity,{com.logitech.integration.test.test/androidx.test.core.app.InstrumentationActivityInvoker$BootstrapActivity}]
02-22 18:49:06.775  1498  2574 I am_proc_bound: [0,28825,com.logitech.integration.test.test]
02-22 18:49:06.777  1498  2574 I am_restart_activity: [0,41012285,32,com.logitech.integration.test.test/androidx.test.core.app.InstrumentationActivityInvoker$BootstrapActivity]
02-22 18:49:06.778  1498  2574 I am_set_resumed_activity: [0,com.logitech.integration.test.test/androidx.test.core.app.InstrumentationActivityInvoker$BootstrapActivity,minimalResumeActivityLocked]
02-22 18:49:06.792  1498  1523 I am_uid_active: 10078
02-22 18:49:06.901 28825 28825 I am_on_create_called: [0,androidx.test.core.app.InstrumentationActivityInvoker$BootstrapActivity,performCreate]
02-22 18:49:06.894  9651  9651 I chatty  : uid=10038(us.zoom.zoompresence) expire 12 lines
02-22 18:49:06.913 28825 28825 I am_on_start_called: [0,androidx.test.core.app.InstrumentationActivityInvoker$BootstrapActivity,handleStartActivity]
02-22 18:49:06.924  1498 11034 I am_create_activity: [0,2566981,32,com.logitech.integration.test/.MainActivity,NULL,NULL,NULL,0]
02-22 18:49:06.925  1498 11034 I am_add_to_stopping: [0,41012285,com.logitech.integration.test.test/androidx.test.core.app.InstrumentationActivityInvoker$BootstrapActivity,makeInvisible]
02-22 18:49:06.925  1498 11034 I am_restart_activity: [0,2566981,32,com.logitech.integration.test/.MainActivity]
02-22 18:49:06.926  1498 11034 I am_set_resumed_activity: [0,com.logitech.integration.test/.MainActivity,minimalResumeActivityLocked]
02-22 18:49:06.929 28825 28825 I am_on_resume_called: [0,androidx.test.core.app.InstrumentationActivityInvoker$BootstrapActivity,RESUME_ACTIVITY]
02-22 18:49:06.930 28825 28825 I am_on_top_resumed_gained_called: [0,androidx.test.core.app.InstrumentationActivityInvoker$BootstrapActivity,topStateChangedWhenResumed]
02-22 18:49:06.930 28825 28825 I am_on_top_resumed_lost_called: [0,androidx.test.core.app.InstrumentationActivityInvoker$BootstrapActivity,topStateChangedWhenResumed]
02-22 18:49:06.931  1498  2574 I am_stop_activity: [0,41012285,com.logitech.integration.test.test/androidx.test.core.app.InstrumentationActivityInvoker$BootstrapActivity]
02-22 18:49:06.932 28825 28825 I am_on_paused_called: [0,androidx.test.core.app.InstrumentationActivityInvoker$BootstrapActivity,performPause]
02-22 18:49:06.932 28825 28825 I am_on_stop_called: [0,androidx.test.core.app.InstrumentationActivityInvoker$BootstrapActivity,STOP_ACTIVITY_ITEM]
02-22 18:49:07.061 28763 28763 I am_on_create_called: [0,com.logitech.integration.test.MainActivity,performCreate]
02-22 18:49:07.106 28763 28763 I am_on_start_called: [0,com.logitech.integration.test.MainActivity,handleStartActivity]
02-22 18:49:07.108 28763 28763 I am_on_resume_called: [0,com.logitech.integration.test.MainActivity,RESUME_ACTIVITY]
02-22 18:49:07.121 28763 28763 I am_on_top_resumed_gained_called: [0,com.logitech.integration.test.MainActivity,topStateChangedWhenResumed]
02-22 18:49:07.197  1498  1529 I sysui_multi_action: [319,83,321,26,322,494,325,27089,757,761,758,7,759,1,806,com.logitech.integration.test,871,com.logitech.integration.test.MainActivity,904,com.logitech.integration.test,905,0,945,73,1320,12,1321,1]
02-22 18:49:07.198  1498  1529 I am_activity_launch_time: [0,2566981,com.logitech.integration.test/.MainActivity,494]
02-22 18:49:07.230  1498  1649 I am_stop_activity: [0,3435679,us.zoom.zoompresence/zoom.us.azr.touch.mainscreen.ui.MainBoardActivity]
02-22 18:49:07.235  9651  9651 I am_on_stop_called: [0,zoom.us.azr.touch.mainscreen.ui.MainBoardActivity,STOP_ACTIVITY_ITEM]
02-22 18:49:07.255   848   848 I sf_frame_dur: [us.zoom.zoompresence/zoom.us.azr.touch.mainscreen.ui.MainBoardActivity#0,1,0,0,0,0,0,0]
02-22 18:49:07.498     0     0 I msm_vidc: info: Opening video instance: ffffffe325884000, 0
02-22 18:49:07.534     0     0 I aac_in_open: session id 1: NT mode encoder success
02-22 18:49:07.534     0     0 I aac_in_open: session id 1: success
02-22 18:49:07.553     0     0 I audio_in_release: session id 1
02-22 18:49:07.563     0     0 I msm_vidc: info: Closed video instance: ffffffe325884000
02-22 18:49:07.574     0     0 I CAM_INFO: CAM-SENSOR: cam_sensor_driver_cmd: 1519 CAM_ACQUIRE_DEV,  sensor_state 3 +
02-22 18:49:07.589     0     0 I ueventd : firmware: loading 'CAMERA_ICP.elf' for '/devices/platform/soc/ac00000.qcom,a5/firmware/CAMERA_ICP.elf'
02-22 18:49:07.591     0     0 I ueventd : loading /devices/platform/soc/ac00000.qcom,a5/firmware/CAMERA_ICP.elf took 2ms
02-22 18:49:07.602     0     0 I CAM_INFO: CAM-ICP: cam_icp_mgr_process_dbg_buf: 2042 FW_DBG:CICP_FW_E : HFI  :QC_IMAGE_VERSION_STRING=CICP.FW.2.1-00008,OEM_IMAGE_VERSION_STRING=CRM,BUILD_TIME: Oct 23 2019 14:14:13,CACHE_ENABLED at icphostinterface.c:636 QC_IMAGE_VERSION_STRING=CICP.FW.2.1-00008 OEM_IMAGE_VERSION_STRING=CRM
02-22 18:49:07.602     0     0 I CAM_INFO: CAM-ICP: cam_icp_mgr_process_dbg_buf: 2042 FW_DBG:CICP_FW_E : HFI  :ELF variant: CACHE-ENABLED:API_V1::USE_CDM_1_0: , API version: 0x1000034 at icphostinterface.c:637 QC_IMAGE_VERSION_STRING=CICP.FW.2.1-00008 OEM_IMAGE_VERSION_STRING=CRM
02-22 18:49:07.602     0     0 I CAM_INFO: CAM-ICP: cam_icp_mgr_hw_open: 3209 FW download done successfully
02-22 18:49:07.633     0     0 I CAM_INFO: CAM-SENSOR: cam_sensor_driver_cmd: 1600 CAM_ACQUIRE_DEV Success, sensor_id:0x8000,sensor_slave_addr:0x34
02-22 18:49:07.647     0     0 I CAM_INFO: CAM-SENSOR: cam_sensor_util_request_gpio_table: 787 No GPIO data
02-22 18:49:07.647     0     0 E CAM_ERR : CAM-SENSOR: cam_sensor_core_power_up: 1881 clk index 0 >= max 0
02-22 18:49:07.647     0     0 E CAM_ERR : CAM-SENSOR: cam_sensor_core_power_up: 2064 failed
02-22 18:49:07.647     0     0 I CAM_INFO: CAM-SENSOR: cam_sensor_util_request_gpio_table: 787 No GPIO data
02-22 18:49:07.716     0     0 I ueventd : firmware: loading 'CAMERA_ICP.elf' for '/devices/platform/soc/ac00000.qcom,a5/firmware/CAMERA_ICP.elf'
02-22 18:49:07.718     0     0 I ueventd : loading /devices/platform/soc/ac00000.qcom,a5/firmware/CAMERA_ICP.elf took 1ms
02-22 18:49:07.728     0     0 I CAM_INFO: CAM-ICP: cam_icp_mgr_process_dbg_buf: 2042 FW_DBG:CICP_FW_E : HFI  :QC_IMAGE_VERSION_STRING=CICP.FW.2.1-00008,OEM_IMAGE_VERSION_STRING=CRM,BUILD_TIME: Oct 23 2019 14:14:13,CACHE_ENABLED at icphostinterface.c:636 QC_IMAGE_VERSION_STRING=CICP.FW.2.1-00008 OEM_IMAGE_VERSION_STRING=CRM
02-22 18:49:07.728     0     0 I CAM_INFO: CAM-ICP: cam_icp_mgr_process_dbg_buf: 2042 FW_DBG:CICP_FW_E : HFI  :ELF variant: CACHE-ENABLED:API_V1::USE_CDM_1_0: , API version: 0x1000034 at icphostinterface.c:637 QC_IMAGE_VERSION_STRING=CICP.FW.2.1-00008 OEM_IMAGE_VERSION_STRING=CRM
02-22 18:49:07.728     0     0 I CAM_INFO: CAM-ICP: cam_icp_mgr_hw_open: 3209 FW download done successfully
02-22 18:49:07.742     0     0 I CAM_INFO: CAM-CORE: cam_node_handle_ioctl: 756 Acquire HW successful
02-22 18:49:07.754     0     0 I CAM_INFO: CAM-SENSOR: cam_sensor_driver_cmd: 1673 CAM_START_DEV,  sensor_state 2 +
02-22 18:49:07.756     0     0 I CAM_INFO: CAM-SENSOR: cam_sensor_driver_cmd: 1697 CAM_START_DEV Success, sensor_id:0x8000,sensor_slave_addr:0x34
02-22 18:49:07.965     0     0 I msm_vidc: info: Opening video instance: ffffffe325884000, 0
02-22 18:49:07.999     0     0 I aac_in_open: session id 1: NT mode encoder success
02-22 18:49:07.999     0     0 I aac_in_open: session id 1: success
02-22 18:49:08.129     0     0 I CAM_INFO: CAM-ISP: __cam_isp_ctx_flush_req_in_top_state: 2049 ctx id:0 Last request id to flush is 8
02-22 18:49:08.144     0     0 I CAM_INFO: CAM-ISP: __cam_isp_ctx_handle_irq_in_activated: 3796 Ctx:0 No handle function for substate 6
02-22 18:49:08.144     0     0 I CAM_INFO: CAM-ISP: __cam_isp_ctx_dump_state_monitor_array: 121 Dumping state information for preceding requests
02-22 18:49:08.155     0     0 I CAM_INFO: CAM-ISP: __cam_isp_ctx_handle_irq_in_activated: 3796 Ctx:0 No handle function for substate 6
02-22 18:49:08.155     0     0 I CAM_INFO: CAM-ISP: __cam_isp_ctx_dump_state_monitor_array: 121 Dumping state information for preceding requests
02-22 18:49:08.161     0     0 I CAM_INFO: CAM-SENSOR: cam_sensor_driver_cmd: 1701 CAM_STOP_DEV,  sensor_state 3 +
02-22 18:49:08.162     0     0 I CAM_INFO: CAM-SENSOR: cam_sensor_driver_cmd: 1727 CAM_STOP_DEV Success, sensor_id:0x8000,sensor_slave_addr:0x34
02-22 18:49:08.169     0     0 I CAM_INFO: CAM-CORE: cam_node_handle_ioctl: 863 Release HW done(rc = 0)
02-22 18:49:08.202     0     0 I ueventd : firmware: loading 'CAMERA_ICP.elf' for '/devices/platform/soc/ac00000.qcom,a5/firmware/CAMERA_ICP.elf'
02-22 18:49:08.204     0     0 I ueventd : loading /devices/platform/soc/ac00000.qcom,a5/firmware/CAMERA_ICP.elf took 2ms
02-22 18:49:08.215     0     0 I CAM_INFO: CAM-ICP: cam_icp_mgr_process_dbg_buf: 2042 FW_DBG:CICP_FW_E : HFI  :QC_IMAGE_VERSION_STRING=CICP.FW.2.1-00008,OEM_IMAGE_VERSION_STRING=CRM,BUILD_TIME: Oct 23 2019 14:14:13,CACHE_ENABLED at icphostinterface.c:636 QC_IMAGE_VERSION_STRING=CICP.FW.2.1-00008 OEM_IMAGE_VERSION_STRING=CRM
02-22 18:49:08.215     0     0 I CAM_INFO: CAM-ICP: cam_icp_mgr_process_dbg_buf: 2042 FW_DBG:CICP_FW_E : HFI  :ELF variant: CACHE-ENABLED:API_V1::USE_CDM_1_0: , API version: 0x1000034 at icphostinterface.c:637 QC_IMAGE_VERSION_STRING=CICP.FW.2.1-00008 OEM_IMAGE_VERSION_STRING=CRM
02-22 18:49:08.215     0     0 I CAM_INFO: CAM-ICP: cam_icp_mgr_hw_open: 3209 FW download done successfully
02-22 18:49:08.228     0     0 I CAM_INFO: CAM-CORE: cam_node_handle_ioctl: 756 Acquire HW successful
02-22 18:49:08.241     0     0 I CAM_INFO: CAM-SENSOR: cam_sensor_driver_cmd: 1673 CAM_START_DEV,  sensor_state 2 +
02-22 18:49:08.243     0     0 I CAM_INFO: CAM-SENSOR: cam_sensor_driver_cmd: 1697 CAM_START_DEV Success, sensor_id:0x8000,sensor_slave_addr:0x34
02-22 18:49:09.094  2300 28459 I dvm_lock_sample: [com.logitech.service.systemservi,1,Binder:2300_8,508,AICVService.java,-1,boolean com.logitech.service.aicvservice.AICVService.isPaused(),BaseService.java,-1,boolean com.logitech.service.baseservice.BaseService.start(),100]
02-22 18:49:09.094  2300  2341 I dvm_lock_sample: [com.logitech.service.systemservi,1,Binder:2300_1,507,AICVService.java,-1,boolean com.logitech.service.aicvservice.AICVService.isPaused(),BaseService.java,-1,boolean com.logitech.service.baseservice.BaseService.start(),100]
02-22 18:49:09.095     0     0 I CAM_INFO: CAM-SENSOR: cam_sensor_driver_cmd: 1519 CAM_ACQUIRE_DEV,  sensor_state 0 +
02-22 18:49:09.133     0     0 I CAM_INFO: CAM-SENSOR: cam_sensor_driver_cmd: 1600 CAM_ACQUIRE_DEV Success, sensor_id:0x8000,sensor_slave_addr:0x34
02-22 18:49:09.200  1498  1626 I netstats_mobile_sample: [0,0,0,0,0,0,0,0,0,0,0,0,1614019749200]
02-22 18:49:09.200  1498  1626 I netstats_wifi_sample: [21554409,16141,2427511,8988,21554409,16141,2427511,8988,21528272,16055,2402577,8918,1614019749200]
02-22 18:49:09.267     0     0 I CAM_INFO: CAM-SENSOR: cam_sensor_driver_cmd: 1604 CAM_RELEASE_DEV,  sensor_state 2 +
02-22 18:49:09.281     0     0 I CAM_INFO: CAM-SENSOR: cam_sensor_driver_cmd: 1654 CAM_RELEASE_DEV Success, sensor_id:0x8000,sensor_slave_addr:0x34
02-22 18:49:09.304  2300 28459 I dvm_lock_sample: [com.logitech.service.systemservi,1,Binder:2300_8,192,AICVService.java,-1,boolean com.logitech.service.aicvservice.AICVService.isPaused(),BaseService.java,-1,void com.logitech.service.baseservice.BaseService.stop(boolean),38]
02-22 18:49:09.304  2300  2366 I dvm_lock_sample: [com.logitech.service.systemservi,1,Binder:2300_4,190,AICVService.java,-1,com.logitech.service.models.aicv.AICVExecutionMode com.logitech.service.aicvservice.AICVService.getExecutionMode(),BaseService.java,-1,void com.logitech.service.baseservice.BaseService.stop(boolean),38]
02-22 18:49:09.305  2300  2341 I dvm_lock_sample: [com.logitech.service.systemservi,1,Binder:2300_1,190,AICVService.java,-1,boolean com.logitech.service.aicvservice.AICVService.isPaused(),BaseService.java,-1,void com.logitech.service.baseservice.BaseService.stop(boolean),38]
02-22 18:49:10.610  1498  1626 I netstats_mobile_sample: [0,0,0,0,0,0,0,0,0,0,0,0,1614019750610]
02-22 18:49:10.610  1498  1626 I netstats_wifi_sample: [21554409,16141,2427511,8988,21554409,16141,2427511,8988,21528272,16055,2402577,8918,1614019750610]
02-22 18:49:11.704 28798 28798 I chatty  : uid=2000(shell) /system/bin/dumpstate expire 3 lines
02-22 18:49:11.710     0     0 I binder  : 28798:28974 transaction failed 29201/-1, size 40-8 line 3144
02-22 18:49:11.716     0     0 I binder  : 28798:28979 transaction failed 29201/-1, size 40-8 line 3425
02-22 18:49:11.789  1498  1649 I commit_sys_config_file: [sync-status,4]
02-22 18:49:11.954     0     0 I binder  : 28798:29157 transaction failed 29201/-1, size 40-8 line 3425
02-22 18:49:13.161  1498  1626 I netstats_mobile_sample: [0,0,0,0,0,0,0,0,0,0,0,0,1614019753162]
02-22 18:49:13.161  1498  1626 I netstats_wifi_sample: [21554409,16141,2427511,8988,21554409,16141,2427511,8988,21528272,16055,2402577,8918,1614019753162]
02-22 18:49:14.574  1498  1546 I commit_sys_config_file: [package-user-0,6]
02-22 18:49:15.873  1498  1626 I netstats_mobile_sample: [0,0,0,0,0,0,0,0,0,0,0,0,1614019755873]
02-22 18:49:15.873  1498  1626 I netstats_wifi_sample: [21554409,16141,2427511,8988,21554409,16141,2427511,8988,21528272,16055,2402577,8918,1614019755873]
02-22 18:49:17.421  1498  1529 I am_pss  : [28763,10079,com.logitech.integration.test,162575360,155873280,0,283934720,0,2,12]
02-22 18:49:17.465     0     0 I binder  : 28798:29232 transaction failed 29201/-1, size 40-8 line 3425
02-22 18:49:17.521     0     0 D logd    : logdr: UID=1000 GID=1000 PID=29255 n tail=127 logMask=19 pid=0 start=0ns timeout=0ns
02-22 18:49:18.605  1498  1626 I netstats_mobile_sample: [0,0,0,0,0,0,0,0,0,0,0,0,1614019758605]
02-22 18:49:18.605  1498  1626 I netstats_wifi_sample: [21554409,16141,2427511,8988,21554409,16141,2427511,8988,21528272,16055,2402577,8918,1614019758605]
02-22 18:49:20.614  1253  1253 I chatty  : uid=1067(incidentd) Binder:1253_2 expire 1 line
02-22 18:49:21.175  1498  1626 I netstats_mobile_sample: [0,0,0,0,0,0,0,0,0,0,0,0,1614019761175]
02-22 18:49:21.175  1498  1626 I netstats_wifi_sample: [21554409,16141,2427511,8988,21554409,16141,2427511,8988,21528272,16055,2402577,8918,1614019761175]
02-22 18:49:23.703  1498  1626 I netstats_mobile_sample: [0,0,0,0,0,0,0,0,0,0,0,0,1614019763703]
02-22 18:49:23.703  1498  1626 I netstats_wifi_sample: [21554409,16141,2427511,8988,21554409,16141,2427511,8988,21528272,16055,2402577,8918,1614019763703]
02-22 18:49:25.903  1498  1649 I am_meminfo: [978161664,2075107328,12288,280842240,666843136]
02-22 18:49:26.104  1498  1626 I service_manager_stats: [100,29,471650]
02-22 18:49:26.114  1498  1626 I netstats_mobile_sample: [0,0,0,0,0,0,0,0,0,0,0,0,1614019766114]
02-22 18:49:26.114  1498  1626 I netstats_wifi_sample: [21554409,16141,2427511,8988,21554409,16141,2427511,8988,21528272,16055,2402577,8918,1614019766114]
02-22 18:49:26.349     0     0 I init    : Service 'logitech_dumpstatez' (pid 28798) exited with status 0
02-22 18:49:26.364  3350  3350 I [40000000]: [bugreport,received]
02-22 18:49:26.375   570   570 I chatty  : uid=1000(system) hwservicemanage expire 4 lines
02-22 18:49:26.370     0     0 I init    : Received control message 'stop' for 'logitech_dumpstatez' from pid: 28793 (/system/bin/DumpstateRunner)
02-22 18:49:26.371     0     0 I init    : Service 'dumpstate_runner' (pid 28793) exited with status 0
02-22 18:49:26.389  3350 12519 I [40000000]: [upload,start,0]
02-22 18:49:26.804  9651  9651 I chatty  : uid=10038(us.zoom.zoompresence) expire 12 lines
02-22 18:49:28.592  1498  1626 I netstats_mobile_sample: [0,0,0,0,0,0,0,0,0,0,0,0,1614019768592]
02-22 18:49:28.592  1498  1626 I netstats_wifi_sample: [21554409,16141,2427511,8988,21554409,16141,2427511,8988,21528272,16055,2402577,8918,1614019768592]
02-22 18:49:29.788  3350 12519 I [40000000]: [upload,result,Success {mOutputData=Data {}}]
02-22 18:49:29.820  1498  1529 I am_pss  : [28763,10079,com.logitech.integration.test,164419584,157675520,0,286023680,0,2,16]
02-22 18:49:29.830  1498  1529 I am_pss  : [28825,10078,com.logitech.integration.test.test,17964032,15601664,0,103337984,0,17,8]
02-22 18:49:31.192  1498  1626 I netstats_mobile_sample: [0,0,0,0,0,0,0,0,0,0,0,0,1614019771192]
02-22 18:49:31.192  1498  1626 I netstats_wifi_sample: [21554409,16141,2427511,8988,21554409,16141,2427511,8988,21528272,16055,2402577,8918,1614019771192]
02-22 18:49:33.788  1498  1626 I netstats_mobile_sample: [0,0,0,0,0,0,0,0,0,0,0,0,1614019773788]
02-22 18:49:33.788  1498  1626 I netstats_wifi_sample: [21554409,16141,2427511,8988,21554409,16141,2427511,8988,21528272,16055,2402577,8918,1614019773788]
02-22 18:49:36.321  1498  1626 I netstats_mobile_sample: [0,0,0,0,0,0,0,0,0,0,0,0,1614019776321]
02-22 18:49:36.321  1498  1626 I netstats_wifi_sample: [21554409,16141,2427511,8988,21554409,16141,2427511,8988,21528272,16055,2402577,8918,1614019776321]
02-22 18:49:38.887  1498  1626 I netstats_mobile_sample: [0,0,0,0,0,0,0,0,0,0,0,0,1614019778887]
02-22 18:49:38.887  1498  1626 I netstats_wifi_sample: [21554409,16141,2427511,8988,21554409,16141,2427511,8988,21528272,16055,2402577,8918,1614019778887]
02-22 18:49:41.428  1498  1626 I netstats_mobile_sample: [0,0,0,0,0,0,0,0,0,0,0,0,1614019781428]
02-22 18:49:41.428  1498  1626 I netstats_wifi_sample: [21554409,16141,2427511,8988,21554409,16141,2427511,8988,21528272,16055,2402577,8918,1614019781428]
02-22 18:49:44.056  1498  1626 I netstats_mobile_sample: [0,0,0,0,0,0,0,0,0,0,0,0,1614019784057]
02-22 18:49:44.057  1498  1626 I netstats_wifi_sample: [21554409,16141,2427511,8988,21554409,16141,2427511,8988,21528272,16055,2402577,8918,1614019784057]
02-22 18:49:46.695  1498  1626 I netstats_mobile_sample: [0,0,0,0,0,0,0,0,0,0,0,0,1614019786695]
02-22 18:49:46.695  1498  1626 I netstats_wifi_sample: [21554409,16141,2427511,8988,21554409,16141,2427511,8988,21528272,16055,2402577,8918,1614019786695]
02-22 18:49:46.704  9651  9651 I chatty  : uid=10038(us.zoom.zoompresence) expire 12 lines
02-22 18:49:49.272  1498  1626 I netstats_mobile_sample: [0,0,0,0,0,0,0,0,0,0,0,0,1614019789273]
02-22 18:49:49.273  1498  1626 I netstats_wifi_sample: [21554409,16141,2427511,8988,21554409,16141,2427511,8988,21528272,16055,2402577,8918,1614019789273]
02-22 18:49:51.837  1498  1626 I netstats_mobile_sample: [0,0,0,0,0,0,0,0,0,0,0,0,1614019791837]
02-22 18:49:51.837  1498  1626 I netstats_wifi_sample: [21554409,16141,2427511,8988,21554409,16141,2427511,8988,21528272,16055,2402577,8918,1614019791837]
02-22 18:49:53.124  1498  1617 I am_uid_stopped: 10079
02-22 18:49:53.125  1498  1617 I am_kill : [0,28763,com.logitech.integration.test,0,stop com.logitech.integration.test]
02-22 18:49:53.127   570   570 I chatty  : uid=1000(system) hwservicemanage expire 12 lines
02-22 18:49:53.128  1498  1617 I am_finish_activity: [0,2566981,32,com.logitech.integration.test/.MainActivity,proc died without state saved]
02-22 18:49:53.132  1498  1617 I am_set_resumed_activity: [0,com.logitech.integration.test.test/androidx.test.core.app.InstrumentationActivityInvoker$BootstrapActivity,resumeTopActivityInnerLocked]
02-22 18:49:53.132  1498  1617 I am_resume_activity: [0,41012285,32,com.logitech.integration.test.test/androidx.test.core.app.InstrumentationActivityInvoker$BootstrapActivity]
02-22 18:49:53.134  1498  1523 I sysui_multi_action: [757,803,799,window_time_0,802,47]
02-22 18:49:53.138  1498 13790 I am_finish_activity: [0,41012285,32,com.logitech.integration.test.test/androidx.test.core.app.InstrumentationActivityInvoker$BootstrapActivity,app-request]
02-22 18:49:53.138  1498 13790 I am_focused_stack: [0,0,12,30,finishActivity adjustFocus adjustFocusToNextFocusableStack]
02-22 18:49:53.138  1498 13790 I am_set_resumed_activity: [0,us.zoom.zoompresence/zoom.us.azr.touch.mainscreen.ui.MainBoardActivity,finishActivity]
02-22 18:49:53.139  1498 13790 I am_pause_activity: [0,41012285,com.logitech.integration.test.test/androidx.test.core.app.InstrumentationActivityInvoker$BootstrapActivity,userLeaving=false]
02-22 18:49:53.142 28825 28825 I am_on_activity_result_called: [0,androidx.test.core.app.InstrumentationActivityInvoker$BootstrapActivity,ACTIVITY_RESULT]
02-22 18:49:53.142 28825 28825 I am_on_restart_called: [0,androidx.test.core.app.InstrumentationActivityInvoker$BootstrapActivity,performRestartActivity]
02-22 18:49:53.142  1498  1523 I sysui_multi_action: [757,803,799,window_time_0,802,0]
02-22 18:49:53.143  1498 13790 I am_add_to_stopping: [0,41012285,com.logitech.integration.test.test/androidx.test.core.app.InstrumentationActivityInvoker$BootstrapActivity,finishCurrentActivityLocked]
02-22 18:49:53.144  1498 13790 I am_set_resumed_activity: [0,us.zoom.zoompresence/zoom.us.azr.touch.mainscreen.ui.MainBoardActivity,resumeTopActivityInnerLocked]
02-22 18:49:53.145  1498 13790 I am_resume_activity: [0,3435679,14,us.zoom.zoompresence/zoom.us.azr.touch.mainscreen.ui.MainBoardActivity]
02-22 18:49:53.151  1498  1523 I sysui_multi_action: [757,803,799,window_time_0,802,0]
02-22 18:49:53.149     0     0 I CAM_INFO: CAM-ISP: __cam_isp_ctx_flush_req_in_top_state: 2049 ctx id:2 Last request id to flush is 1348
02-22 18:49:53.149     0     0 I CAM_INFO: CAM-ISP: __cam_isp_ctx_flush_req_in_top_state: 2063 ctx:2 last applied id:1345, reported req id:1344, buf done id:1343
02-22 18:49:53.149     0     0 I CAM_INFO: CAM-ISP: __cam_isp_ctx_flush_req_in_top_state: 2069 current time:26836160 last apply time:26836150, reported req time:26836150, buf done time:26836130
02-22 18:49:53.149     0     0 I CAM_INFO: CAM-ISP: __cam_isp_ctx_dump_state_monitor_array: 121 Dumping state information for preceding requests
02-22 18:49:53.155     0     0 E CAM_ERR : CAM-ISP: cam_ife_csid_irq: 3386 CSID 1 irq status 0x0 0x4000ff 0x1ffa 0x0 0x0 0x0 0x0
02-22 18:49:53.158  9651  9651 I am_on_restart_called: [0,zoom.us.azr.touch.mainscreen.ui.MainBoardActivity,performRestartActivity]
02-22 18:49:53.159     0     0 I CAM_INFO: CAM-ISP: __cam_isp_ctx_flush_req_in_top_state: 2049 ctx id:2 Last request id to flush is 1348
02-22 18:49:53.160  9651  9651 I am_on_start_called: [0,zoom.us.azr.touch.mainscreen.ui.MainBoardActivity,handleStartActivity]
02-22 18:49:53.163  9651  9651 I am_on_resume_called: [0,zoom.us.azr.touch.mainscreen.ui.MainBoardActivity,RESUME_ACTIVITY]
02-22 18:49:53.164  9651  9651 I am_on_top_resumed_gained_called: [0,zoom.us.azr.touch.mainscreen.ui.MainBoardActivity,topWhenResuming]
02-22 18:49:53.163     0     0 I CAM_INFO: CAM-SENSOR: cam_sensor_driver_cmd: 1701 CAM_STOP_DEV,  sensor_state 3 +
02-22 18:49:53.164     0     0 I CAM_INFO: CAM-SENSOR: cam_sensor_driver_cmd: 1727 CAM_STOP_DEV Success, sensor_id:0x8000,sensor_slave_addr:0x34
02-22 18:49:53.171     0     0 I CAM_INFO: CAM-CORE: cam_node_handle_ioctl: 863 Release HW done(rc = 0)
02-22 18:49:53.178     0     0 I CAM_INFO: CAM-SENSOR: cam_sensor_util_request_gpio_table: 787 No GPIO data
02-22 18:49:53.178     0     0 I CAM_INFO: CAM-SENSOR: cam_sensor_driver_cmd: 1604 CAM_RELEASE_DEV,  sensor_state 1 +
02-22 18:49:53.187     0     0 E CAM_ERR : CAM-SENSOR: cam_sensor_cci_i2c_util: 235 Failed rc = -19
02-22 18:49:53.192     0     0 I binder  : undelivered transaction 5015219, process died.
02-22 18:49:53.192     0     0 I binder  : undelivered transaction 5015250, process died.
02-22 18:49:53.192     0     0 I binder  : undelivered transaction 5015257, process died.
02-22 18:49:53.192     0     0 I binder  : undelivered transaction 5015260, process died.
02-22 18:49:53.192     0     0 I binder  : undelivered transaction 5015263, process died.
02-22 18:49:53.192     0     0 I binder  : undelivered transaction 5015279, process died.
02-22 18:49:53.192     0     0 I binder  : undelivered transaction 5015283, process died.
02-22 18:49:53.192     0     0 I binder  : undelivered transaction 5015286, process died.
02-22 18:49:53.192     0     0 I binder  : undelivered transaction 5015289, process died.
02-22 18:49:53.192     0     0 I binder  : undelivered transaction 5015294, process died.
02-22 18:49:53.192     0     0 I binder  : undelivered transaction 5015297, process died.
02-22 18:49:53.192     0     0 I binder  : undelivered transaction 5015307, process died.
02-22 18:49:53.192     0     0 I binder  : undelivered transaction 5015310, process died.
02-22 18:49:53.192     0     0 I binder  : undelivered transaction 5015313, process died.
02-22 18:49:53.192     0     0 I binder  : undelivered transaction 5015319, process died.
02-22 18:49:53.192     0     0 I binder  : undelivered transaction 5015323, process died.
02-22 18:49:53.192     0     0 I binder  : undelivered transaction 5015360, process died.
02-22 18:49:53.193     0     0 I binder  : undelivered transaction 5015138, process died.
02-22 18:49:53.193     0     0 I binder  : undelivered transaction 5015094, process died.
02-22 18:49:53.193     0     0 I binder  : undelivered transaction 5015134, process died.
02-22 18:49:53.194     0     0 I binder  : 1267:28912 transaction failed 29189/-22, size 80-0 line 3136
02-22 18:49:53.198     0     0 I CAM_INFO: CAM-SENSOR: cam_sensor_driver_cmd: 1654 CAM_RELEASE_DEV Success, sensor_id:0x8000,sensor_slave_addr:0x34
02-22 18:49:53.198  1498  1523 I dvm_lock_sample: [system_server,1,android.display,5,WindowManagerService.java,4670,void com.android.server.wm.WindowManagerService$H.handleMessage(android.os.Message),WindowSurfacePlacer.java,61,void com.android.server.wm.WindowSurfacePlacer.lambda$new$0$WindowSurfacePlacer(),1]
02-22 18:49:53.209     0     0 I binder  : 1267:28927 transaction failed 29189/-22, size 96-0 line 3136
02-22 18:49:53.211  1498 28460 I am_destroy_activity: [0,41012285,32,com.logitech.integration.test.test/androidx.test.core.app.InstrumentationActivityInvoker$BootstrapActivity,finish-imm:activityIdleInternalLocked]
02-22 18:49:53.218 28825 28825 I am_on_destroy_called: [0,androidx.test.core.app.InstrumentationActivityInvoker$BootstrapActivity,performDestroy]
02-22 18:49:53.219  1498 28460 I wm_task_removed: [32,removeAppToken: last token]
02-22 18:49:53.219  1498 28460 I am_remove_task: [32,30]
02-22 18:49:53.220  1498 28460 I wm_task_removed: [32,removeTask]
02-22 18:49:53.222     0     0 I audio_in_release: session id 1
02-22 18:49:53.222  1498 28460 I wm_stack_removed: 30
02-22 18:49:53.231     0     0 I event_handler: reclaimed all bufs
02-22 18:49:53.237     0     0 I msm_mi2s_snd_shutdown(): substream = subdevice #0  stream = 1 did not shutdown
02-22 18:49:53.378  1498  1530 I am_uid_stopped: 10078
02-22 18:49:53.379  1498  1530 I am_kill : [0,28825,com.logitech.integration.test.test,900,stop com.logitech.integration.test.test]
02-22 18:49:53.402     0     0 I sdcardfs: removing com.logitech.integration.test.test
02-22 18:49:53.420  1498  1546 I commit_sys_config_file: [package-user-0,4]
02-22 18:49:53.420  1498  1546 I commit_sys_config_file: [package,41]
02-22 18:49:53.493  1498  1627 I commit_sys_config_file: [net-policy,4]
02-22 18:49:53.495  1498  1498 I notification_cancel_all: [1000,1498,com.logitech.integration.test.test,0,0,0,5,NULL]
02-22 18:49:53.502  1498  1522 I commit_sys_config_file: [notification-policy,6]
02-22 18:49:53.514  1498  1626 I netstats_mobile_sample: [0,0,0,0,0,0,0,0,0,0,0,0,1614019793515]
02-22 18:49:53.514  1498  1626 I netstats_wifi_sample: [21554409,16141,2427511,8988,21554409,16141,2427511,8988,21528272,16055,2402577,8918,1614019793515]
02-22 18:49:53.548     0     0 I sdcardfs: removing com.logitech.integration.test
02-22 18:49:53.556  1498  1546 I commit_sys_config_file: [package-user-0,3]
02-22 18:49:53.556  1498  1546 I commit_sys_config_file: [package,29]
02-22 18:49:53.616  2837  2837 I force_gc: bg
02-22 18:49:53.623  2912  2912 I service_manager_stats: [100,31,27136635]
02-22 18:49:53.630  1498  1498 I notification_cancel_all: [1000,1498,com.logitech.integration.test,0,0,0,5,NULL]
02-22 18:49:53.636  1498  1626 I netstats_mobile_sample: [0,0,0,0,0,0,0,0,0,0,0,0,1614019793636]
02-22 18:49:53.636  1498  1626 I netstats_wifi_sample: [21554409,16141,2427511,8988,21554409,16141,2427511,8988,21528272,16055,2402577,8918,1614019793636]
02-22 18:49:53.644  1498  1627 I commit_sys_config_file: [net-policy,11]
02-22 18:49:53.644  1498  1522 I commit_sys_config_file: [notification-policy,12]
02-22 18:49:53.648  1498  1522 I commit_sys_config_file: [notification-policy,5]
02-22 18:49:53.722  1498  1529 I commit_sys_config_file: [roles-0,6]
02-22 18:49:53.803  1498  1529 I commit_sys_config_file: [package-perms-0,8]
02-22 18:49:54.254     0     0 I msm_vidc: info: Closed video instance: ffffffe325884000
02-22 18:49:54.269  1498  1626 I netstats_mobile_sample: [0,0,0,0,0,0,0,0,0,0,0,0,1614019794269]
02-22 18:49:54.269  1498  1626 I netstats_wifi_sample: [21554409,16141,2427511,8988,21554409,16141,2427511,8988,21528272,16055,2402577,8918,1614019794269]
02-22 18:49:56.690  1498  1529 I sysui_multi_action: [757,1717,758,1,759,0]
02-22 18:49:56.691  1498  1529 I sysui_multi_action: [757,1717,758,2,759,0]
02-22 18:49:56.691  1498  1529 I sysui_multi_action: [757,1717,758,3,759,0]
02-22 18:50:03.434  1498  1546 I commit_sys_config_file: [package-user-0,7]
02-22 18:50:03.491  1498  2001 I commit_sys_config_file: [appops,6]
02-22 18:50:03.622  1498  1523 I commit_sys_config_file: [warnings-config,4]
02-22 18:50:04.021  1498  1530 I am_uid_idle: 10013
02-22 18:50:04.273   570   570 I chatty  : uid=1000(system) hwservicemanage expire 12 lines
02-22 18:50:06.634  9651  9651 I chatty  : uid=10038(us.zoom.zoompresence) expire 39 lines
02-22 18:51:08.642  1498  1530 I am_uid_idle: 10016
02-22 18:51:11.374  9651  9651 I chatty  : uid=10038(us.zoom.zoompresence) expire 117 lines
02-22 18:54:08.738     0     0 D logd    : logdr: UID=0 GID=0 PID=29547 b tail=0 logMask=19 pid=0 start=0ns timeout=0ns
02-22 18:54:22.184  1498  1522 I commit_sys_config_file: [package-session,4]
02-22 18:54:22.188  1498  1522 I commit_sys_config_file: [package-session,4]
02-22 18:54:22.236  1498  7972 I commit_sys_config_file: [package-session,4]
02-22 18:54:22.305  1498  1546 I commit_sys_config_file: [package-user-0,3]
02-22 18:54:22.305  1498  1546 I commit_sys_config_file: [package,30]
02-22 18:54:22.311  1498  1546 I sysui_multi_action: [757,1243,758,4,806,com.logitech.integration.test,1241,android.permission.CAMERA]
02-22 18:54:22.312  1498  1546 I sysui_multi_action: [757,1243,758,4,806,com.logitech.integration.test,1241,android.permission.WRITE_EXTERNAL_STORAGE]
02-22 18:54:22.325  1498  1546 I sysui_multi_action: [757,1243,758,4,806,com.logitech.integration.test,1241,android.permission.READ_EXTERNAL_STORAGE]
02-22 18:54:22.330  1498  1546 I sysui_multi_action: [757,1243,758,4,806,com.logitech.integration.test,1241,android.permission.RECORD_AUDIO]
02-22 18:54:22.332  1498  1546 I unknown_sources_enabled: 1
02-22 18:54:22.337  1498  1498 I notification_cancel_all: [1000,1498,com.logitech.integration.test,0,0,0,5,NULL]
02-22 18:54:22.338   570   570 I chatty  : uid=1000(system) hwservicemanage expire 10 lines
02-22 18:54:22.338  1498  1593 I commit_sys_config_file: [package-session,5]
02-22 18:54:22.339  1498  1520 I am_uid_active: 10016
02-22 18:54:22.576  1498  1529 I commit_sys_config_file: [roles-0,15]
02-22 18:54:22.616  1498  1529 I commit_sys_config_file: [package-perms-0,5]
02-22 18:54:23.059  1498  1522 I commit_sys_config_file: [package-session,4]
02-22 18:54:23.063  1498  1522 I commit_sys_config_file: [package-session,3]
02-22 18:54:23.081  1498  5233 I commit_sys_config_file: [package-session,4]
02-22 18:54:23.152  1498  1546 I commit_sys_config_file: [package-user-0,3]
02-22 18:54:23.152  1498  1546 I commit_sys_config_file: [package,32]
02-22 18:54:23.157  1498  1546 I sysui_multi_action: [757,1243,758,4,806,com.logitech.integration.test.test,1241,android.permission.WRITE_EXTERNAL_STORAGE]
02-22 18:54:23.168  1498  1546 I sysui_multi_action: [757,1243,758,4,806,com.logitech.integration.test.test,1241,android.permission.READ_EXTERNAL_STORAGE]
02-22 18:54:23.173  1498  1546 I unknown_sources_enabled: 1
02-22 18:54:23.179  1498  1593 I commit_sys_config_file: [package-session,4]
02-22 18:54:23.182  1498  1498 I notification_cancel_all: [1000,1498,com.logitech.integration.test.test,0,0,0,5,NULL]
02-22 18:54:23.414  1498  1529 I commit_sys_config_file: [roles-0,6]
02-22 18:54:23.478  1498  1529 I commit_sys_config_file: [package-perms-0,5]
02-22 18:54:23.487  1498 13790 I am_uid_active: 10013
02-22 18:54:23.999  1498 13790 I am_uid_running: 10080
02-22 18:54:24.019  1498  1531 I am_proc_start: [0,29617,10080,com.logitech.integration.test,added application,com.logitech.integration.test]
02-22 18:54:24.045  1498 13790 I am_proc_bound: [0,29617,com.logitech.integration.test]
02-22 18:54:24.047  1498 13790 I am_uid_active: 10080
02-22 18:54:25.594  9651  9651 I chatty  : uid=10038(us.zoom.zoompresence) expire 12 lines
02-22 18:54:26.198  1498  5233 I wm_stack_created: 31
02-22 18:54:26.199  1498  5233 I wm_task_created: [33,31]
02-22 18:54:26.200  1498  5233 I wm_task_moved: [33,0,2147483647]
02-22 18:54:26.200  1498  5233 I am_focused_stack: [0,0,31,12,reuseOrNewTask]
02-22 18:54:26.200  1498  5233 I am_create_task: [0,33]
02-22 18:54:26.200  1498  5233 I am_create_activity: [0,55086200,33,com.logitech.integration.test.test/androidx.test.core.app.InstrumentationActivityInvoker$BootstrapActivity,android.intent.action.MAIN,NULL,NULL,268468224]
02-22 18:54:26.200  9651  9651 I am_on_top_resumed_lost_called: [0,zoom.us.azr.touch.mainscreen.ui.MainBoardActivity,topStateChangedWhenResumed]
02-22 18:54:26.200  1498  5233 I wm_task_moved: [33,0,2147483647]
02-22 18:54:26.201  1498  5233 I am_pause_activity: [0,3435679,us.zoom.zoompresence/zoom.us.azr.touch.mainscreen.ui.MainBoardActivity,userLeaving=true]
02-22 18:54:26.203  9651  9651 I am_on_paused_called: [0,zoom.us.azr.touch.mainscreen.ui.MainBoardActivity,performPause]
02-22 18:54:26.204  1498 13790 I am_add_to_stopping: [0,3435679,us.zoom.zoompresence/zoom.us.azr.touch.mainscreen.ui.MainBoardActivity,makeInvisible]
02-22 18:54:26.205  1498  1523 I am_uid_running: 10081
02-22 18:54:26.238  1498  1531 I am_proc_start: [0,29654,10081,com.logitech.integration.test.test,activity,{com.logitech.integration.test.test/androidx.test.core.app.InstrumentationActivityInvoker$BootstrapActivity}]
02-22 18:54:26.253  1498  5759 I am_proc_bound: [0,29654,com.logitech.integration.test.test]
