02-22 18:36:34.785  1498  1530 I am_uid_idle: 10016
02-22 18:36:37.106  1498  1626 I netstats_mobile_sample: [0,0,0,0,0,0,0,0,0,0,0,0,1614018997106]
02-22 18:36:37.106  1498  1626 I netstats_wifi_sample: [21554409,16141,2427511,8988,21554409,16141,2427511,8988,21528272,16055,2402577,8918,1614018997106]
02-22 18:36:39.739  1498  1626 I netstats_mobile_sample: [0,0,0,0,0,0,0,0,0,0,0,0,1614018999739]
02-22 18:36:39.739  1498  1626 I netstats_wifi_sample: [21554409,16141,2427511,8988,21554409,16141,2427511,8988,21528272,16055,2402577,8918,1614018999739]
02-22 18:36:42.238  1498  1626 I netstats_mobile_sample: [0,0,0,0,0,0,0,0,0,0,0,0,1614019002238]
02-22 18:36:42.238  1498  1626 I netstats_wifi_sample: [21554409,16141,2427511,8988,21554409,16141,2427511,8988,21528272,16055,2402577,8918,1614019002238]
02-22 18:36:44.738  1498  1626 I netstats_mobile_sample: [0,0,0,0,0,0,0,0,0,0,0,0,1614019004738]
02-22 18:36:44.738  1498  1626 I netstats_wifi_sample: [21554409,16141,2427511,8988,21554409,16141,2427511,8988,21528272,16055,2402577,8918,1614019004738]
02-22 18:36:47.303  1498  1626 I netstats_mobile_sample: [0,0,0,0,0,0,0,0,0,0,0,0,1614019007304]
02-22 18:36:47.303  1498  1626 I netstats_wifi_sample: [21554409,16141,2427511,8988,21554409,16141,2427511,8988,21528272,16055,2402577,8918,1614019007304]
02-22 18:36:49.808  1498  1626 I netstats_mobile_sample: [0,0,0,0,0,0,0,0,0,0,0,0,1614019009808]
02-22 18:36:49.808  1498  1626 I netstats_wifi_sample: [21554409,16141,2427511,8988,21554409,16141,2427511,8988,21528272,16055,2402577,8918,1614019009808]
02-22 18:36:49.824  9651  9651 I chatty  : uid=10038(us.zoom.zoompresence) expire 12 lines
02-22 18:36:50.645  1498  1530 I am_uid_idle: 10013
02-22 18:36:52.288  1498  1626 I netstats_mobile_sample: [0,0,0,0,0,0,0,0,0,0,0,0,1614019012289]
02-22 18:36:52.288  1498  1626 I netstats_wifi_sample: [21554409,16141,2427511,8988,21554409,16141,2427511,8988,21528272,16055,2402577,8918,1614019012289]
02-22 18:36:52.479  1498  1529 I am_pss  : [27808,10076,com.logitech.integration.test,285574144,278786048,0,406925312,0,2,20]
02-22 18:36:52.485  1498  1529 I am_pss  : [27848,10077,com.logitech.integration.test.test,17691648,15360000,0,102416384,0,17,5]
02-22 18:36:53.894  1498  1530 I am_uid_idle: 10077
02-22 18:36:54.825  1498  1626 I netstats_mobile_sample: [0,0,0,0,0,0,0,0,0,0,0,0,1614019014825]
02-22 18:36:54.825  1498  1626 I netstats_wifi_sample: [21554409,16141,2427511,8988,21554409,16141,2427511,8988,21528272,16055,2402577,8918,1614019014825]
02-22 18:36:57.302  1498  1626 I netstats_mobile_sample: [0,0,0,0,0,0,0,0,0,0,0,0,1614019017302]
02-22 18:36:57.302  1498  1626 I netstats_wifi_sample: [21554409,16141,2427511,8988,21554409,16141,2427511,8988,21528272,16055,2402577,8918,1614019017302]
02-22 18:36:59.953  1498  1626 I netstats_mobile_sample: [0,0,0,0,0,0,0,0,0,0,0,0,1614019019954]
02-22 18:36:59.954  1498  1626 I netstats_wifi_sample: [21554409,16141,2427511,8988,21554409,16141,2427511,8988,21528272,16055,2402577,8918,1614019019954]
02-22 18:37:02.625  1498  1626 I netstats_mobile_sample: [0,0,0,0,0,0,0,0,0,0,0,0,1614019022626]
02-22 18:37:02.625  1498  1626 I netstats_wifi_sample: [21554409,16141,2427511,8988,21554409,16141,2427511,8988,21528272,16055,2402577,8918,1614019022626]
02-22 18:37:05.287  1498  1626 I netstats_mobile_sample: [0,0,0,0,0,0,0,0,0,0,0,0,1614019025288]
02-22 18:37:05.288  1498  1626 I netstats_wifi_sample: [21554409,16141,2427511,8988,21554409,16141,2427511,8988,21528272,16055,2402577,8918,1614019025288]
02-22 18:37:08.027  1498  1626 I netstats_mobile_sample: [0,0,0,0,0,0,0,0,0,0,0,0,1614019028028]
02-22 18:37:08.028  1498  1626 I netstats_wifi_sample: [21554409,16141,2427511,8988,21554409,16141,2427511,8988,21528272,16055,2402577,8918,1614019028028]
02-22 18:37:09.744  9651  9651 I chatty  : uid=10038(us.zoom.zoompresence) expire 12 lines
02-22 18:37:09.838     0     0 I audio_in_release: session id 1
02-22 18:37:09.853     0     0 I event_handler: reclaimed all bufs
02-22 18:37:09.859     0     0 I msm_mi2s_snd_shutdown(): substream = subdevice #0  stream = 1 did not shutdown
02-22 18:37:09.888     0     0 I msm_vidc: info: Closed video instance: ffffffe3b0d58000
02-22 18:37:09.897  1498  5233 I am_finish_activity: [0,233012609,28,com.logitech.integration.test/.MainActivity,app-request]
02-22 18:37:09.902  1498  5233 I am_pause_activity: [0,233012609,com.logitech.integration.test/.MainActivity,userLeaving=false]
02-22 18:37:09.903 27808 27808 I am_on_top_resumed_lost_called: [0,com.logitech.integration.test.MainActivity,topStateChangedWhenResumed]
02-22 18:37:09.903  1498  1523 I sysui_multi_action: [757,803,799,window_time_0,802,76]
02-22 18:37:09.905 27808 27808 I am_on_paused_called: [0,com.logitech.integration.test.MainActivity,performPause]
02-22 18:37:09.906  1498  5233 I am_add_to_stopping: [0,233012609,com.logitech.integration.test/.MainActivity,finishCurrentActivityLocked]
02-22 18:37:09.907  1498  5233 I am_set_resumed_activity: [0,com.logitech.integration.test.test/androidx.test.core.app.InstrumentationActivityInvoker$BootstrapActivity,resumeTopActivityInnerLocked]
02-22 18:37:09.908  1498  5233 I am_resume_activity: [0,134086397,28,com.logitech.integration.test.test/androidx.test.core.app.InstrumentationActivityInvoker$BootstrapActivity]
02-22 18:37:09.912  1498  5233 I am_finish_activity: [0,134086397,28,com.logitech.integration.test.test/androidx.test.core.app.InstrumentationActivityInvoker$BootstrapActivity,app-request]
02-22 18:37:09.912  1498  5233 I am_focused_stack: [0,0,12,26,finishActivity adjustFocus adjustFocusToNextFocusableStack]
02-22 18:37:09.912  1498  5233 I am_set_resumed_activity: [0,us.zoom.zoompresence/zoom.us.azr.touch.mainscreen.ui.MainBoardActivity,finishActivity]
02-22 18:37:09.919  1498  5233 I am_pause_activity: [0,134086397,com.logitech.integration.test.test/androidx.test.core.app.InstrumentationActivityInvoker$BootstrapActivity,userLeaving=false]
02-22 18:37:09.921 27848 27848 I am_on_activity_result_called: [0,androidx.test.core.app.InstrumentationActivityInvoker$BootstrapActivity,ACTIVITY_RESULT]
02-22 18:37:09.921 27848 27848 I am_on_restart_called: [0,androidx.test.core.app.InstrumentationActivityInvoker$BootstrapActivity,performRestartActivity]
02-22 18:37:09.921  1498  1523 I am_uid_active: 10077
02-22 18:37:09.922  1498  1523 I sysui_multi_action: [757,803,799,window_time_0,802,0]
02-22 18:37:09.922  1498  9636 I am_add_to_stopping: [0,134086397,com.logitech.integration.test.test/androidx.test.core.app.InstrumentationActivityInvoker$BootstrapActivity,finishCurrentActivityLocked]
02-22 18:37:09.924  1498  9636 I am_set_resumed_activity: [0,us.zoom.zoompresence/zoom.us.azr.touch.mainscreen.ui.MainBoardActivity,resumeTopActivityInnerLocked]
02-22 18:37:09.925  1498  9636 I am_resume_activity: [0,3435679,14,us.zoom.zoompresence/zoom.us.azr.touch.mainscreen.ui.MainBoardActivity]
02-22 18:37:09.930  1498  1523 I sysui_multi_action: [757,803,799,window_time_0,802,0]
02-22 18:37:09.932  1498  1523 I sysui_multi_action: [757,803,799,window_time_0,802,0]
02-22 18:37:09.942  9651  9651 I am_on_restart_called: [0,zoom.us.azr.touch.mainscreen.ui.MainBoardActivity,performRestartActivity]
02-22 18:37:09.944  9651  9651 I am_on_start_called: [0,zoom.us.azr.touch.mainscreen.ui.MainBoardActivity,handleStartActivity]
02-22 18:37:09.948  9651  9651 I am_on_resume_called: [0,zoom.us.azr.touch.mainscreen.ui.MainBoardActivity,RESUME_ACTIVITY]
02-22 18:37:09.953  9651  9651 I am_on_top_resumed_gained_called: [0,zoom.us.azr.touch.mainscreen.ui.MainBoardActivity,topWhenResuming]
02-22 18:37:09.986  1498 11672 I am_destroy_activity: [0,134086397,28,com.logitech.integration.test.test/androidx.test.core.app.InstrumentationActivityInvoker$BootstrapActivity,finish-imm:activityIdleInternalLocked]
02-22 18:37:09.987  1498 11672 I am_destroy_activity: [0,233012609,28,com.logitech.integration.test/.MainActivity,finish-imm:activityIdleInternalLocked]
02-22 18:37:09.991 27848 27848 I am_on_destroy_called: [0,androidx.test.core.app.InstrumentationActivityInvoker$BootstrapActivity,performDestroy]
02-22 18:37:10.024     0     0 I CAM_INFO: CAM-ISP: __cam_isp_ctx_flush_req_in_top_state: 2049 ctx id:7 Last request id to flush is 2244
02-22 18:37:10.024     0     0 I CAM_INFO: CAM-ISP: __cam_isp_ctx_flush_req_in_top_state: 2063 ctx:7 last applied id:2240, reported req id:2239, buf done id:2239
02-22 18:37:10.024     0     0 I CAM_INFO: CAM-ISP: __cam_isp_ctx_flush_req_in_top_state: 2069 current time:26073030 last apply time:26073010, reported req time:26073010, buf done time:26073020
02-22 18:37:10.024     0     0 I CAM_INFO: CAM-ISP: __cam_isp_ctx_dump_state_monitor_array: 121 Dumping state information for preceding requests
02-22 18:37:10.052     0     0 E CAM_ERR : CAM-ISP: cam_ife_csid_irq: 3386 CSID 1 irq status 0x0 0x4000ff 0x1ffa 0x0 0x0 0x0 0x0
02-22 18:37:10.053     0     0 I CAM_INFO: CAM-ISP: __cam_isp_ctx_flush_req_in_top_state: 2049 ctx id:7 Last request id to flush is 2244
02-22 18:37:10.058     0     0 I CAM_INFO: CAM-SENSOR: cam_sensor_driver_cmd: 1701 CAM_STOP_DEV,  sensor_state 3 +
02-22 18:37:10.059     0     0 I CAM_INFO: CAM-SENSOR: cam_sensor_driver_cmd: 1727 CAM_STOP_DEV Success, sensor_id:0x8000,sensor_slave_addr:0x34
02-22 18:37:10.066     0     0 I CAM_INFO: CAM-CORE: cam_node_handle_ioctl: 863 Release HW done(rc = 0)
02-22 18:37:10.068     0     0 I CAM_INFO: CAM-SENSOR: cam_sensor_util_request_gpio_table: 787 No GPIO data
02-22 18:37:10.068     0     0 I CAM_INFO: CAM-SENSOR: cam_sensor_driver_cmd: 1604 CAM_RELEASE_DEV,  sensor_state 1 +
02-22 18:37:10.079     0     0 E CAM_ERR : CAM-SENSOR: cam_sensor_cci_i2c_util: 235 Failed rc = -19
02-22 18:37:10.097     0     0 I CAM_INFO: CAM-SENSOR: cam_sensor_driver_cmd: 1654 CAM_RELEASE_DEV Success, sensor_id:0x8000,sensor_slave_addr:0x34
02-22 18:37:10.116 27808 27808 I am_on_stop_called: [0,com.logitech.integration.test.MainActivity,LIFECYCLER_STOP_ACTIVITY]
02-22 18:37:10.125 27808 27808 I am_on_destroy_called: [0,com.logitech.integration.test.MainActivity,performDestroy]
02-22 18:37:10.129  1498 11672 I wm_task_removed: [28,removeAppToken: last token]
02-22 18:37:10.129  1498 11672 I am_remove_task: [28,26]
02-22 18:37:10.129  1498 11672 I wm_task_removed: [28,removeTask]
02-22 18:37:10.130  1498 11672 I wm_stack_removed: 26
02-22 18:37:10.204  1498  5233 I wm_stack_created: 27
02-22 18:37:10.206  1498  5233 I wm_task_created: [29,27]
02-22 18:37:10.206  1498  5233 I wm_task_moved: [29,0,2147483647]
02-22 18:37:10.206  1498  5233 I am_focused_stack: [0,0,27,12,reuseOrNewTask]
02-22 18:37:10.206  1498  5233 I am_create_task: [0,29]
02-22 18:37:10.206  1498  5233 I am_create_activity: [0,47976010,29,com.logitech.integration.test.test/androidx.test.core.app.InstrumentationActivityInvoker$BootstrapActivity,android.intent.action.MAIN,NULL,NULL,268468224]
02-22 18:37:10.207  9651  9651 I am_on_top_resumed_lost_called: [0,zoom.us.azr.touch.mainscreen.ui.MainBoardActivity,topStateChangedWhenResumed]
02-22 18:37:10.207  1498  5233 I wm_task_moved: [29,0,2147483647]
02-22 18:37:10.207  1498  5233 I am_pause_activity: [0,3435679,us.zoom.zoompresence/zoom.us.azr.touch.mainscreen.ui.MainBoardActivity,userLeaving=true]
02-22 18:37:10.214  1498  1524 I am_add_to_stopping: [0,3435679,us.zoom.zoompresence/zoom.us.azr.touch.mainscreen.ui.MainBoardActivity,makeInvisible]
02-22 18:37:10.216  9651  9651 I am_on_paused_called: [0,zoom.us.azr.touch.mainscreen.ui.MainBoardActivity,performPause]
02-22 18:37:10.217  1498  5233 I am_restart_activity: [0,47976010,29,com.logitech.integration.test.test/androidx.test.core.app.InstrumentationActivityInvoker$BootstrapActivity]
02-22 18:37:10.217  1498  5233 I am_set_resumed_activity: [0,com.logitech.integration.test.test/androidx.test.core.app.InstrumentationActivityInvoker$BootstrapActivity,minimalResumeActivityLocked]
02-22 18:37:10.220  1498  1523 I sysui_multi_action: [757,803,799,window_time_0,802,1]
02-22 18:37:10.224 27848 27848 I am_on_create_called: [0,androidx.test.core.app.InstrumentationActivityInvoker$BootstrapActivity,performCreate]
02-22 18:37:10.238 27848 27848 I am_on_start_called: [0,androidx.test.core.app.InstrumentationActivityInvoker$BootstrapActivity,handleStartActivity]
02-22 18:37:10.240  1498  9636 I am_create_activity: [0,165194828,29,com.logitech.integration.test/.MainActivity,NULL,NULL,NULL,0]
02-22 18:37:10.242  1498  9636 I am_add_to_stopping: [0,47976010,com.logitech.integration.test.test/androidx.test.core.app.InstrumentationActivityInvoker$BootstrapActivity,makeInvisible]
02-22 18:37:10.242  1498  9636 I am_restart_activity: [0,165194828,29,com.logitech.integration.test/.MainActivity]
02-22 18:37:10.242  1498  9636 I am_set_resumed_activity: [0,com.logitech.integration.test/.MainActivity,minimalResumeActivityLocked]
02-22 18:37:10.246 27848 27848 I am_on_resume_called: [0,androidx.test.core.app.InstrumentationActivityInvoker$BootstrapActivity,RESUME_ACTIVITY]
02-22 18:37:10.252  1498  1523 I am_stop_activity: [0,47976010,com.logitech.integration.test.test/androidx.test.core.app.InstrumentationActivityInvoker$BootstrapActivity]
02-22 18:37:10.252  1498  1523 I am_stop_activity: [0,3435679,us.zoom.zoompresence/zoom.us.azr.touch.mainscreen.ui.MainBoardActivity]
02-22 18:37:10.253 27848 27848 I am_on_top_resumed_gained_called: [0,androidx.test.core.app.InstrumentationActivityInvoker$BootstrapActivity,topStateChangedWhenResumed]
02-22 18:37:10.253 27848 27848 I am_on_top_resumed_lost_called: [0,androidx.test.core.app.InstrumentationActivityInvoker$BootstrapActivity,topStateChangedWhenResumed]
02-22 18:37:10.254 27848 27848 I am_on_paused_called: [0,androidx.test.core.app.InstrumentationActivityInvoker$BootstrapActivity,performPause]
02-22 18:37:10.255 27848 27848 I am_on_stop_called: [0,androidx.test.core.app.InstrumentationActivityInvoker$BootstrapActivity,STOP_ACTIVITY_ITEM]
02-22 18:37:10.259  9651  9651 I am_on_stop_called: [0,zoom.us.azr.touch.mainscreen.ui.MainBoardActivity,STOP_ACTIVITY_ITEM]
02-22 18:37:10.275 27808 27808 I am_on_create_called: [0,com.logitech.integration.test.MainActivity,performCreate]
02-22 18:37:10.285 27808 27808 I am_on_start_called: [0,com.logitech.integration.test.MainActivity,handleStartActivity]
02-22 18:37:10.287 27808 27808 I am_on_resume_called: [0,com.logitech.integration.test.MainActivity,RESUME_ACTIVITY]
02-22 18:37:10.292 27808 27808 I am_on_top_resumed_gained_called: [0,com.logitech.integration.test.MainActivity,topStateChangedWhenResumed]
02-22 18:37:10.302  1498  1626 I netstats_mobile_sample: [0,0,0,0,0,0,0,0,0,0,0,0,1614019030303]
02-22 18:37:10.303  1498  1626 I netstats_wifi_sample: [21554409,16141,2427511,8988,21554409,16141,2427511,8988,21528272,16055,2402577,8918,1614019030303]
02-22 18:37:10.322  1498  1529 I sysui_multi_action: [319,32,321,26,322,119,325,26373,757,761,758,8,759,1,806,com.logitech.integration.test,871,com.logitech.integration.test.MainActivity,904,com.logitech.integration.test,905,0,1320,12,1321,1]
02-22 18:37:10.323  1498  1529 I am_activity_launch_time: [0,165194828,com.logitech.integration.test/.MainActivity,119]
02-22 18:37:10.406     0     0 E CAM_ERR : CAM-ACTUATOR: cam_afptz_store: 434 try to power on!
02-22 18:37:10.442     0     0 I CAM_INFO: CAM-ACTUATOR: cam_afptz_store: 437 skip actuator camera_io_init
02-22 18:37:10.508     0     0 I msm_vidc: info: Opening video instance: ffffffe3b0d58000, 0
02-22 18:37:10.547     0     0 I aac_in_open: session id 1: NT mode encoder success
02-22 18:37:10.547     0     0 I aac_in_open: session id 1: success
02-22 18:37:10.567     0     0 I audio_in_release: session id 1
02-22 18:37:10.577     0     0 I msm_vidc: info: Closed video instance: ffffffe3b0d58000
02-22 18:37:10.588     0     0 I CAM_INFO: CAM-SENSOR: cam_sensor_driver_cmd: 1519 CAM_ACQUIRE_DEV,  sensor_state 3 +
02-22 18:37:10.603     0     0 I ueventd : firmware: loading 'CAMERA_ICP.elf' for '/devices/platform/soc/ac00000.qcom,a5/firmware/CAMERA_ICP.elf'
02-22 18:37:10.605     0     0 I ueventd : loading /devices/platform/soc/ac00000.qcom,a5/firmware/CAMERA_ICP.elf took 1ms
02-22 18:37:10.615     0     0 I CAM_INFO: CAM-ICP: cam_icp_mgr_process_dbg_buf: 2042 FW_DBG:CICP_FW_E : HFI  :QC_IMAGE_VERSION_STRING=CICP.FW.2.1-00008,OEM_IMAGE_VERSION_STRING=CRM,BUILD_TIME: Oct 23 2019 14:14:13,CACHE_ENABLED at icphostinterface.c:636 QC_IMAGE_VERSION_STRING=CICP.FW.2.1-00008 OEM_IMAGE_VERSION_STRING=CRM
02-22 18:37:10.615     0     0 I CAM_INFO: CAM-ICP: cam_icp_mgr_process_dbg_buf: 2042 FW_DBG:CICP_FW_E : HFI  :ELF variant: CACHE-ENABLED:API_V1::USE_CDM_1_0: , API version: 0x1000034 at icphostinterface.c:637 QC_IMAGE_VERSION_STRING=CICP.FW.2.1-00008 OEM_IMAGE_VERSION_STRING=CRM
02-22 18:37:10.616     0     0 I CAM_INFO: CAM-ICP: cam_icp_mgr_hw_open: 3209 FW download done successfully
02-22 18:37:10.654     0     0 I CAM_INFO: CAM-SENSOR: cam_sensor_driver_cmd: 1600 CAM_ACQUIRE_DEV Success, sensor_id:0x8000,sensor_slave_addr:0x34
02-22 18:37:10.668     0     0 I CAM_INFO: CAM-SENSOR: cam_sensor_util_request_gpio_table: 787 No GPIO data
02-22 18:37:10.668     0     0 E CAM_ERR : CAM-SENSOR: cam_sensor_core_power_up: 1881 clk index 0 >= max 0
02-22 18:37:10.668     0     0 E CAM_ERR : CAM-SENSOR: cam_sensor_core_power_up: 2064 failed
02-22 18:37:10.668     0     0 I CAM_INFO: CAM-SENSOR: cam_sensor_util_request_gpio_table: 787 No GPIO data
02-22 18:37:10.737     0     0 I ueventd : firmware: loading 'CAMERA_ICP.elf' for '/devices/platform/soc/ac00000.qcom,a5/firmware/CAMERA_ICP.elf'
02-22 18:37:10.739     0     0 I ueventd : loading /devices/platform/soc/ac00000.qcom,a5/firmware/CAMERA_ICP.elf took 1ms
02-22 18:37:10.750     0     0 I CAM_INFO: CAM-ICP: cam_icp_mgr_process_dbg_buf: 2042 FW_DBG:CICP_FW_E : HFI  :QC_IMAGE_VERSION_STRING=CICP.FW.2.1-00008,OEM_IMAGE_VERSION_STRING=CRM,BUILD_TIME: Oct 23 2019 14:14:13,CACHE_ENABLED at icphostinterface.c:636 QC_IMAGE_VERSION_STRING=CICP.FW.2.1-00008 OEM_IMAGE_VERSION_STRING=CRM
02-22 18:37:10.750     0     0 I CAM_INFO: CAM-ICP: cam_icp_mgr_process_dbg_buf: 2042 FW_DBG:CICP_FW_E : HFI  :ELF variant: CACHE-ENABLED:API_V1::USE_CDM_1_0: , API version: 0x1000034 at icphostinterface.c:637 QC_IMAGE_VERSION_STRING=CICP.FW.2.1-00008 OEM_IMAGE_VERSION_STRING=CRM
02-22 18:37:10.750     0     0 I CAM_INFO: CAM-ICP: cam_icp_mgr_hw_open: 3209 FW download done successfully
02-22 18:37:10.763     0     0 I CAM_INFO: CAM-CORE: cam_node_handle_ioctl: 756 Acquire HW successful
02-22 18:37:10.776     0     0 I CAM_INFO: CAM-SENSOR: cam_sensor_driver_cmd: 1673 CAM_START_DEV,  sensor_state 2 +
02-22 18:37:10.777     0     0 I CAM_INFO: CAM-SENSOR: cam_sensor_driver_cmd: 1697 CAM_START_DEV Success, sensor_id:0x8000,sensor_slave_addr:0x34
02-22 18:37:10.980     0     0 I msm_vidc: info: Opening video instance: ffffffe368748000, 0
02-22 18:37:11.014     0     0 I aac_in_open: session id 1: NT mode encoder success
02-22 18:37:11.014     0     0 I aac_in_open: session id 1: success
02-22 18:37:11.033     0     0 E q6asm_send_cal: cal_block is NULL or stale
02-22 18:37:11.150     0     0 I CAM_INFO: CAM-ISP: __cam_isp_ctx_flush_req_in_top_state: 2049 ctx id:4 Last request id to flush is 8
02-22 18:37:11.165     0     0 I CAM_INFO: CAM-ISP: __cam_isp_ctx_handle_irq_in_activated: 3796 Ctx:4 No handle function for substate 6
02-22 18:37:11.165     0     0 I CAM_INFO: CAM-ISP: __cam_isp_ctx_dump_state_monitor_array: 121 Dumping state information for preceding requests
02-22 18:37:11.176     0     0 I CAM_INFO: CAM-ISP: __cam_isp_ctx_handle_irq_in_activated: 3796 Ctx:4 No handle function for substate 6
02-22 18:37:11.176     0     0 I CAM_INFO: CAM-ISP: __cam_isp_ctx_dump_state_monitor_array: 121 Dumping state information for preceding requests
02-22 18:37:11.183     0     0 I CAM_INFO: CAM-SENSOR: cam_sensor_driver_cmd: 1701 CAM_STOP_DEV,  sensor_state 3 +
02-22 18:37:11.184     0     0 I CAM_INFO: CAM-SENSOR: cam_sensor_driver_cmd: 1727 CAM_STOP_DEV Success, sensor_id:0x8000,sensor_slave_addr:0x34
02-22 18:37:11.191     0     0 I CAM_INFO: CAM-CORE: cam_node_handle_ioctl: 863 Release HW done(rc = 0)
02-22 18:37:11.226     0     0 I ueventd : firmware: loading 'CAMERA_ICP.elf' for '/devices/platform/soc/ac00000.qcom,a5/firmware/CAMERA_ICP.elf'
02-22 18:37:11.228     0     0 I ueventd : loading /devices/platform/soc/ac00000.qcom,a5/firmware/CAMERA_ICP.elf took 2ms
02-22 18:37:11.239     0     0 I CAM_INFO: CAM-ICP: cam_icp_mgr_process_dbg_buf: 2042 FW_DBG:CICP_FW_E : HFI  :QC_IMAGE_VERSION_STRING=CICP.FW.2.1-00008,OEM_IMAGE_VERSION_STRING=CRM,BUILD_TIME: Oct 23 2019 14:14:13,CACHE_ENABLED at icphostinterface.c:636 QC_IMAGE_VERSION_STRING=CICP.FW.2.1-00008 OEM_IMAGE_VERSION_STRING=CRM
02-22 18:37:11.239     0     0 I CAM_INFO: CAM-ICP: cam_icp_mgr_process_dbg_buf: 2042 FW_DBG:CICP_FW_E : HFI  :ELF variant: CACHE-ENABLED:API_V1::USE_CDM_1_0: , API version: 0x1000034 at icphostinterface.c:637 QC_IMAGE_VERSION_STRING=CICP.FW.2.1-00008 OEM_IMAGE_VERSION_STRING=CRM
02-22 18:37:11.239     0     0 I CAM_INFO: CAM-ICP: cam_icp_mgr_hw_open: 3209 FW download done successfully
02-22 18:37:11.252     0     0 I CAM_INFO: CAM-CORE: cam_node_handle_ioctl: 756 Acquire HW successful
02-22 18:37:11.265     0     0 I CAM_INFO: CAM-SENSOR: cam_sensor_driver_cmd: 1673 CAM_START_DEV,  sensor_state 2 +
02-22 18:37:11.267     0     0 I CAM_INFO: CAM-SENSOR: cam_sensor_driver_cmd: 1697 CAM_START_DEV Success, sensor_id:0x8000,sensor_slave_addr:0x34
02-22 18:37:12.103     0     0 I CAM_INFO: CAM-SENSOR: cam_sensor_driver_cmd: 1519 CAM_ACQUIRE_DEV,  sensor_state 0 +
02-22 18:37:12.141     0     0 I CAM_INFO: CAM-SENSOR: cam_sensor_driver_cmd: 1600 CAM_ACQUIRE_DEV Success, sensor_id:0x8000,sensor_slave_addr:0x34
02-22 18:37:12.272     0     0 I CAM_INFO: CAM-SENSOR: cam_sensor_driver_cmd: 1604 CAM_RELEASE_DEV,  sensor_state 2 +
02-22 18:37:12.285     0     0 I CAM_INFO: CAM-SENSOR: cam_sensor_driver_cmd: 1654 CAM_RELEASE_DEV Success, sensor_id:0x8000,sensor_slave_addr:0x34
02-22 18:37:12.453  1498  1626 I netstats_mobile_sample: [0,0,0,0,0,0,0,0,0,0,0,0,1614019032453]
02-22 18:37:12.453  1498  1626 I netstats_wifi_sample: [21554409,16141,2427511,8988,21554409,16141,2427511,8988,21528272,16055,2402577,8918,1614019032453]
02-22 18:37:15.097  1498  1626 I netstats_mobile_sample: [0,0,0,0,0,0,0,0,0,0,0,0,1614019035097]
02-22 18:37:15.097  1498  1626 I netstats_wifi_sample: [21554409,16141,2427511,8988,21554409,16141,2427511,8988,21528272,16055,2402577,8918,1614019035097]
02-22 18:37:17.656  1498  1626 I service_manager_stats: [100,22,50935]
02-22 18:37:17.657  1498  1626 I netstats_mobile_sample: [0,0,0,0,0,0,0,0,0,0,0,0,1614019037657]
02-22 18:37:17.657  1498  1626 I netstats_wifi_sample: [21554409,16141,2427511,8988,21554409,16141,2427511,8988,21528272,16055,2402577,8918,1614019037657]
02-22 18:37:20.322  1498  1626 I netstats_mobile_sample: [0,0,0,0,0,0,0,0,0,0,0,0,1614019040322]
02-22 18:37:20.322  1498  1626 I netstats_wifi_sample: [21554409,16141,2427511,8988,21554409,16141,2427511,8988,21528272,16055,2402577,8918,1614019040322]
02-22 18:37:22.855  1498  1626 I netstats_mobile_sample: [0,0,0,0,0,0,0,0,0,0,0,0,1614019042856]
02-22 18:37:22.856  1498  1626 I netstats_wifi_sample: [21554409,16141,2427511,8988,21554409,16141,2427511,8988,21528272,16055,2402577,8918,1614019042856]
02-22 18:37:25.357  1498  1626 I netstats_mobile_sample: [0,0,0,0,0,0,0,0,0,0,0,0,1614019045357]
02-22 18:37:25.357  1498  1626 I netstats_wifi_sample: [21554409,16141,2427511,8988,21554409,16141,2427511,8988,21528272,16055,2402577,8918,1614019045357]
02-22 18:37:28.221  1498  1626 I netstats_mobile_sample: [0,0,0,0,0,0,0,0,0,0,0,0,1614019048221]
02-22 18:37:28.221  1498  1626 I netstats_wifi_sample: [21554409,16141,2427511,8988,21554409,16141,2427511,8988,21528272,16055,2402577,8918,1614019048221]
02-22 18:37:29.684  9651  9651 I chatty  : uid=10038(us.zoom.zoompresence) expire 12 lines
02-22 18:37:30.752  1498  1643 I storage_state: [41217664-9172-527a-b3d5-edabb50a7d69,0,0,52553527296,53087854592]
02-22 18:37:30.875  1498  1626 I netstats_mobile_sample: [0,0,0,0,0,0,0,0,0,0,0,0,1614019050876]
02-22 18:37:30.876  1498  1626 I netstats_wifi_sample: [21554409,16141,2427511,8988,21554409,16141,2427511,8988,21528272,16055,2402577,8918,1614019050876]
02-22 18:37:33.470  1498  1626 I netstats_mobile_sample: [0,0,0,0,0,0,0,0,0,0,0,0,1614019053470]
02-22 18:37:33.470  1498  1626 I netstats_wifi_sample: [21554409,16141,2427511,8988,21554409,16141,2427511,8988,21528272,16055,2402577,8918,1614019053470]
02-22 18:37:36.138  1498  1626 I netstats_mobile_sample: [0,0,0,0,0,0,0,0,0,0,0,0,1614019056138]
02-22 18:37:36.138  1498  1626 I netstats_wifi_sample: [21554409,16141,2427511,8988,21554409,16141,2427511,8988,21528272,16055,2402577,8918,1614019056138]
02-22 18:37:38.680  1498  1626 I netstats_mobile_sample: [0,0,0,0,0,0,0,0,0,0,0,0,1614019058680]
02-22 18:37:38.680  1498  1626 I netstats_wifi_sample: [21554409,16141,2427511,8988,21554409,16141,2427511,8988,21528272,16055,2402577,8918,1614019058680]
02-22 18:37:41.307  1498  1626 I netstats_mobile_sample: [0,0,0,0,0,0,0,0,0,0,0,0,1614019061307]
02-22 18:37:41.307  1498  1626 I netstats_wifi_sample: [21554409,16141,2427511,8988,21554409,16141,2427511,8988,21528272,16055,2402577,8918,1614019061307]
02-22 18:37:43.825  1498  1626 I netstats_mobile_sample: [0,0,0,0,0,0,0,0,0,0,0,0,1614019063825]
02-22 18:37:43.825  1498  1626 I netstats_wifi_sample: [21554409,16141,2427511,8988,21554409,16141,2427511,8988,21528272,16055,2402577,8918,1614019063825]
02-22 18:37:45.920     0     0 W healthd : battery l=50 v=4162 t=25.0 h=2 st=3 c=-757 fc=0 cc=0 chg=
02-22 18:37:46.424  1498  1626 I netstats_mobile_sample: [0,0,0,0,0,0,0,0,0,0,0,0,1614019066425]
02-22 18:37:46.424  1498  1626 I netstats_wifi_sample: [21554409,16141,2427511,8988,21554409,16141,2427511,8988,21528272,16055,2402577,8918,1614019066425]
02-22 18:37:48.961  1498  1626 I netstats_mobile_sample: [0,0,0,0,0,0,0,0,0,0,0,0,1614019068961]
02-22 18:37:48.961  1498  1626 I netstats_wifi_sample: [21554409,16141,2427511,8988,21554409,16141,2427511,8988,21528272,16055,2402577,8918,1614019068961]
02-22 18:37:49.584  9651  9651 I chatty  : uid=10038(us.zoom.zoompresence) expire 12 lines
02-22 18:37:51.598  1498  1626 I netstats_mobile_sample: [0,0,0,0,0,0,0,0,0,0,0,0,1614019071598]
02-22 18:37:51.598  1498  1626 I netstats_wifi_sample: [21554409,16141,2427511,8988,21554409,16141,2427511,8988,21528272,16055,2402577,8918,1614019071598]
02-22 18:37:54.055  1498  1626 I netstats_mobile_sample: [0,0,0,0,0,0,0,0,0,0,0,0,1614019074055]
02-22 18:37:54.055  1498  1626 I netstats_wifi_sample: [21554409,16141,2427511,8988,21554409,16141,2427511,8988,21528272,16055,2402577,8918,1614019074055]
02-22 18:37:54.393   570   570 I chatty  : uid=1000(system) hwservicemanage expire 10 lines
02-22 18:37:54.410  1498  1529 I am_pss  : [27808,10076,com.logitech.integration.test,163814400,156962816,0,285192192,0,2,15]
02-22 18:37:56.591  1498  1626 I netstats_mobile_sample: [0,0,0,0,0,0,0,0,0,0,0,0,1614019076592]
02-22 18:37:56.591  1498  1626 I netstats_wifi_sample: [21554409,16141,2427511,8988,21554409,16141,2427511,8988,21528272,16055,2402577,8918,1614019076592]
02-22 18:37:59.146  1498  1626 I netstats_mobile_sample: [0,0,0,0,0,0,0,0,0,0,0,0,1614019079146]
02-22 18:37:59.146  1498  1626 I netstats_wifi_sample: [21554409,16141,2427511,8988,21554409,16141,2427511,8988,21528272,16055,2402577,8918,1614019079146]
02-22 18:38:01.707  1498  1626 I netstats_mobile_sample: [0,0,0,0,0,0,0,0,0,0,0,0,1614019081707]
02-22 18:38:01.707  1498  1626 I netstats_wifi_sample: [21554409,16141,2427511,8988,21554409,16141,2427511,8988,21528272,16055,2402577,8918,1614019081707]
02-22 18:38:04.270  1498  1626 I netstats_mobile_sample: [0,0,0,0,0,0,0,0,0,0,0,0,1614019084270]
02-22 18:38:04.270  1498  1626 I netstats_wifi_sample: [21554409,16141,2427511,8988,21554409,16141,2427511,8988,21528272,16055,2402577,8918,1614019084270]
02-22 18:38:06.805  1498  1626 I netstats_mobile_sample: [0,0,0,0,0,0,0,0,0,0,0,0,1614019086805]
02-22 18:38:06.805  1498  1626 I netstats_wifi_sample: [21554409,16141,2427511,8988,21554409,16141,2427511,8988,21528272,16055,2402577,8918,1614019086805]
02-22 18:38:09.411  1498  1626 I service_manager_stats: [100,24,51754]
02-22 18:38:09.411  1498  1626 I netstats_mobile_sample: [0,0,0,0,0,0,0,0,0,0,0,0,1614019089411]
02-22 18:38:09.411  1498  1626 I netstats_wifi_sample: [21554409,16141,2427511,8988,21554409,16141,2427511,8988,21528272,16055,2402577,8918,1614019089411]
02-22 18:38:09.494  9651  9651 I chatty  : uid=10038(us.zoom.zoompresence) expire 12 lines
02-22 18:38:10.248  1498  1530 I am_uid_idle: 10077
02-22 18:38:11.937  1498  1626 I netstats_mobile_sample: [0,0,0,0,0,0,0,0,0,0,0,0,1614019091937]
02-22 18:38:11.937  1498  1626 I netstats_wifi_sample: [21554409,16141,2427511,8988,21554409,16141,2427511,8988,21528272,16055,2402577,8918,1614019091937]
02-22 18:38:14.694  1498  1626 I netstats_mobile_sample: [0,0,0,0,0,0,0,0,0,0,0,0,1614019094694]
02-22 18:38:14.694  1498  1626 I netstats_wifi_sample: [21554409,16141,2427511,8988,21554409,16141,2427511,8988,21528272,16055,2402577,8918,1614019094694]
02-22 18:38:17.007  1498  1626 I netstats_mobile_sample: [0,0,0,0,0,0,0,0,0,0,0,0,1614019097007]
02-22 18:38:17.007  1498  1626 I netstats_wifi_sample: [21554409,16141,2427511,8988,21554409,16141,2427511,8988,21528272,16055,2402577,8918,1614019097007]
02-22 18:38:19.487  1498  1626 I netstats_mobile_sample: [0,0,0,0,0,0,0,0,0,0,0,0,1614019099487]
02-22 18:38:19.487  1498  1626 I netstats_wifi_sample: [21554409,16141,2427511,8988,21554409,16141,2427511,8988,21528272,16055,2402577,8918,1614019099487]
02-22 18:38:22.119  1498  1626 I netstats_mobile_sample: [0,0,0,0,0,0,0,0,0,0,0,0,1614019102120]
02-22 18:38:22.119  1498  1626 I netstats_wifi_sample: [21554409,16141,2427511,8988,21554409,16141,2427511,8988,21528272,16055,2402577,8918,1614019102120]
02-22 18:38:24.793  1498  1626 I netstats_mobile_sample: [0,0,0,0,0,0,0,0,0,0,0,0,1614019104793]
02-22 18:38:24.793  1498  1626 I netstats_wifi_sample: [21554409,16141,2427511,8988,21554409,16141,2427511,8988,21528272,16055,2402577,8918,1614019104793]
02-22 18:38:27.422  1498  1626 I netstats_mobile_sample: [0,0,0,0,0,0,0,0,0,0,0,0,1614019107423]
02-22 18:38:27.422  1498  1626 I netstats_wifi_sample: [21554409,16141,2427511,8988,21554409,16141,2427511,8988,21528272,16055,2402577,8918,1614019107423]
02-22 18:38:29.454  9651  9651 I chatty  : uid=10038(us.zoom.zoompresence) expire 12 lines
02-22 18:38:30.120  1498  1626 I netstats_mobile_sample: [0,0,0,0,0,0,0,0,0,0,0,0,1614019110120]
02-22 18:38:30.121  1498  1626 I netstats_wifi_sample: [21554409,16141,2427511,8988,21554409,16141,2427511,8988,21528272,16055,2402577,8918,1614019110120]
02-22 18:38:30.846  1498  1643 I storage_state: [41217664-9172-527a-b3d5-edabb50a7d69,0,0,52478083072,53087854592]
02-22 18:38:32.703  1498  1626 I netstats_mobile_sample: [0,0,0,0,0,0,0,0,0,0,0,0,1614019112703]
02-22 18:38:32.703  1498  1626 I netstats_wifi_sample: [21554409,16141,2427511,8988,21554409,16141,2427511,8988,21528272,16055,2402577,8918,1614019112703]
02-22 18:38:35.430  1498  1626 I netstats_mobile_sample: [0,0,0,0,0,0,0,0,0,0,0,0,1614019115431]
02-22 18:38:35.431  1498  1626 I netstats_wifi_sample: [21554409,16141,2427511,8988,21554409,16141,2427511,8988,21528272,16055,2402577,8918,1614019115431]
02-22 18:38:37.838  1498  1626 I netstats_mobile_sample: [0,0,0,0,0,0,0,0,0,0,0,0,1614019117838]
02-22 18:38:37.838  1498  1626 I netstats_wifi_sample: [21554409,16141,2427511,8988,21554409,16141,2427511,8988,21528272,16055,2402577,8918,1614019117838]
02-22 18:38:40.437  1498  1626 I netstats_mobile_sample: [0,0,0,0,0,0,0,0,0,0,0,0,1614019120437]
02-22 18:38:40.437  1498  1626 I netstats_wifi_sample: [21554409,16141,2427511,8988,21554409,16141,2427511,8988,21528272,16055,2402577,8918,1614019120437]
02-22 18:38:43.004  1498  1626 I netstats_mobile_sample: [0,0,0,0,0,0,0,0,0,0,0,0,1614019123005]
02-22 18:38:43.004  1498  1626 I netstats_wifi_sample: [21554409,16141,2427511,8988,21554409,16141,2427511,8988,21528272,16055,2402577,8918,1614019123005]
02-22 18:38:45.676  1498  1626 I netstats_mobile_sample: [0,0,0,0,0,0,0,0,0,0,0,0,1614019125676]
02-22 18:38:45.676  1498  1626 I netstats_wifi_sample: [21554409,16141,2427511,8988,21554409,16141,2427511,8988,21528272,16055,2402577,8918,1614019125676]
02-22 18:38:46.250     0     0 I audio_in_release: session id 1
02-22 18:38:46.263     0     0 I event_handler: reclaimed all bufs
02-22 18:38:46.269     0     0 I msm_mi2s_snd_shutdown(): substream = subdevice #0  stream = 1 did not shutdown
02-22 18:38:46.298     0     0 I msm_vidc: info: Closed video instance: ffffffe368748000
02-22 18:38:46.305  1498 10340 I am_finish_activity: [0,165194828,29,com.logitech.integration.test/.MainActivity,app-request]
02-22 18:38:46.315  1498 10340 I am_pause_activity: [0,165194828,com.logitech.integration.test/.MainActivity,userLeaving=false]
02-22 18:38:46.315 27808 27808 I am_on_top_resumed_lost_called: [0,com.logitech.integration.test.MainActivity,topStateChangedWhenResumed]
02-22 18:38:46.316  1498  1523 I sysui_multi_action: [757,803,799,window_time_0,802,96]
02-22 18:38:46.317 27808 27808 I am_on_paused_called: [0,com.logitech.integration.test.MainActivity,performPause]
02-22 18:38:46.318  1498 11672 I am_add_to_stopping: [0,165194828,com.logitech.integration.test/.MainActivity,finishCurrentActivityLocked]
02-22 18:38:46.319  1498 11672 I am_set_resumed_activity: [0,com.logitech.integration.test.test/androidx.test.core.app.InstrumentationActivityInvoker$BootstrapActivity,resumeTopActivityInnerLocked]
02-22 18:38:46.320  1498 11672 I am_resume_activity: [0,47976010,29,com.logitech.integration.test.test/androidx.test.core.app.InstrumentationActivityInvoker$BootstrapActivity]
02-22 18:38:46.325  1498 10340 I am_finish_activity: [0,47976010,29,com.logitech.integration.test.test/androidx.test.core.app.InstrumentationActivityInvoker$BootstrapActivity,app-request]
02-22 18:38:46.325  1498 10340 I am_focused_stack: [0,0,12,27,finishActivity adjustFocus adjustFocusToNextFocusableStack]
02-22 18:38:46.326  1498 10340 I am_set_resumed_activity: [0,us.zoom.zoompresence/zoom.us.azr.touch.mainscreen.ui.MainBoardActivity,finishActivity]
02-22 18:38:46.335  1498 10340 I am_pause_activity: [0,47976010,com.logitech.integration.test.test/androidx.test.core.app.InstrumentationActivityInvoker$BootstrapActivity,userLeaving=false]
02-22 18:38:46.337 27848 27848 I am_on_activity_result_called: [0,androidx.test.core.app.InstrumentationActivityInvoker$BootstrapActivity,ACTIVITY_RESULT]
02-22 18:38:46.338 27848 27848 I am_on_restart_called: [0,androidx.test.core.app.InstrumentationActivityInvoker$BootstrapActivity,performRestartActivity]
02-22 18:38:46.339  1498  1523 I am_uid_active: 10077
02-22 18:38:46.341  1498  1523 I sysui_multi_action: [757,803,799,window_time_0,802,0]
02-22 18:38:46.341  1498  1523 I sysui_multi_action: [757,803,799,window_time_0,802,0]
02-22 18:38:46.342  1498 11672 I am_add_to_stopping: [0,47976010,com.logitech.integration.test.test/androidx.test.core.app.InstrumentationActivityInvoker$BootstrapActivity,finishCurrentActivityLocked]
02-22 18:38:46.344  1498 11672 I am_set_resumed_activity: [0,us.zoom.zoompresence/zoom.us.azr.touch.mainscreen.ui.MainBoardActivity,resumeTopActivityInnerLocked]
02-22 18:38:46.344  1498 11672 I am_resume_activity: [0,3435679,14,us.zoom.zoompresence/zoom.us.azr.touch.mainscreen.ui.MainBoardActivity]
02-22 18:38:46.347  1498  1523 I sysui_multi_action: [757,803,799,window_time_0,802,0]
02-22 18:38:46.358  9651  9651 I am_on_restart_called: [0,zoom.us.azr.touch.mainscreen.ui.MainBoardActivity,performRestartActivity]
02-22 18:38:46.359  9651  9651 I am_on_start_called: [0,zoom.us.azr.touch.mainscreen.ui.MainBoardActivity,handleStartActivity]
02-22 18:38:46.363  9651  9651 I am_on_resume_called: [0,zoom.us.azr.touch.mainscreen.ui.MainBoardActivity,RESUME_ACTIVITY]
02-22 18:38:46.364  9651  9651 I am_on_top_resumed_gained_called: [0,zoom.us.azr.touch.mainscreen.ui.MainBoardActivity,topWhenResuming]
02-22 18:38:46.412  1498  9636 I am_destroy_activity: [0,47976010,29,com.logitech.integration.test.test/androidx.test.core.app.InstrumentationActivityInvoker$BootstrapActivity,finish-imm:activityIdleInternalLocked]
02-22 18:38:46.413  1498  9636 I am_destroy_activity: [0,165194828,29,com.logitech.integration.test/.MainActivity,finish-imm:activityIdleInternalLocked]
02-22 18:38:46.414 27848 27848 I am_on_destroy_called: [0,androidx.test.core.app.InstrumentationActivityInvoker$BootstrapActivity,performDestroy]
02-22 18:38:46.435     0     0 I CAM_INFO: CAM-ISP: __cam_isp_ctx_flush_req_in_top_state: 2049 ctx id:3 Last request id to flush is 2855
02-22 18:38:46.435     0     0 I CAM_INFO: CAM-ISP: __cam_isp_ctx_flush_req_in_top_state: 2063 ctx:3 last applied id:2851, reported req id:2850, buf done id:2850
02-22 18:38:46.435     0     0 I CAM_INFO: CAM-ISP: __cam_isp_ctx_flush_req_in_top_state: 2069 current time:26169440 last apply time:26169420, reported req time:26169420, buf done time:26169430
02-22 18:38:46.435     0     0 I CAM_INFO: CAM-ISP: __cam_isp_ctx_dump_state_monitor_array: 121 Dumping state information for preceding requests
02-22 18:38:46.463     0     0 E CAM_ERR : CAM-ISP: cam_ife_csid_irq: 3386 CSID 1 irq status 0x0 0x4000ff 0x1ffa 0x0 0x0 0x0 0x0
02-22 18:38:46.465     0     0 I CAM_INFO: CAM-ISP: __cam_isp_ctx_flush_req_in_top_state: 2049 ctx id:3 Last request id to flush is 2855
02-22 18:38:46.469     0     0 I CAM_INFO: CAM-SENSOR: cam_sensor_driver_cmd: 1701 CAM_STOP_DEV,  sensor_state 3 +
02-22 18:38:46.471     0     0 I CAM_INFO: CAM-SENSOR: cam_sensor_driver_cmd: 1727 CAM_STOP_DEV Success, sensor_id:0x8000,sensor_slave_addr:0x34
02-22 18:38:46.478     0     0 I CAM_INFO: CAM-CORE: cam_node_handle_ioctl: 863 Release HW done(rc = 0)
02-22 18:38:46.481     0     0 I CAM_INFO: CAM-SENSOR: cam_sensor_util_request_gpio_table: 787 No GPIO data
02-22 18:38:46.481     0     0 I CAM_INFO: CAM-SENSOR: cam_sensor_driver_cmd: 1604 CAM_RELEASE_DEV,  sensor_state 1 +
02-22 18:38:46.491     0     0 E CAM_ERR : CAM-SENSOR: cam_sensor_cci_i2c_util: 235 Failed rc = -19
02-22 18:38:46.507     0     0 I CAM_INFO: CAM-SENSOR: cam_sensor_driver_cmd: 1654 CAM_RELEASE_DEV Success, sensor_id:0x8000,sensor_slave_addr:0x34
02-22 18:38:46.531 27808 27808 I am_on_stop_called: [0,com.logitech.integration.test.MainActivity,LIFECYCLER_STOP_ACTIVITY]
02-22 18:38:46.538 27808 27808 I am_on_destroy_called: [0,com.logitech.integration.test.MainActivity,performDestroy]
02-22 18:38:46.542  1498 10340 I wm_task_removed: [29,removeAppToken: last token]
02-22 18:38:46.542  1498 10340 I am_remove_task: [29,27]
02-22 18:38:46.542  1498 10340 I wm_task_removed: [29,removeTask]
02-22 18:38:46.543  1498 10340 I wm_stack_removed: 27
02-22 18:38:46.617  1498  9636 I wm_stack_created: 28
02-22 18:38:46.619  1498  9636 I wm_task_created: [30,28]
02-22 18:38:46.619  1498  9636 I wm_task_moved: [30,0,2147483647]
02-22 18:38:46.619  1498  9636 I am_focused_stack: [0,0,28,12,reuseOrNewTask]
02-22 18:38:46.619  1498  9636 I am_create_task: [0,30]
02-22 18:38:46.619  1498  9636 I am_create_activity: [0,100583585,30,com.logitech.integration.test.test/androidx.test.core.app.InstrumentationActivityInvoker$BootstrapActivity,android.intent.action.MAIN,NULL,NULL,268468224]
02-22 18:38:46.619  9651  9651 I am_on_top_resumed_lost_called: [0,zoom.us.azr.touch.mainscreen.ui.MainBoardActivity,topStateChangedWhenResumed]
02-22 18:38:46.620  1498  9636 I wm_task_moved: [30,0,2147483647]
02-22 18:38:46.621  1498  9636 I am_pause_activity: [0,3435679,us.zoom.zoompresence/zoom.us.azr.touch.mainscreen.ui.MainBoardActivity,userLeaving=true]
02-22 18:38:46.623  9651  9651 I am_on_paused_called: [0,zoom.us.azr.touch.mainscreen.ui.MainBoardActivity,performPause]
02-22 18:38:46.624  1498  5233 I am_add_to_stopping: [0,3435679,us.zoom.zoompresence/zoom.us.azr.touch.mainscreen.ui.MainBoardActivity,makeInvisible]
02-22 18:38:46.625  1498  5233 I am_restart_activity: [0,100583585,30,com.logitech.integration.test.test/androidx.test.core.app.InstrumentationActivityInvoker$BootstrapActivity]
02-22 18:38:46.625  1498  5233 I am_set_resumed_activity: [0,com.logitech.integration.test.test/androidx.test.core.app.InstrumentationActivityInvoker$BootstrapActivity,minimalResumeActivityLocked]
02-22 18:38:46.631  1498  1523 I sysui_multi_action: [757,803,799,window_time_0,802,0]
02-22 18:38:46.632 27848 27848 I am_on_create_called: [0,androidx.test.core.app.InstrumentationActivityInvoker$BootstrapActivity,performCreate]
02-22 18:38:46.636 27848 27848 I am_on_start_called: [0,androidx.test.core.app.InstrumentationActivityInvoker$BootstrapActivity,handleStartActivity]
02-22 18:38:46.638  1498  5233 I am_create_activity: [0,5329270,30,com.logitech.integration.test/.MainActivity,NULL,NULL,NULL,0]
02-22 18:38:46.639  1498  5233 I am_pause_activity: [0,100583585,com.logitech.integration.test.test/androidx.test.core.app.InstrumentationActivityInvoker$BootstrapActivity,userLeaving=true]
02-22 18:38:46.641 27848 27848 I am_on_resume_called: [0,androidx.test.core.app.InstrumentationActivityInvoker$BootstrapActivity,RESUME_ACTIVITY]
02-22 18:38:46.641 27848 27848 I am_on_top_resumed_gained_called: [0,androidx.test.core.app.InstrumentationActivityInvoker$BootstrapActivity,topStateChangedWhenResumed]
02-22 18:38:46.641 27848 27848 I am_on_top_resumed_lost_called: [0,androidx.test.core.app.InstrumentationActivityInvoker$BootstrapActivity,topStateChangedWhenResumed]
02-22 18:38:46.642 27848 27848 I am_on_paused_called: [0,androidx.test.core.app.InstrumentationActivityInvoker$BootstrapActivity,performPause]
02-22 18:38:46.644  1498  9636 I am_add_to_stopping: [0,100583585,com.logitech.integration.test.test/androidx.test.core.app.InstrumentationActivityInvoker$BootstrapActivity,makeInvisible]
02-22 18:38:46.644  1498  9636 I am_restart_activity: [0,5329270,30,com.logitech.integration.test/.MainActivity]
02-22 18:38:46.645  1498  9636 I am_set_resumed_activity: [0,com.logitech.integration.test/.MainActivity,minimalResumeActivityLocked]
02-22 18:38:46.648  1498  1523 I sysui_multi_action: [757,803,799,window_time_0,802,0]
02-22 18:38:46.669 27808 27808 I am_on_create_called: [0,com.logitech.integration.test.MainActivity,performCreate]
02-22 18:38:46.683 27808 27808 I am_on_start_called: [0,com.logitech.integration.test.MainActivity,handleStartActivity]
02-22 18:38:46.685 27808 27808 I am_on_resume_called: [0,com.logitech.integration.test.MainActivity,RESUME_ACTIVITY]
02-22 18:38:46.691 27808 27808 I am_on_top_resumed_gained_called: [0,com.logitech.integration.test.MainActivity,topStateChangedWhenResumed]
02-22 18:38:46.723  1498  1529 I sysui_multi_action: [319,41,321,36,322,107,325,26469,757,761,758,8,759,1,806,com.logitech.integration.test,871,com.logitech.integration.test.MainActivity,904,com.logitech.integration.test,905,0,1320,12,1321,1]
02-22 18:38:46.724  1498  1529 I am_activity_launch_time: [0,5329270,com.logitech.integration.test/.MainActivity,107]
02-22 18:38:46.739  1498 11672 I am_stop_activity: [0,100583585,com.logitech.integration.test.test/androidx.test.core.app.InstrumentationActivityInvoker$BootstrapActivity]
02-22 18:38:46.740  1498 11672 I am_stop_activity: [0,3435679,us.zoom.zoompresence/zoom.us.azr.touch.mainscreen.ui.MainBoardActivity]
02-22 18:38:46.740 27848 27848 I am_on_stop_called: [0,androidx.test.core.app.InstrumentationActivityInvoker$BootstrapActivity,STOP_ACTIVITY_ITEM]
02-22 18:38:46.745  9651  9651 I am_on_stop_called: [0,zoom.us.azr.touch.mainscreen.ui.MainBoardActivity,STOP_ACTIVITY_ITEM]
02-22 18:38:46.804     0     0 E CAM_ERR : CAM-ACTUATOR: cam_afptz_store: 434 try to power on!
02-22 18:38:46.840     0     0 I CAM_INFO: CAM-ACTUATOR: cam_afptz_store: 437 skip actuator camera_io_init
02-22 18:38:46.907     0     0 I msm_vidc: info: Opening video instance: ffffffe3a4b30000, 0
02-22 18:38:46.943     0     0 I aac_in_open: session id 1: NT mode encoder success
02-22 18:38:46.943     0     0 I aac_in_open: session id 1: success
02-22 18:38:46.968     0     0 I audio_in_release: session id 1
02-22 18:38:46.978     0     0 I msm_vidc: info: Closed video instance: ffffffe3a4b30000
02-22 18:38:46.989     0     0 I CAM_INFO: CAM-SENSOR: cam_sensor_driver_cmd: 1519 CAM_ACQUIRE_DEV,  sensor_state 3 +
02-22 18:38:47.004     0     0 I ueventd : firmware: loading 'CAMERA_ICP.elf' for '/devices/platform/soc/ac00000.qcom,a5/firmware/CAMERA_ICP.elf'
02-22 18:38:47.006     0     0 I ueventd : loading /devices/platform/soc/ac00000.qcom,a5/firmware/CAMERA_ICP.elf took 2ms
02-22 18:38:47.017     0     0 I CAM_INFO: CAM-ICP: cam_icp_mgr_process_dbg_buf: 2042 FW_DBG:CICP_FW_E : HFI  :QC_IMAGE_VERSION_STRING=CICP.FW.2.1-00008,OEM_IMAGE_VERSION_STRING=CRM,BUILD_TIME: Oct 23 2019 14:14:13,CACHE_ENABLED at icphostinterface.c:636 QC_IMAGE_VERSION_STRING=CICP.FW.2.1-00008 OEM_IMAGE_VERSION_STRING=CRM
02-22 18:38:47.017     0     0 I CAM_INFO: CAM-ICP: cam_icp_mgr_process_dbg_buf: 2042 FW_DBG:CICP_FW_E : HFI  :ELF variant: CACHE-ENABLED:API_V1::USE_CDM_1_0: , API version: 0x1000034 at icphostinterface.c:637 QC_IMAGE_VERSION_STRING=CICP.FW.2.1-00008 OEM_IMAGE_VERSION_STRING=CRM
02-22 18:38:47.017     0     0 I CAM_INFO: CAM-ICP: cam_icp_mgr_hw_open: 3209 FW download done successfully
02-22 18:38:47.053     0     0 I CAM_INFO: CAM-SENSOR: cam_sensor_driver_cmd: 1600 CAM_ACQUIRE_DEV Success, sensor_id:0x8000,sensor_slave_addr:0x34
02-22 18:38:47.067     0     0 I CAM_INFO: CAM-SENSOR: cam_sensor_util_request_gpio_table: 787 No GPIO data
02-22 18:38:47.067     0     0 E CAM_ERR : CAM-SENSOR: cam_sensor_core_power_up: 1881 clk index 0 >= max 0
02-22 18:38:47.067     0     0 E CAM_ERR : CAM-SENSOR: cam_sensor_core_power_up: 2064 failed
02-22 18:38:47.067     0     0 I CAM_INFO: CAM-SENSOR: cam_sensor_util_request_gpio_table: 787 No GPIO data
02-22 18:38:47.136     0     0 I ueventd : firmware: loading 'CAMERA_ICP.elf' for '/devices/platform/soc/ac00000.qcom,a5/firmware/CAMERA_ICP.elf'
02-22 18:38:47.138     0     0 I ueventd : loading /devices/platform/soc/ac00000.qcom,a5/firmware/CAMERA_ICP.elf took 2ms
02-22 18:38:47.149     0     0 I CAM_INFO: CAM-ICP: cam_icp_mgr_process_dbg_buf: 2042 FW_DBG:CICP_FW_E : HFI  :QC_IMAGE_VERSION_STRING=CICP.FW.2.1-00008,OEM_IMAGE_VERSION_STRING=CRM,BUILD_TIME: Oct 23 2019 14:14:13,CACHE_ENABLED at icphostinterface.c:636 QC_IMAGE_VERSION_STRING=CICP.FW.2.1-00008 OEM_IMAGE_VERSION_STRING=CRM
02-22 18:38:47.149     0     0 I CAM_INFO: CAM-ICP: cam_icp_mgr_process_dbg_buf: 2042 FW_DBG:CICP_FW_E : HFI  :ELF variant: CACHE-ENABLED:API_V1::USE_CDM_1_0: , API version: 0x1000034 at icphostinterface.c:637 QC_IMAGE_VERSION_STRING=CICP.FW.2.1-00008 OEM_IMAGE_VERSION_STRING=CRM
02-22 18:38:47.149     0     0 I CAM_INFO: CAM-ICP: cam_icp_mgr_hw_open: 3209 FW download done successfully
02-22 18:38:47.162     0     0 I CAM_INFO: CAM-CORE: cam_node_handle_ioctl: 756 Acquire HW successful
02-22 18:38:47.174     0     0 I CAM_INFO: CAM-SENSOR: cam_sensor_driver_cmd: 1673 CAM_START_DEV,  sensor_state 2 +
02-22 18:38:47.176     0     0 I CAM_INFO: CAM-SENSOR: cam_sensor_driver_cmd: 1697 CAM_START_DEV Success, sensor_id:0x8000,sensor_slave_addr:0x34
02-22 18:38:47.378     0     0 I msm_vidc: info: Opening video instance: ffffffe3470d0000, 0
02-22 18:38:47.412     0     0 I aac_in_open: session id 1: NT mode encoder success
02-22 18:38:47.412     0     0 I aac_in_open: session id 1: success
02-22 18:38:47.431     0     0 E q6asm_send_cal: cal_block is NULL or stale
02-22 18:38:47.549     0     0 I CAM_INFO: CAM-ISP: __cam_isp_ctx_flush_req_in_top_state: 2049 ctx id:7 Last request id to flush is 8
02-22 18:38:47.564     0     0 I CAM_INFO: CAM-ISP: __cam_isp_ctx_handle_irq_in_activated: 3796 Ctx:7 No handle function for substate 6
02-22 18:38:47.564     0     0 I CAM_INFO: CAM-ISP: __cam_isp_ctx_dump_state_monitor_array: 121 Dumping state information for preceding requests
02-22 18:38:47.575     0     0 I CAM_INFO: CAM-ISP: __cam_isp_ctx_handle_irq_in_activated: 3796 Ctx:7 No handle function for substate 6
02-22 18:38:47.575     0     0 I CAM_INFO: CAM-ISP: __cam_isp_ctx_dump_state_monitor_array: 121 Dumping state information for preceding requests
02-22 18:38:47.581     0     0 I CAM_INFO: CAM-SENSOR: cam_sensor_driver_cmd: 1701 CAM_STOP_DEV,  sensor_state 3 +
02-22 18:38:47.582     0     0 I CAM_INFO: CAM-SENSOR: cam_sensor_driver_cmd: 1727 CAM_STOP_DEV Success, sensor_id:0x8000,sensor_slave_addr:0x34
02-22 18:38:47.589     0     0 I CAM_INFO: CAM-CORE: cam_node_handle_ioctl: 863 Release HW done(rc = 0)
02-22 18:38:47.622     0     0 I ueventd : firmware: loading 'CAMERA_ICP.elf' for '/devices/platform/soc/ac00000.qcom,a5/firmware/CAMERA_ICP.elf'
02-22 18:38:47.624     0     0 I ueventd : loading /devices/platform/soc/ac00000.qcom,a5/firmware/CAMERA_ICP.elf took 2ms
02-22 18:38:47.635     0     0 I CAM_INFO: CAM-ICP: cam_icp_mgr_process_dbg_buf: 2042 FW_DBG:CICP_FW_E : HFI  :QC_IMAGE_VERSION_STRING=CICP.FW.2.1-00008,OEM_IMAGE_VERSION_STRING=CRM,BUILD_TIME: Oct 23 2019 14:14:13,CACHE_ENABLED at icphostinterface.c:636 QC_IMAGE_VERSION_STRING=CICP.FW.2.1-00008 OEM_IMAGE_VERSION_STRING=CRM
02-22 18:38:47.635     0     0 I CAM_INFO: CAM-ICP: cam_icp_mgr_process_dbg_buf: 2042 FW_DBG:CICP_FW_E : HFI  :ELF variant: CACHE-ENABLED:API_V1::USE_CDM_1_0: , API version: 0x1000034 at icphostinterface.c:637 QC_IMAGE_VERSION_STRING=CICP.FW.2.1-00008 OEM_IMAGE_VERSION_STRING=CRM
02-22 18:38:47.635     0     0 I CAM_INFO: CAM-ICP: cam_icp_mgr_hw_open: 3209 FW download done successfully
02-22 18:38:47.649     0     0 I CAM_INFO: CAM-CORE: cam_node_handle_ioctl: 756 Acquire HW successful
02-22 18:38:47.661     0     0 I CAM_INFO: CAM-SENSOR: cam_sensor_driver_cmd: 1673 CAM_START_DEV,  sensor_state 2 +
