03-03 02:57:27.511  1488  1521 I am_proc_start: [0,3301,1000,com.android.dynsystem,broadcast,{com.android.dynsystem/com.android.dynsystem.BootCompletedReceiver}]
03-03 02:57:27.516  1488  1806 I am_proc_bound: [0,3301,com.android.dynsystem]
03-03 02:57:27.523   569   569 I auditd  : avc:  denied  { find } for interface=vendor.qti.hardware.servicetracker::IServicetracker sid=u:r:system_server:s0 pid=1488 scontext=u:r:system_server:s0 tcontext=u:object_r:default_android_hwservice:s0 tclass=hwservice_manager permissive=0
03-03 02:57:27.523   569   569 I chatty  : uid=1000(system) hwservicemanage identical 1 line
03-03 02:57:27.545   569   569 I auditd  : avc:  denied  { find } for interface=vendor.qti.hardware.servicetracker::IServicetracker sid=u:r:system_server:s0 pid=1488 scontext=u:r:system_server:s0 tcontext=u:object_r:default_android_hwservice:s0 tclass=hwservice_manager permissive=0
03-03 02:57:27.636  1488  2653 I am_uid_running: 10060
03-03 02:57:27.652   823   823 I sf_frame_dur: [Splash Screen com.logitech.videocollaboration.froggerscreenshare#0,1,0,0,0,0,0,0]
03-03 02:57:27.656  1488  1521 I am_proc_start: [0,3326,10060,com.android.inputmethod.latin,broadcast,{com.android.inputmethod.latin/com.android.inputmethod.latin.SystemBroadcastReceiver}]
03-03 02:57:27.665  1488  2653 I am_proc_bound: [0,3326,com.android.inputmethod.latin]
03-03 02:57:27.669   569   569 I auditd  : avc:  denied  { find } for interface=vendor.qti.hardware.servicetracker::IServicetracker sid=u:r:system_server:s0 pid=1488 scontext=u:r:system_server:s0 tcontext=u:object_r:default_android_hwservice:s0 tclass=hwservice_manager permissive=0
03-03 02:57:27.977     0     0 I msm-dwc3 a600000.ssusb: Avail curr from USB = 100
03-03 02:57:27.704   569   569 I chatty  : uid=1000(system) hwservicemanage identical 2 lines
03-03 02:57:27.733   569   569 I auditd  : avc:  denied  { find } for interface=vendor.qti.hardware.servicetracker::IServicetracker sid=u:r:system_server:s0 pid=1488 scontext=u:r:system_server:s0 tcontext=u:object_r:default_android_hwservice:s0 tclass=hwservice_manager permissive=0
03-03 02:57:27.733  1488  2653 I am_proc_died: [0,3326,com.android.inputmethod.latin,0,12]
03-03 02:57:27.734   569   569 I auditd  : avc:  denied  { find } for interface=vendor.qti.hardware.servicetracker::IServicetracker sid=u:r:system_server:s0 pid=1488 scontext=u:r:system_server:s0 tcontext=u:object_r:default_android_hwservice:s0 tclass=hwservice_manager permissive=0
03-03 02:57:27.734  1488  2653 I am_broadcast_discard_app: [0,153580189,android.intent.action.BOOT_COMPLETED,16,ResolveInfo{c4de57c com.android.inputmethod.latin/.SystemBroadcastReceiver m=0x108000}]
03-03 02:57:27.735  1488  2653 I am_uid_stopped: 10060
03-03 02:57:27.740  1488  2653 I am_uid_running: 10014
03-03 02:57:27.748   569   569 I auditd  : avc:  denied  { find } for interface=vendor.qti.hardware.servicetracker::IServicetracker sid=u:r:system_server:s0 pid=1488 scontext=u:r:system_server:s0 tcontext=u:object_r:default_android_hwservice:s0 tclass=hwservice_manager permissive=0
03-03 02:57:27.758  1488  1521 I am_proc_start: [0,3347,10014,com.android.packageinstaller,broadcast,{com.android.packageinstaller/com.android.packageinstaller.TemporaryFileManager}]
03-03 02:57:27.766  1488  2653 I am_proc_bound: [0,3347,com.android.packageinstaller]
03-03 02:57:27.782   569   569 I auditd  : avc:  denied  { find } for interface=vendor.qti.hardware.servicetracker::IServicetracker sid=u:r:system_server:s0 pid=1488 scontext=u:r:system_server:s0 tcontext=u:object_r:default_android_hwservice:s0 tclass=hwservice_manager permissive=0
03-03 02:57:28.056     0     0 W         : [configfs] android_work()
03-03 02:57:28.056     0     0 I android_work: sent uevent USB_STATE=CONNECTED
03-03 02:57:27.807  1488  1488 I notification_enqueue: [1000,1488,android,26,NULL,-1,Notification(channel=DEVELOPER pri=0 contentView=null vibrate=null sound=null tick defaults=0x0 flags=0x2 color=0xff607d8b vis=PUBLIC),0]
03-03 02:57:27.808  1488  2653 I am_uid_running: 10016
03-03 02:57:27.808  1488  2653 I am_mem_factor: [1,2]
03-03 02:57:27.826  1488  1521 I am_proc_start: [0,3370,10016,com.android.permissioncontroller,broadcast,{com.android.permissioncontroller/com.android.packageinstaller.permission.service.LocationAccessCheck$SetupPeriodicBackgroundLocationAccessCheck}]
03-03 02:57:28.084     0     0 W         : [configfs] android_disconnect()
03-03 02:57:28.084     0     0 W         : [configfs] android_work()
03-03 02:57:28.084     0     0 I android_work: sent uevent USB_STATE=DISCONNECTED
03-03 02:57:27.835  1488  2866 I am_proc_bound: [0,3370,com.android.permissioncontroller]
03-03 02:57:27.862   569   569 I auditd  : avc:  denied  { find } for interface=vendor.qti.hardware.servicetracker::IServicetracker sid=u:r:system_server:s0 pid=1488 scontext=u:r:system_server:s0 tcontext=u:object_r:default_android_hwservice:s0 tclass=hwservice_manager permissive=0
03-03 02:57:27.882   569   569 I chatty  : uid=1000(system) hwservicemanage identical 1 line
03-03 02:57:27.886   569   569 I auditd  : avc:  denied  { find } for interface=vendor.qti.hardware.servicetracker::IServicetracker sid=u:r:system_server:s0 pid=1488 scontext=u:r:system_server:s0 tcontext=u:object_r:default_android_hwservice:s0 tclass=hwservice_manager permissive=0
03-03 02:57:27.902  1488  2866 I am_uid_running: 10018
03-03 02:57:27.908  1488  1488 I sysui_multi_action: [757,1501,758,1,793,104,794,0,795,104,796,26,806,android,857,DEVELOPER,858,2,947,0,1500,0]
03-03 02:57:27.908  1488  1488 I sysui_multi_action: [757,804,799,note_interruptive,801,0,802,1]
03-03 02:57:27.922  1488  1521 I am_proc_start: [0,3394,10018,com.android.providers.calendar,broadcast,{com.android.providers.calendar/com.android.providers.calendar.CalendarReceiver}]
03-03 02:57:28.180     0     0 W         : [configfs] android_work()
03-03 02:57:28.180     0     0 I android_work: sent uevent USB_STATE=CONNECTED
03-03 02:57:27.930  1488  2653 I am_proc_bound: [0,3394,com.android.providers.calendar]
03-03 02:57:28.185     0     0 I configfs-gadget gadget: high-speed config #1: b
03-03 02:57:28.185     0     0 W configfs-gadget gadget: Reset UVC Control
03-03 02:57:28.185     0     0 I msm-dwc3 a600000.ssusb: Avail curr from USB = 500
03-03 02:57:28.185     0     0 W         : [configfs] android_work()
03-03 02:57:28.186     0     0 I android_work: sent uevent USB_STATE=CONFIGURED
03-03 02:57:27.944   569   569 I auditd  : avc:  denied  { find } for interface=vendor.qti.hardware.servicetracker::IServicetracker sid=u:r:system_server:s0 pid=1488 scontext=u:r:system_server:s0 tcontext=u:object_r:default_android_hwservice:s0 tclass=hwservice_manager permissive=0
03-03 02:57:27.983   569   569 I chatty  : uid=1000(system) hwservicemanage identical 2 lines
03-03 02:57:27.992   569   569 I auditd  : avc:  denied  { find } for interface=vendor.qti.hardware.servicetracker::IServicetracker sid=u:r:system_server:s0 pid=1488 scontext=u:r:system_server:s0 tcontext=u:object_r:default_android_hwservice:s0 tclass=hwservice_manager permissive=0
03-03 02:57:28.000  1488  2866 I am_uid_running: 10035
03-03 02:57:28.022  1488  1521 I am_proc_start: [0,3420,10035,com.android.traceur,broadcast,{com.android.traceur/com.android.traceur.Receiver}]
03-03 02:57:28.027  1488  2866 I am_proc_bound: [0,3420,com.android.traceur]
03-03 02:57:28.105  1488  1521 I am_proc_start: [0,3443,1000,com.displaylink.desktop.oem,broadcast,{com.displaylink.desktop.oem/com.displaylink.manager.BootCompletedReceiver}]
03-03 02:57:28.119  1488  2866 I am_proc_bound: [0,3443,com.displaylink.desktop.oem]
03-03 02:57:28.172   569   569 I auditd  : avc:  denied  { find } for interface=vendor.qti.hardware.servicetracker::IServicetracker sid=u:r:system_server:s0 pid=1488 scontext=u:r:system_server:s0 tcontext=u:object_r:default_android_hwservice:s0 tclass=hwservice_manager permissive=0
03-03 02:57:28.182   569   569 I auditd  : avc:  denied  { find } for interface=vendor.qti.hardware.servicetracker::IServicetracker sid=u:r:system_server:s0 pid=1488 scontext=u:r:system_server:s0 tcontext=u:object_r:default_android_hwservice:s0 tclass=hwservice_manager permissive=0
03-03 02:57:28.204  1488  1488 I notification_enqueue: [1000,3443,com.displaylink.desktop.oem,1,NULL,0,Notification(channel=DisplayLinkService_01 pri=0 contentView=null vibrate=null sound=null defaults=0x0 flags=0x50 color=0x00000000 vis=PRIVATE),0]
03-03 02:57:28.251  1488  1521 I am_proc_start: [0,3480,1000,com.logitech.platform.dev.settings,broadcast,{com.logitech.platform.dev.settings/com.logitech.platform.dev.settings.BootCompleteReceiver}]
03-03 02:57:28.252   569   569 I auditd  : avc:  denied  { find } for interface=vendor.qti.hardware.servicetracker::IServicetracker sid=u:r:system_server:s0 pid=1488 scontext=u:r:system_server:s0 tcontext=u:object_r:default_android_hwservice:s0 tclass=hwservice_manager permissive=0
03-03 02:57:28.271  1488  2866 I am_proc_bound: [0,3480,com.logitech.platform.dev.settings]
03-03 02:57:28.304  1488  1488 I sysui_multi_action: [757,1501,758,1,793,100,794,0,795,100,796,1,806,com.displaylink.desktop.oem,857,DisplayLinkService_01,858,2,947,0,1500,0,1688,1]
03-03 02:57:28.304  1488  1488 I sysui_multi_action: [757,804,799,note_interruptive,801,0,802,1]
03-03 02:57:28.305  1488  1488 I sysui_multi_action: [757,128,758,5,759,8,793,101,794,0,795,101,796,1,806,com.displaylink.desktop.oem,857,DisplayLinkService_01,858,2,947,0,1500,1,1688,1]
03-03 02:57:28.305  1488  1488 I notification_canceled: [0|com.displaylink.desktop.oem|1|null|1000,8,101,101,0,-1,-1,NULL]
03-03 02:57:28.312   569   569 I auditd  : avc:  denied  { find } for interface=vendor.qti.hardware.servicetracker::IServicetracker sid=u:r:system_server:s0 pid=1488 scontext=u:r:system_server:s0 tcontext=u:object_r:default_android_hwservice:s0 tclass=hwservice_manager permissive=0
03-03 02:57:28.327   569   569 I auditd  : avc:  denied  { find } for interface=vendor.qti.hardware.servicetracker::IServicetracker sid=u:r:system_server:s0 pid=1488 scontext=u:r:system_server:s0 tcontext=u:object_r:default_android_hwservice:s0 tclass=hwservice_manager permissive=0
03-03 02:57:28.331  1488  2653 I am_uid_running: 10050
03-03 02:57:28.354  1488  1521 I am_proc_start: [0,3519,10050,com.qti.ltebc,broadcast,{com.qti.ltebc/com.qualcomm.ltebc.LTEBroadcastBootReceiver}]
03-03 02:57:28.366  1488  1806 I am_proc_bound: [0,3519,com.qti.ltebc]
03-03 02:57:28.629  1488  1521 I am_proc_start: [0,3548,1001,com.qualcomm.qti.lpa,broadcast,{com.qualcomm.qti.lpa/com.qualcomm.qti.lpa.UimLpaBootReceiver}]
03-03 02:57:28.636  1488  1806 I am_proc_bound: [0,3548,com.qualcomm.qti.lpa]
03-03 02:57:28.639  1488  2866 I am_proc_died: [0,3519,com.qti.ltebc,905,20]
03-03 02:57:28.640   569   569 I auditd  : avc:  denied  { find } for interface=vendor.qti.hardware.servicetracker::IServicetracker sid=u:r:system_server:s0 pid=1488 scontext=u:r:system_server:s0 tcontext=u:object_r:default_android_hwservice:s0 tclass=hwservice_manager permissive=0
03-03 02:57:28.640  1488  2866 I am_uid_stopped: 10050
03-03 02:57:28.668  1488  2866 I am_uid_running: 10047
03-03 02:57:28.680  1488  1521 I am_proc_start: [0,3569,10047,com.qualcomm.qti.qms.service.connectionsecurity,broadcast,{com.qualcomm.qti.qms.service.connectionsecurity/com.qualcomm.qti.qms.service.connectionsecurity.ConnSecBroadcastReceiver}]
03-03 02:57:28.692  1488  2866 I am_proc_bound: [0,3569,com.qualcomm.qti.qms.service.connectionsecurity]
03-03 02:57:28.731  1488  2866 I am_uid_running: 10046
03-03 02:57:28.743  1488  1521 I am_proc_start: [0,3589,10046,com.qualcomm.qti.qms.service.telemetry,broadcast,{com.qualcomm.qti.qms.service.telemetry/com.qualcomm.qti.qms.service.telemetry.SystemEventReceiver}]
03-03 02:57:28.752  1488  2866 I am_proc_bound: [0,3589,com.qualcomm.qti.qms.service.telemetry]
03-03 02:57:28.790   569   569 I auditd  : avc:  denied  { find } for interface=vendor.qti.hardware.servicetracker::IServicetracker sid=u:r:system_server:s0 pid=1488 scontext=u:r:system_server:s0 tcontext=u:object_r:default_android_hwservice:s0 tclass=hwservice_manager permissive=0
03-03 02:57:28.799   569   569 I auditd  : avc:  denied  { find } for interface=vendor.qti.hardware.servicetracker::IServicetracker sid=u:r:system_server:s0 pid=1488 scontext=u:r:system_server:s0 tcontext=u:object_r:default_android_hwservice:s0 tclass=hwservice_manager permissive=0
03-03 02:57:28.800  1488  1806 I am_uid_running: 10050
03-03 02:57:28.818  1488  1521 I am_proc_start: [0,3614,10050,com.qti.ltebc,broadcast,{com.qti.ltebc/com.qualcomm.ltebc.LTEBroadcastReceiver}]
03-03 02:57:28.827  1488  1806 I am_proc_bound: [0,3614,com.qti.ltebc]
03-03 02:57:29.132   569   569 I auditd  : avc:  denied  { find } for interface=vendor.qti.hardware.servicetracker::IServicetracker sid=u:r:system_server:s0 pid=1488 scontext=u:r:system_server:s0 tcontext=u:object_r:default_android_hwservice:s0 tclass=hwservice_manager permissive=0
03-03 02:57:29.887   569   569 I chatty  : uid=1000(system) hwservicemanage identical 11 lines
03-03 02:57:29.895   569   569 I auditd  : avc:  denied  { find } for interface=vendor.qti.hardware.servicetracker::IServicetracker sid=u:r:system_server:s0 pid=1488 scontext=u:r:system_server:s0 tcontext=u:object_r:default_android_hwservice:s0 tclass=hwservice_manager permissive=0
03-03 02:57:29.910  1488  1519 I sysui_multi_action: [757,1717,758,1,759,0]
03-03 02:57:29.911  1488  1519 I sysui_multi_action: [757,1717,758,2,759,0]
03-03 02:57:29.911  1488  1519 I sysui_multi_action: [757,1717,758,3,759,0]
03-03 02:57:29.948   569   569 I auditd  : avc:  denied  { find } for interface=vendor.qti.hardware.servicetracker::IServicetracker sid=u:r:system_server:s0 pid=1488 scontext=u:r:system_server:s0 tcontext=u:object_r:default_android_hwservice:s0 tclass=hwservice_manager permissive=0
03-03 02:57:29.987   569   569 I chatty  : uid=1000(system) hwservicemanage identical 2 lines
03-03 02:57:29.995   569   569 I auditd  : avc:  denied  { find } for interface=vendor.qti.hardware.servicetracker::IServicetracker sid=u:r:system_server:s0 pid=1488 scontext=u:r:system_server:s0 tcontext=u:object_r:default_android_hwservice:s0 tclass=hwservice_manager permissive=0
03-03 02:57:32.994  1488  1520 I am_uid_active: 10018
03-03 02:57:33.617  1488  1520 I am_uid_active: 10050
03-03 02:57:33.632   569   569 I auditd  : avc:  denied  { find } for interface=vendor.qti.hardware.servicetracker::IServicetracker sid=u:r:system_server:s0 pid=1488 scontext=u:r:system_server:s0 tcontext=u:object_r:default_android_hwservice:s0 tclass=hwservice_manager permissive=0
03-03 02:57:33.674   569   569 I auditd  : avc:  denied  { find } for interface=vendor.qti.hardware.servicetracker::IServicetracker sid=u:r:system_server:s0 pid=1488 scontext=u:r:system_server:s0 tcontext=u:object_r:default_android_hwservice:s0 tclass=hwservice_manager permissive=0
03-03 02:57:33.675  1488  1806 I am_uid_running: 10048
03-03 02:57:33.699  1488  1521 I am_proc_start: [0,3833,10048,com.qualcomm.qti.qms.service.trustzoneaccess,service,{com.qualcomm.qti.qms.service.trustzoneaccess/com.qualcomm.qti.qms.service.trustzoneaccess.TZAccessService}]
03-03 02:57:33.731  1488  1818 I am_proc_bound: [0,3833,com.qualcomm.qti.qms.service.trustzoneaccess]
03-03 02:57:33.742   569   569 I auditd  : avc:  denied  { find } for interface=vendor.qti.hardware.servicetracker::IServicetracker sid=u:r:system_server:s0 pid=1488 scontext=u:r:system_server:s0 tcontext=u:object_r:default_android_hwservice:s0 tclass=hwservice_manager permissive=0
03-03 02:57:33.838   569   569 I chatty  : uid=1000(system) hwservicemanage identical 2 lines
03-03 02:57:33.848   569   569 I auditd  : avc:  denied  { find } for interface=vendor.qti.hardware.servicetracker::IServicetracker sid=u:r:system_server:s0 pid=1488 scontext=u:r:system_server:s0 tcontext=u:object_r:default_android_hwservice:s0 tclass=hwservice_manager permissive=0
03-03 02:57:33.883  1488  1689 I am_proc_died: [0,3614,com.qti.ltebc,905,20]
03-03 02:57:33.884   569   569 I auditd  : avc:  denied  { find } for interface=vendor.qti.hardware.servicetracker::IServicetracker sid=u:r:system_server:s0 pid=1488 scontext=u:r:system_server:s0 tcontext=u:object_r:default_android_hwservice:s0 tclass=hwservice_manager permissive=0
03-03 02:57:33.885  1488  1689 I am_uid_stopped: 10050
03-03 02:57:36.544     0     0 I ufs_card_gdsc: disabling
03-03 02:57:36.544     0     0 I actuator_regulator: disabling
03-03 02:57:36.544     0     0 I camera_vana_ldo: disabling
03-03 02:57:36.544     0     0 I camera_rear_ldo: disabling
03-03 02:57:36.544     0     0 I camera_ldo: disabling
03-03 02:57:36.544     0     0 I ext_5v_boost: disabling
03-03 02:57:38.332   569   569 I auditd  : avc:  denied  { find } for interface=vendor.qti.hardware.servicetracker::IServicetracker sid=u:r:system_server:s0 pid=1488 scontext=u:r:system_server:s0 tcontext=u:object_r:default_android_hwservice:s0 tclass=hwservice_manager permissive=0
03-03 02:57:38.362  1488  1519 I am_pss  : [3218,1000,com.logitech.videocollaboration.froggerscreenshare,71370752,66338816,0,183906304,0,2,9]
03-03 02:57:38.431   569   569 I auditd  : avc:  denied  { find } for interface=vendor.qti.hardware.servicetracker::IServicetracker sid=u:r:system_server:s0 pid=1488 scontext=u:r:system_server:s0 tcontext=u:object_r:default_android_hwservice:s0 tclass=hwservice_manager permissive=0
03-03 02:57:38.687     0     0 I init    : Received control message 'stop' for 'idmap2d' from pid: 1488 (system_server)
03-03 02:57:38.687     0     0 I init    : Sending signal 9 to service 'idmap2d' (pid 3511) process group...
03-03 02:57:38.693     0     0 I libprocessgroup: Successfully killed process cgroup uid 1000 pid 3511 in 5ms
03-03 02:57:38.695     0     0 I init    : Service 'idmap2d' (pid 3511) received signal 9
03-03 02:57:38.460  1488  1521 I am_proc_start: [0,4171,1000,com.logitech.vc.attestationservice,service,{com.logitech.vc.attestationservice/com.logitech.vc.attestationservice.AttestationService}]
03-03 02:57:38.474  1488  1689 I am_proc_bound: [0,4171,com.logitech.vc.attestationservice]
03-03 02:57:38.477   569   569 I auditd  : avc:  denied  { find } for interface=vendor.qti.hardware.servicetracker::IServicetracker sid=u:r:system_server:s0 pid=1488 scontext=u:r:system_server:s0 tcontext=u:object_r:default_android_hwservice:s0 tclass=hwservice_manager permissive=0
03-03 02:57:45.938   569   569 I chatty  : uid=1000(system) hwservicemanage identical 12 lines
03-03 02:57:45.943   569   569 I auditd  : avc:  denied  { find } for interface=vendor.qti.hardware.servicetracker::IServicetracker sid=u:r:system_server:s0 pid=1488 scontext=u:r:system_server:s0 tcontext=u:object_r:default_android_hwservice:s0 tclass=hwservice_manager permissive=0
03-03 02:57:50.317  2135  2730 I dvm_lock_sample: [com.logitech.service.systemservi,0,pool-27-thread-1,29001,DeviceAttestation.java,-1,boolean com.logitech.vc.deviceattestation.DeviceAttestation.prepare(),Unsafe.java,-2,void sun.misc.Unsafe.park(boolean, long),100]
03-03 02:57:50.323   569   569 I auditd  : avc:  denied  { find } for interface=vendor.qti.hardware.servicetracker::IServicetracker sid=u:r:system_server:s0 pid=1488 scontext=u:r:system_server:s0 tcontext=u:object_r:default_android_hwservice:s0 tclass=hwservice_manager permissive=0
03-03 02:57:50.348  1488  1519 I am_pss  : [3218,1000,com.logitech.videocollaboration.froggerscreenshare,71293952,66342912,0,183910400,0,2,11]
03-03 02:57:50.358  1488  1519 I am_pss  : [3112,1000,com.logitech.vc.analytics,16832512,13590528,0,120856576,0,7,8]
03-03 02:57:50.367  1488  1519 I am_pss  : [3394,10018,com.android.providers.calendar,6678528,4558848,0,96567296,0,20,6]
03-03 02:57:50.376  1488  1519 I am_pss  : [3589,10046,com.qualcomm.qti.qms.service.telemetry,14655488,2744320,0,84291584,0,20,7]
03-03 02:57:50.385  1488  1519 I am_pss  : [3569,10047,com.qualcomm.qti.qms.service.connectionsecurity,16049152,4063232,0,86441984,0,20,7]
03-03 02:57:50.393  1488  1519 I am_pss  : [3548,1001,com.qualcomm.qti.lpa,4705280,3174400,0,86257664,0,20,7]
03-03 02:57:50.402  1488  1519 I am_pss  : [3480,1000,com.logitech.platform.dev.settings,6347776,4546560,0,98287616,0,11,7]
03-03 02:57:50.411  1488  1519 I am_pss  : [3143,10027,com.logitech.crashanalytics,40073216,37539840,0,134500352,0,11,8]
03-03 02:57:50.421  1488  1519 I am_pss  : [3443,1000,com.displaylink.desktop.oem,10770432,8384512,0,110559232,0,20,8]
03-03 02:57:50.429  1488  1519 I am_pss  : [3420,10035,com.android.traceur,8344576,6492160,0,94515200,0,20,7]
03-03 02:57:50.439  1488  1519 I am_pss  : [1907,1000,com.android.settings,26480640,21504000,0,141004800,0,20,8]
03-03 02:57:50.447  1488  1519 I am_pss  : [3370,10016,com.android.permissioncontroller,8803328,6963200,0,95035392,0,20,6]
03-03 02:57:50.454  1488  1519 I am_pss  : [3347,10014,com.android.packageinstaller,5875712,4329472,0,87932928,0,20,5]
03-03 02:57:50.463  1488  1519 I am_pss  : [2206,10026,com.android.inputmethod.leanback,12045312,7766016,0,114614272,0,8,8]
03-03 02:57:50.472  1488  1519 I am_pss  : [3301,1000,com.android.dynsystem,4879360,3153920,0,94584832,0,20,7]
03-03 02:57:50.481  1488  1519 I am_pss  : [3258,1000,com.microsoft.teams.ipphone.partner.agent,7395328,5652480,0,98185216,0,11,7]
03-03 02:57:50.490  1488  1519 I am_pss  : [3162,1000,com.qti.diagservices,5423104,3481600,0,98693120,0,11,7]
03-03 02:57:50.498  1488  1519 I am_pss  : [3073,1000,com.logitech.frogger.logidesktop,20912128,16621568,0,130195456,0,15,7]
03-03 02:57:50.507  1488  1519 I am_pss  : [3028,1000,com.qualcomm.qti.qmmi,6895616,5038080,0,99454976,0,20,7]
03-03 02:57:50.519  1488  1519 I am_pss  : [2666,1000,com.logitech.service.systemservice:CVEngineServiceProcess,214351872,211623936,0,316276736,0,7,11]
03-03 02:57:50.527  1488  1519 I am_pss  : [2628,10049,com.qualcomm.timeservice,4526080,2924544,0,86675456,0,20,7]
03-03 02:57:51.345   569   569 I auditd  : avc:  denied  { find } for interface=vendor.qti.hardware.servicetracker::IServicetracker sid=u:r:system_server:s0 pid=1488 scontext=u:r:system_server:s0 tcontext=u:object_r:default_android_hwservice:s0 tclass=hwservice_manager permissive=0
03-03 02:57:52.207   569   569 I chatty  : uid=1000(system) hwservicemanage identical 2 lines
03-03 02:57:52.210   569   569 I auditd  : avc:  denied  { find } for interface=vendor.qti.hardware.servicetracker::IServicetracker sid=u:r:system_server:s0 pid=1488 scontext=u:r:system_server:s0 tcontext=u:object_r:default_android_hwservice:s0 tclass=hwservice_manager permissive=0
03-03 02:57:52.216  2135  2807 I dvm_lock_sample: [com.logitech.service.systemservi,0,pool-30-thread-1,25627,DeviceAttestation.java,-1,boolean com.logitech.vc.deviceattestation.DeviceAttestation.prepare(),Unsafe.java,-2,void sun.misc.Unsafe.park(boolean, long),100]
03-03 02:57:52.268  2135  2714 I dvm_lock_sample: [com.logitech.service.systemservi,0,pool-26-thread-1,1947,DeviceAttestation.java,-1,java.lang.String[] com.logitech.vc.deviceattestation.DeviceAttestation.getBase64DerEncodedCertificates(),-,-1,boolean com.logitech.vc.deviceattestation.DeviceAttestation.prepare(),100]
03-03 02:57:52.362  2135  2730 I dvm_lock_sample: [com.logitech.service.systemservi,0,pool-27-thread-1,94,DeviceAttestation.java,-1,java.lang.String com.logitech.vc.deviceattestation.DeviceAttestation.signData(byte[]),-,-1,java.lang.String[] com.logitech.vc.deviceattestation.DeviceAttestation.getBase64DerEncodedCertificates(),18]
03-03 02:58:03.946     0     0 W hrtimer : interrupt took 204062 ns
03-03 02:58:14.780   569   569 I auditd  : avc:  denied  { find } for interface=vendor.qti.hardware.servicetracker::IServicetracker sid=u:r:system_server:s0 pid=1488 scontext=u:r:system_server:s0 tcontext=u:object_r:default_android_hwservice:s0 tclass=hwservice_manager permissive=0
03-03 02:58:14.791  1488  1619 I netstats_mobile_sample: [0,0,0,0,0,0,0,0,0,0,0,0,1614776294792]
03-03 02:58:14.792  1488  1619 I netstats_wifi_sample: [0,0,0,0,0,0,0,0,0,0,0,0,1614776294792]
03-03 02:58:14.794   569   569 I auditd  : avc:  denied  { find } for interface=vendor.qti.hardware.servicetracker::IServicetracker sid=u:r:system_server:s0 pid=1488 scontext=u:r:system_server:s0 tcontext=u:object_r:default_android_hwservice:s0 tclass=hwservice_manager permissive=0
03-03 02:58:14.797  1488  1519 I am_pss  : [1488,1000,system,115795968,103342080,0,271011840,0,0,25]
03-03 02:58:14.810  1488  1519 I am_pss  : [3045,1000,com.android.keychain,7056384,4395008,0,106192896,0,20,9]
03-03 02:58:14.821  1488  1519 I am_pss  : [4171,1000,com.logitech.vc.attestationservice,9233408,6656000,0,107483136,0,7,8]
03-03 02:58:14.830  1488  1519 I am_pss  : [3112,1000,com.logitech.vc.analytics,16794624,13639680,0,120905728,0,7,8]
03-03 02:58:14.839  1488  1519 I am_pss  : [3833,10048,com.qualcomm.qti.qms.service.trustzoneaccess,5803008,3702784,0,99766272,0,20,8]
03-03 02:58:14.846  1488  1519 I am_pss  : [3394,10018,com.android.providers.calendar,6676480,4558848,0,96567296,0,20,6]
03-03 02:58:14.854  1488  1519 I am_pss  : [3179,10013,android.process.media,11266048,7663616,0,116170752,0,20,6]
03-03 02:58:14.861  1488  1519 I am_pss  : [3589,10046,com.qualcomm.qti.qms.service.telemetry,14655488,2744320,0,84291584,0,20,5]
03-03 02:58:14.866  1488  1519 I am_pss  : [3569,10047,com.qualcomm.qti.qms.service.connectionsecurity,16049152,4063232,0,86441984,0,20,4]
03-03 02:58:14.872  1488  1519 I am_pss  : [3548,1001,com.qualcomm.qti.lpa,4705280,3174400,0,86257664,0,20,5]
03-03 02:58:14.878  1488  1519 I am_pss  : [3480,1000,com.logitech.platform.dev.settings,6347776,4546560,0,98287616,0,11,5]
03-03 02:58:14.887  1488  1519 I am_pss  : [3143,10027,com.logitech.crashanalytics,40112128,37605376,0,134565888,0,11,7]
03-03 02:58:14.894  1488  1519 I am_pss  : [3443,1000,com.displaylink.desktop.oem,10746880,8384512,0,110559232,0,20,6]
03-03 02:58:14.900  1488  1519 I am_pss  : [3420,10035,com.android.traceur,8344576,6492160,0,94515200,0,20,5]
03-03 02:58:14.909  1488  1519 I am_pss  : [1907,1000,com.android.settings,26454016,21504000,0,141004800,0,20,7]
03-03 02:58:14.917  1488  1519 I am_pss  : [3370,10016,com.android.permissioncontroller,8802304,6963200,0,95035392,0,20,6]
03-03 02:58:14.924  1488  1519 I am_pss  : [3347,10014,com.android.packageinstaller,5875712,4329472,0,87932928,0,20,5]
03-03 02:58:14.931  1488  1519 I am_pss  : [3301,1000,com.android.dynsystem,4879360,3153920,0,94584832,0,20,6]
03-03 02:58:14.939  1488  1519 I am_pss  : [3258,1000,com.microsoft.teams.ipphone.partner.agent,7395328,5652480,0,98185216,0,11,6]
03-03 02:58:14.947  1488  1519 I am_pss  : [3162,1000,com.qti.diagservices,5423104,3481600,0,98693120,0,11,7]
03-03 02:58:14.956  1488  1519 I am_pss  : [3073,1000,com.logitech.frogger.logidesktop,20911104,16621568,0,130195456,0,15,7]
03-03 02:58:14.965  1488  1519 I am_pss  : [3028,1000,com.qualcomm.qti.qmmi,6895616,5038080,0,99454976,0,20,7]
03-03 02:58:14.973  1488  1519 I am_pss  : [3007,1000,com.logitech.platform.zoom.internal,6087680,4034560,0,100655104,0,0,7]
03-03 02:58:14.982  1488  1519 I am_pss  : [2980,1000,com.logitech.vc.sync,17701888,15060992,0,117252096,0,0,7]
03-03 02:58:14.990  1488  1519 I am_pss  : [2954,1000,com.qualcomm.qti.services.secureui:sui_service,5619712,3645440,0,99127296,0,0,6]
03-03 02:58:14.997  1488  1519 I am_pss  : [2946,1000,com.qualcomm.qti.workloadclassifier,7350272,5459968,0,99713024,0,0,7]
03-03 02:58:15.006  1488  1519 I am_pss  : [2921,1000,com.logitech.platform.service,5452800,3547136,0,98775040,0,0,7]
03-03 02:58:15.014  1488  1519 I am_pss  : [2884,10058,com.qualcomm.qti.services.systemhelper:systemhelper_service,5318656,3588096,0,95395840,0,0,6]
03-03 02:58:15.022  1488  1519 I am_pss  : [2859,10043,com.logitech.platform.zoom.zdm,6580224,4890624,0,91361280,0,0,7]
03-03 02:58:15.032  1488  1519 I am_pss  : [2135,1000,com.logitech.service.systemservice:FWUpdateServiceProcess,16418816,12398592,0,128303104,0,0,9]
03-03 02:58:15.042  1488  1519 I am_pss  : [1658,1002,com.android.bluetooth,19306496,15933440,0,120844288,0,0,8]
03-03 02:58:15.050  1488  1519 I am_pss  : [2441,1000,com.logitech.service.systemservice:DummyServiceProcess,6334464,4116480,0,104554496,0,0,7]
03-03 02:58:15.058  1488  1519 I am_pss  : [2412,1000,com.logitech.service.systemservice:LogiUsbServiceProcess,6432768,4055040,0,105865216,0,0,7]
03-03 02:58:15.067  1488  1519 I am_pss  : [2386,1000,com.logitech.service.systemservice:HouseKeepingServiceProcess,7370752,4722688,0,109633536,0,0,8]
03-03 02:58:15.076  1488  1519 I am_pss  : [2339,1000,com.logitech.service.systemservice:AICVServiceProcess,6778880,4456448,0,105435136,0,0,7]
03-03 02:58:15.085  1488  1519 I am_pss  : [2306,1000,com.logitech.service.systemservice:RemoteServiceProcess,6656000,4362240,0,106430464,0,0,8]
03-03 02:58:15.093  1488  1519 I am_pss  : [2280,1000,com.logitech.service.systemservice:ConfigServiceProcess,9376768,6529024,0,115494912,0,0,8]
03-03 02:58:15.102  1488  1519 I am_pss  : [2251,1000,com.logitech.service.systemservice:AudioServiceProcess,7404544,4861952,0,108064768,0,0,7]
03-03 02:58:15.111  1488  1519 I am_pss  : [2177,1000,com.logitech.service.systemservice:HDMIServiceProcess,10187776,5836800,0,119500800,0,0,8]
03-03 02:58:15.120  1488  1519 I am_pss  : [2099,1000,com.logitech.service.systemservice:UVCServiceProcess,10631168,7540736,0,116334592,0,0,7]
03-03 02:58:15.130  1488  1519 I am_pss  : [2075,1000,com.logitech.service.systemservice:ModeServiceProcess,25052160,18616320,0,149475328,0,0,8]
03-03 02:58:15.138  1488  1519 I am_pss  : [2058,1000,com.logitech.service.systemservice:LEDServiceProcess,7094272,4583424,0,109039616,0,0,7]
03-03 02:58:15.146  1488  1519 I am_pss  : [2044,1000,com.logitech.service.systemservice:PTZFServiceProcess,6689792,4263936,0,106864640,0,0,7]
03-03 02:58:15.156  1488  1519 I am_pss  : [1895,1000,com.logitech.service.systemservice,7541760,5095424,0,108072960,0,0,7]
03-03 02:58:15.164  1488  1519 I am_pss  : [1869,1000,com.logitech.platform.service2,4983808,3252224,0,93966336,0,0,6]
03-03 02:58:15.173  1488  1519 I am_pss  : [1842,1001,.qtidataservices,7108608,4939776,0,102170624,0,0,8]
03-03 02:58:15.180  1488  1519 I am_pss  : [1784,1001,.dataservices,5644288,3686400,0,98054144,0,0,7]
03-03 02:58:15.193  1488  1519 I am_pss  : [1681,10055,com.android.systemui,63766528,54382592,0,215793664,0,0,10]
03-03 02:58:15.971   569   569 I auditd  : avc:  denied  { find } for interface=vendor.qti.hardware.servicetracker::IServicetracker sid=u:r:system_server:s0 pid=1488 scontext=u:r:system_server:s0 tcontext=u:object_r:default_android_hwservice:s0 tclass=hwservice_manager permissive=0
03-03 02:58:23.984     0     0 I init    : Service 'loggerlauncher' (pid 1385) exited with status 0
03-03 02:58:15.974   569   569 I auditd  : avc:  denied  { find } for interface=vendor.qti.hardware.servicetracker::IServicetracker sid=u:r:system_server:s0 pid=1488 scontext=u:r:system_server:s0 tcontext=u:object_r:default_android_hwservice:s0 tclass=hwservice_manager permissive=0
03-03 02:58:27.525  1488  1520 I am_uid_idle: 10027
03-03 02:58:28.277   569   569 I auditd  : avc:  denied  { find } for interface=vendor.qti.hardware.servicetracker::IServicetracker sid=u:r:system_server:s0 pid=1488 scontext=u:r:system_server:s0 tcontext=u:object_r:default_android_hwservice:s0 tclass=hwservice_manager permissive=0
03-03 02:58:28.330   569   569 I chatty  : uid=1000(system) hwservicemanage identical 3 lines
03-03 02:58:28.332   569   569 I auditd  : avc:  denied  { find } for interface=vendor.qti.hardware.servicetracker::IServicetracker sid=u:r:system_server:s0 pid=1488 scontext=u:r:system_server:s0 tcontext=u:object_r:default_android_hwservice:s0 tclass=hwservice_manager permissive=0
03-03 02:58:28.369  1488  1521 I am_proc_start: [0,4402,1000,com.logitech.bugreporter,broadcast,{com.logitech.bugreporter/com.logitech.bugreporter.BugReportStartReceiver}]
03-03 02:58:28.407  1488  1689 I am_proc_bound: [0,4402,com.logitech.bugreporter]
03-03 02:58:28.411  1488  1520 I am_uid_idle: 10013
03-03 02:58:28.790     0     0 I init    : Received control message 'start' for 'dumpstate_runner' from pid: 4402 (com.logitech.bugreporter)
03-03 02:58:28.791     0     0 I init    : starting service 'dumpstate_runner'...
03-03 02:58:28.545  1488  1689 I am_mem_factor: [0,1]
03-03 02:58:28.879     0     0 I init    : Received control message 'start' for 'logitech_dumpstatez' from pid: 4435 (/system/bin/DumpstateRunner)
03-03 02:58:28.880     0     0 I init    : starting service 'logitech_dumpstatez'...
03-03 02:58:28.886     0     0 I init    : Created socket '/dev/socket/dumpstate', mode 660, user 0, group 0
03-03 02:58:29.996     0     0 D logd    : logdr: UID=2000 GID=2000 PID=4444 n tail=0 logMask=80 pid=0 start=0ns timeout=0ns
03-03 02:58:30.063     0     0 D logd    : logdr: UID=2000 GID=2000 PID=4446 n tail=0 logMask=19 pid=0 start=0ns timeout=0ns
03-03 02:58:30.230     0     0 D logd    : logdr: UID=2000 GID=2000 PID=4448 n tail=0 logMask=4 pid=0 start=0ns timeout=0ns
03-03 02:58:30.302     0     0 D logd    : logdr: UID=2000 GID=2000 PID=4450 n tail=0 logMask=20 pid=0 start=0ns timeout=0ns
03-03 02:58:30.325     0     0 D logd    : logdr: UID=2000 GID=2000 PID=4452 n tail=0 logMask=2 pid=0 start=0ns timeout=0ns
03-03 02:58:35.673     0     0 I binder  : 4441:4475 transaction failed 29201/-1, size 40-8 line 3144
03-03 02:58:35.423  4441  4441 I auditd  : type=1400 audit(0.0:58): avc: denied { use } for comm="dumpstate" path="pipe:[64243]" dev="pipefs" ino=64243 scontext=u:r:ashmemd:s0 tcontext=u:r:dumpstate:s0 tclass=fd permissive=0
03-03 02:58:35.689     0     0 I binder  : 4441:4480 transaction failed 29201/-1, size 40-8 line 3425
03-03 02:58:35.703  1488  2866 I commit_sys_config_file: [sync-status,4]
03-03 02:58:36.263  4441  4441 I auditd  : type=1400 audit(0.0:59): avc: denied { use } for comm="dumpstate" path="pipe:[61429]" dev="pipefs" ino=61429 scontext=u:r:gpuservice:s0 tcontext=u:r:dumpstate:s0 tclass=fd permissive=0
03-03 02:58:36.526     0     0 I binder  : 4441:4648 transaction failed 29201/-1, size 40-8 line 3425
03-03 02:58:37.253  4441  4441 I auditd  : type=1400 audit(0.0:60): avc: denied { use } for comm="dumpstate" path="pipe:[65096]" dev="pipefs" ino=65096 scontext=u:r:system_suspend:s0 tcontext=u:r:dumpstate:s0 tclass=fd permissive=0
03-03 02:58:37.514     0     0 I binder  : 4441:4723 transaction failed 29201/-1, size 40-8 line 3425
03-03 02:58:37.727     0     0 D logd    : logdr: UID=1000 GID=1000 PID=4746 n tail=127 logMask=19 pid=0 start=0ns timeout=0ns
03-03 02:58:40.783  1246  1246 I auditd  : type=1400 audit(0.0:61): avc: denied { search } for comm="Binder:1246_2" name="bms" dev="sysfs" ino=68492 scontext=u:r:incidentd:s0 tcontext=u:object_r:sysfs_battery_supply:s0 tclass=dir permissive=0
03-03 02:58:42.390   569   569 I auditd  : avc:  denied  { find } for interface=vendor.qti.hardware.servicetracker::IServicetracker sid=u:r:system_server:s0 pid=1488 scontext=u:r:system_server:s0 tcontext=u:object_r:default_android_hwservice:s0 tclass=hwservice_manager permissive=0
03-03 02:58:42.411  1488  1519 I am_pss  : [4171,1000,com.logitech.vc.attestationservice,9124864,6676480,0,108032000,0,7,7]
03-03 02:58:42.419  1488  1519 I am_pss  : [3045,1000,com.android.keychain,7129088,4595712,0,106827776,0,20,7]
03-03 02:58:42.427  1488  1519 I am_pss  : [3833,10048,com.qualcomm.qti.qms.service.trustzoneaccess,5805056,3764224,0,100274176,0,20,7]
03-03 02:58:42.436  1488  1519 I am_pss  : [3179,10013,android.process.media,11156480,7766016,0,116662272,0,20,7]
03-03 02:58:43.042  1488  1520 I am_uid_idle: 10018
03-03 02:58:44.471   569   569 I auditd  : avc:  denied  { find } for interface=vendor.qti.hardware.servicetracker::IServicetracker sid=u:r:system_server:s0 pid=1488 scontext=u:r:system_server:s0 tcontext=u:object_r:default_android_hwservice:s0 tclass=hwservice_manager permissive=0
03-03 02:58:50.161  1488  2866 I am_meminfo: [624566272,3044286464,12288,252723200,550757376]
03-03 02:58:51.030     0     0 I init    : Service 'logitech_dumpstatez' (pid 4441) exited with status 0
03-03 02:58:50.850  1488  1519 I am_pss  : [3218,1000,com.logitech.videocollaboration.froggerscreenshare,71651328,66605056,0,187617280,0,2,10]
03-03 02:58:50.851  3143  3143 I [40000000]: [bugreport,received]
03-03 02:58:50.862  1488  1519 I am_pss  : [4402,1000,com.logitech.bugreporter,9947136,7802880,0,107376640,0,20,8]
03-03 02:58:50.871  1488  1519 I am_pss  : [3007,1000,com.logitech.platform.zoom.internal,6420480,4304896,0,103858176,0,0,7]
03-03 02:58:51.125     0     0 I init    : Received control message 'stop' for 'logitech_dumpstatez' from pid: 4435 (/system/bin/DumpstateRunner)
03-03 02:58:51.129     0     0 I init    : Service 'dumpstate_runner' (pid 4435) exited with status 0
03-03 02:58:50.881  1488  1519 I am_pss  : [2980,1000,com.logitech.vc.sync,17391616,14860288,0,117899264,0,0,7]
03-03 02:58:50.889  1488  1519 I am_pss  : [2954,1000,com.qualcomm.qti.services.secureui:sui_service,5722112,3772416,0,100343808,0,0,7]
03-03 02:58:50.898  1488  1519 I am_pss  : [2946,1000,com.qualcomm.qti.workloadclassifier,7179264,5066752,0,100990976,0,0,7]
03-03 02:58:50.907  1488  1519 I am_pss  : [2921,1000,com.logitech.platform.service,5560320,3674112,0,100044800,0,0,7]
03-03 02:58:50.915  1488  1519 I am_pss  : [2884,10058,com.qualcomm.qti.services.systemhelper:systemhelper_service,5413888,3698688,0,96673792,0,0,6]
03-03 02:58:50.925  1488  1519 I am_pss  : [2859,10043,com.logitech.platform.zoom.zdm,10554368,7872512,0,105635840,0,0,7]
03-03 02:59:08.493     0     0 W healthd : battery l=50 v=4167 t=25.0 h=2 st=3 c=-544 fc=0 cc=0 chg=
03-03 02:59:44.464   569   569 I auditd  : avc:  denied  { find } for interface=vendor.qti.hardware.servicetracker::IServicetracker sid=u:r:system_server:s0 pid=1488 scontext=u:r:system_server:s0 tcontext=u:object_r:default_android_hwservice:s0 tclass=hwservice_manager permissive=0
03-03 02:59:44.479  1488  1519 I am_pss  : [4402,1000,com.logitech.bugreporter,9946112,7802880,0,107376640,0,20,8]
03-03 02:59:44.486   569   569 I auditd  : avc:  denied  { find } for interface=vendor.qti.hardware.servicetracker::IServicetracker sid=u:r:system_server:s0 pid=1488 scontext=u:r:system_server:s0 tcontext=u:object_r:default_android_hwservice:s0 tclass=hwservice_manager permissive=0
03-03 03:00:30.927  1488  1512 I commit_sys_config_file: [package-session,7]
03-03 03:00:30.941  1488  1512 I commit_sys_config_file: [package-session,10]
03-03 03:00:31.050  1488  1807 I commit_sys_config_file: [package-session,14]
03-03 03:00:31.146  1488  1519 I am_pss  : [3218,1000,com.logitech.videocollaboration.froggerscreenshare,71725056,66666496,0,188043264,0,2,11]
03-03 03:00:31.202  1488  1535 I commit_sys_config_file: [package-user-0,6]
03-03 03:00:31.202  1488  1535 I commit_sys_config_file: [package,77]
03-03 03:00:31.308  1488  1535 I commit_sys_config_file: [package-user-0,5]
03-03 03:00:31.309  1488  1535 I commit_sys_config_file: [package,65]
03-03 03:00:31.322  1488  1535 I sysui_multi_action: [757,1243,758,4,806,com.logitech.integration.test,1241,android.permission.CAMERA]
03-03 03:00:31.322  1488  1535 I sysui_multi_action: [757,1243,758,4,806,com.logitech.integration.test,1241,android.permission.WRITE_EXTERNAL_STORAGE]
03-03 03:00:31.337  1488  1535 I sysui_multi_action: [757,1243,758,4,806,com.logitech.integration.test,1241,android.permission.READ_EXTERNAL_STORAGE]
03-03 03:00:31.345  1488  1535 I sysui_multi_action: [757,1243,758,4,806,com.logitech.integration.test,1241,android.permission.RECORD_AUDIO]
03-03 03:00:31.351  1488  1535 I unknown_sources_enabled: 1
03-03 03:00:31.400   569   569 I auditd  : avc:  denied  { find } for interface=vendor.qti.hardware.servicetracker::IServicetracker sid=u:r:system_server:s0 pid=1488 scontext=u:r:system_server:s0 tcontext=u:object_r:default_android_hwservice:s0 tclass=hwservice_manager permissive=0
03-03 03:00:31.407  1488  1577 I commit_sys_config_file: [package-session,44]
03-03 03:00:31.414  1488  1488 I notification_cancel_all: [1000,1488,com.logitech.integration.test,0,0,0,5,NULL]
03-03 03:00:31.414  1488  1488 I notification_cancel_all: [1000,1488,com.logitech.integration.test,0,0,0,5,NULL]
03-03 03:00:31.420   569   569 I auditd  : avc:  denied  { find } for interface=vendor.qti.hardware.servicetracker::IServicetracker sid=u:r:system_server:s0 pid=1488 scontext=u:r:system_server:s0 tcontext=u:object_r:default_android_hwservice:s0 tclass=hwservice_manager permissive=0
03-03 03:00:31.593  1488  1519 I commit_sys_config_file: [package-perms-0,29]
03-03 03:00:44.485   569   569 I auditd  : avc:  denied  { find } for interface=vendor.qti.hardware.servicetracker::IServicetracker sid=u:r:system_server:s0 pid=1488 scontext=u:r:system_server:s0 tcontext=u:object_r:default_android_hwservice:s0 tclass=hwservice_manager permissive=0
03-03 03:00:44.508   569   569 I auditd  : avc:  denied  { find } for interface=vendor.qti.hardware.servicetracker::IServicetracker sid=u:r:system_server:s0 pid=1488 scontext=u:r:system_server:s0 tcontext=u:object_r:default_android_hwservice:s0 tclass=hwservice_manager permissive=0
03-03 03:01:44.514   569   569 I auditd  : avc:  denied  { find } for interface=vendor.qti.hardware.servicetracker::IServicetracker sid=u:r:system_server:s0 pid=1488 scontext=u:r:system_server:s0 tcontext=u:object_r:default_android_hwservice:s0 tclass=hwservice_manager permissive=0
03-03 03:01:44.539   569   569 I auditd  : avc:  denied  { find } for interface=vendor.qti.hardware.servicetracker::IServicetracker sid=u:r:system_server:s0 pid=1488 scontext=u:r:system_server:s0 tcontext=u:object_r:default_android_hwservice:s0 tclass=hwservice_manager permissive=0
03-03 03:02:10.818  1488  1610 I configuration_changed: 48
03-03 03:02:10.820  1488  1488 I sysui_multi_action: [757,128,758,5,759,8,793,292173,794,0,795,292173,796,19,806,android,857,PHYSICAL_KEYBOARD,858,3,947,0,1500,292071,1688,1]
03-03 03:02:10.820  1488  1488 I notification_canceled: [-1|android|19|null|1000,8,292173,292173,0,-1,-1,NULL]
03-03 02:57:26.359  1488  2653 D TelephonyRegistry: listen oscl: mHasNotifySubscriptionInfoChangedOccurred==false no callback
03-03 03:02:10.895  1681  1681 W CarrierConfigManager: Error getting config for subId -1 ICarrierConfigLoader is null
03-03 03:02:10.895  1488  1610 I am_relaunch_resume_activity: [0,166622719,114,com.logitech.videocollaboration.froggerscreenshare/.MainActivity]
03-03 03:02:10.895  3218  3218 I am_on_top_resumed_lost_called: [0,com.logitech.videocollaboration.froggerscreenshare.MainActivity,pausing]
03-03 03:02:10.896  3218  3218 I am_on_paused_called: [0,com.logitech.videocollaboration.froggerscreenshare.MainActivity,performPause]
03-03 03:02:10.899  3218  3218 I am_on_stop_called: [0,com.logitech.videocollaboration.froggerscreenshare.MainActivity,handleRelaunchActivity]
03-03 03:02:10.901  3218  3218 I am_on_destroy_called: [0,com.logitech.videocollaboration.froggerscreenshare.MainActivity,performDestroy]
03-03 03:02:10.919  3218  3218 I am_on_create_called: [0,com.logitech.videocollaboration.froggerscreenshare.MainActivity,performCreate]
03-03 03:02:11.010  3218  3218 I am_on_start_called: [0,com.logitech.videocollaboration.froggerscreenshare.MainActivity,handleStartActivity]
03-03 03:02:11.012  3218  3218 I am_on_resume_called: [0,com.logitech.videocollaboration.froggerscreenshare.MainActivity,RESUME_ACTIVITY]
03-03 03:02:11.012  3218  3218 I am_on_top_resumed_gained_called: [0,com.logitech.videocollaboration.froggerscreenshare.MainActivity,topWhenResuming]
03-03 02:59:08.612     0     0 W healthd : battery l=50 v=4167 t=25.0 h=2 st=3 c=-544 fc=0 cc=0 chg=
03-03 03:02:38.838     0     0 I perf    : interrupt took too long (2526 > 2500), lowering kernel.perf_event_max_sample_rate to 79100
03-03 03:02:44.542   569   569 I auditd  : avc:  denied  { find } for interface=vendor.qti.hardware.servicetracker::IServicetracker sid=u:r:system_server:s0 pid=1488 scontext=u:r:system_server:s0 tcontext=u:object_r:default_android_hwservice:s0 tclass=hwservice_manager permissive=0
03-03 03:02:46.709   569   569 I auditd  : avc:  denied  { find } for interface=vendor.qti.hardware.servicetracker::IServicetracker sid=u:r:system_server:s0 pid=1488 scontext=u:r:system_server:s0 tcontext=u:object_r:default_android_hwservice:s0 tclass=hwservice_manager permissive=0
03-03 03:03:46.710   569   569 I auditd  : avc:  denied  { find } for interface=vendor.qti.hardware.servicetracker::IServicetracker sid=u:r:system_server:s0 pid=1488 scontext=u:r:system_server:s0 tcontext=u:object_r:default_android_hwservice:s0 tclass=hwservice_manager permissive=0
03-03 03:03:46.746  1488  1519 I am_pss  : [3218,1000,com.logitech.videocollaboration.froggerscreenshare,130620416,125698048,0,247820288,0,2,15]
03-03 03:03:46.749   569   569 I auditd  : avc:  denied  { find } for interface=vendor.qti.hardware.servicetracker::IServicetracker sid=u:r:system_server:s0 pid=1488 scontext=u:r:system_server:s0 tcontext=u:object_r:default_android_hwservice:s0 tclass=hwservice_manager permissive=0
03-03 03:03:46.757  1488  1519 I am_pss  : [3480,1000,com.logitech.platform.dev.settings,6706176,4935680,0,99844096,0,11,9]
03-03 03:03:46.765  1488  1519 I am_pss  : [3258,1000,com.microsoft.teams.ipphone.partner.agent,7751680,6021120,0,99844096,0,11,6]
03-03 03:03:46.774  1488  1519 I am_pss  : [3162,1000,com.qti.diagservices,5766144,3858432,0,100229120,0,11,7]
03-03 03:04:25.379     0     0 I perf    : interrupt took too long (3171 > 3157), lowering kernel.perf_event_max_sample_rate to 63000
03-03 03:04:46.740   569   569 I auditd  : avc:  denied  { find } for interface=vendor.qti.hardware.servicetracker::IServicetracker sid=u:r:system_server:s0 pid=1488 scontext=u:r:system_server:s0 tcontext=u:object_r:default_android_hwservice:s0 tclass=hwservice_manager permissive=0
03-03 03:05:46.797   569   569 I chatty  : uid=1000(system) hwservicemanage identical 3 lines
03-03 03:06:46.787   569   569 I auditd  : avc:  denied  { find } for interface=vendor.qti.hardware.servicetracker::IServicetracker sid=u:r:system_server:s0 pid=1488 scontext=u:r:system_server:s0 tcontext=u:object_r:default_android_hwservice:s0 tclass=hwservice_manager permissive=0
03-03 03:06:46.810  1488  1519 I am_pss  : [3143,10027,com.logitech.crashanalytics,41576448,38940672,0,143228928,0,11,11]
03-03 03:06:46.822   569   569 I auditd  : avc:  denied  { find } for interface=vendor.qti.hardware.servicetracker::IServicetracker sid=u:r:system_server:s0 pid=1488 scontext=u:r:system_server:s0 tcontext=u:object_r:default_android_hwservice:s0 tclass=hwservice_manager permissive=0
03-03 03:07:10.211     0     0 W healthd : battery l=50 v=4167 t=25.0 h=2 st=3 c=-552 fc=0 cc=0 chg=
03-03 03:07:24.889     0     0 I perf    : interrupt took too long (3965 > 3963), lowering kernel.perf_event_max_sample_rate to 50400
03-03 03:07:37.594  1488  1512 I commit_sys_config_file: [package-session,7]
03-03 03:07:37.603  1488  1512 I commit_sys_config_file: [package-session,6]
03-03 03:07:37.685  1488  2653 I commit_sys_config_file: [package-session,6]
03-03 03:07:37.732  1488  1519 I am_pss  : [3218,1000,com.logitech.videocollaboration.froggerscreenshare,130748416,125829120,0,247951360,0,2,15]
03-03 03:07:37.742  1488  1519 I am_pss  : [1946,10021,android.ext.services,6619136,4255744,0,97976320,0,6,8]
03-03 03:07:37.774  1488  1535 I commit_sys_config_file: [package-user-0,5]
03-03 03:07:37.774  1488  1535 I commit_sys_config_file: [package,62]
03-03 03:07:37.885  1488  1535 I commit_sys_config_file: [package-user-0,13]
03-03 03:07:37.885  1488  1535 I commit_sys_config_file: [package,67]
03-03 03:07:37.889  1488  1535 I sysui_multi_action: [757,1243,758,4,806,com.logitech.integration.test,1241,android.permission.CAMERA]
03-03 03:07:37.890  1488  1535 I sysui_multi_action: [757,1243,758,4,806,com.logitech.integration.test,1241,android.permission.WRITE_EXTERNAL_STORAGE]
03-03 03:07:37.910  1488  1535 I sysui_multi_action: [757,1243,758,4,806,com.logitech.integration.test,1241,android.permission.READ_EXTERNAL_STORAGE]
03-03 03:07:37.920  1488  1535 I sysui_multi_action: [757,1243,758,4,806,com.logitech.integration.test,1241,android.permission.RECORD_AUDIO]
03-03 03:07:37.924  1488  1535 I unknown_sources_enabled: 1
03-03 03:07:37.950   569   569 I auditd  : avc:  denied  { find } for interface=vendor.qti.hardware.servicetracker::IServicetracker sid=u:r:system_server:s0 pid=1488 scontext=u:r:system_server:s0 tcontext=u:object_r:default_android_hwservice:s0 tclass=hwservice_manager permissive=0
03-03 03:07:37.952  1488  1577 I commit_sys_config_file: [package-session,24]
03-03 03:07:37.952  1488  1488 I notification_cancel_all: [1000,1488,com.logitech.integration.test,0,0,0,5,NULL]
03-03 03:07:37.970   569   569 I auditd  : avc:  denied  { find } for interface=vendor.qti.hardware.servicetracker::IServicetracker sid=u:r:system_server:s0 pid=1488 scontext=u:r:system_server:s0 tcontext=u:object_r:default_android_hwservice:s0 tclass=hwservice_manager permissive=0
03-03 03:07:37.982  1488  1488 I notification_cancel_all: [1000,1488,com.logitech.integration.test,0,0,0,5,NULL]
03-03 03:07:38.164  1488  1519 I commit_sys_config_file: [package-perms-0,10]
03-03 03:07:46.817   569   569 I auditd  : avc:  denied  { find } for interface=vendor.qti.hardware.servicetracker::IServicetracker sid=u:r:system_server:s0 pid=1488 scontext=u:r:system_server:s0 tcontext=u:object_r:default_android_hwservice:s0 tclass=hwservice_manager permissive=0
03-03 03:07:46.834   569   569 I auditd  : avc:  denied  { find } for interface=vendor.qti.hardware.servicetracker::IServicetracker sid=u:r:system_server:s0 pid=1488 scontext=u:r:system_server:s0 tcontext=u:object_r:default_android_hwservice:s0 tclass=hwservice_manager permissive=0
03-03 03:07:57.073  1488  1512 I commit_sys_config_file: [package-session,11]
