12-31 20:42:48.257     0     0 E CAM_ERR : CAM-SENSOR: hdmi_state_show: 296 show g_hdmi_state=0
12-31 20:42:48.259   977   977 I auditd  : type=1400 audit(0.0:8): avc: denied { dac_override } for comm="vdc" capability=1 scontext=u:r:vdc:s0 tcontext=u:r:vdc:s0 tclass=capability permissive=0
12-31 20:42:48.267     0     0 I subsys-restart: __subsystem_get(): Changing subsys fw_name to modem
12-31 20:42:48.277     0     0 I pil-q6v5-mss 4080000.qcom,mss: modem: loading from 0x000000008e000000 to 0x0000000091000000
12-31 20:42:48.286     0     0 W pil-q6v5-mss 4080000.qcom,mss: Debug policy not present - msadp. Continue.
12-31 20:42:48.286     0     0 I pil-q6v5-mss 4080000.qcom,mss: Loading MBA and DP (if present) from 0x0000000096500000 to 0x0000000096600000
12-31 20:42:48.326     0     0 I pil-q6v5-mss 4080000.qcom,mss: MBA boot done
12-31 20:42:48.332     0     0 I apr_tal_notify_state: Channel state[0]
12-31 20:42:48.468     0     0 W healthd : battery l=50 v=4120 t=25.0 h=2 st=3 c=-1808 fc=0 cc=0 chg=
12-31 20:42:48.522     0     0 I pil-q6v5-mss 4080000.qcom,mss: modem: Brought out of reset
12-31 20:42:48.535     0     0 E         : msm_qti_pp_get_rms_value_control, back not active to query rms be_idx:3
12-31 20:42:48.541     0     0 I core_get_license_status: cmdrsp_license_result.result = 0x15 for module 0x131ff
12-31 20:42:48.560     0     0 I pil-q6v5-mss 4080000.qcom,mss: Subsystem error monitoring/handling services are up
12-31 20:42:48.562     0     0 I apr_tal_link_state_cb: edge[mpss] link state[0]
12-31 20:42:48.585     0     0 I         : afe_bypass_get value (1)
12-31 20:42:48.586     0     0 I         : adm_bypass_get value (1)
12-31 20:42:48.666     0     0 E ipc_router_log_msg: Modem QMI Readiness RX cmd:0x2 ADDR:0x0
12-31 20:42:48.668     0     0 I service-notifier: root_service_service_arrive: Connection established between QMI handle and 180 service
12-31 20:42:48.670     0     0 I sysmon-qmi: sysmon_clnt_svc_arrive: Connection established between QMI handle and modem's SSCTL service
12-31 20:42:48.778   569   569 I auditd  : avc:  denied  { find } for interface=vendor.qti.hardware.audiohalext::IAudioHalExt sid=u:r:audioserver:s0 pid=818 scontext=u:r:audioserver:s0 tcontext=u:object_r:default_android_hwservice:s0 tclass=hwservice_manager permissive=0
12-31 20:42:48.808     0     0 I pil-q6v5-mss 4080000.qcom,mss: modem: Power/Clock ready interrupt received
12-31 20:42:48.817     0     0 E diag    : In diag_send_feature_mask_update, control channel is not open, p: 0, ffffff8aea495830
12-31 20:42:48.819     0     0 E diag    : In diag_send_peripheral_buffering_mode, buffering flag not set for 0
12-31 20:42:48.896     0     0 I msm-dwc3 a800000.ssusb: DWC3 exited from low power mode
12-31 20:42:49.166     0     0 I usb 1-1.4: new high-speed USB device number 3 using xhci-hcd
12-31 20:42:49.250     0     0 E scm_call failed: func id 0x72000205, ret: -2, syscall returns: 0xffffffffffffffbf, 0x0, 0x0
12-31 20:42:49.250     0     0 E QSEECOM : __qseecom_process_incomplete_cmd: scm_call() failed with err: -22 (app_id = 0)
12-31 20:42:49.292     0     0 E QSEECOM : qseecom_create_key: Set the key successfully
12-31 20:42:49.298     0     0 W EXT4-fs (sda11): Ignoring removed nomblk_io_submit option
12-31 20:42:49.298     0     0 I usb 1-1.4: New USB device found, idVendor=046d, idProduct=0899
12-31 20:42:49.298     0     0 I usb 1-1.4: New USB device strings: Mfr=1, Product=2, SerialNumber=3
12-31 20:42:49.298     0     0 I usb 1-1.4: Product: Kong
12-31 20:42:49.298     0     0 I usb 1-1.4: Manufacturer: Logitech
12-31 20:42:49.298     0     0 I usb 1-1.4: SerialNumber: 0000000001
12-31 20:42:49.301     0     0 I EXT4-fs (sda11): mounted filesystem with ordered data mode. Opts: errors=remount-ro,nomblk_io_submit
12-31 20:42:49.320     0     0 I hidraw  : find ZynQ board at minor=0 , hidraw_table[minor]=000000005ffa9d9a
12-31 20:42:49.320     0     0 I hid-generic 0003: 046D:0899.0001: hiddev0,hidraw0: USB HID v1.01 Device [Logitech Kong] on usb-xhci-hcd.0.auto-1.4/input1
12-31 20:42:49.328     0     0 I cdc_ether 1-1.4: 1.2 usb0: register 'cdc_ether' at usb-xhci-hcd.0.auto-1.4, CDC Ethernet Device, b6:09:cd:5f:14:ff
12-31 20:42:49.337     0     0 I e2fsck  : e2fsck 1.44.4 (18-Aug-2018)
12-31 20:42:49.337     0     0 I e2fsck  : /dev/block/bootdevice/by-name/userdata: clean, 2345/3309568 files, 498053/13234159 blocks
12-31 20:42:49.340     0     0 I EXT4-fs (sda11): mounted filesystem with ordered data mode. Opts: barrier=1,noauto_da_alloc,discard
12-31 20:42:49.351     0     0 D vdc     : Waited 0ms for vold
12-31 20:42:49.376     0     0 I         : read descriptors
12-31 20:42:49.376     0     0 I         : read strings
12-31 20:42:49.419  1201  1201 I auditd  : type=1400 audit(0.0:9): avc: denied { dac_override } for comm="vdc" capability=1 scontext=u:r:vdc:s0 tcontext=u:r:vdc:s0 tclass=capability permissive=0
12-31 20:42:49.566     0     0 I update_verifier: Started with arg 1: trigger_restart_framework
12-31 20:42:49.567     0     0 I update_verifier: Booting slot 0: isSlotMarkedSuccessful=1
12-31 20:42:49.567     0     0 I update_verifier: Leaving update_verifier.
12-31 20:42:49.758     0     0 I         : 'opened /dev/adsprpc-smd c 219 0'
12-31 20:42:49.762     0     0 I         : 'opened /dev/cdsprpc-smd c 219 3'
12-31 20:42:49.838     0     0 W QSEECOM : qseecom_load_app: App (haventkn) does'nt exist, loading apps for first time
12-31 20:42:49.852     0     0 W QSEECOM : qseecom_load_app: App with id 2 (haventkn) now loaded
12-31 20:42:49.905     0     0 E [RMNET:HI] rmnet_config_notify_cb(): Kernel is trying to unregister ipsec_test
12-31 20:42:49.994     0     0 E MAIN_MGR: hvdcp_opti Version: 3:0:0
12-31 20:42:50.007     0     0 E MAIN_MGR: set keepcaps failed!
12-31 20:42:50.008     0     0 E SOH-D   : SOH disabled - Debug-board detected
12-31 20:42:50.008     0     0 E STD-PD  : Registered STD_PD
12-31 20:42:50.009     0     0 E PPS     : Registered PPS
12-31 20:42:50.009     0     0 E HVDCP2  : Not valid charger for hvdcp2.
12-31 20:42:50.009     0     0 E hvdcpd  : Not valid charger for hvdcp3.
12-31 20:42:50.009     0     0 E CTM     : file connector_health does not exist in /sys/class/power_supply/usb/
12-31 20:42:50.009     0     0 E CTM     : Couldn't read connector_health from /sys/class/power_supply/parallel/
12-31 20:42:50.009     0     0 E CP      : charge_pump missing
12-31 20:42:50.009     0     0 I capability: warning: `msm_irqbalance' uses 32-bit capabilities (legacy support in use)
12-31 20:42:50.030     0     0 I init    : Received control message 'start' for 'vendor.dataqti' from pid: 1433 (start vendor.dataqti)
12-31 20:42:50.030     0     0 I init    : starting service 'vendor.dataqti'...
12-31 20:42:50.034     0     0 I init    : Created socket '/dev/socket/qti_dpm_uds_file', mode 660, user 1001, group 1001
12-31 20:42:50.038     0     0 E [RMNET:HI] rmnet_config_notify_cb(): Kernel is trying to unregister ipsec_test
12-31 20:42:50.055     0     0 I init    : Received control message 'start' for 'vendor.dataadpl' from pid: 1437 (start vendor.dataadpl)
12-31 20:42:50.056     0     0 I init    : starting service 'vendor.dataadpl'...
12-31 20:42:50.059     0     0 I init    : Created socket '/dev/socket/adpl_cmd_uds_file', mode 660, user 1001, group 1001
12-31 20:42:50.067     0     0 I init    : processing action (ro.vendor.ril.mbn_copy_completed=1) from (/vendor/etc/init/hw/init.qcom.rc:838)
12-31 20:42:50.073     0     0 I service-notifier: root_service_service_ind_cb: Indication received from msm/modem/wlan_pd, state: 0x1fffffff, trans-id: 1
12-31 20:42:50.077     0     0 I icnss   : QMI Server Connected: state: 0x981
12-31 20:42:50.077     0     0 I service-notifier: send_ind_ack: Indication ACKed for transid 1, service msm/modem/wlan_pd, instance 180!
12-31 20:42:50.083     0     0 I init    : Service 'qcom-c_main-sh' (pid 1234) exited with status 0
12-31 20:42:50.085     0     0 I init    : Service 'qcom-sh' (pid 1371) exited with status 0
12-31 20:42:50.089     0     0 I init    : Received control message 'stop' for 'vendor.dataadpl' from pid: 1453 (/system/vendor/bin/adpl)
12-31 20:42:50.134     0     0 E CAM_ERR : CAM-SENSOR: hdmi_state_show: 296 show g_hdmi_state=0
12-31 20:42:50.150     0     0 E IPC_RTR : process_new_server_msg: Server 00001003 create rejected, version = 0
12-31 20:42:50.426     0     0 I         : read descriptors
12-31 20:42:50.426     0     0 I         : read strings
12-31 20:42:51.247     0     0 E lt9611_getHdmiStatus_fih: lt9611_getHdmiStatus_fih: DSI0 (max_hor, max_ver) = 00, 00, DSI1 (max_hor, max_ver) = 00, 00
12-31 20:42:51.566     0     0 I         : read descriptors
12-31 20:42:51.566     0     0 I         : read strings
03-03 02:57:12.735  1240  1240 I boot_progress_start: 11233
03-03 02:57:12.826   569   569 I auditd  : avc:  denied  { find } for interface=vendor.qti.hardware.slmadapter::ISlmAdapter sid=u:r:cnd:s0 pid=1272 scontext=u:r:cnd:s0 tcontext=u:object_r:default_android_hwservice:s0 tclass=hwservice_manager permissive=0
03-03 02:57:12.971  1270  1270 I liblog  : 132
03-03 02:57:13.109  1351  1351 I auditd  : type=1400 audit(0.0:10): avc: denied { search } for comm="cnss-daemon" name="wifi" dev="sda11" ino=3145751 scontext=u:r:wcnss_service:s0 tcontext=u:object_r:wifi_data_file:s0 tclass=dir permissive=0
03-03 02:57:13.109  1351  1351 I auditd  : type=1400 audit(0.0:11): avc: denied { search } for comm="cnss-daemon" name="wifi" dev="sda11" ino=3145751 scontext=u:r:wcnss_service:s0 tcontext=u:object_r:wifi_data_file:s0 tclass=dir permissive=0
03-03 02:57:13.188  1240  1240 I sysui_multi_action: [757,804,799,boot_zygote_init,801,11685,802,1]
03-03 02:57:13.193  1240  1240 I boot_progress_preload_start: 11690
03-03 02:57:13.406  1241  1241 I sysui_multi_action: [757,804,799,boot_zygote_init,801,11903,802,1]
--------- beginning of radio
03-03 02:57:13.589  1240  1240 D TelephonyManager: No /proc/cmdline exception=java.io.FileNotFoundException: /proc/cmdline: open failed: EACCES (Permission denied)
03-03 02:57:13.589  1240  1240 D TelephonyManager: /proc/cmdline=
03-03 02:57:13.826  1240  1240 I boot_progress_preload_end: 12324
03-03 02:57:13.985  1488  1488 I system_server_start: [1,12480,12480]
03-03 02:57:13.985  1488  1488 I boot_progress_system_run: 12483
03-03 02:57:13.985  1488  1488 I sysui_multi_action: [757,804,799,boot_system_server_init,801,12483,802,1]
03-03 02:57:14.178  1488  1519 I commit_sys_config_file: [batterystats,4]
03-03 02:57:14.181  1488  1519 I commit_sys_config_file: [batterystats,2]
03-03 02:57:14.213  1488  1488 I rescue_note: [0,1,12711]
03-03 02:57:14.234  1488  1488 I sysui_multi_action: [757,804,799,boot_package_manager_init_start,801,12732,802,1]
03-03 02:57:14.241  1488  1488 I boot_progress_pms_start: 12738
03-03 02:57:14.323  1488  1488 I boot_progress_pms_system_scan_start: 12821
03-03 02:57:14.411  1488  1488 I boot_progress_pms_data_scan_start: 12909
03-03 02:57:14.421  1488  1488 I boot_progress_pms_scan_end: 12918
03-03 02:57:14.572  1488  1488 I commit_sys_config_file: [package-user-0,2]
03-03 02:57:14.573  1488  1488 I commit_sys_config_file: [package,33]
03-03 02:57:14.573  1488  1488 I boot_progress_pms_ready: 13070
03-03 02:57:14.612  1488  1488 I sysui_multi_action: [757,804,799,boot_package_manager_init_ready,801,13109,802,1]
03-03 02:57:14.614  1488  1488 I am_uid_running: 1000
03-03 02:57:14.615  1488  1488 I am_uid_active: 1000
03-03 02:57:14.637     0     0 W healthd : battery l=50 v=4145 t=25.0 h=2 st=3 c=-1146 fc=0 cc=0 chg=
03-03 02:57:14.637  1488  1518 I battery_status: [3,2,1,0,Li-ion]
03-03 02:57:14.637  1488  1518 I battery_level: [50,4145,250]
03-03 02:57:14.637  1488  1512 I commit_sys_config_file: [overlays,4]
03-03 02:57:14.642     0     0 I chatty  : uid=0(root) logd identical 2 lines
03-03 02:57:14.670     0     0 W healthd : battery l=50 v=4145 t=25.0 h=2 st=3 c=-1146 fc=0 cc=0 chg=
03-03 02:57:14.779  1488  1488 I wm_stack_created: 0
03-03 02:57:14.801  1488  1488 I configuration_changed: 536894968
03-03 02:57:14.806  1488  1488 I sysui_multi_action: [757,1659,758,4,759,2,1660,0]
03-03 02:57:14.807  1488  1488 I sysui_multi_action: [757,1659,758,4,759,2,1660,4096]
03-03 02:57:14.815  1488  1520 I am_wtf  : [0,1488,system_server,-1,StorageManagerService,Failed to read field SystemLocale]
03-03 02:57:14.816  1488  1616 I configuration_changed: 512
03-03 02:57:14.818  1488  1519 I commit_sys_config_file: [package-perms-0,5]
03-03 02:57:14.875  1241  1241 D TelephonyManager: No /proc/cmdline exception=java.io.FileNotFoundException: /proc/cmdline: open failed: EACCES (Permission denied)
03-03 02:57:14.875  1241  1241 D TelephonyManager: /proc/cmdline=
03-03 02:57:14.881  1488  1488 E TelephonyManager: IMSI error: Subscriber Info is null
03-03 02:57:14.914     0     0 I dsi-ctrl: [_dsi_ctrl_setup_isr] [DSI_1] IRQ 1054 registered
03-03 02:57:14.951  1488  1634 I storage_state: [41217664-9172-527a-b3d5-edabb50a7d69,0,0,52016013312,53087854592]
03-03 02:57:14.951  1488  1512 I commit_sys_config_file: [notification-policy,4]
03-03 02:57:14.954  1488  1512 I commit_sys_config_file: [notification-policy,2]
03-03 02:57:14.974  1488  1488 I stream_devices_changed: [3,0,2]
03-03 02:57:14.991     0     0 I         : acc_open
03-03 02:57:14.991     0     0 I         : acc_release
03-03 02:57:15.010  1488  1488 I service_manager_stats: [100,10,13508]
03-03 02:57:15.100     0     0 I eth0    : 0xffffff800fffa000, 44:73:d6:50:a0:6c, IRQ 495
03-03 02:57:15.122     0     0 W healthd : battery l=50 v=4145 t=25.0 h=2 st=3 c=-1146 fc=0 cc=0 chg=
03-03 02:57:15.133  1488  1488 I liblog  : 232
03-03 02:57:15.142  1488  1488 I liblog  : 284
03-03 02:57:15.146  1488  1488 I commit_sys_config_file: [package-session,2]
03-03 02:57:15.152  1488  1488 I boot_progress_ams_ready: 13650
03-03 02:57:15.169  1488  1488 I thermal_changed: [CPU0,0,56.700005,0,-2147483648]
03-03 02:57:15.169  1488  1488 I thermal_changed: [CPU1,0,55.000004,0,-2147483648]
03-03 02:57:15.169  1488  1488 I thermal_changed: [CPU2,0,56.300003,0,-2147483648]
03-03 02:57:15.169  1488  1488 I thermal_changed: [CPU3,0,59.600002,0,-2147483648]
03-03 02:57:15.170  1488  1488 I thermal_changed: [CPU4,0,57.300003,0,-2147483648]
03-03 02:57:15.170  1488  1488 I thermal_changed: [CPU5,0,61.300003,0,-2147483648]
03-03 02:57:15.170  1488  1488 I thermal_changed: [CPU6,0,57.600002,0,-2147483648]
03-03 02:57:15.170  1488  1488 I thermal_changed: [CPU7,0,66.200005,0,-2147483648]
03-03 02:57:15.170  1488  1488 I thermal_changed: [GPU,1,46.800003,0,-2147483648]
03-03 02:57:15.170  1488  1488 I thermal_changed: [battery,2,25.000002,0,-2147483648]
03-03 02:57:15.170  1488  1488 I thermal_changed: [skin,3,47.532001,0,-2147483648]
03-03 02:57:15.175   569   569 I auditd  : avc:  denied  { find } for interface=vendor.qti.hardware.servicetracker::IServicetracker sid=u:r:system_server:s0 pid=1488 scontext=u:r:system_server:s0 tcontext=u:object_r:default_android_hwservice:s0 tclass=hwservice_manager permissive=0
03-03 02:57:15.175  1488  1512 I am_uid_running: 1002
03-03 02:57:15.193  1488  1521 I am_proc_start: [0,1658,1002,com.android.bluetooth,service,{com.android.bluetooth/com.android.bluetooth.btservice.AdapterService}]
03-03 02:57:15.199  1488  1614 I am_proc_bound: [0,1658,com.android.bluetooth]
03-03 02:57:15.202  1488  1614 I am_uid_active: 1002
03-03 02:57:15.202   569   569 I auditd  : avc:  denied  { find } for interface=vendor.qti.hardware.servicetracker::IServicetracker sid=u:r:system_server:s0 pid=1488 scontext=u:r:system_server:s0 tcontext=u:object_r:default_android_hwservice:s0 tclass=hwservice_manager permissive=0
03-03 02:57:15.226   569   569 I auditd  : avc:  denied  { find } for interface=vendor.qti.hardware.servicetracker::IServicetracker sid=u:r:system_server:s0 pid=1488 scontext=u:r:system_server:s0 tcontext=u:object_r:default_android_hwservice:s0 tclass=hwservice_manager permissive=0
03-03 02:57:15.226  1488  1488 I am_uid_running: 10055
03-03 02:57:15.236     0     0 E msm-dsi-panel: [dsi_panel_set_backlight:667] Backlight type(3) not supported
03-03 02:57:15.236     0     0 E msm-dsi-display: [dsi_display_set_backlight] unable to set backlight
03-03 02:57:15.250  1488  1521 I am_proc_start: [0,1681,10055,com.android.systemui,service,{com.android.systemui/com.android.systemui.ImageWallpaper}]
03-03 02:57:15.273  1488  1689 I am_proc_bound: [0,1681,com.android.systemui]
03-03 02:57:15.274  1488  1689 I am_uid_active: 10055
03-03 02:57:15.275   569   569 I auditd  : avc:  denied  { find } for interface=vendor.qti.hardware.servicetracker::IServicetracker sid=u:r:system_server:s0 pid=1488 scontext=u:r:system_server:s0 tcontext=u:object_r:default_android_hwservice:s0 tclass=hwservice_manager permissive=0
03-03 02:57:15.277   569   569 I auditd  : avc:  denied  { find } for interface=vendor.qti.hardware.servicetracker::IServicetracker sid=u:r:system_server:s0 pid=1488 scontext=u:r:system_server:s0 tcontext=u:object_r:default_android_hwservice:s0 tclass=hwservice_manager permissive=0
03-03 02:57:15.277  1488  1578 I am_uid_running: 1037
03-03 02:57:15.278   569   569 I auditd  : avc:  denied  { find } for interface=vendor.qti.hardware.servicetracker::IServicetracker sid=u:r:system_server:s0 pid=1488 scontext=u:r:system_server:s0 tcontext=u:object_r:default_android_hwservice:s0 tclass=hwservice_manager permissive=0
03-03 02:57:15.280   569   569 I auditd  : avc:  denied  { find } for interface=vendor.qti.hardware.servicetracker::IServicetracker sid=u:r:system_server:s0 pid=1488 scontext=u:r:system_server:s0 tcontext=u:object_r:default_android_hwservice:s0 tclass=hwservice_manager permissive=0
03-03 02:57:15.287  1488  1620 I commit_sys_config_file: [net-policy,3]
03-03 02:57:15.292  1488  1620 D TelephonyRegistry: listen oscl: mHasNotifySubscriptionInfoChangedOccurred==false no callback
03-03 02:57:15.325  1488  1521 I am_proc_start: [0,1717,1037,WebViewLoader-armeabi-v7a,NULL,]
03-03 02:57:15.342  1488  1521 I am_proc_start: [0,1731,1037,WebViewLoader-arm64-v8a,NULL,]
03-03 02:57:15.350  1488  1689 I am_proc_bound: [0,1717,WebViewLoader-armeabi-v7a]
03-03 02:57:15.351  1488  1689 I am_uid_active: 1037
03-03 02:57:15.359  1488  1591 I commit_sys_config_file: [settings-0-0,6]
03-03 02:57:15.361     0     0 I IPv6    : ADDRCONF(NETDEV_UP): eth0: link is not ready
03-03 02:57:15.366  1488  1507 I am_proc_bound: [0,1731,WebViewLoader-arm64-v8a]
03-03 02:57:15.370  1658  1772 I bt_config_source: 1
03-03 02:57:15.376   569   569 I auditd  : avc:  denied  { find } for interface=vendor.qti.hardware.servicetracker::IServicetracker sid=u:r:system_server:s0 pid=1488 scontext=u:r:system_server:s0 tcontext=u:object_r:default_android_hwservice:s0 tclass=hwservice_manager permissive=0
03-03 02:57:15.385  1488  1507 D TelephonyRegistry: listen oscl: mHasNotifySubscriptionInfoChangedOccurred==false no callback
03-03 02:57:15.385   569   569 I chatty  : uid=1000(system) hwservicemanage identical 3 lines
03-03 02:57:15.386   569   569 I auditd  : avc:  denied  { find } for interface=vendor.qti.hardware.servicetracker::IServicetracker sid=u:r:system_server:s0 pid=1488 scontext=u:r:system_server:s0 tcontext=u:object_r:default_android_hwservice:s0 tclass=hwservice_manager permissive=0
03-03 02:57:15.388  1488  1488 D TelephonyRegistry: systemRunning register for intents
03-03 02:57:15.391  1488  1488 I am_uid_running: 1001
03-03 02:57:15.495     0     0 I msm_vidc: info: Opening video instance: ffffffd82115c000, 0
03-03 02:57:15.501     0     0 I subsys-restart: __subsystem_get(): Changing subsys fw_name to venus
03-03 02:57:15.506  1488  1488 I wm_task_created: [1,0]
03-03 02:57:15.507  1488  1488 I wm_task_moved: [1,0,2147483647]
03-03 02:57:15.507     0     0 I ueventd : firmware: loading 'venus.mdt' for '/devices/platform/soc/aae0000.qcom,venus/firmware/venus.mdt'
03-03 02:57:15.507  1488  1488 I am_create_task: [0,1]
03-03 02:57:15.507  1488  1488 I am_create_activity: [0,124763526,1,com.android.settings/.FallbackHome,android.intent.action.MAIN,NULL,NULL,276824320]
03-03 02:57:15.507  1488  1488 I wm_task_moved: [1,0,2147483647]
03-03 02:57:15.508     0     0 I ueventd : loading /devices/platform/soc/aae0000.qcom,venus/firmware/venus.mdt took 0ms
03-03 02:57:15.508     0     0 I subsys-pil-tz aae0000.qcom,venus: venus: loading from 0x0000000095800000 to 0x0000000095d00000
03-03 02:57:15.514     0     0 I ueventd : firmware: loading 'venus.b02' for '/devices/platform/soc/aae0000.qcom,venus/firmware/venus.b02'
03-03 02:57:15.516     0     0 I ueventd : firmware: loading 'venus.b03' for '/devices/platform/soc/aae0000.qcom,venus/firmware/venus.b03'
03-03 02:57:15.517     0     0 I ueventd : loading /devices/platform/soc/aae0000.qcom,venus/firmware/venus.b02 took 2ms
03-03 02:57:15.518     0     0 I ueventd : firmware: loading 'venus.b04' for '/devices/platform/soc/aae0000.qcom,venus/firmware/venus.b04'
03-03 02:57:15.518     0     0 I ueventd : loading /devices/platform/soc/aae0000.qcom,venus/firmware/venus.b03 took 1ms
03-03 02:57:15.519     0     0 I ueventd : loading /devices/platform/soc/aae0000.qcom,venus/firmware/venus.b04 took 1ms
03-03 02:57:15.529     0     0 I subsys-pil-tz aae0000.qcom,venus: venus: Brought out of reset
03-03 02:57:15.543     0     0 I msm_vidc: info: Closed video instance: ffffffd82115c000
03-03 02:57:15.547  1488  1521 I am_proc_start: [0,1784,1001,.dataservices,added application,.dataservices]
03-03 02:57:15.547  1488  1689 I am_proc_bound: [0,1784,.dataservices]
03-03 02:57:15.548  1488  1488 I sysui_multi_action: [757,804,799,boot_system_server_ready,801,14045,802,1]
03-03 02:57:15.553  1488  1689 I am_uid_active: 1001
03-03 02:57:15.555  1488  1807 I am_proc_died: [0,1717,WebViewLoader-armeabi-v7a,-700,0]
03-03 02:57:15.556   569   569 I auditd  : avc:  denied  { find } for interface=vendor.qti.hardware.servicetracker::IServicetracker sid=u:r:system_server:s0 pid=1488 scontext=u:r:system_server:s0 tcontext=u:object_r:default_android_hwservice:s0 tclass=hwservice_manager permissive=0
03-03 02:57:15.557  1488  1807 I am_mem_factor: [3,0]
03-03 02:57:15.562  1488  1807 I am_low_memory: 8
03-03 02:57:15.564  1488  1818 I dvm_lock_sample: [system_server,0,Binder:1488_7,75,ActivityManagerService.java,1527,void com.android.server.am.ActivityManagerService$AppDeathRecipient.binderDied(),-,9119,void com.android.server.am.ActivityManagerService.systemReady(java.lang.Runnable, android.util.TimingsTraceLog),15]
03-03 02:57:15.565  1488  1818 I am_proc_died: [0,1731,WebViewLoader-arm64-v8a,-700,0]
03-03 02:57:15.565   569   569 I auditd  : avc:  denied  { find } for interface=vendor.qti.hardware.servicetracker::IServicetracker sid=u:r:system_server:s0 pid=1488 scontext=u:r:system_server:s0 tcontext=u:object_r:default_android_hwservice:s0 tclass=hwservice_manager permissive=0
03-03 02:57:15.565  1488  1818 I am_uid_stopped: 1037
03-03 02:57:15.566  1488  1818 I am_low_memory: 7
03-03 02:57:15.568  1488  1521 I am_proc_start: [0,1842,1001,.qtidataservices,added application,.qtidataservices]
03-03 02:57:15.569     0     0 I msm_vidc: info: Opening video instance: ffffffd821288000, 1
03-03 02:57:15.576     0     0 I msm_vidc: info: Closed video instance: ffffffd821288000
03-03 02:57:15.579  1821  1821 I auditd  : type=1400 audit(0.0:12): avc: denied { getattr } for comm="webview_zygote" path="/data/data/com.android.webview" dev="sda11" ino=655638 scontext=u:r:webview_zygote:s0 tcontext=u:object_r:app_data_file:s0:c56,c256,c512,c768 tclass=dir permissive=0
03-03 02:57:15.579  1821  1821 I auditd  : type=1400 audit(0.0:13): avc: denied { getattr } for comm="webview_zygote" path="/data/data/com.android.webview" dev="sda11" ino=655638 scontext=u:r:webview_zygote:s0 tcontext=u:object_r:app_data_file:s0:c56,c256,c512,c768 tclass=dir permissive=0
03-03 02:57:15.580  1488  1488 I notification_cancel_all: [1000,1488,android,0,0,0,17,NULL]
03-03 02:57:15.588   569   569 I auditd  : avc:  denied  { find } for interface=vendor.qti.hardware.servicetracker::IServicetracker sid=u:r:system_server:s0 pid=1488 scontext=u:r:system_server:s0 tcontext=u:object_r:default_android_hwservice:s0 tclass=hwservice_manager permissive=0
03-03 02:57:15.589  1488  1488 I am_uid_running: 10021
03-03 02:57:15.595  1488  1521 I am_proc_start: [0,1869,1000,com.logitech.platform.service2,added application,com.logitech.platform.service2]
03-03 02:57:15.604     0     0 I msm_vidc: info: Opening video instance: ffffffd8213b0000, 1
03-03 02:57:15.612     0     0 I msm_vidc: info: Closed video instance: ffffffd8213b0000
03-03 02:57:15.612  1488  1818 I am_proc_bound: [0,1842,.qtidataservices]
03-03 02:57:15.618  1488  1521 I am_proc_start: [0,1895,1000,com.logitech.service.systemservice,added application,com.logitech.service.systemservice]
03-03 02:57:15.625  1488  1818 I am_proc_bound: [0,1869,com.logitech.platform.service2]
03-03 02:57:15.638  1488  1507 I am_proc_bound: [0,1895,com.logitech.service.systemservice]
03-03 02:57:15.647  1488  1512 I commit_sys_config_file: [notification-policy,52]
03-03 02:57:15.649  1488  1818 I dvm_lock_sample: [system_server,1,Binder:1488_7,16,AssetManager.java,532,java.lang.CharSequence android.content.res.AssetManager.getResourceText(int),-,939,java.io.InputStream android.content.res.AssetManager.openNonAsset(int, java.lang.String, int),3]
03-03 02:57:15.652  1488  1521 I am_proc_start: [0,1907,1000,com.android.settings,activity,{com.android.settings/com.android.settings.FallbackHome}]
03-03 02:57:15.653  1488  1807 I am_proc_bound: [0,1907,com.android.settings]
03-03 02:57:15.653  1488  1591 I commit_sys_config_file: [settings-0-0,40]
03-03 02:57:15.657  1488  1807 I configuration_changed: 16384
03-03 02:57:15.659   569   569 I auditd  : avc:  denied  { find } for interface=vendor.qti.hardware.audiohalext::IAudioHalExt sid=u:r:mediaserver:s0 pid=1254 scontext=u:r:mediaserver:s0 tcontext=u:object_r:default_android_hwservice:s0 tclass=hwservice_manager permissive=0
03-03 02:57:15.683  1488  1807 I am_restart_activity: [0,124763526,1,com.android.settings/.FallbackHome]
03-03 02:57:15.683  1488  1807 I am_set_resumed_activity: [0,com.android.settings/.FallbackHome,minimalResumeActivityLocked]
03-03 02:57:15.687  1488  1521 I am_proc_start: [0,1946,10021,android.ext.services,service,{android.ext.services/android.ext.services.watchdog.ExplicitHealthCheckServiceImpl}]
03-03 02:57:15.703     0     0 I         : read descriptors
03-03 02:57:15.703     0     0 I         : read strings
03-03 02:57:15.711  1488  1841 I am_proc_bound: [0,1946,android.ext.services]
03-03 02:57:15.713  1488  1841 I am_uid_active: 10021
03-03 02:57:15.713   569   569 I auditd  : avc:  denied  { find } for interface=vendor.qti.hardware.servicetracker::IServicetracker sid=u:r:system_server:s0 pid=1488 scontext=u:r:system_server:s0 tcontext=u:object_r:default_android_hwservice:s0 tclass=hwservice_manager permissive=0
03-03 02:57:15.726     0     0 I msm_vidc: info: Opening video instance: ffffffd81b644000, 1
03-03 02:57:15.731     0     0 I msm_vidc: info: Closed video instance: ffffffd81b644000
03-03 02:57:15.738     0     0 I msm_vidc: info: Opening video instance: ffffffd81b658000, 1
03-03 02:57:15.746     0     0 I msm_vidc: info: Closed video instance: ffffffd81b658000
03-03 02:57:15.770     0     0 I msm_vidc: info: Opening video instance: ffffffd81b6ac000, 1
03-03 02:57:15.770  1907  1907 I am_on_create_called: [0,com.android.settings.FallbackHome,performCreate]
03-03 02:57:15.772  1907  1907 I am_on_start_called: [0,com.android.settings.FallbackHome,handleStartActivity]
03-03 02:57:15.772  1907  1907 I am_on_resume_called: [0,com.android.settings.FallbackHome,RESUME_ACTIVITY]
03-03 02:57:15.774     0     0 I msm_vidc: info: Closed video instance: ffffffd81b6ac000
03-03 02:57:15.780  1907  1907 I am_on_top_resumed_gained_called: [0,com.android.settings.FallbackHome,topStateChangedWhenResumed]
03-03 02:57:15.781   569   569 I auditd  : avc:  denied  { find } for interface=vendor.qti.hardware.servicetracker::IServicetracker sid=u:r:system_server:s0 pid=1488 scontext=u:r:system_server:s0 tcontext=u:object_r:default_android_hwservice:s0 tclass=hwservice_manager permissive=0
03-03 02:57:15.782     0     0 I msm_vidc: info: Opening video instance: ffffffd81b6d4000, 1
03-03 02:57:15.785     0     0 I msm_vidc: info: Closed video instance: ffffffd81b6d4000
03-03 02:57:15.793  1681  1681 W CarrierConfigManager: Error getting config for subId -1 ICarrierConfigLoader is null
03-03 02:57:15.800  1488  1614 D TelephonyRegistry: listen oscl: mHasNotifySubscriptionInfoChangedOccurred==false no callback
03-03 02:57:15.817   569   569 I chatty  : uid=1000(system) hwservicemanage identical 7 lines
03-03 02:57:15.824   569   569 I auditd  : avc:  denied  { find } for interface=vendor.qti.hardware.servicetracker::IServicetracker sid=u:r:system_server:s0 pid=1488 scontext=u:r:system_server:s0 tcontext=u:object_r:default_android_hwservice:s0 tclass=hwservice_manager permissive=0
03-03 02:57:15.826  1488  1519 I sysui_multi_action: [319,293,322,432,325,14,757,761,758,7,759,3,806,com.android.settings,871,com.android.settings.FallbackHome,905,0,945,261,1320,5,1321,1]
03-03 02:57:15.826   569   569 I auditd  : avc:  denied  { find } for interface=vendor.qti.hardware.servicetracker::IServicetracker sid=u:r:system_server:s0 pid=1488 scontext=u:r:system_server:s0 tcontext=u:object_r:default_android_hwservice:s0 tclass=hwservice_manager permissive=0
03-03 02:57:15.827  1488  1614 I am_uid_running: 10026
03-03 02:57:15.827  1488  1519 I am_activity_launch_time: [0,124763526,com.android.settings/.FallbackHome,432]
03-03 02:57:15.827  1488  1521 I am_proc_start: [0,2044,1000,com.logitech.service.systemservice:PTZFServiceProcess,service,{com.logitech.service.systemservice/com.logitech.service.ptzfservice.PTZFService}]
03-03 02:57:15.829   569   569 I auditd  : avc:  denied  { find } for interface=vendor.qti.hardware.servicetracker::IServicetracker sid=u:r:system_server:s0 pid=1488 scontext=u:r:system_server:s0 tcontext=u:object_r:default_android_hwservice:s0 tclass=hwservice_manager permissive=0
03-03 02:57:15.836   569   569 I chatty  : uid=1000(system) hwservicemanage identical 2 lines
03-03 02:57:15.843   569   569 I auditd  : avc:  denied  { find } for interface=vendor.qti.hardware.servicetracker::IServicetracker sid=u:r:system_server:s0 pid=1488 scontext=u:r:system_server:s0 tcontext=u:object_r:default_android_hwservice:s0 tclass=hwservice_manager permissive=0
03-03 02:57:15.845  1488  1513 I boot_progress_enable_screen: 14342
03-03 02:57:15.845  1488  1513 I screen_toggled: 1
03-03 02:57:15.845  1488  1521 I am_proc_start: [0,2058,1000,com.logitech.service.systemservice:LEDServiceProcess,service,{com.logitech.service.systemservice/com.logitech.service.ledservice.LEDService}]
03-03 02:57:15.847   569   569 I auditd  : avc:  denied  { find } for interface=vendor.qti.hardware.servicetracker::IServicetracker sid=u:r:system_server:s0 pid=1488 scontext=u:r:system_server:s0 tcontext=u:object_r:default_android_hwservice:s0 tclass=hwservice_manager permissive=0
03-03 02:57:15.850   569   569 I chatty  : uid=1000(system) hwservicemanage identical 1 line
03-03 02:57:15.855   569   569 I auditd  : avc:  denied  { find } for interface=vendor.qti.hardware.servicetracker::IServicetracker sid=u:r:system_server:s0 pid=1488 scontext=u:r:system_server:s0 tcontext=u:object_r:default_android_hwservice:s0 tclass=hwservice_manager permissive=0
03-03 02:57:15.857  1488  1506 I am_proc_bound: [0,2044,com.logitech.service.systemservice:PTZFServiceProcess]
03-03 02:57:15.858  1488  1488 I notification_cancel_all: [1000,1488,com.android.systemui,0,0,0,17,NULL]
03-03 02:57:15.860   569   569 I auditd  : avc:  denied  { find } for interface=vendor.qti.hardware.servicetracker::IServicetracker sid=u:r:system_server:s0 pid=1488 scontext=u:r:system_server:s0 tcontext=u:object_r:default_android_hwservice:s0 tclass=hwservice_manager permissive=0
03-03 02:57:15.863  1488  1521 I am_proc_start: [0,2075,1000,com.logitech.service.systemservice:ModeServiceProcess,service,{com.logitech.service.systemservice/com.logitech.service.modeservice.ModeService}]
03-03 02:57:15.869   569   569 I auditd  : avc:  denied  { find } for interface=vendor.qti.hardware.servicetracker::IServicetracker sid=u:r:system_server:s0 pid=1488 scontext=u:r:system_server:s0 tcontext=u:object_r:default_android_hwservice:s0 tclass=hwservice_manager permissive=0
03-03 02:57:15.874  1488  1841 I am_proc_bound: [0,2058,com.logitech.service.systemservice:LEDServiceProcess]
03-03 02:57:15.878   569   569 I auditd  : avc:  denied  { find } for interface=vendor.qti.hardware.servicetracker::IServicetracker sid=u:r:system_server:s0 pid=1488 scontext=u:r:system_server:s0 tcontext=u:object_r:default_android_hwservice:s0 tclass=hwservice_manager permissive=0
03-03 02:57:15.885  1488  1521 I am_proc_start: [0,2099,1000,com.logitech.service.systemservice:UVCServiceProcess,service,{com.logitech.service.systemservice/com.logitech.service.uvcservice.UVCService}]
03-03 02:57:15.893  1488  1488 D TelephonyRegistry: notifyCellLocationForSubscriber: subId=0 cellLocation=Bundle[{}]
03-03 02:57:15.898     0     0 I IPv6    : ADDRCONF(NETDEV_UP): eth0: link is not ready
03-03 02:57:15.899     0     0 E bt_ioctl: BT_CMD_PWR_CTRL pwr_cntrl:0
03-03 02:57:15.899     0     0 E bt_ioctl: BT chip state is already :0 no change d
03-03 02:57:15.900     0     0 E bt_ioctl: BT_CMD_PWR_CTRL pwr_cntrl:1
03-03 02:57:15.901   569   569 I auditd  : avc:  denied  { find } for interface=vendor.qti.hardware.servicetracker::IServicetracker sid=u:r:system_server:s0 pid=1488 scontext=u:r:system_server:s0 tcontext=u:object_r:default_android_hwservice:s0 tclass=hwservice_manager permissive=0
03-03 02:57:15.903   569   569 I auditd  : avc:  denied  { find } for interface=vendor.qti.hardware.servicetracker::IServicetracker sid=u:r:system_server:s0 pid=1488 scontext=u:r:system_server:s0 tcontext=u:object_r:default_android_hwservice:s0 tclass=hwservice_manager permissive=0
03-03 02:57:15.907  1488  1841 I am_proc_bound: [0,2075,com.logitech.service.systemservice:ModeServiceProcess]
03-03 02:57:15.910   569   569 I auditd  : avc:  denied  { find } for interface=vendor.qti.hardware.servicetracker::IServicetracker sid=u:r:system_server:s0 pid=1488 scontext=u:r:system_server:s0 tcontext=u:object_r:default_android_hwservice:s0 tclass=hwservice_manager permissive=0
03-03 02:57:15.911  1488  1521 I am_proc_start: [0,2135,1000,com.logitech.service.systemservice:FWUpdateServiceProcess,service,{com.logitech.service.systemservice/com.logitech.service.fwupdate.FWUpdateService}]
03-03 02:57:15.923     0     0 I msm_vidc: info: Opening video instance: ffffffd818340000, 1
03-03 02:57:15.928  1488  1506 I am_proc_bound: [0,2099,com.logitech.service.systemservice:UVCServiceProcess]
03-03 02:57:15.928     0     0 E CAM_ERR : CAM-ACTUATOR: cam_afptz_store: 434 try to power on!
03-03 02:57:15.930     0     0 I msm_vidc: info: Closed video instance: ffffffd818340000
03-03 02:57:15.931   569   569 I auditd  : avc:  denied  { find } for interface=vendor.qti.hardware.servicetracker::IServicetracker sid=u:r:system_server:s0 pid=1488 scontext=u:r:system_server:s0 tcontext=u:object_r:default_android_hwservice:s0 tclass=hwservice_manager permissive=0
03-03 02:57:15.944  1488  1521 I am_proc_start: [0,2177,1000,com.logitech.service.systemservice:HDMIServiceProcess,service,{com.logitech.service.systemservice/com.logitech.service.hdmiservice.HDMIService}]
03-03 02:57:15.944  1488  1614 I am_proc_bound: [0,2135,com.logitech.service.systemservice:FWUpdateServiceProcess]
03-03 02:57:15.948   569   569 I auditd  : avc:  denied  { find } for interface=vendor.qti.hardware.servicetracker::IServicetracker sid=u:r:system_server:s0 pid=1488 scontext=u:r:system_server:s0 tcontext=u:object_r:default_android_hwservice:s0 tclass=hwservice_manager permissive=0
03-03 02:57:15.956     0     0 I msm_vidc: info: Opening video instance: ffffffd8182fc000, 1
03-03 02:57:15.961     0     0 I msm_vidc: info: Closed video instance: ffffffd8182fc000
03-03 02:57:15.969     0     0 I CAM_INFO: CAM-ACTUATOR: cam_afptz_store: 437 skip actuator camera_io_init
03-03 02:57:15.972     0     0 I msm_vidc: info: Opening video instance: ffffffd8180ec000, 1
03-03 02:57:15.977     0     0 I msm_vidc: info: Closed video instance: ffffffd8180ec000
03-03 02:57:15.978  1488  1521 I am_proc_start: [0,2206,10026,com.android.inputmethod.leanback,service,{com.android.inputmethod.leanback/com.android.inputmethod.latin.LatinIME}]
03-03 02:57:15.985  1488  1614 I am_proc_bound: [0,2177,com.logitech.service.systemservice:HDMIServiceProcess]
03-03 02:57:15.988   569   569 I auditd  : avc:  denied  { find } for interface=vendor.qti.hardware.servicetracker::IServicetracker sid=u:r:system_server:s0 pid=1488 scontext=u:r:system_server:s0 tcontext=u:object_r:default_android_hwservice:s0 tclass=hwservice_manager permissive=0
03-03 02:57:15.994     0     0 I msm_vidc: info: Opening video instance: ffffffd8181fc000, 0
03-03 02:57:16.004     0     0 I msm_vidc: info: Closed video instance: ffffffd8181fc000
03-03 02:57:16.004  1488  1521 I am_proc_start: [0,2251,1000,com.logitech.service.systemservice:AudioServiceProcess,service,{com.logitech.service.systemservice/com.logitech.service.audioservice.AudioService}]
03-03 02:57:16.022  1488  1614 I am_proc_bound: [0,2206,com.android.inputmethod.leanback]
03-03 02:57:16.024  1488  1614 I am_uid_active: 10026
03-03 02:57:16.025   569   569 I auditd  : avc:  denied  { find } for interface=vendor.qti.hardware.servicetracker::IServicetracker sid=u:r:system_server:s0 pid=1488 scontext=u:r:system_server:s0 tcontext=u:object_r:default_android_hwservice:s0 tclass=hwservice_manager permissive=0
03-03 02:57:16.030  1488  1521 I am_proc_start: [0,2280,1000,com.logitech.service.systemservice:ConfigServiceProcess,service,{com.logitech.service.systemservice/com.logitech.service.config.ConfigService}]
03-03 02:57:16.042   569   569 I auditd  : avc:  denied  { find } for interface=vendor.qti.hardware.servicetracker::IServicetracker sid=u:r:system_server:s0 pid=1488 scontext=u:r:system_server:s0 tcontext=u:object_r:default_android_hwservice:s0 tclass=hwservice_manager permissive=0
03-03 02:57:16.043  1488  1614 I am_proc_bound: [0,2251,com.logitech.service.systemservice:AudioServiceProcess]
03-03 02:57:16.048   569   569 I auditd  : avc:  denied  { find } for interface=vendor.qti.hardware.servicetracker::IServicetracker sid=u:r:system_server:s0 pid=1488 scontext=u:r:system_server:s0 tcontext=u:object_r:default_android_hwservice:s0 tclass=hwservice_manager permissive=0
03-03 02:57:16.055     0     0 I msm_vidc: info: Opening video instance: ffffffd812c74000, 0
03-03 02:57:16.057  1488  1521 I am_proc_start: [0,2306,1000,com.logitech.service.systemservice:RemoteServiceProcess,service,{com.logitech.service.systemservice/com.logitech.service.remoteservice.RemoteService}]
03-03 02:57:16.061     0     0 I msm_vidc: info: Closed video instance: ffffffd812c74000
03-03 02:57:16.069  1488  1614 I am_proc_bound: [0,2280,com.logitech.service.systemservice:ConfigServiceProcess]
03-03 02:57:16.072   569   569 I auditd  : avc:  denied  { find } for interface=vendor.qti.hardware.servicetracker::IServicetracker sid=u:r:system_server:s0 pid=1488 scontext=u:r:system_server:s0 tcontext=u:object_r:default_android_hwservice:s0 tclass=hwservice_manager permissive=0
03-03 02:57:16.089     0     0 I msm_vidc: info: Opening video instance: ffffffd812e60000, 0
03-03 02:57:16.091  1488  1521 I am_proc_start: [0,2339,1000,com.logitech.service.systemservice:AICVServiceProcess,service,{com.logitech.service.systemservice/com.logitech.service.aicvservice.AICVService}]
03-03 02:57:16.092  1488  1841 I am_proc_bound: [0,2306,com.logitech.service.systemservice:RemoteServiceProcess]
03-03 02:57:16.094   569   569 I auditd  : avc:  denied  { find } for interface=vendor.qti.hardware.servicetracker::IServicetracker sid=u:r:system_server:s0 pid=1488 scontext=u:r:system_server:s0 tcontext=u:object_r:default_android_hwservice:s0 tclass=hwservice_manager permissive=0
03-03 02:57:16.098     0     0 I msm_vidc: info: Closed video instance: ffffffd812e60000
03-03 02:57:16.112  1488  1818 I am_proc_bound: [0,2339,com.logitech.service.systemservice:AICVServiceProcess]
03-03 02:57:16.114  1488  1841 I commit_sys_config_file: [input-subtypes,4]
03-03 02:57:16.114   569   569 I auditd  : avc:  denied  { find } for interface=vendor.qti.hardware.servicetracker::IServicetracker sid=u:r:system_server:s0 pid=1488 scontext=u:r:system_server:s0 tcontext=u:object_r:default_android_hwservice:s0 tclass=hwservice_manager permissive=0
03-03 02:57:16.125  1488  1521 I am_proc_start: [0,2386,1000,com.logitech.service.systemservice:HouseKeepingServiceProcess,service,{com.logitech.service.systemservice/com.logitech.service.housekeepingservice.HouseKeepingService}]
03-03 02:57:16.148  1488  1521 I am_proc_start: [0,2412,1000,com.logitech.service.systemservice:LogiUsbServiceProcess,service,{com.logitech.service.systemservice/com.logitech.service.usbservice.LogiUsbService}]
03-03 02:57:16.151     0     0 E bt_ioctl: BT_CMD_CHIP_VERS soc_version:40010214
03-03 02:57:16.160  1488  1506 I am_proc_bound: [0,2386,com.logitech.service.systemservice:HouseKeepingServiceProcess]
03-03 02:57:16.163   569   569 I auditd  : avc:  denied  { find } for interface=vendor.qti.hardware.servicetracker::IServicetracker sid=u:r:system_server:s0 pid=1488 scontext=u:r:system_server:s0 tcontext=u:object_r:default_android_hwservice:s0 tclass=hwservice_manager permissive=0
03-03 02:57:16.172  1681  1681 W CarrierConfigManager: Error getting config for subId -1 ICarrierConfigLoader is null
03-03 02:57:16.180  1488  1521 I am_proc_start: [0,2441,1000,com.logitech.service.systemservice:DummyServiceProcess,service,{com.logitech.service.systemservice/com.logitech.service.systemservice.dummy.DummyService}]
03-03 02:57:16.192  1488  1614 I am_proc_bound: [0,2412,com.logitech.service.systemservice:LogiUsbServiceProcess]
03-03 02:57:16.196   569   569 I auditd  : avc:  denied  { find } for interface=vendor.qti.hardware.servicetracker::IServicetracker sid=u:r:system_server:s0 pid=1488 scontext=u:r:system_server:s0 tcontext=u:object_r:default_android_hwservice:s0 tclass=hwservice_manager permissive=0
03-03 02:57:16.207  1488  1818 I am_proc_bound: [0,2441,com.logitech.service.systemservice:DummyServiceProcess]
03-03 02:57:16.210   569   569 I auditd  : avc:  denied  { find } for interface=vendor.qti.hardware.servicetracker::IServicetracker sid=u:r:system_server:s0 pid=1488 scontext=u:r:system_server:s0 tcontext=u:object_r:default_android_hwservice:s0 tclass=hwservice_manager permissive=0
03-03 02:57:16.334     0     0 I icnss   : WLAN FW is ready: 0xd87
03-03 02:57:16.335     0     0 I [kworke][697219804][02:57:16.335481] wlan: [339:I:HDD] hdd_soc_probe: 393: probing driver
03-03 02:57:16.338     0     0 I ueventd : firmware: loading 'wlan/qca_cld/WCNSS_qcom_cfg.ini' for '/devices/platform/soc/18800000.qcom,icnss/firmware/wlan!qca_cld!WCNSS_qcom_cfg.ini'
03-03 02:57:16.342     0     0 I ueventd : loading /devices/platform/soc/18800000.qcom,icnss/firmware/wlan!qca_cld!WCNSS_qcom_cfg.ini took 4ms
03-03 02:57:16.348     0     0 I [kworke][697467358][02:57:16.348374] wlan: [339:I:tdls] tdls_psoc_obj_create_notification: 68: TDLS obj attach to psoc successfully
03-03 02:57:16.348     0     0 I [kworke][697468084][02:57:16.348412] wlan: [339:I:OBJMGR] wlan_objmgr_psoc_obj_create: 187: Created psoc 0
03-03 02:57:16.353     0     0 I [kworke][697560386][02:57:16.353220] wlan: [339:W:HIF] hif_snoc_enable_bus: device_init_wakeup already done
03-03 02:57:16.353     0     0 I [kworke][697561867][02:57:16.353297] wlan: [339:E:TXRX] hif_print_hal_shadow_register_cfg: CONFIG_SHADOW_V2 not defined
03-03 02:57:16.412     0     0 E IPC_RTR : process_new_server_msg: Server 00001003 create rejected, version = 0
03-03 02:57:16.413     0     0 I [kworke][698711859][02:57:16.413193] wlan: [339:I:HIF] hif_snoc_bus_configure: 188: expecting wake from ce 2, irq 110
03-03 02:57:16.413     0     0 I [kworke][698712418][02:57:16.413221] wlan: [339:E:QDF] cds_get_context: 1286: Module ID 66 context is Null
03-03 02:57:16.413     0     0 I [kworke][698712649][02:57:16.413233] wlan: [339:E:HDD] hdd_wlan_start_modules: 3161: WBUFF init unsuccessful; status: 11
03-03 02:57:16.414     0     0 I [kworke][698735761][02:57:16.414437] wlan: [339:E:QDF] cds_get_context: 1286: Module ID 66 context is Null
03-03 02:57:16.414     0     0 I [kworke][698738856][02:57:16.414598] wlan: [339:F:WMA] WMA --> wmi_unified_attach - success
03-03 02:57:16.419     0     0 I [kworke][698830491][02:57:16.419371] wlan: [339:E:QDF] Target Ready! TX resource : 2 size:2184, MaxMsgsPerHTCBundle = 1
03-03 02:57:16.419     0     0 I [kworke][698830656][02:57:16.419379] wlan: [339:E:QDF] SVS Index : 1 TX : 0x100 : alloc:2
03-03 02:57:16.429     0     0 I [kworke][699027088][02:57:16.429610] wlan: [1323:I:WMA] wma_rx_service_ready_event: Firmware build version : 20060a00
03-03 02:57:16.429     0     0 I [kworke][699027239][02:57:16.429618] wlan: [1323:I:WMA] wma_rx_service_ready_event: Board id: 0, Board version: 5 0 0 0 0
03-03 02:57:16.429     0     0 I [kworke][699028066][02:57:16.429661] wlan: [1323:E:QDF] Num chain mask tables: 0
03-03 02:57:16.429     0     0 I [kworke][699031969][02:57:16.429864] wlan: [1323:E:WMA] wma_update_supported_bands: wrong supported band
03-03 02:57:16.429     0     0 I [kworke][699032913][02:57:16.429914] wlan: [1323:E:QDF] copy_fw_abi_version_tlv: INIT_CMD version: 1, 0, 0x5f414351, 0x4c4d, 0x0, 0x0
03-03 02:57:16.454     0     0 I [kworke][699506031][02:57:16.454556] wlan: [1323:E:QDF] ready_extract_init_status_tlv:0
03-03 02:57:16.454     0     0 I [kworke][699508115][02:57:16.454664] wlan: [1323:E:REGULATORY] reg_save_reg_rules_to_pdev: 2988: no reg rules in psoc
03-03 02:57:16.455     0     0 I [kworke][699508302][02:57:16.454674] wlan: [1323:I:dfs] WLAN_DEBUG_DFS_ALWAYS : wlan_dfs_pdev_obj_create_notification: 356: dfs_offload 0
03-03 02:57:16.455     0     0 I [kworke][699522374][02:57:16.455407] wlan: [1323:E:dfs] WLAN_DEBUG_DFS_ALWAYS : dfs_init_radar_filters: 249: Unknown dfs domain 0
03-03 02:57:16.455     0     0 I [kworke][699522668][02:57:16.455422] wlan: [1323:I:dfs] WLAN_DEBUG_DFS_ALWAYS : dfs_get_po_radars: 432: UNINIT domain
03-03 02:57:16.455     0     0 I [kworke][699522806][02:57:16.455429] wlan: [1323:E:dfs] WLAN_DEBUG_DFS_ALWAYS : dfs_init_radar_filters: 249: Unknown dfs domain 0
03-03 02:57:16.455     0     0 I null_get_capability: 1518: SPECTRAL : get_capability not registered
03-03 02:57:16.455     0     0 I target_if_pdev_spectral_init: 1992: HAL_CAP_PHYDIAG : Capable
03-03 02:57:16.455     0     0 I null_get_capability: 1518: SPECTRAL : get_capability not registered
03-03 02:57:16.455     0     0 I target_if_pdev_spectral_init: 1996: HAL_CAP_RADAR   : Capable
03-03 02:57:16.455     0     0 I null_get_capability: 1518: SPECTRAL : get_capability not registered
03-03 02:57:16.455     0     0 I target_if_pdev_spectral_init: 2001: HAL_CAP_SPECTRAL_SCAN : Capable
03-03 02:57:16.455     0     0 I null_get_tsf64: 1506: SPECTRAL : get_tsf64 not registered
03-03 02:57:16.455     0     0 I [kworke][699524014][02:57:16.455492] wlan: [1323:I:OBJMGR] wlan_objmgr_pdev_obj_create: 176: Created pdev 0
03-03 02:57:16.455     0     0 I [kworke][699526525][02:57:16.455623] wlan: [1323:I:HDD] hdd_update_tgt_cfg: 2217: hw_mac is zero
03-03 02:57:16.456     0     0 I [kworke][699535438][02:57:16.456087] wlan: [339:I:WMA] wma_wait_for_ready_event: 7089: FW ready event received
03-03 02:57:16.457     0     0 I [kworke][699560503][02:57:16.457393] wlan: [339:I:HTT] max pool size 64 pool filled 64
03-03 02:57:16.461     0     0 I [kworke][699630433][02:57:16.461035] wlan: [339:I:HTT] HTT: full reorder offload enabled
03-03 02:57:16.465     0     0 I [kworke][699723083][02:57:16.465860] wlan: [339:I:SYS] Creating periodic timer for OLBC UPDATE CACHE TIMEOUT
03-03 02:57:16.466     0     0 I [kworke][699737143][02:57:16.466592] wlan: [339:E:REGULATORY] reg_run_11d_state_machine: 3066: Invalid vdev
03-03 02:57:16.467     0     0 E cnss_utils: WLAN MAC address is not set, type 0
03-03 02:57:16.469     0     0 I [schedu][699790441][02:57:16.469368] wlan: [2534:I:QDF] host_diag_log_submit: Unloading/Loading in Progress. Ignore!!!
03-03 02:57:16.474     0     0 I [kworke][699884547][02:57:16.474270] wlan: [339:I:HDD] hdd_initialize_mac_address: 11314: using MAC address from wlan_mac.bin
03-03 02:57:16.679     0     0 E diag    : In diag_ioctl_set_buffering_mode, invalid peripheral = -22
03-03 02:57:16.742     0     0 I         : read descriptors
03-03 02:57:16.742     0     0 I         : read strings
03-03 02:57:17.311   569   569 I chatty  : uid=1000(system) hwservicemanage identical 1 line
03-03 02:57:17.315   569   569 I auditd  : avc:  denied  { find } for interface=vendor.qti.hardware.servicetracker::IServicetracker sid=u:r:system_server:s0 pid=1488 scontext=u:r:system_server:s0 tcontext=u:object_r:default_android_hwservice:s0 tclass=hwservice_manager permissive=0
03-03 02:57:17.434     0     0 I r8168   : eth0: link up
03-03 02:57:17.435     0     0 I IPv6    : ADDRCONF(NETDEV_CHANGE): eth0: link becomes ready
03-03 02:57:17.435     0     0 I [kworke][718335353][02:57:17.435249] wlan: [445:E:HDD] __hdd_validate_adapter: 874: bad adapter magic (via __wlan_hdd_ipv6_changed)
03-03 02:57:17.438     0     0 I [Binder][718399424][02:57:17.438586] wlan: [1255:E:HDD] __hdd_validate_adapter: 874: bad adapter magic (via __wlan_hdd_ipv6_changed)
03-03 02:57:17.443     0     0 I [Binder][718484501][02:57:17.443017] wlan: [1255:E:HDD] __hdd_validate_adapter: 874: bad adapter magic (via __wlan_hdd_ipv6_changed)
