03-03 03:17:10.563  1488  6069 I am_set_resumed_activity: [0,com.logitech.integration.test.test/androidx.test.core.app.InstrumentationActivityInvoker$BootstrapActivity,resumeTopActivityInnerLocked]
03-03 03:17:10.563  1488  6069 I am_resume_activity: [0,141065412,117,com.logitech.integration.test.test/androidx.test.core.app.InstrumentationActivityInvoker$BootstrapActivity]
03-03 03:17:10.567  1488  2866 I am_finish_activity: [0,141065412,117,com.logitech.integration.test.test/androidx.test.core.app.InstrumentationActivityInvoker$BootstrapActivity,app-request]
03-03 03:17:10.568  1488  2866 I am_focused_stack: [0,0,1,4,finishActivity adjustFocus adjustFocusToNextFocusableStack]
03-03 03:17:10.568  1488  2866 I am_set_resumed_activity: [0,com.logitech.videocollaboration.froggerscreenshare/.MainActivity,finishActivity]
03-03 03:17:10.579  1488  2866 I am_pause_activity: [0,141065412,com.logitech.integration.test.test/androidx.test.core.app.InstrumentationActivityInvoker$BootstrapActivity,userLeaving=false]
03-03 03:17:10.583  6155  6155 I am_on_activity_result_called: [0,androidx.test.core.app.InstrumentationActivityInvoker$BootstrapActivity,ACTIVITY_RESULT]
03-03 03:17:10.583  6155  6155 I am_on_restart_called: [0,androidx.test.core.app.InstrumentationActivityInvoker$BootstrapActivity,performRestartActivity]
03-03 03:17:10.586  1488  1513 I sysui_multi_action: [757,803,799,window_time_0,802,0]
03-03 03:17:10.586  1488  1513 I sysui_multi_action: [757,803,799,window_time_0,802,0]
03-03 03:17:10.587  1488  2866 I am_add_to_stopping: [0,141065412,com.logitech.integration.test.test/androidx.test.core.app.InstrumentationActivityInvoker$BootstrapActivity,finishCurrentActivityLocked]
03-03 03:17:10.589  1488  2866 I am_set_resumed_activity: [0,com.logitech.videocollaboration.froggerscreenshare/.MainActivity,resumeTopActivityInnerLocked]
03-03 03:17:10.589  1488  2866 I am_resume_activity: [0,166622719,114,com.logitech.videocollaboration.froggerscreenshare/.MainActivity]
03-03 03:17:10.595  1488  1513 I sysui_multi_action: [757,803,799,window_time_0,802,0]
03-03 03:17:10.603  3218  3218 I am_on_restart_called: [0,com.logitech.videocollaboration.froggerscreenshare.MainActivity,performRestartActivity]
03-03 03:17:10.611  3218  3218 I am_on_start_called: [0,com.logitech.videocollaboration.froggerscreenshare.MainActivity,handleStartActivity]
03-03 03:17:10.611  3218  3218 I am_on_resume_called: [0,com.logitech.videocollaboration.froggerscreenshare.MainActivity,RESUME_ACTIVITY]
03-03 03:17:10.612  3218  3218 I am_on_top_resumed_gained_called: [0,com.logitech.videocollaboration.froggerscreenshare.MainActivity,topWhenResuming]
03-03 03:17:10.701     0     0 I CAM_INFO: CAM-ISP: __cam_isp_ctx_flush_req_in_top_state: 2049 ctx id:5 Last request id to flush is 1303
03-03 03:17:10.701     0     0 I CAM_INFO: CAM-ISP: __cam_isp_ctx_flush_req_in_top_state: 2063 ctx:5 last applied id:1299, reported req id:1298, buf done id:1298
03-03 03:17:10.701     0     0 I CAM_INFO: CAM-ISP: __cam_isp_ctx_flush_req_in_top_state: 2069 current time:909450 last apply time:909430, reported req time:909430, buf done time:909440
03-03 03:17:10.701     0     0 I CAM_INFO: CAM-ISP: __cam_isp_ctx_dump_state_monitor_array: 121 Dumping state information for preceding requests
03-03 03:17:10.705  1488  2866 I am_destroy_activity: [0,141065412,117,com.logitech.integration.test.test/androidx.test.core.app.InstrumentationActivityInvoker$BootstrapActivity,finish-imm:activityIdleInternalLocked]
03-03 03:17:10.705  1488  2866 I am_destroy_activity: [0,213399069,117,com.logitech.integration.test/.MainActivity,finish-imm:activityIdleInternalLocked]
03-03 03:17:10.708  6155  6155 I am_on_destroy_called: [0,androidx.test.core.app.InstrumentationActivityInvoker$BootstrapActivity,performDestroy]
03-03 03:17:10.726     0     0 E CAM_ERR : CAM-ISP: cam_ife_csid_irq: 3386 CSID 1 irq status 0x0 0x4000ff 0x1ffa 0x0 0x0 0x0 0x0
03-03 03:17:11.077     0     0 I CAM_INFO: CAM-ISP: __cam_isp_ctx_flush_req_in_top_state: 2049 ctx id:5 Last request id to flush is 1303
03-03 03:17:11.080     0     0 I CAM_INFO: CAM-ISP: __cam_isp_ctx_handle_irq_in_activated: 3796 Ctx:5 No handle function for substate 6
03-03 03:17:11.080     0     0 I CAM_INFO: CAM-ISP: __cam_isp_ctx_dump_state_monitor_array: 121 Dumping state information for preceding requests
03-03 03:17:11.091     0     0 I CAM_INFO: CAM-ISP: __cam_isp_ctx_handle_irq_in_activated: 3796 Ctx:5 No handle function for substate 6
03-03 03:17:11.091     0     0 I CAM_INFO: CAM-ISP: __cam_isp_ctx_dump_state_monitor_array: 121 Dumping state information for preceding requests
03-03 03:17:11.097     0     0 I CAM_INFO: CAM-SENSOR: cam_sensor_driver_cmd: 1701 CAM_STOP_DEV,  sensor_state 3 +
03-03 03:17:11.099     0     0 I CAM_INFO: CAM-SENSOR: cam_sensor_driver_cmd: 1727 CAM_STOP_DEV Success, sensor_id:0x8000,sensor_slave_addr:0x34
03-03 03:17:11.106     0     0 I CAM_INFO: CAM-CORE: cam_node_handle_ioctl: 863 Release HW done(rc = 0)
03-03 03:17:11.108     0     0 I CAM_INFO: CAM-SENSOR: cam_sensor_util_request_gpio_table: 787 No GPIO data
03-03 03:17:11.108     0     0 I CAM_INFO: CAM-SENSOR: cam_sensor_driver_cmd: 1604 CAM_RELEASE_DEV,  sensor_state 1 +
03-03 03:17:11.118     0     0 E CAM_ERR : CAM-SENSOR: cam_sensor_cci_i2c_util: 235 Failed rc = -19
03-03 03:17:11.129     0     0 I CAM_INFO: CAM-SENSOR: cam_sensor_driver_cmd: 1654 CAM_RELEASE_DEV Success, sensor_id:0x8000,sensor_slave_addr:0x34
03-03 03:17:11.147  6115  6223 I dvm_lock_sample: [com.logitech.integration.test,0,Binder:6115_4,468,CameraDeviceImpl.java,2110,void android.hardware.camera2.impl.CameraDeviceImpl$CameraDeviceCallbacks.onCaptureStarted(android.hardware.camera2.impl.CaptureResultExtras, long),-,1203,void android.hardware.camera2.impl.CameraDeviceImpl.close(),93]
03-03 03:17:11.160  6115  6115 I am_on_stop_called: [0,com.logitech.integration.test.MainActivity,LIFECYCLER_STOP_ACTIVITY]
03-03 03:17:11.163  6115  6115 I am_on_destroy_called: [0,com.logitech.integration.test.MainActivity,performDestroy]
03-03 03:17:11.168  1488  6069 I wm_task_removed: [117,removeAppToken: last token]
03-03 03:17:11.168  1488  6069 I am_remove_task: [117,4]
03-03 03:17:11.168  1488  6069 I wm_task_removed: [117,removeTask]
03-03 03:17:11.170  1488  6069 I wm_stack_removed: 4
03-03 03:17:11.429     0     0 I msm_vidc: info: Opening video instance: ffffffd7aee04000, 1
03-03 03:17:11.454     0     0 I msm_vidc: warn: Unknown control (992029, 32)
03-03 03:17:11.686  1488  1614 I wm_stack_created: 5
03-03 03:17:11.691  1488  1614 I wm_task_created: [118,5]
03-03 03:17:11.691  1488  1614 I wm_task_moved: [118,0,2147483647]
03-03 03:17:11.692  1488  1614 I am_focused_stack: [0,0,5,1,reuseOrNewTask]
03-03 03:17:11.692  1488  1614 I am_create_task: [0,118]
03-03 03:17:11.692  1488  1614 I am_create_activity: [0,7364254,118,com.logitech.integration.test.test/androidx.test.core.app.InstrumentationActivityInvoker$BootstrapActivity,android.intent.action.MAIN,NULL,NULL,268468224]
03-03 03:17:11.692  3218  3218 I am_on_top_resumed_lost_called: [0,com.logitech.videocollaboration.froggerscreenshare.MainActivity,topStateChangedWhenResumed]
03-03 03:17:11.692  1488  1614 I wm_task_moved: [118,0,2147483647]
03-03 03:17:11.694  1488  1614 I am_pause_activity: [0,166622719,com.logitech.videocollaboration.froggerscreenshare/.MainActivity,userLeaving=true]
03-03 03:17:11.697  3218  3218 I am_on_paused_called: [0,com.logitech.videocollaboration.froggerscreenshare.MainActivity,performPause]
03-03 03:17:11.698  1488  2866 I am_add_to_stopping: [0,166622719,com.logitech.videocollaboration.froggerscreenshare/.MainActivity,makeInvisible]
03-03 03:17:11.700  1488  2866 I am_restart_activity: [0,7364254,118,com.logitech.integration.test.test/androidx.test.core.app.InstrumentationActivityInvoker$BootstrapActivity]
03-03 03:17:11.700  1488  2866 I am_set_resumed_activity: [0,com.logitech.integration.test.test/androidx.test.core.app.InstrumentationActivityInvoker$BootstrapActivity,minimalResumeActivityLocked]
03-03 03:17:11.704  1488  1513 I sysui_multi_action: [757,803,799,window_time_0,802,1]
03-03 03:17:11.710  6155  6155 I am_on_create_called: [0,androidx.test.core.app.InstrumentationActivityInvoker$BootstrapActivity,performCreate]
03-03 03:17:11.726  6155  6155 I am_on_start_called: [0,androidx.test.core.app.InstrumentationActivityInvoker$BootstrapActivity,handleStartActivity]
03-03 03:17:11.747  1488  1614 I am_create_activity: [0,13365863,118,com.logitech.integration.test/.MainActivity,NULL,NULL,NULL,0]
03-03 03:17:11.749  1488  1614 I am_pause_activity: [0,7364254,com.logitech.integration.test.test/androidx.test.core.app.InstrumentationActivityInvoker$BootstrapActivity,userLeaving=true]
03-03 03:17:11.751  6155  6155 I am_on_resume_called: [0,androidx.test.core.app.InstrumentationActivityInvoker$BootstrapActivity,RESUME_ACTIVITY]
03-03 03:17:11.752  6155  6155 I am_on_top_resumed_gained_called: [0,androidx.test.core.app.InstrumentationActivityInvoker$BootstrapActivity,topStateChangedWhenResumed]
03-03 03:17:11.752  6155  6155 I am_on_top_resumed_lost_called: [0,androidx.test.core.app.InstrumentationActivityInvoker$BootstrapActivity,topStateChangedWhenResumed]
03-03 03:17:11.753  6155  6155 I am_on_paused_called: [0,androidx.test.core.app.InstrumentationActivityInvoker$BootstrapActivity,performPause]
03-03 03:17:11.755  1488  1614 I am_add_to_stopping: [0,7364254,com.logitech.integration.test.test/androidx.test.core.app.InstrumentationActivityInvoker$BootstrapActivity,makeInvisible]
03-03 03:17:11.755  1488  1614 I am_restart_activity: [0,13365863,118,com.logitech.integration.test/.MainActivity]
03-03 03:17:11.756  1488  1614 I am_set_resumed_activity: [0,com.logitech.integration.test/.MainActivity,minimalResumeActivityLocked]
03-03 03:17:11.764  1488  6069 I am_stop_activity: [0,166622719,com.logitech.videocollaboration.froggerscreenshare/.MainActivity]
03-03 03:17:11.766  1488  1513 I sysui_multi_action: [757,803,799,window_time_0,802,0]
03-03 03:17:11.773  3218  3218 I am_on_stop_called: [0,com.logitech.videocollaboration.froggerscreenshare.MainActivity,STOP_ACTIVITY_ITEM]
03-03 03:17:11.807  6115  6115 I am_on_create_called: [0,com.logitech.integration.test.MainActivity,performCreate]
03-03 03:17:11.823  6115  6115 I am_on_start_called: [0,com.logitech.integration.test.MainActivity,handleStartActivity]
03-03 03:17:11.825  6115  6115 I am_on_resume_called: [0,com.logitech.integration.test.MainActivity,RESUME_ACTIVITY]
03-03 03:17:11.835  6115  6115 I am_on_top_resumed_gained_called: [0,com.logitech.integration.test.MainActivity,topStateChangedWhenResumed]
03-03 03:17:11.870  1488  1519 I sysui_multi_action: [319,50,321,44,322,184,325,1210,757,761,758,8,759,1,806,com.logitech.integration.test,871,com.logitech.integration.test.MainActivity,904,com.logitech.integration.test,905,0,1320,12,1321,1]
03-03 03:17:11.877  1488  1519 I am_activity_launch_time: [0,13365863,com.logitech.integration.test/.MainActivity,184]
03-03 03:17:12.168  1488  1513 I am_stop_activity: [0,7364254,com.logitech.integration.test.test/androidx.test.core.app.InstrumentationActivityInvoker$BootstrapActivity]
03-03 03:17:12.169  6155  6155 I am_on_stop_called: [0,androidx.test.core.app.InstrumentationActivityInvoker$BootstrapActivity,STOP_ACTIVITY_ITEM]
03-03 03:17:12.342     0     0 E CAM_ERR : CAM-ACTUATOR: cam_afptz_store: 434 try to power on!
03-03 03:17:12.379     0     0 I CAM_INFO: CAM-ACTUATOR: cam_afptz_store: 437 skip actuator camera_io_init
03-03 03:17:12.497     0     0 I msm_vidc: info: Opening video instance: ffffffd7bf454000, 0
03-03 03:17:12.570     0     0 I aac_in_open: session id 1: NT mode encoder success
03-03 03:17:12.570     0     0 I aac_in_open: session id 1: success
03-03 03:17:12.611     0     0 I audio_in_release: session id 1
03-03 03:17:12.635     0     0 I msm_vidc: info: Closed video instance: ffffffd7bf454000
03-03 03:17:12.655     0     0 I CAM_INFO: CAM-SENSOR: cam_sensor_driver_cmd: 1519 CAM_ACQUIRE_DEV,  sensor_state 3 +
03-03 03:17:12.663     0     0 I msm_vidc: info: Closed video instance: ffffffd7aee04000
03-03 03:17:12.682     0     0 I ueventd : firmware: loading 'CAMERA_ICP.elf' for '/devices/platform/soc/ac00000.qcom,a5/firmware/CAMERA_ICP.elf'
03-03 03:17:12.686     0     0 I ueventd : loading /devices/platform/soc/ac00000.qcom,a5/firmware/CAMERA_ICP.elf took 4ms
03-03 03:17:12.696     0     0 I CAM_INFO: CAM-ICP: cam_icp_mgr_process_dbg_buf: 2042 FW_DBG:CICP_FW_E : HFI  :QC_IMAGE_VERSION_STRING=CICP.FW.2.1-00008,OEM_IMAGE_VERSION_STRING=CRM,BUILD_TIME: Oct 23 2019 14:14:13,CACHE_ENABLED at icphostinterface.c:636 QC_IMAGE_VERSION_STRING=CICP.FW.2.1-00008 OEM_IMAGE_VERSION_STRING=CRM
03-03 03:17:12.696     0     0 I CAM_INFO: CAM-ICP: cam_icp_mgr_process_dbg_buf: 2042 FW_DBG:CICP_FW_E : HFI  :ELF variant: CACHE-ENABLED:API_V1::USE_CDM_1_0: , API version: 0x1000034 at icphostinterface.c:637 QC_IMAGE_VERSION_STRING=CICP.FW.2.1-00008 OEM_IMAGE_VERSION_STRING=CRM
03-03 03:17:12.697     0     0 I CAM_INFO: CAM-ICP: cam_icp_mgr_hw_open: 3209 FW download done successfully
03-03 03:17:12.715     0     0 I CAM_INFO: CAM-SENSOR: cam_sensor_driver_cmd: 1600 CAM_ACQUIRE_DEV Success, sensor_id:0x8000,sensor_slave_addr:0x34
03-03 03:17:12.729     0     0 I CAM_INFO: CAM-SENSOR: cam_sensor_util_request_gpio_table: 787 No GPIO data
03-03 03:17:12.729     0     0 E CAM_ERR : CAM-SENSOR: cam_sensor_core_power_up: 1881 clk index 0 >= max 0
03-03 03:17:12.729     0     0 E CAM_ERR : CAM-SENSOR: cam_sensor_core_power_up: 2064 failed
03-03 03:17:12.729     0     0 I CAM_INFO: CAM-SENSOR: cam_sensor_util_request_gpio_table: 787 No GPIO data
03-03 03:17:12.766  6115  6674 I dvm_lock_sample: [com.logitech.integration.test,0,CameraThread,122,CameraDeviceImpl.java,189,void android.hardware.camera2.impl.CameraDeviceImpl$4.run(),BinderProxy.java,-2,boolean android.os.BinderProxy.transactNative(int, android.os.Parcel, android.os.Parcel, int),24]
03-03 03:17:12.816     0     0 I ueventd : firmware: loading 'CAMERA_ICP.elf' for '/devices/platform/soc/ac00000.qcom,a5/firmware/CAMERA_ICP.elf'
03-03 03:17:12.823     0     0 I ueventd : loading /devices/platform/soc/ac00000.qcom,a5/firmware/CAMERA_ICP.elf took 10ms
03-03 03:17:12.834     0     0 I CAM_INFO: CAM-ICP: cam_icp_mgr_hw_open: 3209 FW download done successfully
03-03 03:17:12.834     0     0 I CAM_INFO: CAM-ICP: cam_icp_mgr_process_dbg_buf: 2042 FW_DBG:CICP_FW_E : HFI  :QC_IMAGE_VERSION_STRING=CICP.FW.2.1-00008,OEM_IMAGE_VERSION_STRING=CRM,BUILD_TIME: Oct 23 2019 14:14:13,CACHE_ENABLED at icphostinterface.c:636 QC_IMAGE_VERSION_STRING=CICP.FW.2.1-00008 OEM_IMAGE_VERSION_STRING=CRM
03-03 03:17:12.834     0     0 I CAM_INFO: CAM-ICP: cam_icp_mgr_process_dbg_buf: 2042 FW_DBG:CICP_FW_E : HFI  :ELF variant: CACHE-ENABLED:API_V1::USE_CDM_1_0: , API version: 0x1000034 at icphostinterface.c:637 QC_IMAGE_VERSION_STRING=CICP.FW.2.1-00008 OEM_IMAGE_VERSION_STRING=CRM
03-03 03:17:12.852     0     0 I CAM_INFO: CAM-CORE: cam_node_handle_ioctl: 756 Acquire HW successful
03-03 03:17:12.867     0     0 I CAM_INFO: CAM-SENSOR: cam_sensor_driver_cmd: 1673 CAM_START_DEV,  sensor_state 2 +
03-03 03:17:12.868     0     0 I CAM_INFO: CAM-SENSOR: cam_sensor_driver_cmd: 1697 CAM_START_DEV Success, sensor_id:0x8000,sensor_slave_addr:0x34
03-03 03:17:13.275     0     0 I msm_vidc: info: Opening video instance: ffffffd7bf55c000, 0
03-03 03:17:13.338     0     0 I aac_in_open: session id 1: NT mode encoder success
03-03 03:17:13.338     0     0 I aac_in_open: session id 1: success
03-03 03:17:13.610     0     0 I CAM_INFO: CAM-ISP: __cam_isp_ctx_flush_req_in_top_state: 2049 ctx id:2 Last request id to flush is 11
03-03 03:17:13.642     0     0 I CAM_INFO: CAM-SENSOR: cam_sensor_driver_cmd: 1701 CAM_STOP_DEV,  sensor_state 3 +
03-03 03:17:13.644     0     0 I CAM_INFO: CAM-SENSOR: cam_sensor_driver_cmd: 1727 CAM_STOP_DEV Success, sensor_id:0x8000,sensor_slave_addr:0x34
03-03 03:17:13.651     0     0 I CAM_INFO: CAM-CORE: cam_node_handle_ioctl: 863 Release HW done(rc = 0)
03-03 03:17:13.670   569   569 I auditd  : avc:  denied  { find } for interface=vendor.qti.hardware.servicetracker::IServicetracker sid=u:r:system_server:s0 pid=1488 scontext=u:r:system_server:s0 tcontext=u:object_r:default_android_hwservice:s0 tclass=hwservice_manager permissive=0
03-03 03:17:13.683     0     0 I ueventd : firmware: loading 'CAMERA_ICP.elf' for '/devices/platform/soc/ac00000.qcom,a5/firmware/CAMERA_ICP.elf'
03-03 03:17:13.686     0     0 I ueventd : loading /devices/platform/soc/ac00000.qcom,a5/firmware/CAMERA_ICP.elf took 2ms
03-03 03:17:13.696     0     0 I CAM_INFO: CAM-SENSOR: cam_sensor_driver_cmd: 1519 CAM_ACQUIRE_DEV,  sensor_state 0 +
03-03 03:17:13.696     0     0 I CAM_INFO: CAM-ICP: cam_icp_mgr_process_dbg_buf: 2042 FW_DBG:CICP_FW_E : HFI  :QC_IMAGE_VERSION_STRING=CICP.FW.2.1-00008,OEM_IMAGE_VERSION_STRING=CRM,BUILD_TIME: Oct 23 2019 14:14:13,CACHE_ENABLED at icphostinterface.c:636 QC_IMAGE_VERSION_STRING=CICP.FW.2.1-00008 OEM_IMAGE_VERSION_STRING=CRM
03-03 03:17:13.696     0     0 I CAM_INFO: CAM-ICP: cam_icp_mgr_hw_open: 3209 FW download done successfully
03-03 03:17:13.696     0     0 I CAM_INFO: CAM-ICP: cam_icp_mgr_process_dbg_buf: 2042 FW_DBG:CICP_FW_E : HFI  :ELF variant: CACHE-ENABLED:API_V1::USE_CDM_1_0: , API version: 0x1000034 at icphostinterface.c:637 QC_IMAGE_VERSION_STRING=CICP.FW.2.1-00008 OEM_IMAGE_VERSION_STRING=CRM
03-03 03:17:13.711     0     0 I CAM_INFO: CAM-CORE: cam_node_handle_ioctl: 756 Acquire HW successful
03-03 03:17:13.724     0     0 I CAM_INFO: CAM-SENSOR: cam_sensor_driver_cmd: 1673 CAM_START_DEV,  sensor_state 2 +
03-03 03:17:13.726     0     0 I CAM_INFO: CAM-SENSOR: cam_sensor_driver_cmd: 1697 CAM_START_DEV Success, sensor_id:0x8000,sensor_slave_addr:0x34
03-03 03:17:13.734     0     0 I CAM_INFO: CAM-SENSOR: cam_sensor_driver_cmd: 1600 CAM_ACQUIRE_DEV Success, sensor_id:0x8000,sensor_slave_addr:0x34
03-03 03:17:14.542     0     0 I CAM_INFO: CAM-CORE: cam_node_handle_ioctl: 756 Acquire HW successful
03-03 03:17:14.555     0     0 I CAM_INFO: CAM-SENSOR: cam_sensor_driver_cmd: 1673 CAM_START_DEV,  sensor_state 2 +
03-03 03:17:14.555     0     0 I CAM_INFO: CAM-SENSOR: cam_sensor_driver_cmd: 1697 CAM_START_DEV Success, sensor_id:0x8000,sensor_slave_addr:0x34
03-03 03:17:14.934     0     0 I CAM_INFO: CAM-ISP: __cam_isp_ctx_flush_req_in_top_state: 2049 ctx id:1 Last request id to flush is 6
03-03 03:17:14.944     0     0 I CAM_INFO: CAM-ISP: __cam_isp_ctx_handle_irq_in_activated: 3796 Ctx:1 No handle function for substate 6
03-03 03:17:14.944     0     0 I CAM_INFO: CAM-ISP: __cam_isp_ctx_dump_state_monitor_array: 121 Dumping state information for preceding requests
03-03 03:17:14.955     0     0 I CAM_INFO: CAM-ISP: __cam_isp_ctx_handle_irq_in_activated: 3796 Ctx:1 No handle function for substate 6
03-03 03:17:14.955     0     0 I CAM_INFO: CAM-ISP: __cam_isp_ctx_dump_state_monitor_array: 121 Dumping state information for preceding requests
03-03 03:17:14.961     0     0 I CAM_INFO: CAM-SENSOR: cam_sensor_driver_cmd: 1701 CAM_STOP_DEV,  sensor_state 3 +
03-03 03:17:14.962     0     0 I CAM_INFO: CAM-SENSOR: cam_sensor_driver_cmd: 1727 CAM_STOP_DEV Success, sensor_id:0x8000,sensor_slave_addr:0x34
03-03 03:17:14.969     0     0 I CAM_INFO: CAM-CORE: cam_node_handle_ioctl: 863 Release HW done(rc = 0)
03-03 03:17:14.970     0     0 I CAM_INFO: CAM-SENSOR: cam_sensor_driver_cmd: 1604 CAM_RELEASE_DEV,  sensor_state 1 +
03-03 03:17:14.985     0     0 I CAM_INFO: CAM-SENSOR: cam_sensor_driver_cmd: 1654 CAM_RELEASE_DEV Success, sensor_id:0x8000,sensor_slave_addr:0x34
03-03 03:17:15.009   569   569 I chatty  : uid=1000(system) hwservicemanage identical 2 lines
03-03 03:17:15.010   569   569 I auditd  : avc:  denied  { find } for interface=vendor.qti.hardware.servicetracker::IServicetracker sid=u:r:system_server:s0 pid=1488 scontext=u:r:system_server:s0 tcontext=u:object_r:default_android_hwservice:s0 tclass=hwservice_manager permissive=0
03-03 03:17:15.014  2339  6420 I dvm_lock_sample: [com.logitech.service.systemservi,0,Binder:2339_5,394,AICVService.java,-1,void com.logitech.service.aicvservice.AICVService.onPtzPositionUpdate(com.logitech.service.models.ptzf.PtzfInput),BaseService.java,-1,void com.logitech.service.baseservice.BaseService.stop(boolean),78]
03-03 03:17:15.450  1488  1634 I storage_state: [41217664-9172-527a-b3d5-edabb50a7d69,0,0,51940925440,53087854592]
03-03 03:17:50.770   569   569 I auditd  : avc:  denied  { find } for interface=vendor.qti.hardware.servicetracker::IServicetracker sid=u:r:system_server:s0 pid=1488 scontext=u:r:system_server:s0 tcontext=u:object_r:default_android_hwservice:s0 tclass=hwservice_manager permissive=0
03-03 03:17:50.779  1488  1519 I am_pss  : [1946,10021,android.ext.services,6425600,4255744,0,97976320,0,6,7]
03-03 03:17:52.795   569   569 I auditd  : avc:  denied  { find } for interface=vendor.qti.hardware.servicetracker::IServicetracker sid=u:r:system_server:s0 pid=1488 scontext=u:r:system_server:s0 tcontext=u:object_r:default_android_hwservice:s0 tclass=hwservice_manager permissive=0
03-03 03:17:58.377     0     0 I audio_in_release: session id 1
03-03 03:17:58.389     0     0 I event_handler: reclaimed all bufs
03-03 03:17:58.395     0     0 I msm_mi2s_snd_shutdown(): substream = subdevice #0  stream = 1 did not shutdown
03-03 03:17:58.430     0     0 I msm_vidc: info: Closed video instance: ffffffd7bf55c000
03-03 03:17:58.440  1488  1614 I am_finish_activity: [0,13365863,118,com.logitech.integration.test/.MainActivity,app-request]
03-03 03:17:58.446  1488  1614 I am_pause_activity: [0,13365863,com.logitech.integration.test/.MainActivity,userLeaving=false]
03-03 03:17:58.448  1488  1513 I sysui_multi_action: [757,803,799,window_time_0,802,47]
03-03 03:17:58.449  6115  6115 I am_on_top_resumed_lost_called: [0,com.logitech.integration.test.MainActivity,topStateChangedWhenResumed]
03-03 03:17:58.451  6115  6115 I am_on_paused_called: [0,com.logitech.integration.test.MainActivity,performPause]
03-03 03:17:58.451  1488  1614 I am_add_to_stopping: [0,13365863,com.logitech.integration.test/.MainActivity,finishCurrentActivityLocked]
03-03 03:17:58.453  1488  1614 I am_set_resumed_activity: [0,com.logitech.integration.test.test/androidx.test.core.app.InstrumentationActivityInvoker$BootstrapActivity,resumeTopActivityInnerLocked]
03-03 03:17:58.454  1488  1614 I am_resume_activity: [0,7364254,118,com.logitech.integration.test.test/androidx.test.core.app.InstrumentationActivityInvoker$BootstrapActivity]
03-03 03:17:58.457  1488  6069 I am_finish_activity: [0,7364254,118,com.logitech.integration.test.test/androidx.test.core.app.InstrumentationActivityInvoker$BootstrapActivity,app-request]
03-03 03:17:58.457  1488  6069 I am_focused_stack: [0,0,1,5,finishActivity adjustFocus adjustFocusToNextFocusableStack]
03-03 03:17:58.458  1488  6069 I am_set_resumed_activity: [0,com.logitech.videocollaboration.froggerscreenshare/.MainActivity,finishActivity]
03-03 03:17:58.465  1488  6069 I am_pause_activity: [0,7364254,com.logitech.integration.test.test/androidx.test.core.app.InstrumentationActivityInvoker$BootstrapActivity,userLeaving=false]
03-03 03:17:58.469  6155  6155 I am_on_activity_result_called: [0,androidx.test.core.app.InstrumentationActivityInvoker$BootstrapActivity,ACTIVITY_RESULT]
03-03 03:17:58.469  6155  6155 I am_on_restart_called: [0,androidx.test.core.app.InstrumentationActivityInvoker$BootstrapActivity,performRestartActivity]
03-03 03:17:58.470  1488  1513 I sysui_multi_action: [757,803,799,window_time_0,802,0]
03-03 03:17:58.470  1488  1513 I sysui_multi_action: [757,803,799,window_time_0,802,0]
03-03 03:17:58.471  1488  1506 I am_add_to_stopping: [0,7364254,com.logitech.integration.test.test/androidx.test.core.app.InstrumentationActivityInvoker$BootstrapActivity,finishCurrentActivityLocked]
03-03 03:17:58.473  1488  1506 I am_set_resumed_activity: [0,com.logitech.videocollaboration.froggerscreenshare/.MainActivity,resumeTopActivityInnerLocked]
03-03 03:17:58.474  1488  1506 I am_resume_activity: [0,166622719,114,com.logitech.videocollaboration.froggerscreenshare/.MainActivity]
03-03 03:17:58.475  3218  3218 I am_on_restart_called: [0,com.logitech.videocollaboration.froggerscreenshare.MainActivity,performRestartActivity]
03-03 03:17:58.477  1488  1513 I sysui_multi_action: [757,803,799,window_time_0,802,0]
03-03 03:17:58.485  3218  3218 I am_on_start_called: [0,com.logitech.videocollaboration.froggerscreenshare.MainActivity,handleStartActivity]
03-03 03:17:58.486  3218  3218 I am_on_resume_called: [0,com.logitech.videocollaboration.froggerscreenshare.MainActivity,RESUME_ACTIVITY]
03-03 03:17:58.486  3218  3218 I am_on_top_resumed_gained_called: [0,com.logitech.videocollaboration.froggerscreenshare.MainActivity,topWhenResuming]
03-03 03:17:58.594     0     0 I CAM_INFO: CAM-ISP: __cam_isp_ctx_flush_req_in_top_state: 2049 ctx id:7 Last request id to flush is 1343
03-03 03:17:58.594     0     0 I CAM_INFO: CAM-ISP: __cam_isp_ctx_flush_req_in_top_state: 2063 ctx:7 last applied id:1339, reported req id:1338, buf done id:1338
03-03 03:17:58.594     0     0 I CAM_INFO: CAM-ISP: __cam_isp_ctx_flush_req_in_top_state: 2069 current time:957340 last apply time:957320, reported req time:957320, buf done time:957330
03-03 03:17:58.594     0     0 I CAM_INFO: CAM-ISP: __cam_isp_ctx_dump_state_monitor_array: 121 Dumping state information for preceding requests
03-03 03:17:58.607  1488  1614 I am_destroy_activity: [0,7364254,118,com.logitech.integration.test.test/androidx.test.core.app.InstrumentationActivityInvoker$BootstrapActivity,finish-imm:activityIdleInternalLocked]
03-03 03:17:58.607  1488  1614 I am_destroy_activity: [0,13365863,118,com.logitech.integration.test/.MainActivity,finish-imm:activityIdleInternalLocked]
03-03 03:17:58.610  6155  6155 I am_on_destroy_called: [0,androidx.test.core.app.InstrumentationActivityInvoker$BootstrapActivity,performDestroy]
03-03 03:17:58.620     0     0 E CAM_ERR : CAM-ISP: cam_ife_csid_irq: 3386 CSID 1 irq status 0x0 0x4000ff 0x1ffa 0x0 0x0 0x0 0x0
03-03 03:17:58.622     0     0 I CAM_INFO: CAM-ISP: __cam_isp_ctx_flush_req_in_top_state: 2049 ctx id:7 Last request id to flush is 1343
03-03 03:17:58.627     0     0 I CAM_INFO: CAM-SENSOR: cam_sensor_driver_cmd: 1701 CAM_STOP_DEV,  sensor_state 3 +
03-03 03:17:58.628     0     0 I CAM_INFO: CAM-SENSOR: cam_sensor_driver_cmd: 1727 CAM_STOP_DEV Success, sensor_id:0x8000,sensor_slave_addr:0x34
03-03 03:17:58.635     0     0 I CAM_INFO: CAM-CORE: cam_node_handle_ioctl: 863 Release HW done(rc = 0)
03-03 03:17:58.637     0     0 I CAM_INFO: CAM-SENSOR: cam_sensor_util_request_gpio_table: 787 No GPIO data
03-03 03:17:58.637     0     0 I CAM_INFO: CAM-SENSOR: cam_sensor_driver_cmd: 1604 CAM_RELEASE_DEV,  sensor_state 1 +
03-03 03:17:58.647     0     0 E CAM_ERR : CAM-SENSOR: cam_sensor_cci_i2c_util: 235 Failed rc = -19
03-03 03:17:58.659     0     0 I CAM_INFO: CAM-SENSOR: cam_sensor_driver_cmd: 1654 CAM_RELEASE_DEV Success, sensor_id:0x8000,sensor_slave_addr:0x34
03-03 03:17:58.692  6115  6115 I am_on_stop_called: [0,com.logitech.integration.test.MainActivity,LIFECYCLER_STOP_ACTIVITY]
03-03 03:17:58.694  6115  6115 I am_on_destroy_called: [0,com.logitech.integration.test.MainActivity,performDestroy]
03-03 03:17:58.698  1488  6069 I wm_task_removed: [118,removeAppToken: last token]
03-03 03:17:58.698  1488  6069 I am_remove_task: [118,5]
03-03 03:17:58.698  1488  6069 I wm_task_removed: [118,removeTask]
03-03 03:17:58.699  1488  6069 I wm_stack_removed: 5
03-03 03:18:02.512     0     0 I msm_vidc: info: Opening video instance: ffffffd7aeea0000, 1
03-03 03:18:02.522     0     0 I msm_vidc: info: Opening video instance: ffffffd78a24c000, 1
03-03 03:18:02.536  1488  1614 I wm_stack_created: 6
03-03 03:18:02.539  1488  1614 I wm_task_created: [119,6]
03-03 03:18:02.540  1488  1614 I wm_task_moved: [119,0,2147483647]
03-03 03:18:02.540  1488  1614 I am_focused_stack: [0,0,6,1,reuseOrNewTask]
03-03 03:18:02.540  1488  1614 I am_create_task: [0,119]
03-03 03:18:02.540  1488  1614 I am_create_activity: [0,199893300,119,com.logitech.integration.test.test/androidx.test.core.app.InstrumentationActivityInvoker$BootstrapActivity,android.intent.action.MAIN,NULL,NULL,268468224]
03-03 03:18:02.541  3218  3218 I am_on_top_resumed_lost_called: [0,com.logitech.videocollaboration.froggerscreenshare.MainActivity,topStateChangedWhenResumed]
03-03 03:18:02.541  1488  1614 I wm_task_moved: [119,0,2147483647]
03-03 03:18:02.543  1488  1614 I am_pause_activity: [0,166622719,com.logitech.videocollaboration.froggerscreenshare/.MainActivity,userLeaving=true]
03-03 03:18:02.545  3218  3218 I am_on_paused_called: [0,com.logitech.videocollaboration.froggerscreenshare.MainActivity,performPause]
03-03 03:18:02.547  1488  1614 I am_add_to_stopping: [0,166622719,com.logitech.videocollaboration.froggerscreenshare/.MainActivity,makeInvisible]
03-03 03:18:02.548  1488  1614 I am_restart_activity: [0,199893300,119,com.logitech.integration.test.test/androidx.test.core.app.InstrumentationActivityInvoker$BootstrapActivity]
03-03 03:18:02.550  1488  1614 I am_set_resumed_activity: [0,com.logitech.integration.test.test/androidx.test.core.app.InstrumentationActivityInvoker$BootstrapActivity,minimalResumeActivityLocked]
03-03 03:18:02.550     0     0 I msm_vidc: warn: Unknown control (992029, 32)
03-03 03:18:02.558  1488  1513 I sysui_multi_action: [757,803,799,window_time_0,802,4]
03-03 03:18:02.562  6155  6155 I am_on_create_called: [0,androidx.test.core.app.InstrumentationActivityInvoker$BootstrapActivity,performCreate]
03-03 03:18:02.571  6155  6155 I am_on_start_called: [0,androidx.test.core.app.InstrumentationActivityInvoker$BootstrapActivity,handleStartActivity]
03-03 03:18:02.574  1488  1614 I am_create_activity: [0,104448206,119,com.logitech.integration.test/.MainActivity,NULL,NULL,NULL,0]
03-03 03:18:02.576  1488  1614 I am_pause_activity: [0,199893300,com.logitech.integration.test.test/androidx.test.core.app.InstrumentationActivityInvoker$BootstrapActivity,userLeaving=true]
03-03 03:18:02.579  6155  6155 I am_on_resume_called: [0,androidx.test.core.app.InstrumentationActivityInvoker$BootstrapActivity,RESUME_ACTIVITY]
03-03 03:18:02.581  6155  6155 I am_on_top_resumed_gained_called: [0,androidx.test.core.app.InstrumentationActivityInvoker$BootstrapActivity,topStateChangedWhenResumed]
03-03 03:18:02.581  6155  6155 I am_on_top_resumed_lost_called: [0,androidx.test.core.app.InstrumentationActivityInvoker$BootstrapActivity,topStateChangedWhenResumed]
03-03 03:18:02.582  6155  6155 I am_on_paused_called: [0,androidx.test.core.app.InstrumentationActivityInvoker$BootstrapActivity,performPause]
03-03 03:18:02.585  1488  1614 I am_add_to_stopping: [0,199893300,com.logitech.integration.test.test/androidx.test.core.app.InstrumentationActivityInvoker$BootstrapActivity,makeInvisible]
03-03 03:18:02.586  1488  1614 I am_restart_activity: [0,104448206,119,com.logitech.integration.test/.MainActivity]
03-03 03:18:02.587  1488  1614 I am_set_resumed_activity: [0,com.logitech.integration.test/.MainActivity,minimalResumeActivityLocked]
03-03 03:18:02.614  1488  1614 I am_stop_activity: [0,199893300,com.logitech.integration.test.test/androidx.test.core.app.InstrumentationActivityInvoker$BootstrapActivity]
03-03 03:18:02.615  1488  1614 I am_stop_activity: [0,166622719,com.logitech.videocollaboration.froggerscreenshare/.MainActivity]
03-03 03:18:02.616  6155  6155 I am_on_stop_called: [0,androidx.test.core.app.InstrumentationActivityInvoker$BootstrapActivity,STOP_ACTIVITY_ITEM]
03-03 03:18:02.618  1488  1513 I sysui_multi_action: [757,803,799,window_time_0,802,0]
03-03 03:18:02.628  3218  3218 I am_on_stop_called: [0,com.logitech.videocollaboration.froggerscreenshare.MainActivity,STOP_ACTIVITY_ITEM]
03-03 03:18:02.667  6115  6115 I am_on_create_called: [0,com.logitech.integration.test.MainActivity,performCreate]
03-03 03:18:02.687  6115  6115 I am_on_start_called: [0,com.logitech.integration.test.MainActivity,handleStartActivity]
03-03 03:18:02.689  6115  6115 I am_on_resume_called: [0,com.logitech.integration.test.MainActivity,RESUME_ACTIVITY]
03-03 03:18:02.706  6115  6115 I am_on_top_resumed_gained_called: [0,com.logitech.integration.test.MainActivity,topStateChangedWhenResumed]
03-03 03:18:02.746  1488  1519 I sysui_multi_action: [319,65,321,56,322,212,325,1261,757,761,758,8,759,1,806,com.logitech.integration.test,871,com.logitech.integration.test.MainActivity,904,com.logitech.integration.test,905,0,1320,12,1321,1]
03-03 03:18:02.748  1488  1519 I am_activity_launch_time: [0,104448206,com.logitech.integration.test/.MainActivity,212]
03-03 03:18:02.562     0     0 I msm_vidc: warn: Unknown control (992029, 32)
03-03 03:18:03.057     0     0 E CAM_ERR : CAM-ACTUATOR: cam_afptz_store: 434 try to power on!
03-03 03:18:03.095     0     0 I CAM_INFO: CAM-ACTUATOR: cam_afptz_store: 437 skip actuator camera_io_init
03-03 03:18:03.235     0     0 I msm_vidc: info: Opening video instance: ffffffd7b3150000, 0
03-03 03:18:03.335     0     0 I aac_in_open: session id 1: NT mode encoder success
03-03 03:18:03.335     0     0 I aac_in_open: session id 1: success
03-03 03:18:03.379     0     0 I audio_in_release: session id 1
03-03 03:18:03.398     0     0 I msm_vidc: info: Closed video instance: ffffffd7b3150000
03-03 03:18:03.413     0     0 I CAM_INFO: CAM-SENSOR: cam_sensor_driver_cmd: 1519 CAM_ACQUIRE_DEV,  sensor_state 3 +
03-03 03:18:03.440     0     0 I ueventd : firmware: loading 'CAMERA_ICP.elf' for '/devices/platform/soc/ac00000.qcom,a5/firmware/CAMERA_ICP.elf'
03-03 03:18:03.446     0     0 I ueventd : loading /devices/platform/soc/ac00000.qcom,a5/firmware/CAMERA_ICP.elf took 6ms
03-03 03:18:03.457     0     0 I CAM_INFO: CAM-ICP: cam_icp_mgr_process_dbg_buf: 2042 FW_DBG:CICP_FW_E : HFI  :QC_IMAGE_VERSION_STRING=CICP.FW.2.1-00008,OEM_IMAGE_VERSION_STRING=CRM,BUILD_TIME: Oct 23 2019 14:14:13,CACHE_ENABLED at icphostinterface.c:636 QC_IMAGE_VERSION_STRING=CICP.FW.2.1-00008 OEM_IMAGE_VERSION_STRING=CRM
03-03 03:18:03.457     0     0 I CAM_INFO: CAM-ICP: cam_icp_mgr_process_dbg_buf: 2042 FW_DBG:CICP_FW_E : HFI  :ELF variant: CACHE-ENABLED:API_V1::USE_CDM_1_0: , API version: 0x1000034 at icphostinterface.c:637 QC_IMAGE_VERSION_STRING=CICP.FW.2.1-00008 OEM_IMAGE_VERSION_STRING=CRM
03-03 03:18:03.458     0     0 I CAM_INFO: CAM-ICP: cam_icp_mgr_hw_open: 3209 FW download done successfully
03-03 03:18:03.475     0     0 I CAM_INFO: CAM-SENSOR: cam_sensor_driver_cmd: 1600 CAM_ACQUIRE_DEV Success, sensor_id:0x8000,sensor_slave_addr:0x34
03-03 03:18:03.490     0     0 I CAM_INFO: CAM-SENSOR: cam_sensor_util_request_gpio_table: 787 No GPIO data
03-03 03:18:03.490     0     0 E CAM_ERR : CAM-SENSOR: cam_sensor_core_power_up: 1881 clk index 0 >= max 0
03-03 03:18:03.490     0     0 E CAM_ERR : CAM-SENSOR: cam_sensor_core_power_up: 2064 failed
03-03 03:18:03.490     0     0 I CAM_INFO: CAM-SENSOR: cam_sensor_util_request_gpio_table: 787 No GPIO data
03-03 03:18:03.581     0     0 I ueventd : firmware: loading 'CAMERA_ICP.elf' for '/devices/platform/soc/ac00000.qcom,a5/firmware/CAMERA_ICP.elf'
03-03 03:18:03.587     0     0 I ueventd : loading /devices/platform/soc/ac00000.qcom,a5/firmware/CAMERA_ICP.elf took 6ms
03-03 03:18:03.598     0     0 I CAM_INFO: CAM-ICP: cam_icp_mgr_hw_open: 3209 FW download done successfully
03-03 03:18:03.598     0     0 I CAM_INFO: CAM-ICP: cam_icp_mgr_process_dbg_buf: 2042 FW_DBG:CICP_FW_E : HFI  :QC_IMAGE_VERSION_STRING=CICP.FW.2.1-00008,OEM_IMAGE_VERSION_STRING=CRM,BUILD_TIME: Oct 23 2019 14:14:13,CACHE_ENABLED at icphostinterface.c:636 QC_IMAGE_VERSION_STRING=CICP.FW.2.1-00008 OEM_IMAGE_VERSION_STRING=CRM
03-03 03:18:03.598     0     0 I CAM_INFO: CAM-ICP: cam_icp_mgr_process_dbg_buf: 2042 FW_DBG:CICP_FW_E : HFI  :ELF variant: CACHE-ENABLED:API_V1::USE_CDM_1_0: , API version: 0x1000034 at icphostinterface.c:637 QC_IMAGE_VERSION_STRING=CICP.FW.2.1-00008 OEM_IMAGE_VERSION_STRING=CRM
03-03 03:18:03.617     0     0 I CAM_INFO: CAM-CORE: cam_node_handle_ioctl: 756 Acquire HW successful
03-03 03:18:03.632     0     0 I CAM_INFO: CAM-SENSOR: cam_sensor_driver_cmd: 1673 CAM_START_DEV,  sensor_state 2 +
03-03 03:18:03.634     0     0 I CAM_INFO: CAM-SENSOR: cam_sensor_driver_cmd: 1697 CAM_START_DEV Success, sensor_id:0x8000,sensor_slave_addr:0x34
03-03 03:18:03.882     0     0 I msm_vidc: info: Closed video instance: ffffffd78a24c000
03-03 03:18:03.891     0     0 I msm_vidc: info: Closed video instance: ffffffd7aeea0000
03-03 03:18:04.093     0     0 I msm_vidc: info: Opening video instance: ffffffd7f3cb4000, 0
03-03 03:18:04.175     0     0 I aac_in_open: session id 1: NT mode encoder success
03-03 03:18:04.175     0     0 I aac_in_open: session id 1: success
03-03 03:18:04.381   569   569 I auditd  : avc:  denied  { find } for interface=vendor.qti.hardware.servicetracker::IServicetracker sid=u:r:system_server:s0 pid=1488 scontext=u:r:system_server:s0 tcontext=u:object_r:default_android_hwservice:s0 tclass=hwservice_manager permissive=0
03-03 03:18:04.413     0     0 I CAM_INFO: CAM-SENSOR: cam_sensor_driver_cmd: 1519 CAM_ACQUIRE_DEV,  sensor_state 0 +
03-03 03:18:04.444     0     0 I CAM_INFO: CAM-ISP: __cam_isp_ctx_flush_req_in_top_state: 2049 ctx id:6 Last request id to flush is 12
03-03 03:18:04.451     0     0 I CAM_INFO: CAM-SENSOR: cam_sensor_driver_cmd: 1600 CAM_ACQUIRE_DEV Success, sensor_id:0x8000,sensor_slave_addr:0x34
03-03 03:18:04.462     0     0 W bimc-bwmon: Zone thres larger than hw limit: hi:72090 med:0 lo:0
03-03 03:18:04.475     0     0 I CAM_INFO: CAM-SENSOR: cam_sensor_driver_cmd: 1701 CAM_STOP_DEV,  sensor_state 3 +
03-03 03:18:04.476     0     0 I CAM_INFO: CAM-SENSOR: cam_sensor_driver_cmd: 1727 CAM_STOP_DEV Success, sensor_id:0x8000,sensor_slave_addr:0x34
03-03 03:18:04.483     0     0 I CAM_INFO: CAM-CORE: cam_node_handle_ioctl: 863 Release HW done(rc = 0)
03-03 03:18:04.545     0     0 I CAM_INFO: CAM-CORE: cam_node_handle_ioctl: 756 Acquire HW successful
03-03 03:18:04.559     0     0 I CAM_INFO: CAM-SENSOR: cam_sensor_driver_cmd: 1673 CAM_START_DEV,  sensor_state 2 +
03-03 03:18:04.561     0     0 I CAM_INFO: CAM-SENSOR: cam_sensor_driver_cmd: 1697 CAM_START_DEV Success, sensor_id:0x8000,sensor_slave_addr:0x34
03-03 03:18:04.383   569   569 I auditd  : avc:  denied  { find } for interface=vendor.qti.hardware.servicetracker::IServicetracker sid=u:r:system_server:s0 pid=1488 scontext=u:r:system_server:s0 tcontext=u:object_r:default_android_hwservice:s0 tclass=hwservice_manager permissive=0
03-03 03:18:04.568  6115  6149 I liblog  : 25
03-03 03:18:04.568  6115  6361 I liblog  : 5
03-03 03:18:04.568  6115  6149 I liblog  : 1
03-03 03:18:04.568  6115  6361 I liblog  : 1
03-03 03:18:04.568  6115  6149 I liblog  : 1
03-03 03:18:04.568  6115  6361 I liblog  : 1
03-03 03:18:04.609  6115  6361 I liblog  : 25
03-03 03:18:04.609  6115  6149 I liblog  : 1
03-03 03:18:04.609  6115  6361 I liblog  : 1
03-03 03:18:04.609  6115  6149 I liblog  : 1
03-03 03:18:04.609  6115  6149 I liblog  : 3
03-03 03:18:04.609  6115  6361 I liblog  : 2
03-03 03:18:04.609  6115  6149 I liblog  : 1
03-03 03:18:04.609  6115  6361 I liblog  : 1
03-03 03:18:05.289     0     0 I CAM_INFO: CAM-CORE: cam_node_handle_ioctl: 756 Acquire HW successful
03-03 03:18:05.303     0     0 I CAM_INFO: CAM-SENSOR: cam_sensor_driver_cmd: 1673 CAM_START_DEV,  sensor_state 2 +
03-03 03:18:05.304     0     0 I CAM_INFO: CAM-SENSOR: cam_sensor_driver_cmd: 1697 CAM_START_DEV Success, sensor_id:0x8000,sensor_slave_addr:0x34
03-03 03:18:05.682     0     0 I CAM_INFO: CAM-ISP: __cam_isp_ctx_flush_req_in_top_state: 2049 ctx id:2 Last request id to flush is 6
03-03 03:18:05.693     0     0 I CAM_INFO: CAM-ISP: __cam_isp_ctx_handle_irq_in_activated: 3796 Ctx:2 No handle function for substate 6
03-03 03:18:05.693     0     0 I CAM_INFO: CAM-ISP: __cam_isp_ctx_dump_state_monitor_array: 121 Dumping state information for preceding requests
03-03 03:18:05.703     0     0 I CAM_INFO: CAM-ISP: __cam_isp_ctx_handle_irq_in_activated: 3796 Ctx:2 No handle function for substate 6
03-03 03:18:05.703     0     0 I CAM_INFO: CAM-ISP: __cam_isp_ctx_dump_state_monitor_array: 121 Dumping state information for preceding requests
03-03 03:18:05.710     0     0 I CAM_INFO: CAM-SENSOR: cam_sensor_driver_cmd: 1701 CAM_STOP_DEV,  sensor_state 3 +
03-03 03:18:05.711     0     0 I CAM_INFO: CAM-SENSOR: cam_sensor_driver_cmd: 1727 CAM_STOP_DEV Success, sensor_id:0x8000,sensor_slave_addr:0x34
03-03 03:18:05.718     0     0 I CAM_INFO: CAM-CORE: cam_node_handle_ioctl: 863 Release HW done(rc = 0)
03-03 03:18:05.720     0     0 I CAM_INFO: CAM-SENSOR: cam_sensor_driver_cmd: 1604 CAM_RELEASE_DEV,  sensor_state 1 +
03-03 03:18:05.733     0     0 I CAM_INFO: CAM-SENSOR: cam_sensor_driver_cmd: 1654 CAM_RELEASE_DEV Success, sensor_id:0x8000,sensor_slave_addr:0x34
03-03 03:18:04.612  6115  6361 I liblog  : 22
03-03 03:18:05.761   569   569 I auditd  : avc:  denied  { find } for interface=vendor.qti.hardware.servicetracker::IServicetracker sid=u:r:system_server:s0 pid=1488 scontext=u:r:system_server:s0 tcontext=u:object_r:default_android_hwservice:s0 tclass=hwservice_manager permissive=0
03-03 03:18:05.762   569   569 I auditd  : avc:  denied  { find } for interface=vendor.qti.hardware.servicetracker::IServicetracker sid=u:r:system_server:s0 pid=1488 scontext=u:r:system_server:s0 tcontext=u:object_r:default_android_hwservice:s0 tclass=hwservice_manager permissive=0
03-03 03:18:05.768  2339  6274 I dvm_lock_sample: [com.logitech.service.systemservi,1,Binder:2339_4,453,AICVService.java,-1,com.logitech.service.models.aicv.AICVExecutionMode com.logitech.service.aicvservice.AICVService.getExecutionMode(),BaseService.java,-1,void com.logitech.service.baseservice.BaseService.stop(boolean),90]
03-03 03:18:05.768  2339  6420 I dvm_lock_sample: [com.logitech.service.systemservi,0,Binder:2339_5,449,AICVService.java,-1,void com.logitech.service.aicvservice.AICVService.onPtzPositionUpdate(com.logitech.service.models.ptzf.PtzfInput),BaseService.java,-1,void com.logitech.service.baseservice.BaseService.stop(boolean),89]
03-03 03:18:15.530  1488  1634 I storage_state: [41217664-9172-527a-b3d5-edabb50a7d69,0,0,51868209152,53087854592]
03-03 03:18:52.792   569   569 I auditd  : avc:  denied  { find } for interface=vendor.qti.hardware.servicetracker::IServicetracker sid=u:r:system_server:s0 pid=1488 scontext=u:r:system_server:s0 tcontext=u:object_r:default_android_hwservice:s0 tclass=hwservice_manager permissive=0
03-03 03:18:52.805  1488  1519 I am_pss  : [6115,10117,com.logitech.integration.test,148054016,137179136,0,271212544,0,2,11]
03-03 03:18:52.946     0     0 I audio_in_release: session id 1
03-03 03:18:52.971     0     0 I event_handler: reclaimed all bufs
03-03 03:18:52.978     0     0 I msm_mi2s_snd_shutdown(): substream = subdevice #0  stream = 1 did not shutdown
03-03 03:18:53.014     0     0 I msm_vidc: info: Closed video instance: ffffffd7f3cb4000
03-03 03:18:53.031  1488  1614 I am_finish_activity: [0,104448206,119,com.logitech.integration.test/.MainActivity,app-request]
03-03 03:18:53.039  1488  1614 I am_pause_activity: [0,104448206,com.logitech.integration.test/.MainActivity,userLeaving=false]
03-03 03:18:53.041  1488  1513 I sysui_multi_action: [757,803,799,window_time_0,802,50]
03-03 03:18:53.047  6115  6115 I am_on_top_resumed_lost_called: [0,com.logitech.integration.test.MainActivity,topStateChangedWhenResumed]
03-03 03:18:53.049  6115  6115 I am_on_paused_called: [0,com.logitech.integration.test.MainActivity,performPause]
03-03 03:18:53.052  1488  1614 I am_add_to_stopping: [0,104448206,com.logitech.integration.test/.MainActivity,finishCurrentActivityLocked]
03-03 03:18:53.054  1488  1614 I am_set_resumed_activity: [0,com.logitech.integration.test.test/androidx.test.core.app.InstrumentationActivityInvoker$BootstrapActivity,resumeTopActivityInnerLocked]
03-03 03:18:53.054  1488  1614 I am_resume_activity: [0,199893300,119,com.logitech.integration.test.test/androidx.test.core.app.InstrumentationActivityInvoker$BootstrapActivity]
03-03 03:18:53.060  1488  1614 I am_finish_activity: [0,199893300,119,com.logitech.integration.test.test/androidx.test.core.app.InstrumentationActivityInvoker$BootstrapActivity,app-request]
03-03 03:18:53.060  1488  1614 I am_focused_stack: [0,0,1,6,finishActivity adjustFocus adjustFocusToNextFocusableStack]
03-03 03:18:53.060  1488  1614 I am_set_resumed_activity: [0,com.logitech.videocollaboration.froggerscreenshare/.MainActivity,finishActivity]
03-03 03:18:53.068  1488  1614 I am_pause_activity: [0,199893300,com.logitech.integration.test.test/androidx.test.core.app.InstrumentationActivityInvoker$BootstrapActivity,userLeaving=false]
03-03 03:18:53.071  1488  1513 I sysui_multi_action: [757,803,799,window_time_0,802,0]
03-03 03:18:53.071  1488  1513 I sysui_multi_action: [757,803,799,window_time_0,802,0]
03-03 03:18:53.073  1488  1514 I dvm_lock_sample: [system_server,1,android.anim,11,InputMonitor.java,117,void com.android.server.wm.InputMonitor$1.run(),ActivityTaskManagerService.java,1564,boolean com.android.server.wm.ActivityTaskManagerService.finishActivity(android.os.IBinder, int, android.content.Intent, int),2]
03-03 03:18:53.074  6155  6155 I am_on_activity_result_called: [0,androidx.test.core.app.InstrumentationActivityInvoker$BootstrapActivity,ACTIVITY_RESULT]
03-03 03:18:53.074  6155  6155 I am_on_restart_called: [0,androidx.test.core.app.InstrumentationActivityInvoker$BootstrapActivity,performRestartActivity]
03-03 03:18:53.079  1488  1614 I am_add_to_stopping: [0,199893300,com.logitech.integration.test.test/androidx.test.core.app.InstrumentationActivityInvoker$BootstrapActivity,finishCurrentActivityLocked]
03-03 03:18:53.081  1488  1614 I am_set_resumed_activity: [0,com.logitech.videocollaboration.froggerscreenshare/.MainActivity,resumeTopActivityInnerLocked]
03-03 03:18:53.082  1488  1614 I am_resume_activity: [0,166622719,114,com.logitech.videocollaboration.froggerscreenshare/.MainActivity]
03-03 03:18:53.086  3218  3218 I am_on_restart_called: [0,com.logitech.videocollaboration.froggerscreenshare.MainActivity,performRestartActivity]
03-03 03:18:53.092  1488  1513 I sysui_multi_action: [757,803,799,window_time_0,802,0]
03-03 03:18:53.101  3218  3218 I am_on_start_called: [0,com.logitech.videocollaboration.froggerscreenshare.MainActivity,handleStartActivity]
03-03 03:18:53.102  3218  3218 I am_on_resume_called: [0,com.logitech.videocollaboration.froggerscreenshare.MainActivity,RESUME_ACTIVITY]
03-03 03:18:53.102  3218  3218 I am_on_top_resumed_gained_called: [0,com.logitech.videocollaboration.froggerscreenshare.MainActivity,topWhenResuming]
03-03 03:18:53.165     0     0 I msm_vidc: info: Opening video instance: ffffffd7aee90000, 1
03-03 03:18:53.199     0     0 I msm_vidc: warn: Unknown control (992029, 32)
03-03 03:18:53.209     0     0 I CAM_INFO: CAM-ISP: __cam_isp_ctx_flush_req_in_top_state: 2049 ctx id:0 Last request id to flush is 1455
03-03 03:18:53.209     0     0 I CAM_INFO: CAM-ISP: __cam_isp_ctx_flush_req_in_top_state: 2063 ctx:0 last applied id:1451, reported req id:1450, buf done id:1450
03-03 03:18:53.209     0     0 I CAM_INFO: CAM-ISP: __cam_isp_ctx_flush_req_in_top_state: 2069 current time:1011960 last apply time:1011940, reported req time:1011940, buf done time:1011950
03-03 03:18:53.209     0     0 I CAM_INFO: CAM-ISP: __cam_isp_ctx_dump_state_monitor_array: 121 Dumping state information for preceding requests
03-03 03:18:53.225  1488  1506 I am_destroy_activity: [0,199893300,119,com.logitech.integration.test.test/androidx.test.core.app.InstrumentationActivityInvoker$BootstrapActivity,finish-imm:activityIdleInternalLocked]
03-03 03:18:53.225  1488  1506 I am_destroy_activity: [0,104448206,119,com.logitech.integration.test/.MainActivity,finish-imm:activityIdleInternalLocked]
03-03 03:18:53.228  6155  6155 I am_on_destroy_called: [0,androidx.test.core.app.InstrumentationActivityInvoker$BootstrapActivity,performDestroy]
03-03 03:18:53.237     0     0 E CAM_ERR : CAM-ISP: cam_ife_csid_irq: 3386 CSID 1 irq status 0x0 0x4000ff 0x1ffa 0x0 0x0 0x0 0x0
03-03 03:18:53.239     0     0 I CAM_INFO: CAM-ISP: __cam_isp_ctx_flush_req_in_top_state: 2049 ctx id:0 Last request id to flush is 1455
03-03 03:18:53.244     0     0 I CAM_INFO: CAM-SENSOR: cam_sensor_driver_cmd: 1701 CAM_STOP_DEV,  sensor_state 3 +
03-03 03:18:53.245     0     0 I CAM_INFO: CAM-SENSOR: cam_sensor_driver_cmd: 1727 CAM_STOP_DEV Success, sensor_id:0x8000,sensor_slave_addr:0x34
03-03 03:18:53.253     0     0 I CAM_INFO: CAM-CORE: cam_node_handle_ioctl: 863 Release HW done(rc = 0)
03-03 03:18:53.255     0     0 I CAM_INFO: CAM-SENSOR: cam_sensor_util_request_gpio_table: 787 No GPIO data
03-03 03:18:53.255     0     0 I CAM_INFO: CAM-SENSOR: cam_sensor_driver_cmd: 1604 CAM_RELEASE_DEV,  sensor_state 1 +
03-03 03:18:53.266     0     0 E CAM_ERR : CAM-SENSOR: cam_sensor_cci_i2c_util: 235 Failed rc = -19
03-03 03:18:53.279     0     0 I CAM_INFO: CAM-SENSOR: cam_sensor_driver_cmd: 1654 CAM_RELEASE_DEV Success, sensor_id:0x8000,sensor_slave_addr:0x34
03-03 03:18:53.326  6115  6115 I am_on_stop_called: [0,com.logitech.integration.test.MainActivity,LIFECYCLER_STOP_ACTIVITY]
03-03 03:18:53.330  6115  6115 I am_on_destroy_called: [0,com.logitech.integration.test.MainActivity,performDestroy]
03-03 03:18:53.337  1488  1506 I wm_task_removed: [119,removeAppToken: last token]
03-03 03:18:53.338  1488  1506 I am_remove_task: [119,6]
03-03 03:18:53.338  1488  1506 I wm_task_removed: [119,removeTask]
03-03 03:18:53.342  1488  1506 I wm_stack_removed: 6
03-03 03:18:53.880  1488  2866 I wm_stack_created: 7
03-03 03:18:53.881  1488  2866 I wm_task_created: [120,7]
03-03 03:18:53.882  1488  2866 I wm_task_moved: [120,0,2147483647]
03-03 03:18:53.882  1488  2866 I am_focused_stack: [0,0,7,1,reuseOrNewTask]
