03-03 02:57:17.782     0     0 I         : read descriptors
03-03 02:57:17.782     0     0 I         : read strings
03-03 02:57:18.327  1488  1520 I am_uid_running: 10049
03-03 02:57:18.347  1488  1521 I am_proc_start: [0,2628,10049,com.qualcomm.timeservice,broadcast,{com.qualcomm.timeservice/com.qualcomm.timeservice.TimeServiceBroadcastReceiver}]
03-03 02:57:18.355  1488  1841 I am_proc_bound: [0,2628,com.qualcomm.timeservice]
03-03 02:57:18.453     0     0 I [Binder][737895031][02:57:18.453982] wlan: [1255:E:HDD] __hdd_validate_adapter: 874: bad adapter magic (via __wlan_hdd_ipv4_changed)
03-03 02:57:18.466  1488  1627 I netstats_mobile_sample: [0,0,0,0,0,0,0,0,0,0,0,0,1614776238466]
03-03 02:57:18.466  1488  1627 I netstats_wifi_sample: [0,0,0,0,0,0,0,0,0,0,0,0,1614776238466]
03-03 02:57:18.469     0     0 I init    : processing action (sys.sysctl.tcp_def_init_rwnd=*) from (/init.rc:833)
03-03 02:57:18.474  1488  1627 I netstats_mobile_sample: [0,0,0,0,0,0,0,0,0,0,0,0,1614776238473]
03-03 02:57:18.474  1488  1627 I netstats_wifi_sample: [0,0,0,0,0,0,0,0,0,0,0,0,1614776238473]
03-03 02:57:18.528   569   569 I auditd  : avc:  denied  { find } for interface=vendor.qti.hardware.servicetracker::IServicetracker sid=u:r:system_server:s0 pid=1488 scontext=u:r:system_server:s0 tcontext=u:object_r:default_android_hwservice:s0 tclass=hwservice_manager permissive=0
03-03 02:57:18.529   569   569 I auditd  : avc:  denied  { find } for interface=vendor.qti.hardware.servicetracker::IServicetracker sid=u:r:system_server:s0 pid=1488 scontext=u:r:system_server:s0 tcontext=u:object_r:default_android_hwservice:s0 tclass=hwservice_manager permissive=0
03-03 02:57:18.576  1488  1783 I ntp_success: [time.android.com/216.239.35.12,86,-253]
03-03 02:57:18.644  1488  1610 I configuration_changed: 48
03-03 02:57:18.647  1488  1488 I notification_enqueue: [1000,1488,android,19,NULL,-1,Notification(channel=PHYSICAL_KEYBOARD pri=0 contentView=null vibrate=null sound=null defaults=0x0 flags=0x0 color=0xff607d8b vis=PRIVATE),0]
03-03 02:57:18.656  1488  1610 I am_relaunch_resume_activity: [0,124763526,1,com.android.settings/.FallbackHome]
03-03 02:57:18.663  1907  1907 I am_on_top_resumed_lost_called: [0,com.android.settings.FallbackHome,pausing]
03-03 02:57:18.664  1907  1907 I am_on_paused_called: [0,com.android.settings.FallbackHome,performPause]
03-03 02:57:18.664  1907  1907 I am_on_stop_called: [0,com.android.settings.FallbackHome,handleRelaunchActivity]
03-03 02:57:18.665  1907  1907 I am_on_destroy_called: [0,com.android.settings.FallbackHome,performDestroy]
03-03 02:57:18.673  1681  1681 W CarrierConfigManager: Error getting config for subId -1 ICarrierConfigLoader is null
03-03 02:57:18.675  1907  1907 I am_on_create_called: [0,com.android.settings.FallbackHome,performCreate]
03-03 02:57:18.678  1907  1907 I am_on_start_called: [0,com.android.settings.FallbackHome,handleStartActivity]
03-03 02:57:18.678  1907  1907 I am_on_resume_called: [0,com.android.settings.FallbackHome,RESUME_ACTIVITY]
03-03 02:57:18.678  1907  1907 I am_on_top_resumed_gained_called: [0,com.android.settings.FallbackHome,topWhenResuming]
03-03 02:57:18.748  1488  1488 I sysui_multi_action: [757,1501,758,1,793,101,794,0,795,101,796,19,806,android,857,PHYSICAL_KEYBOARD,858,3,947,0,1500,0]
03-03 02:57:18.748  1488  1488 I sysui_multi_action: [757,804,799,note_interruptive,801,0,802,1]
03-03 02:57:18.749  1488  1488 I sysui_multi_action: [757,1501,758,1,793,102,794,0,795,102,796,19,806,android,857,PHYSICAL_KEYBOARD,858,3,947,0,1500,0,1688,1]
03-03 02:57:18.749  1488  1488 I sysui_multi_action: [757,804,799,note_interruptive,801,0,802,1]
03-03 02:57:18.750  1488  1488 I sysui_multi_action: [757,199,758,1,759,2,793,103,794,0,795,103,796,19,806,android,857,PHYSICAL_KEYBOARD,858,3,947,0,1500,1,1688,1]
03-03 02:57:18.750  1488  1488 I notification_alert: [-1|android|19|null|1000,0,1,0]
03-03 02:57:18.822     0     0 I         : read descriptors
03-03 02:57:18.822     0     0 I         : read strings
03-03 02:57:18.893     0     0 I input   : RallyBarRem as /devices/virtual/misc/uhid/0005:046D:08D5.0002/input/input2
03-03 02:57:18.894     0     0 I hid-generic 0005: 046D:08D5.0002: input,hidraw1: BLUETOOTH HID v1.01 Keyboard [RallyBarRem] on
03-03 02:57:19.271     0     0 I CAM_INFO: CAM-SENSOR: LT6911UXC_read_fw_version: 1179 byte_1: 0xc0
03-03 02:57:19.271     0     0 I CAM_INFO: CAM-SENSOR: LT6911UXC_read_fw_version: 1186 byte_2: 0x4
03-03 02:57:19.272     0     0 I CAM_INFO: CAM-SENSOR: LT6911UXC_read_fw_version: 1193 byte_3: 0x38
03-03 02:57:19.272     0     0 I CAM_INFO: CAM-SENSOR: LT6911UXC_read_fw_version: 1200 byte_4: 0x4
03-03 02:57:19.276     0     0 I CAM_INFO: CAM-SENSOR: LT6911UXC_read_fw_version: 1212 output buf = c0043804
03-03 02:57:19.283   768   768 I auditd  : type=1400 audit(0.0:14): avc: denied { write } for comm="hdmi@1.0-servic" name="hdmi_enable" dev="sysfs" ino=57959 scontext=u:r:hal_logitech_hdmi_default:s0 tcontext=u:object_r:sysfs:s0 tclass=file permissive=0
03-03 02:57:19.284     0     0 I CAM_INFO: CAM-SENSOR: LT6911UXC_read_fw_version_1: 1248 byte_1: 0x14
03-03 02:57:19.285     0     0 I CAM_INFO: CAM-SENSOR: LT6911UXC_read_fw_version_1: 1255 byte_2: 0x14
03-03 02:57:19.285     0     0 I CAM_INFO: CAM-SENSOR: LT6911UXC_read_fw_version_1: 1262 byte_3: 0x5
03-03 02:57:19.285     0     0 I CAM_INFO: CAM-SENSOR: LT6911UXC_read_fw_version_1: 1269 byte_4: 0x1f
03-03 02:57:19.289     0     0 I CAM_INFO: CAM-SENSOR: LT6911UXC_read_fw_version_1: 1281 output buf = 1414051f
03-03 02:57:19.289     0     0 I CAM_INFO: CAM-SENSOR: LT6911UXC_auto_fw_upgrade: 751 No need to update HDMI-IN fw(1414051f)
03-03 02:57:19.290  2135  2135 I dvm_lock_sample: [com.logitech.service.systemservi,1,main,1010,FWUpdateService.java,-1,com.logitech.service.models.update.FWUpdateReturnCode com.logitech.service.fwupdate.FWUpdateService.startPeriodicVersionCheck(),BaseService.java,-1,boolean com.logitech.service.baseservice.BaseService.start(),100]
03-03 02:57:19.313  2075  2075 I auditd  : type=1400 audit(0.0:15): avc: denied { search } for comm="RenderThread" name="gpu" dev="sda11" ino=3145776 scontext=u:r:kong_mode_srv:s0 tcontext=u:object_r:system_gles_data_file:s0 tclass=dir permissive=0
03-03 02:57:19.323  2075  2075 I chatty  : uid=1000(system) com.logitech.service.systemservice:ModeServiceProcess identical 8 lines
03-03 02:57:19.323  2075  2075 I auditd  : type=1400 audit(0.0:24): avc: denied { search } for comm="RenderThread" name="gpu" dev="sda11" ino=3145776 scontext=u:r:kong_mode_srv:s0 tcontext=u:object_r:system_gles_data_file:s0 tclass=dir permissive=0
03-03 02:57:19.540   569   569 I auditd  : avc:  denied  { find } for interface=vendor.qti.hardware.servicetracker::IServicetracker sid=u:r:system_server:s0 pid=1488 scontext=u:r:system_server:s0 tcontext=u:object_r:default_android_hwservice:s0 tclass=hwservice_manager permissive=0
03-03 02:57:19.544     0     0 E lt9611_getHdmiStatus_fih: lt9611_getHdmiStatus_fih: DSI0 (max_hor, max_ver) = 00, 00, DSI1 (max_hor, max_ver) = 00, 00
03-03 02:57:19.545     0     0 E lt9611_getHdmiStatus_fih: lt9611_getHdmiStatus_fih: DSI0 (max_hor, max_ver) = 00, 00, DSI1 (max_hor, max_ver) = 00, 00
03-03 02:57:19.547     0     0 E CAM_ERR : CAM-SENSOR: hdmi_state_show: 296 show g_hdmi_state=0
03-03 02:57:19.557  1488  1521 I am_proc_start: [0,2666,1000,com.logitech.service.systemservice:CVEngineServiceProcess,service,{com.logitech.service.systemservice/com.logitech.service.cvengineservice.CVEngineService}]
03-03 02:57:19.565  1488  2653 I am_proc_bound: [0,2666,com.logitech.service.systemservice:CVEngineServiceProcess]
03-03 02:57:19.568   569   569 I auditd  : avc:  denied  { find } for interface=vendor.qti.hardware.servicetracker::IServicetracker sid=u:r:system_server:s0 pid=1488 scontext=u:r:system_server:s0 tcontext=u:object_r:default_android_hwservice:s0 tclass=hwservice_manager permissive=0
03-03 02:57:19.882     0     0 I         : read descriptors
03-03 02:57:19.882     0     0 I         : read strings
03-03 02:57:19.945     0     0 I CAM_INFO: CAM-SENSOR: cam_sensor_driver_cmd: 1519 CAM_ACQUIRE_DEV,  sensor_state 0 +
03-03 02:57:19.983     0     0 I CAM_INFO: CAM-SENSOR: cam_sensor_driver_cmd: 1600 CAM_ACQUIRE_DEV Success, sensor_id:0x8000,sensor_slave_addr:0x34
03-03 02:57:19.986     0     0 I CAM_INFO: CAM-ICP: cam_icp_mgr_process_dbg_buf: 2042 FW_DBG:CICP_FW_E : HFI  :QC_IMAGE_VERSION_STRING=CICP.FW.2.1-00008,OEM_IMAGE_VERSION_STRING=CRM,BUILD_TIME: Oct 23 2019 14:14:13,CACHE_ENABLED at icphostinterface.c:636 QC_IMAGE_VERSION_STRING=CICP.FW.2.1-00008 OEM_IMAGE_VERSION_STRING=CRM
03-03 02:57:19.986     0     0 I CAM_INFO: CAM-ICP: cam_icp_mgr_process_dbg_buf: 2042 FW_DBG:CICP_FW_E : HFI  :ELF variant: CACHE-ENABLED:API_V1::USE_CDM_1_0: , API version: 0x1000034 at icphostinterface.c:637 QC_IMAGE_VERSION_STRING=CICP.FW.2.1-00008 OEM_IMAGE_VERSION_STRING=CRM
03-03 02:57:19.986     0     0 I CAM_INFO: CAM-ICP: cam_icp_mgr_hw_open: 3209 FW download done successfully
03-03 02:57:20.298   569   569 I chatty  : uid=1000(system) hwservicemanage identical 1 line
03-03 02:57:20.298   569   569 I auditd  : avc:  denied  { find } for interface=vendor.qti.hardware.servicetracker::IServicetracker sid=u:r:system_server:s0 pid=1488 scontext=u:r:system_server:s0 tcontext=u:object_r:default_android_hwservice:s0 tclass=hwservice_manager permissive=0
03-03 02:57:20.353  2666  2666 I auditd  : type=1400 audit(0.0:25): avc: denied { search } for comm="Binder:2666_2" name="gpu" dev="sda11" ino=3145776 scontext=u:r:kong_cvengine_srv:s0 tcontext=u:object_r:system_gles_data_file:s0 tclass=dir permissive=0
03-03 02:57:20.353  2666  2666 I auditd  : type=1400 audit(0.0:26): avc: denied { search } for comm="Binder:2666_2" name="gpu" dev="sda11" ino=3145776 scontext=u:r:kong_cvengine_srv:s0 tcontext=u:object_r:system_gles_data_file:s0 tclass=dir permissive=0
03-03 02:57:20.912     0     0 I         : read descriptors
03-03 02:57:20.912     0     0 I         : read strings
03-03 02:57:21.028     0     0 I ueventd : firmware: loading 'CAMERA_ICP.elf' for '/devices/platform/soc/ac00000.qcom,a5/firmware/CAMERA_ICP.elf'
03-03 02:57:21.032     0     0 I ueventd : loading /devices/platform/soc/ac00000.qcom,a5/firmware/CAMERA_ICP.elf took 3ms
03-03 02:57:21.043     0     0 I CAM_INFO: CAM-ICP: cam_icp_mgr_process_dbg_buf: 2042 FW_DBG:CICP_FW_E : HFI  :QC_IMAGE_VERSION_STRING=CICP.FW.2.1-00008,OEM_IMAGE_VERSION_STRING=CRM,BUILD_TIME: Oct 23 2019 14:14:13,CACHE_ENABLED at icphostinterface.c:636 QC_IMAGE_VERSION_STRING=CICP.FW.2.1-00008 OEM_IMAGE_VERSION_STRING=CRM
03-03 02:57:21.043     0     0 I CAM_INFO: CAM-ICP: cam_icp_mgr_process_dbg_buf: 2042 FW_DBG:CICP_FW_E : HFI  :ELF variant: CACHE-ENABLED:API_V1::USE_CDM_1_0: , API version: 0x1000034 at icphostinterface.c:637 QC_IMAGE_VERSION_STRING=CICP.FW.2.1-00008 OEM_IMAGE_VERSION_STRING=CRM
03-03 02:57:21.043     0     0 I CAM_INFO: CAM-ICP: cam_icp_mgr_hw_open: 3209 FW download done successfully
03-03 02:57:21.084     0     0 I CAM_INFO: CAM-CORE: cam_node_handle_ioctl: 756 Acquire HW successful
03-03 02:57:21.097     0     0 I CAM_INFO: CAM-SENSOR: cam_sensor_driver_cmd: 1673 CAM_START_DEV,  sensor_state 2 +
03-03 02:57:21.098     0     0 I CAM_INFO: CAM-SENSOR: cam_sensor_driver_cmd: 1697 CAM_START_DEV Success, sensor_id:0x8000,sensor_slave_addr:0x34
03-03 02:57:21.184  1488  1782 I service_manager_stats: [134,19,6427]
03-03 02:57:21.952     0     0 I         : read descriptors
03-03 02:57:21.952     0     0 I         : read strings
03-03 02:57:22.992     0     0 I         : read descriptors
03-03 02:57:22.992     0     0 I         : read strings
03-03 02:57:24.032     0     0 I         : read descriptors
03-03 02:57:24.032     0     0 I         : read strings
03-03 02:57:24.556   569   569 I auditd  : avc:  denied  { find } for interface=vendor.qti.hardware.servicetracker::IServicetracker sid=u:r:system_server:s0 pid=1488 scontext=u:r:system_server:s0 tcontext=u:object_r:default_android_hwservice:s0 tclass=hwservice_manager permissive=0
03-03 02:57:24.557   569   569 I auditd  : avc:  denied  { find } for interface=vendor.qti.hardware.servicetracker::IServicetracker sid=u:r:system_server:s0 pid=1488 scontext=u:r:system_server:s0 tcontext=u:object_r:default_android_hwservice:s0 tclass=hwservice_manager permissive=0
03-03 02:57:24.637     0     0 I init    : Received control message 'stop' for 'idmap2d' from pid: 1488 (system_server)
03-03 02:57:24.637     0     0 I init    : Sending signal 9 to service 'idmap2d' (pid 1245) process group...
03-03 02:57:24.642     0     0 I libprocessgroup: Successfully killed process cgroup uid 1000 pid 1245 in 5ms
03-03 02:57:24.644     0     0 I init    : Service 'idmap2d' (pid 1245) received signal 9
03-03 02:57:24.906  1488  1711 I commit_sys_config_file: [appops,5]
03-03 02:57:25.072     0     0 I         : read descriptors
03-03 02:57:25.072     0     0 I         : read strings
03-03 02:57:26.112     0     0 I         : read descriptors
03-03 02:57:26.112     0     0 I         : read strings
03-03 02:57:26.315   823  1533 I sf_stop_bootanim: 25066
03-03 02:57:26.316  1488  1513 I wm_boot_animation_done: 25066
03-03 02:57:26.326  1488  1519 I am_pss  : [1907,1000,com.android.settings,56675328,44171264,0,172023808,0,2,3]
03-03 02:57:26.331  1488  1513 I am_user_state_changed: [0,1]
03-03 02:57:26.331  1488  1513 I sysui_multi_action: [757,804,799,framework_locked_boot_completed,801,25,802,1]
03-03 02:57:26.347   569   569 I auditd  : avc:  denied  { find } for interface=vendor.qti.hardware.servicetracker::IServicetracker sid=u:r:system_server:s0 pid=1488 scontext=u:r:system_server:s0 tcontext=u:object_r:default_android_hwservice:s0 tclass=hwservice_manager permissive=0
03-03 02:57:26.352   569   569 I chatty  : uid=1000(system) hwservicemanage identical 1 line
03-03 02:57:26.359  1488  2653 D TelephonyRegistry: listen oscl: mHasNotifySubscriptionInfoChangedOccurred==false no callback
03-03 02:57:26.362   569   569 I auditd  : avc:  denied  { find } for interface=vendor.qti.hardware.servicetracker::IServicetracker sid=u:r:system_server:s0 pid=1488 scontext=u:r:system_server:s0 tcontext=u:object_r:default_android_hwservice:s0 tclass=hwservice_manager permissive=0
03-03 02:57:26.363  1842  1842 I auditd  : type=1400 audit(0.0:27): avc: denied { ioctl } for comm="qtidataservices" path="socket:[36854]" dev="sockfs" ino=36854 ioctlcmd=0xc304 scontext=u:r:qtidataservices_app:s0 tcontext=u:r:qtidataservices_app:s0 tclass=socket permissive=0
03-03 02:57:26.462  1488  1519 I am_meminfo: [470884352,3496845312,12288,226742272,571233280]
03-03 02:57:26.466  1488  1519 I am_pss  : [2135,1000,com.logitech.service.systemservice:FWUpdateServiceProcess,12929024,7397376,0,118800384,2,0,3]
03-03 02:57:26.471  1488  1519 I am_pss  : [2666,1000,com.logitech.service.systemservice:CVEngineServiceProcess,216284160,211705856,0,316264448,2,7,5]
03-03 02:57:26.474  1488  1519 I am_pss  : [2628,10049,com.qualcomm.timeservice,6027264,2891776,0,86650880,2,20,2]
03-03 02:57:26.477  2764  2764 I sysui_multi_action: [757,1098,758,4,1099,<EMPTY>]
03-03 02:57:26.478  1488  1519 I am_pss  : [1658,1002,com.android.bluetooth,21843968,15994880,0,120594432,2,0,4]
03-03 02:57:26.482  1488  1519 I am_pss  : [2441,1000,com.logitech.service.systemservice:DummyServiceProcess,7958528,4079616,0,104464384,2,0,3]
03-03 02:57:26.483  2762  2762 I auditd  : type=1400 audit(0.0:28): avc: denied { dac_override } for comm="init.qcom.post_" capability=1 scontext=u:r:qti_init_shell:s0 tcontext=u:r:qti_init_shell:s0 tclass=capability permissive=0
03-03 02:57:26.485  1488  1519 I am_pss  : [2412,1000,com.logitech.service.systemservice:LogiUsbServiceProcess,8057856,4018176,0,105779200,2,0,2]
03-03 02:57:26.489  1488  1519 I am_pss  : [2386,1000,com.logitech.service.systemservice:HouseKeepingServiceProcess,9089024,4653056,0,109576192,2,0,2]
03-03 02:57:26.492  1488  1519 I am_pss  : [2339,1000,com.logitech.service.systemservice:AICVServiceProcess,8413184,4427776,0,105353216,2,0,3]
03-03 02:57:26.492  2764  2764 I sysui_multi_action: [757,804,799,factory_reset_current_time,801,1614776246,802,1]
03-03 02:57:26.493  2764  2764 I sysui_multi_action: [757,804,799,factory_reset_record_value,801,1614758416,802,1]
03-03 02:57:26.493  2764  2764 I sysui_multi_action: [757,804,799,factory_reset_record_value,801,1614758416,802,1]
03-03 02:57:26.493  2764  2764 I sysui_multi_action: [757,804,799,boottime.bootloader.total,801,0,802,1]
03-03 02:57:26.493  2764  2764 I sysui_multi_action: [757,804,799,ro.boottime.init.cold_boot_wait,801,1197,802,1]
03-03 02:57:26.493  2764  2764 I sysui_multi_action: [757,804,799,ro.boottime.init.selinux,801,1051,802,1]
03-03 02:57:26.493  2764  2764 I sysui_multi_action: [757,804,799,factory_reset_boot_complete_post_decrypt,801,14,802,1]
03-03 02:57:26.493  2764  2764 I sysui_multi_action: [757,804,799,boot_complete,801,25,802,1]
03-03 02:57:26.493  2764  2764 I sysui_multi_action: [757,804,799,time_since_last_boot,801,334,802,1]
03-03 02:57:26.493  2764  2764 I sysui_multi_action: [757,804,799,boot_reason,801,0,802,1]
03-03 02:57:26.493  2764  2764 I sysui_multi_action: [757,804,799,build_date,801,1614696887,802,1]
03-03 02:57:26.493  2764  2764 I sysui_multi_action: [757,804,799,time_since_factory_reset,801,17830,802,1]
03-03 02:57:26.493  2764  2764 I sysui_multi_action: [757,804,799,post_decrypt_time_elapsed,801,11,802,1]
03-03 02:57:26.493  2764  2764 I sysui_multi_action: [757,804,799,boot_decryption_complete,801,25,802,1]
03-03 02:57:26.493  2764  2764 I sysui_multi_action: [757,804,799,absolute_boot_time,801,25,802,1]
03-03 02:57:26.493  2764  2764 I sysui_multi_action: [757,804,799,last_boot_time_utc,801,1614776246,802,1]
03-03 02:57:26.493  2764  2764 I sysui_multi_action: [757,804,799,factory_reset_boot_complete,801,25,802,1]
03-03 02:57:26.493  2764  2764 I sysui_multi_action: [757,804,799,factory_reset_current_time,801,1614776246,802,1]
03-03 02:57:26.493  2764  2764 I sysui_multi_action: [757,804,799,ro.boottime.init,801,5113,802,1]
03-03 02:57:26.493  2764  2764 I sysui_multi_action: [757,804,799,boot_complete_post_decrypt,801,14,802,1]
03-03 02:57:26.493  2764  2764 I sysui_multi_action: [757,804,799,system_boot_reason,801,67,802,1]
03-03 02:57:26.493  2764  2764 I sysui_multi_action: [757,804,799,factory_reset,801,1614758416,802,1]
03-03 02:57:26.495  1488  1519 I am_pss  : [2306,1000,com.logitech.service.systemservice:RemoteServiceProcess,8313856,4325376,0,106344448,2,0,2]
03-03 02:57:26.499  1488  1519 I am_pss  : [2280,1000,com.logitech.service.systemservice:ConfigServiceProcess,9537536,4849664,0,112332800,2,0,3]
03-03 02:57:26.503  1488  1519 I am_pss  : [2251,1000,com.logitech.service.systemservice:AudioServiceProcess,9021440,4771840,0,107921408,2,0,3]
03-03 02:57:26.507  1488  1519 I am_pss  : [2206,10026,com.android.inputmethod.leanback,14002176,7626752,0,114159616,2,8,3]
03-03 02:57:26.510  1488  1519 I am_pss  : [2177,1000,com.logitech.service.systemservice:HDMIServiceProcess,12193792,5775360,0,119390208,2,0,2]
03-03 02:57:26.514     0     0 I init    : Service 'bootanim' (pid 1038) exited with status 0
03-03 02:57:26.514  1488  1519 I am_pss  : [2099,1000,com.logitech.service.systemservice:UVCServiceProcess,8558592,4288512,0,107122688,2,0,2]
03-03 02:57:26.518  1488  1519 I am_pss  : [2075,1000,com.logitech.service.systemservice:ModeServiceProcess,28196864,18571264,0,149442560,2,0,3]
03-03 02:57:26.521  1488  1519 I am_pss  : [1946,10021,android.ext.services,8182784,3870720,0,95260672,2,6,2]
03-03 02:57:26.524  1488  1519 I am_pss  : [2058,1000,com.logitech.service.systemservice:LEDServiceProcess,8913920,4550656,0,109019136,2,0,3]
03-03 02:57:26.528  1488  1519 I am_pss  : [2044,1000,com.logitech.service.systemservice:PTZFServiceProcess,8207360,4124672,0,106246144,2,0,3]
03-03 02:57:26.531  1488  1519 I am_pss  : [1895,1000,com.logitech.service.systemservice,9342976,5165056,0,108150784,2,0,3]
03-03 02:57:26.534  1488  1519 I am_pss  : [1869,1000,com.logitech.platform.service2,6590464,3289088,0,93884416,2,0,2]
03-03 02:57:26.537  1488  1519 I am_pss  : [1842,1001,.qtidataservices,8934400,4902912,0,102084608,2,0,2]
03-03 02:57:26.540  1488  1519 I am_pss  : [1784,1001,.dataservices,7373824,3657728,0,97968128,2,0,2]
03-03 02:57:26.544  1488  1519 I am_pss  : [1681,10055,com.android.systemui,66064384,52682752,0,213544960,2,0,4]
03-03 02:57:26.550  1488  1519 I am_pss  : [1488,1000,system,119865344,98914304,0,272117760,2,0,5]
03-03 02:57:26.571  2135  2190 I dvm_lock_sample: [com.logitech.service.systemservi,1,Binder:2135_3,2012,FWUpdateService.java,-1,java.lang.String com.logitech.service.fwupdate.FWUpdateService.getVersion(boolean),-,-1,com.logitech.service.models.update.FWUpdateReturnCode com.logitech.service.fwupdate.FWUpdateService.startPeriodicVersionCheck(),100]
03-03 02:57:26.571   569   569 I auditd  : avc:  denied  { find } for interface=vendor.qti.hardware.servicetracker::IServicetracker sid=u:r:system_server:s0 pid=1488 scontext=u:r:system_server:s0 tcontext=u:object_r:default_android_hwservice:s0 tclass=hwservice_manager permissive=0
03-03 02:57:26.577   569   569 I auditd  : avc:  denied  { find } for interface=vendor.qti.hardware.servicetracker::IServicetracker sid=u:r:system_server:s0 pid=1488 scontext=u:r:system_server:s0 tcontext=u:object_r:default_android_hwservice:s0 tclass=hwservice_manager permissive=0
03-03 02:57:26.583     0     0 I init    : processing action (sys.usb.config=none && sys.usb.configfs=1) from (/vendor/etc/init/hw/init.msm.usb.configfs.rc:30)
03-03 02:57:26.584     0     0 I init    : processing action (sys.usb.config=none && sys.usb.configfs=1) from (/init.usb.configfs.rc:1)
03-03 02:57:26.584     0     0 I init    : processing action (sys.usb.config=none && sys.usb.configfs=1 && vendor.uvc.state=4) from (/init.usb.configfs.rc:4)
03-03 02:57:26.584     0     0 W         : [configfs] unregister_gadget()
03-03 02:57:26.584     0     0 I init    : Command 'write /config/usb_gadget/g1/UDC none' action=sys.usb.config=none && sys.usb.configfs=1 && vendor.uvc.state=4 (/init.usb.configfs.rc:5) took 0ms and failed: Unable to write to file '/config/usb_gadget/g1/UDC': Unable to write file contents: No such device
03-03 02:57:26.584     0     0 I init    : Sending signal 9 to service 'adbd' (pid 901) process group...
03-03 02:57:26.589     0     0 I         : sdcardfs version 2.0
03-03 02:57:26.589     0     0 I sdcardfs: dev_name -> /data/media
03-03 02:57:26.589     0     0 I sdcardfs: options -> fsuid=1023,fsgid=1023,multiuser,derive_gid,default_normal,unshared_obb,mask=6,userid=0,gid=1015
03-03 02:57:26.589     0     0 I sdcardfs: mnt -> ffffffd8138f2320
03-03 02:57:26.589     0     0 I sdcardfs: mounted on top of /data/media type ext4
03-03 02:57:26.589     0     0 I         : Remount options were mask=23,gid=9997 for vfsmnt ffffffd8571f6320.
03-03 02:57:26.589     0     0 I sdcardfs: options - debug:1
03-03 02:57:26.589     0     0 I sdcardfs: options - gid:9997
03-03 02:57:26.589     0     0 I sdcardfs: options - mask:23
03-03 02:57:26.589     0     0 I         : Remount options were mask=7,gid=9997 for vfsmnt ffffffd858b59520.
03-03 02:57:26.589     0     0 I sdcardfs: options - debug:1
03-03 02:57:26.589     0     0 I sdcardfs: options - gid:9997
03-03 02:57:26.589     0     0 I sdcardfs: options - mask:7
03-03 02:57:26.589     0     0 I         : Remount options were mask=7,gid=9997 for vfsmnt ffffffd858bb0720.
03-03 02:57:26.589     0     0 I sdcardfs: options - debug:1
03-03 02:57:26.589     0     0 I sdcardfs: options - gid:9997
03-03 02:57:26.589     0     0 I sdcardfs: options - mask:7
03-03 02:57:26.698     0     0 I         : Boot completed
03-03 02:57:26.755     0     0 I init    : wait for '/sys/class/net/usb0/iflink' took 0ms
03-03 02:57:26.763  2844  2844 I auditd  : type=1400 audit(0.0:29): avc: denied { read } for comm="getprop" name="u:object_r:default_prop:s0" dev="tmpfs" ino=14406 scontext=u:r:qti_init_shell:s0 tcontext=u:object_r:default_prop:s0 tclass=file permissive=0
03-03 02:57:26.777  1488  1510 I am_user_state_changed: [0,2]
03-03 02:57:26.805     0     0 I         : read descriptors
03-03 02:57:26.805     0     0 I         : read strings
03-03 02:57:26.824     0     0 W         : [f_uvc] uvc_alloc()
03-03 02:57:26.825     0     0 W         : [configfs] configfs_composite_bind()
03-03 02:57:26.825     0     0 W         : [core] usb_gadget_deactivate()
03-03 02:57:26.825     0     0 W [composite] usb_function_deactivate(): :cdev->deactivations = 1 | status = 0 - Exit
03-03 02:57:26.826  1488  1520 I am_user_state_changed: [0,3]
03-03 02:57:26.826     0     0 I [ifconf][898654950][02:57:26.573785] wlan: [2794:E:HDD] __hdd_validate_adapter: 874: bad adapter magic (via __wlan_hdd_ipv4_changed)
03-03 02:57:26.827     0     0 I [ifconf][898662847][02:57:26.574196] wlan: [2794:E:HDD] __hdd_validate_adapter: 874: bad adapter magic (via __wlan_hdd_ipv6_changed)
03-03 02:57:26.827     0     0 W         : [core] usb_gadget_connect()
03-03 02:57:26.828     0     0 W         : [configfs] android_work()
03-03 02:57:26.828     0     0 I android_work: did not send uevent (0 0 0000000000000000)
03-03 02:57:26.836     0     0 I [ifconf][898842382][02:57:26.583547] wlan: [2794:E:HDD] __hdd_validate_adapter: 874: bad adapter magic (via __wlan_hdd_ipv4_changed)
03-03 02:57:26.837  1488  1520 I am_uid_running: 10043
03-03 02:57:26.838  1488  1520 I am_uid_running: 10058
03-03 02:57:26.838     0     0 I [ifconf][898884394][02:57:26.585735] wlan: [2794:E:HDD] __hdd_validate_adapter: 874: bad adapter magic (via __wlan_hdd_ipv4_changed)
03-03 02:57:26.843  1488  1520 I sysui_multi_action: [757,804,799,framework_boot_completed,801,25,802,1]
03-03 02:57:26.863   569   569 I auditd  : avc:  denied  { find } for interface=vendor.qti.hardware.servicetracker::IServicetracker sid=u:r:system_server:s0 pid=1488 scontext=u:r:system_server:s0 tcontext=u:object_r:default_android_hwservice:s0 tclass=hwservice_manager permissive=0
03-03 02:57:26.865   569   569 I auditd  : avc:  denied  { find } for interface=vendor.qti.hardware.servicetracker::IServicetracker sid=u:r:system_server:s0 pid=1488 scontext=u:r:system_server:s0 tcontext=u:object_r:default_android_hwservice:s0 tclass=hwservice_manager permissive=0
03-03 02:57:26.867  1488  2653 I am_finish_activity: [0,124763526,1,com.android.settings/.FallbackHome,app-request]
03-03 02:57:26.868  1488  2653 I am_pause_activity: [0,124763526,com.android.settings/.FallbackHome,userLeaving=false]
03-03 02:57:26.868  1488  1521 I am_proc_start: [0,2859,10043,com.logitech.platform.zoom.zdm,added application,com.logitech.platform.zoom.zdm]
03-03 02:57:26.870  1488  1513 I sysui_multi_action: [757,803,799,window_time_0,802,13]
03-03 02:57:26.872  1907  1907 I am_on_top_resumed_lost_called: [0,com.android.settings.FallbackHome,topStateChangedWhenResumed]
03-03 02:57:26.873   569   569 I auditd  : avc:  denied  { find } for interface=vendor.qti.hardware.servicetracker::IServicetracker sid=u:r:system_server:s0 pid=1488 scontext=u:r:system_server:s0 tcontext=u:object_r:default_android_hwservice:s0 tclass=hwservice_manager permissive=0
03-03 02:57:26.873  1907  1907 I am_on_paused_called: [0,com.android.settings.FallbackHome,performPause]
03-03 02:57:26.942     0     0 I [kworke][900875974][02:57:26.689464] wlan: [110:I:HDD] hdd_psoc_idle_timeout_callback: 10104: Psoc idle timeout elapsed; starting psoc shutdown
03-03 02:57:26.943     0     0 I [schedu][900896196][02:57:26.690516] wlan: [2534:E:SYS] Processing SYS MC STOP
03-03 02:57:26.959     0     0 I [kworke][901197809][02:57:26.706226] wlan: [833:I:WMI] WMI Stop
03-03 02:57:26.959     0     0 I [kworke][901198069][02:57:26.706239] wlan: [833:I:HTC] htc_stop: endpoints cleanup
03-03 02:57:26.959     0     0 I [kworke][901198299][02:57:26.706251] wlan: [833:I:HTC] htc_stop: stopping hif layer
03-03 02:57:26.965     0     0 I [kworke][901318950][02:57:26.712535] wlan: [833:I:HTC] htc_stop: flush endpoints Tx lookup queue
03-03 02:57:26.965     0     0 I [kworke][901319259][02:57:26.712551] wlan: [833:I:HTC] htc_stop: resetting endpoints state
03-03 02:57:26.970     0     0 I [kworke][901419515][02:57:26.717773] wlan: [833:I:HTT] max pool size 64 pool filled 0
03-03 02:57:26.972     0     0 I [kworke][901445939][02:57:26.719149] wlan: [833:E:HDD] hdd_wlan_stop_modules: 12339: WBUFF de-init unsuccessful; status: 4
03-03 02:57:26.972     0     0 I [kworke][901446209][02:57:26.719163] wlan: [833:I:OBJMGR] wlan_objmgr_pdev_obj_delete: 248: Logically deleting pdev 0
03-03 02:57:26.972     0     0 I [kworke][901446373][02:57:26.719171] wlan: [833:I:OBJMGR] wlan_objmgr_pdev_obj_destroy: 198: Physically deleting pdev 0
03-03 02:57:26.972     0     0 I target_if_spectral_detach: 1886: spectral detach
03-03 02:57:27.037     0     0 I [kworke][902704541][02:57:26.784702] wlan: [833:E:QDF] cds_get_context: 1286: Module ID 66 context is Null
03-03 02:57:27.145     0     0 D logd    : logdr: UID=1036 GID=1007 PID=2781 b tail=0 logMask=ff pid=0 start=1614776195501381000ns timeout=0ns
03-03 02:57:26.898  1488  2652 I wm_task_created: [113,0]
03-03 02:57:26.899  1488  2652 I wm_task_moved: [113,0,2147483647]
03-03 02:57:26.899  1488  2652 I am_create_task: [0,113]
03-03 02:57:26.899  1488  2652 I am_create_activity: [0,260762406,113,com.logitech.frogger.logidesktop/.launcher.LauncherActivity,android.intent.action.MAIN,NULL,NULL,268435712]
03-03 02:57:26.900  1488  2652 I wm_task_moved: [113,0,2147483647]
03-03 02:57:26.904  1488  1488 I dvm_lock_sample: [system_server,1,main,30,ActivityTaskManagerService.java,6419,int com.android.server.wm.ActivityTaskManagerService$LocalService.getTopProcessState(),-,1711,void com.android.server.wm.ActivityTaskManagerService.activityPaused(android.os.IBinder),6]
03-03 02:57:26.904  1488  1514 I dvm_lock_sample: [system_server,1,android.anim,30,InputMonitor.java,117,void com.android.server.wm.InputMonitor$1.run(),ActivityTaskManagerService.java,1711,void com.android.server.wm.ActivityTaskManagerService.activityPaused(android.os.IBinder),6]
03-03 02:57:27.161     0     0 I CPU4    : update max cpu_capacity 967
03-03 02:57:26.908   569   569 I auditd  : avc:  denied  { find } for interface=vendor.qti.hardware.servicetracker::IServicetracker sid=u:r:system_server:s0 pid=1488 scontext=u:r:system_server:s0 tcontext=u:object_r:default_android_hwservice:s0 tclass=hwservice_manager permissive=0
03-03 02:57:26.915   569   569 I auditd  : avc:  denied  { find } for interface=vendor.qti.hardware.servicetracker::IServicetracker sid=u:r:system_server:s0 pid=1488 scontext=u:r:system_server:s0 tcontext=u:object_r:default_android_hwservice:s0 tclass=hwservice_manager permissive=0
03-03 02:57:26.916  1488  1806 I am_proc_bound: [0,2859,com.logitech.platform.zoom.zdm]
03-03 02:57:26.919  1488  1806 I am_uid_active: 10043
03-03 02:57:26.919  1488  1521 I am_proc_start: [0,2884,10058,com.qualcomm.qti.services.systemhelper:systemhelper_service,added application,com.qualcomm.qti.services.systemhelper:systemhelper_service]
03-03 02:57:26.919  1488  2652 I dvm_lock_sample: [system_server,1,Binder:1488_9,10,ActivityManagerService.java,6574,java.lang.String com.android.server.am.ActivityManagerService.checkContentProviderAccess(java.lang.String, int),-,14142,int com.android.server.am.ActivityManagerService.bindIsolatedService(android.app.IApplicationThread, android.os.IBinder, android.content.Intent, java.lang.String, android.app.IServiceConnection, int, java.lang.String, java.lang.String, int),2]
03-03 02:57:26.920  1488  1807 I am_proc_bound: [0,2884,com.qualcomm.qti.services.systemhelper:systemhelper_service]
03-03 02:57:26.923  1488  1807 I am_uid_active: 10058
03-03 02:57:26.925  1488  1513 I sysui_multi_action: [757,803,799,window_time_0,802,0]
03-03 02:57:26.941  1488  1521 I am_proc_start: [0,2921,1000,com.logitech.platform.service,added application,com.logitech.platform.service]
03-03 02:57:26.955   568   568 I auditd  : avc:  denied  { find } for service=vendor.perfservice pid=2859 uid=10043 scontext=u:r:zdmservice_app:s0 tcontext=u:object_r:vendor_perf_service:s0 tclass=service_manager permissive=0
03-03 02:57:26.958  1488  2652 I am_proc_bound: [0,2921,com.logitech.platform.service]
03-03 02:57:26.963  1488  1521 I am_proc_start: [0,2946,1000,com.qualcomm.qti.workloadclassifier,added application,com.qualcomm.qti.workloadclassifier]
03-03 02:57:26.981  1488  1521 I am_proc_start: [0,2954,1000,com.qualcomm.qti.services.secureui:sui_service,added application,com.qualcomm.qti.services.secureui:sui_service]
03-03 02:57:27.000  1488  1521 I am_proc_start: [0,2980,1000,com.logitech.vc.sync,added application,com.logitech.vc.sync]
03-03 02:57:27.003  1488  1806 I am_proc_bound: [0,2954,com.qualcomm.qti.services.secureui:sui_service]
03-03 02:57:27.010  1488  1806 I am_proc_bound: [0,2946,com.qualcomm.qti.workloadclassifier]
03-03 02:57:27.017  1488  1521 I am_proc_start: [0,3007,1000,com.logitech.platform.zoom.internal,added application,com.logitech.platform.zoom.internal]
03-03 02:57:27.023  1488  1806 I am_proc_bound: [0,2980,com.logitech.vc.sync]
03-03 02:57:27.042  1488  1521 I am_proc_start: [0,3028,1000,com.qualcomm.qti.qmmi,broadcast,{com.qualcomm.qti.qmmi/com.qualcomm.qti.qmmi.framework.QmmiReceiver}]
03-03 02:57:27.053  1488  1806 I am_proc_bound: [0,3007,com.logitech.platform.zoom.internal]
03-03 02:57:27.064  1488  1521 I am_proc_start: [0,3045,1000,com.android.keychain,service,{com.android.keychain/com.android.keychain.KeyChainService}]
03-03 02:57:27.073  1488  1806 I am_proc_bound: [0,3028,com.qualcomm.qti.qmmi]
03-03 02:57:27.078  1488  1806 I am_proc_bound: [0,3045,com.android.keychain]
03-03 02:57:27.081   569   569 I auditd  : avc:  denied  { find } for interface=vendor.qti.hardware.servicetracker::IServicetracker sid=u:r:system_server:s0 pid=1488 scontext=u:r:system_server:s0 tcontext=u:object_r:default_android_hwservice:s0 tclass=hwservice_manager permissive=0
03-03 02:57:27.087  1488  1521 I am_proc_start: [0,3073,1000,com.logitech.frogger.logidesktop,activity,{com.logitech.frogger.logidesktop/com.logitech.frogger.logidesktop.launcher.LauncherActivity}]
03-03 02:57:27.099  1488  1807 I am_proc_bound: [0,3073,com.logitech.frogger.logidesktop]
03-03 02:57:27.102  1488  1807 I am_restart_activity: [0,260762406,113,com.logitech.frogger.logidesktop/.launcher.LauncherActivity]
03-03 02:57:27.102  1488  1807 I am_set_resumed_activity: [0,com.logitech.frogger.logidesktop/.launcher.LauncherActivity,minimalResumeActivityLocked]
03-03 02:57:27.109   569   569 I auditd  : avc:  denied  { find } for interface=vendor.qti.hardware.servicetracker::IServicetracker sid=u:r:system_server:s0 pid=1488 scontext=u:r:system_server:s0 tcontext=u:object_r:default_android_hwservice:s0 tclass=hwservice_manager permissive=0
03-03 02:57:27.117   569   569 I chatty  : uid=1000(system) hwservicemanage identical 2 lines
03-03 02:57:27.129   569   569 I auditd  : avc:  denied  { find } for interface=vendor.qti.hardware.servicetracker::IServicetracker sid=u:r:system_server:s0 pid=1488 scontext=u:r:system_server:s0 tcontext=u:object_r:default_android_hwservice:s0 tclass=hwservice_manager permissive=0
03-03 02:57:27.148  1488  1521 I am_proc_start: [0,3112,1000,com.logitech.vc.analytics,service,{com.logitech.vc.analytics/com.logitech.vc.analytics.collector.CollectorService}]
03-03 02:57:27.156   569   569 I auditd  : avc:  denied  { find } for interface=vendor.qti.hardware.servicetracker::IServicetracker sid=u:r:system_server:s0 pid=1488 scontext=u:r:system_server:s0 tcontext=u:object_r:default_android_hwservice:s0 tclass=hwservice_manager permissive=0
03-03 02:57:27.159   569   569 I auditd  : avc:  denied  { find } for interface=vendor.qti.hardware.servicetracker::IServicetracker sid=u:r:system_server:s0 pid=1488 scontext=u:r:system_server:s0 tcontext=u:object_r:default_android_hwservice:s0 tclass=hwservice_manager permissive=0
03-03 02:57:27.159  1488  1806 I am_uid_running: 10027
03-03 02:57:27.169   569   569 I auditd  : avc:  denied  { find } for interface=vendor.qti.hardware.servicetracker::IServicetracker sid=u:r:system_server:s0 pid=1488 scontext=u:r:system_server:s0 tcontext=u:object_r:default_android_hwservice:s0 tclass=hwservice_manager permissive=0
03-03 02:57:27.174  1488  3111 I sysui_multi_action: [757,804,799,boot_mount_all_duration_default,801,19,802,1]
03-03 02:57:27.174  3073  3073 I am_on_create_called: [0,com.logitech.frogger.logidesktop.launcher.LauncherActivity,performCreate]
03-03 02:57:27.175  1488  3111 I sysui_multi_action: [757,804,799,boot_fs_stat_dsp_a,801,3,802,1]
03-03 02:57:27.175  1488  3111 I sysui_multi_action: [757,804,799,boot_fs_stat_persist,801,3,802,1]
03-03 02:57:27.175  1488  3111 I sysui_multi_action: [757,804,799,boot_fs_stat_calib,801,3,802,1]
03-03 02:57:27.176  3073  3073 I am_on_start_called: [0,com.logitech.frogger.logidesktop.launcher.LauncherActivity,handleStartActivity]
03-03 02:57:27.178  1488  2652 I am_proc_bound: [0,3112,com.logitech.vc.analytics]
03-03 02:57:27.179  1488  3111 I commit_sys_config_file: [log-files,3]
03-03 02:57:27.182   569   569 I auditd  : avc:  denied  { find } for interface=vendor.qti.hardware.servicetracker::IServicetracker sid=u:r:system_server:s0 pid=1488 scontext=u:r:system_server:s0 tcontext=u:object_r:default_android_hwservice:s0 tclass=hwservice_manager permissive=0
03-03 02:57:27.182  1488  1521 I am_proc_start: [0,3143,10027,com.logitech.crashanalytics,service,{com.logitech.crashanalytics/com.logitech.crashanalytics.uploader.CrashAnalyticsUploadService}]
03-03 02:57:27.183  1488  3111 I am_uid_running: 10013
03-03 02:57:27.189  1488  1488 I notification_cancel_all: [1000,1488,us.zoom.zrc,0,0,0,5,NULL]
03-03 02:57:27.190  1488  1513 I am_destroy_activity: [0,124763526,1,com.android.settings/.FallbackHome,finish-idle]
03-03 02:57:27.192  1488  1513 I am_mem_factor: [2,3]
03-03 02:57:27.193  1907  1907 I am_on_stop_called: [0,com.android.settings.FallbackHome,LIFECYCLER_STOP_ACTIVITY]
03-03 02:57:27.198  1907  1907 I am_on_destroy_called: [0,com.android.settings.FallbackHome,performDestroy]
03-03 02:57:27.201  1488  1488 I notification_cancel_all: [1000,1488,us.zoom.zoompresence,0,0,0,5,NULL]
03-03 02:57:27.209  1488  1807 I wm_task_removed: [1,removeAppToken: last token]
03-03 02:57:27.209  1488  1807 I am_remove_task: [1,0]
03-03 02:57:27.210  1488  1807 I wm_task_removed: [1,removeTask]
03-03 02:57:27.212  1488  1521 I am_proc_start: [0,3162,1000,com.qti.diagservices,broadcast,{com.qti.diagservices/com.qti.diagservices.Diag_OnBoot}]
03-03 02:57:27.218  1488  1488 I notification_cancel_all: [1000,1488,com.logitech.videocollaboration.froggeroobe,0,0,0,5,NULL]
03-03 02:57:27.218  1488  1806 I am_proc_bound: [0,3143,com.logitech.crashanalytics]
03-03 02:57:27.225  1488  1806 I am_uid_active: 10027
03-03 02:57:27.227   569   569 I auditd  : avc:  denied  { find } for interface=vendor.qti.hardware.servicetracker::IServicetracker sid=u:r:system_server:s0 pid=1488 scontext=u:r:system_server:s0 tcontext=u:object_r:default_android_hwservice:s0 tclass=hwservice_manager permissive=0
03-03 02:57:27.235  1488  1521 I am_proc_start: [0,3179,10013,android.process.media,content provider,{com.android.providers.downloads/com.android.providers.downloads.DownloadProvider}]
03-03 02:57:27.236  1488  1488 I notification_cancel_all: [1000,1488,com.logitech.videocollaboration.froggeroobe,0,0,0,5,NULL]
03-03 02:57:27.240  1488  1488 I notification_cancel_all: [1000,1488,com.logitech.videocollaboration.froggersettings,0,0,0,5,NULL]
03-03 02:57:27.249  1488  1806 I am_proc_bound: [0,3162,com.qti.diagservices]
03-03 02:57:27.255  1488  2652 I wm_stack_created: 1
03-03 02:57:27.256  1488  2652 I wm_task_created: [114,1]
03-03 02:57:27.257  1488  2652 I wm_task_moved: [114,0,2147483647]
03-03 02:57:27.257  1488  2652 I am_focused_stack: [0,0,1,0,reuseOrNewTask]
03-03 02:57:27.257  1488  2652 I am_create_task: [0,114]
03-03 02:57:27.257  1488  2652 I am_create_activity: [0,166622719,114,com.logitech.videocollaboration.froggerscreenshare/.MainActivity,android.intent.action.MAIN,NULL,NULL,276824064]
03-03 02:57:27.257  1488  2652 I wm_task_moved: [114,0,2147483647]
03-03 02:57:27.258  1488  2652 I am_pause_activity: [0,260762406,com.logitech.frogger.logidesktop/.launcher.LauncherActivity,userLeaving=true]
03-03 02:57:27.260  3073  3073 I am_on_resume_called: [0,com.logitech.frogger.logidesktop.launcher.LauncherActivity,RESUME_ACTIVITY]
03-03 02:57:27.263  1488  1806 I am_add_to_stopping: [0,260762406,com.logitech.frogger.logidesktop/.launcher.LauncherActivity,makeInvisible]
03-03 02:57:27.265  1488  2866 I dvm_lock_sample: [system_server,1,Binder:1488_B,10,ActivityManagerService.java,6796,android.app.ContentProviderHolder com.android.server.am.ActivityManagerService.getContentProviderImpl(android.app.IApplicationThread, java.lang.String, android.os.IBinder, int, java.lang.String, java.lang.String, boolean, int),-,5255,void com.android.server.am.ActivityManagerService.attachApplication(android.app.IApplicationThread, long),2]
03-03 02:57:27.266  1488  1689 I am_proc_bound: [0,3179,android.process.media]
03-03 02:57:27.267  1488  1689 I am_uid_active: 10013
03-03 02:57:27.263  1488  1488 I auditd  : type=1400 audit(0.0:30): avc: denied { getattr } for comm="android.anim" path="/data/data/com.logitech.videocollaboration.froggerscreenshare" dev="sda11" ino=655675 scontext=u:r:system_server:s0 tcontext=u:object_r:screenshare_app_data_file:s0 tclass=dir permissive=0
03-03 02:57:27.263  1488  1488 I auditd  : type=1400 audit(0.0:31): avc: denied { getattr } for comm="android.anim" path="/data/data/com.logitech.videocollaboration.froggerscreenshare" dev="sda11" ino=655675 scontext=u:r:system_server:s0 tcontext=u:object_r:screenshare_app_data_file:s0 tclass=dir permissive=0
03-03 02:57:27.275  3073  3073 I am_on_top_resumed_gained_called: [0,com.logitech.frogger.logidesktop.launcher.LauncherActivity,topStateChangedWhenResumed]
03-03 02:57:27.278  3073  3073 I am_on_top_resumed_lost_called: [0,com.logitech.frogger.logidesktop.launcher.LauncherActivity,topStateChangedWhenResumed]
03-03 02:57:27.279  3073  3073 I am_on_paused_called: [0,com.logitech.frogger.logidesktop.launcher.LauncherActivity,performPause]
03-03 02:57:27.281  1488  1513 I sysui_multi_action: [757,803,799,window_time_0,802,1]
03-03 02:57:27.295  1488  1521 I am_proc_start: [0,3218,1000,com.logitech.videocollaboration.froggerscreenshare,activity,{com.logitech.videocollaboration.froggerscreenshare/com.logitech.videocollaboration.froggerscreenshare.MainActivity}]
03-03 02:57:27.310   569   569 I auditd  : avc:  denied  { find } for interface=vendor.qti.hardware.perf::IPerf sid=u:r:mediaprovider:s0:c512,c768 pid=3179 scontext=u:r:mediaprovider:s0:c512,c768 tcontext=u:object_r:hal_perf_hwservice:s0 tclass=hwservice_manager permissive=0
03-03 02:57:27.311   569   569 I auditd  : avc:  denied  { find } for interface=vendor.qti.hardware.perf::IPerf sid=u:r:mediaprovider:s0:c512,c768 pid=3179 scontext=u:r:mediaprovider:s0:c512,c768 tcontext=u:object_r:hal_perf_hwservice:s0 tclass=hwservice_manager permissive=0
03-03 02:57:27.314  1488  1807 I am_proc_bound: [0,3218,com.logitech.videocollaboration.froggerscreenshare]
03-03 02:57:27.316  1488  1807 I am_restart_activity: [0,166622719,114,com.logitech.videocollaboration.froggerscreenshare/.MainActivity]
03-03 02:57:27.320  1488  1807 I am_set_resumed_activity: [0,com.logitech.videocollaboration.froggerscreenshare/.MainActivity,minimalResumeActivityLocked]
03-03 02:57:27.331   569   569 I auditd  : avc:  denied  { find } for interface=vendor.qti.hardware.servicetracker::IServicetracker sid=u:r:system_server:s0 pid=1488 scontext=u:r:system_server:s0 tcontext=u:object_r:default_android_hwservice:s0 tclass=hwservice_manager permissive=0
03-03 02:57:27.584     0     0 W         : [core] usb_gadget_activate()
03-03 02:57:27.584     0     0 W         : [core] usb_gadget_connect()
03-03 02:57:27.588     0     0 W [composite] usb_function_activate(): :cdev->deactivations = 0 | status = 0 - Exit
03-03 02:57:27.341  1488  1519 I sysui_multi_action: [319,452,321,424,322,461,325,25,757,761,758,7,759,1,806,com.logitech.videocollaboration.froggerscreenshare,871,com.logitech.videocollaboration.froggerscreenshare.MainActivity,904,com.logitech.frogger.logidesktop,905,0,945,440,1320,5,1321,1]
03-03 02:57:27.342  1488  1519 I am_activity_launch_time: [0,166622719,com.logitech.videocollaboration.froggerscreenshare/.MainActivity,461]
03-03 02:57:27.595     0     0 E apexd   : Can't open /product/apex for reading : No such file or directory
03-03 02:57:27.349   569   569 I auditd  : avc:  denied  { find } for interface=vendor.qti.hardware.servicetracker::IServicetracker sid=u:r:system_server:s0 pid=1488 scontext=u:r:system_server:s0 tcontext=u:object_r:default_android_hwservice:s0 tclass=hwservice_manager permissive=0
03-03 02:57:27.353   569   569 I auditd  : avc:  denied  { find } for interface=vendor.qti.hardware.servicetracker::IServicetracker sid=u:r:system_server:s0 pid=1488 scontext=u:r:system_server:s0 tcontext=u:object_r:default_android_hwservice:s0 tclass=hwservice_manager permissive=0
03-03 02:57:27.358  1488  1806 I am_stop_activity: [0,260762406,com.logitech.frogger.logidesktop/.launcher.LauncherActivity]
03-03 02:57:27.360   569   569 I auditd  : avc:  denied  { find } for interface=vendor.qti.hardware.servicetracker::IServicetracker sid=u:r:system_server:s0 pid=1488 scontext=u:r:system_server:s0 tcontext=u:object_r:default_android_hwservice:s0 tclass=hwservice_manager permissive=0
03-03 02:57:27.361  3073  3073 I am_on_stop_called: [0,com.logitech.frogger.logidesktop.launcher.LauncherActivity,STOP_ACTIVITY_ITEM]
03-03 02:57:27.353  3007  3007 I auditd  : type=1400 audit(0.0:32): avc: denied { read } for comm="m.zoom.internal" name="u:object_r:camera_prop:s0" dev="tmpfs" ino=14370 scontext=u:r:zoomvendorservice_app:s0 tcontext=u:object_r:camera_prop:s0 tclass=file permissive=0
03-03 02:57:27.363  2859  2859 I auditd  : type=1400 audit(0.0:33): avc: denied { read } for comm="atform.zoom.zdm" name="u:object_r:camera_prop:s0" dev="tmpfs" ino=14370 scontext=u:r:zdmservice_app:s0 tcontext=u:object_r:camera_prop:s0 tclass=file permissive=0 app=com.logitech.platform.zoom.zdm
03-03 02:57:27.374   569   569 I auditd  : avc:  denied  { find } for interface=vendor.qti.hardware.servicetracker::IServicetracker sid=u:r:system_server:s0 pid=1488 scontext=u:r:system_server:s0 tcontext=u:object_r:default_android_hwservice:s0 tclass=hwservice_manager permissive=0
03-03 02:57:27.377   569   569 I auditd  : avc:  denied  { find } for interface=vendor.qti.hardware.servicetracker::IServicetracker sid=u:r:system_server:s0 pid=1488 scontext=u:r:system_server:s0 tcontext=u:object_r:default_android_hwservice:s0 tclass=hwservice_manager permissive=0
03-03 02:57:27.399  1488  1521 I am_proc_start: [0,3258,1000,com.microsoft.teams.ipphone.partner.agent,broadcast,{com.microsoft.teams.ipphone.partner.agent/com.microsoft.teams.ipphone.partner.agent.PABootReceiver}]
03-03 02:57:27.402   569   569 I auditd  : avc:  denied  { find } for interface=vendor.qti.hardware.perf::IPerf sid=u:r:mediaprovider:s0:c512,c768 pid=3179 scontext=u:r:mediaprovider:s0:c512,c768 tcontext=u:object_r:hal_perf_hwservice:s0 tclass=hwservice_manager permissive=0
03-03 02:57:27.393  3218  3218 I auditd  : type=1400 audit(0.0:34): avc: denied { search } for comm="RenderThread" name="gpu" dev="sda11" ino=3145776 scontext=u:r:screenshare_app:s0 tcontext=u:object_r:system_gles_data_file:s0 tclass=dir permissive=0
03-03 02:57:27.393  3218  3218 I auditd  : type=1400 audit(0.0:35): avc: denied { search } for comm="RenderThread" name="gpu" dev="sda11" ino=3145776 scontext=u:r:screenshare_app:s0 tcontext=u:object_r:system_gles_data_file:s0 tclass=dir permissive=0
03-03 02:57:27.416  1488  2866 I am_proc_bound: [0,3258,com.microsoft.teams.ipphone.partner.agent]
03-03 02:57:27.426  3218  3218 I am_on_create_called: [0,com.logitech.videocollaboration.froggerscreenshare.MainActivity,performCreate]
03-03 02:57:27.434  3218  3218 I am_on_start_called: [0,com.logitech.videocollaboration.froggerscreenshare.MainActivity,handleStartActivity]
03-03 02:57:27.435  3218  3218 I am_on_resume_called: [0,com.logitech.videocollaboration.froggerscreenshare.MainActivity,RESUME_ACTIVITY]
03-03 02:57:27.441  3218  3218 I am_on_top_resumed_gained_called: [0,com.logitech.videocollaboration.froggerscreenshare.MainActivity,topStateChangedWhenResumed]
03-03 02:57:27.452   569   569 I auditd  : avc:  denied  { find } for interface=vendor.qti.hardware.servicetracker::IServicetracker sid=u:r:system_server:s0 pid=1488 scontext=u:r:system_server:s0 tcontext=u:object_r:default_android_hwservice:s0 tclass=hwservice_manager permissive=0
03-03 02:57:27.443  3218  3218 I auditd  : type=1400 audit(0.0:36): avc: denied { search } for comm="RenderThread" name="gpu" dev="sda11" ino=3145776 scontext=u:r:screenshare_app:s0 tcontext=u:object_r:system_gles_data_file:s0 tclass=dir permissive=0
03-03 02:57:27.709     0     0 W audit   : audit_lost=1 audit_rate_limit=5 audit_backlog_limit=64
03-03 02:57:27.709     0     0 E audit   : rate limit exceeded
03-03 02:57:27.714     0     0 W bimc-bwmon: Zone thres larger than hw limit: hi:72090 med:0 lo:0
03-03 02:57:27.471  3143  3143 I [40000001]: 1
03-03 02:57:27.473  3143  3143 I [40000000]: [device=2049FH100642,appVersionName=1.4.2,appVersionCode=-1,currentGitSha=bf29720,upstreamGitShad9544da5,upstreamVersionName=2.2.4+0,upstreamVersionCode=2020400]
03-03 02:57:27.483   569   569 I auditd  : avc:  denied  { find } for interface=vendor.qti.hardware.servicetracker::IServicetracker sid=u:r:system_server:s0 pid=1488 scontext=u:r:system_server:s0 tcontext=u:object_r:default_android_hwservice:s0 tclass=hwservice_manager permissive=0
