02-24 18:05:27.694  5915  5915 I DumpstateRunner: Coping bugreport to /data/data/com.logitech.crashanalytics/files/bugreports/bugreport-sdm845-QKQ1.200308.002-2021-02-24-18-05-11.zip
02-24 18:05:27.696  5915  5915 D DumpstateRunner: Device SerialNumber:  2049FH100642
02-24 18:05:27.696  5915  5915 I dumpstate: Sending broadcast: '/system/bin/cmd activity broadcast --user all --receiver-foreground --receiver-include-background -a com.memfault.intent.action.BUGREPORT_FINISHED --es com.memfault.intent.extra.BUGREPORT_PATH /data/data/com.logitech.crashanalytics/files/bugreports/bugreport-sdm845-QKQ1.200308.002-2021-02-24-18-05-11.zip --es com.memfault.intent.extra.SERIAL_NUMBER 2049FH100642 -n com.logitech.crashanalytics/com.logitech.crashanalytics.receivers.BugReportReceiver'
02-24 18:05:27.708  2281  2312 D CompatibilityInfo: mCompatibilityFlags - 4
02-24 18:05:27.708  2281  2312 D CompatibilityInfo: applicationDensity - 240
02-24 18:05:27.708  2281  2312 D CompatibilityInfo: applicationScale - 1.0
02-24 18:05:27.712  4776  4776 V CrashAnalytics: Received com.memfault.intent.action.BUGREPORT_FINISHED
02-24 18:05:27.712  4776  4776 V CrashAnalytics: Handling com.memfault.intent.action.BUGREPORT_FINISHED
02-24 18:05:27.713  4776  4776 V CrashAnalytics: bugreport path: /data/data/com.logitech.crashanalytics/files/bugreports/bugreport-sdm845-QKQ1.200308.002-2021-02-24-18-05-11.zip and ReqType:1
02-24 18:05:27.715  4776  6390 D CrashAnalytics: uploadBugReport DeviceMode:HOSTED_KONG
02-24 18:05:27.733  4776  6390 D CrashAnalytics: Sending SyncAgent Broadcast for upload the logs
02-24 18:05:28.454  3911  6359 I Logi_A_UploadManager: Uploaded successfully 1 messages
02-24 18:05:28.458  3911  6359 I Logi_A_UploadScheduler: Scheduling requested: MESSAGE_QUEUE_EMPTY
02-24 18:05:28.458  3911  6359 I Logi_A_UploadScheduler: Scheduling upload in: 60000 ms
02-24 18:05:28.484   566   566 E SELinux : avc:  denied  { find } for interface=vendor.qti.hardware.servicetracker::IServicetracker sid=u:r:system_server:s0 pid=2281 scontext=u:r:system_server:s0 tcontext=u:object_r:default_android_hwservice:s0 tclass=hwservice_manager permissive=0
02-24 18:05:28.485  3911  3911 I Logi_A_UploadService: Destroying UploadService
02-24 18:05:31.178   774   793 V logi_hid_PT: data[0]: 0x0 
02-24 18:05:31.178   774   793 D logi_hid_PT: SendResponseCodeToRegister:: map Size=2 ,commandIndex=0x603
02-24 18:05:31.178   774   793 D logi_hid_PT: SendResult:: commandIndex=0x603
02-24 18:05:31.178   774   793 D logi_hid_PT: SendResult:: commandIndex=0x603
02-24 18:05:31.178   774   793 V logi_hid_PT: operator():: Start Read /dev/hidraw0
02-24 18:05:31.179  2281  2581 V AS.Audio_ZynqHIDL: notifyPortStatusChange status = 1 , data. index=0x603 data.data.size()= 1,[0]= 0x0
02-24 18:05:31.179  3296  3415 D Logi_AudioHalManager: notifyHIDCommand
02-24 18:05:31.179  3296  3415 D Logi_AudioS_AudioServiceDelegate: Received status from audio board 0
02-24 18:05:31.180  3296  3296 D Logi_AudioS_WDT: Called: notifyHealthStatus args: status=[NoIssue]
02-24 18:05:32.022  2155  2188 V /vendor/bin/cdsprpcd: vendor/qcom/proprietary/commonsys-intf/adsprpc/src/sysmon_cdsp_imp.c:45: Got L3 frequency request from CDSP for 576000KHz
02-24 18:05:32.978  2155  2188 V /vendor/bin/cdsprpcd: vendor/qcom/proprietary/commonsys-intf/adsprpc/src/sysmon_cdsp_imp.c:45: Got L3 frequency request from CDSP for 0KHz
02-24 18:05:33.009   777   777 D LogiHALPtz-hal: LogiHALPtz writeFile() cmd=R_CMD:PT:F1:06
02-24 18:05:33.009   777   777 D LogiHALPtz-hal: , len=15
02-24 18:05:33.010   777   777 D LogiHALPtz-hal: LogiHALPtz readFile() data=000000000200
02-24 18:05:33.010   777   777 D LogiHALPtz-hal: , len=21
02-24 18:05:33.010   777   777 D LogiHALPtz-hal: dumpDiagnosticInfo() STM error code=000000000200
02-24 18:05:33.010   777   777 E LogiHALPtz-hal: dumpDiagnosticInfo() STM error code=512
02-24 18:05:33.010  3135  3176 I chatty  : uid=1000(system) Binder:3135_3 expire 18 lines
02-24 18:05:33.010   777   777 D LogiHALPtz-hal: LogiHALPtz writeFile() cmd=R_CMD:ZF:F1:06
02-24 18:05:33.010   777   777 D LogiHALPtz-hal: , len=15
02-24 18:05:33.011   777   777 D LogiHALPtz-hal: LogiHALPtz readFile() data=000000000200
02-24 18:05:33.011   777   777 D LogiHALPtz-hal: , len=21
02-24 18:05:33.011   777   777 D LogiHALPtz-hal: dumpDiagnosticInfo() STM error code=000000000200
02-24 18:05:33.011   777   777 E LogiHALPtz-hal: dumpDiagnosticInfo() STM error code=512
02-24 18:05:33.011   777   777 D LogiHALPtz-hal: LogiHALPtz writeFile() cmd=R_CMD:PT:02:5
02-24 18:05:33.011   777   777 D LogiHALPtz-hal: , len=14
02-24 18:05:33.012   777   777 D LogiHALPtz-hal: LogiHALPtz readFile() data=cbf2ffff00
02-24 18:05:33.012   777   777 D LogiHALPtz-hal: , len=13
02-24 18:05:33.013   777   777 D LogiHALPtz-hal: LogiHALPtz writeFile() cmd=R_CMD:PT:05:5
02-24 18:05:33.013   777   777 D LogiHALPtz-hal: , len=14
02-24 18:05:33.013   777   777 D LogiHALPtz-hal: LogiHALPtz readFile() data=79fdffff00
02-24 18:05:33.013   777   777 D LogiHALPtz-hal: , len=13
02-24 18:05:33.014   777   777 D LogiHALPtz-hal: LogiHALPtz writeFile() cmd=R_CMD:ZF:08:3
02-24 18:05:33.014   777   777 D LogiHALPtz-hal: , len=14
02-24 18:05:33.015   777   777 D LogiHALPtz-hal: LogiHALPtz readFile() data=640000
02-24 18:05:33.015   777   777 D LogiHALPtz-hal: , len=9
02-24 18:05:33.015  4669  5093 V KongCV  : Navigation Got persons: [] Mainstream resolution: (1920x1080) at: (-0.94, -0.18, 1x)	[KongController.cpp:1130 func:InvokeNavigation]
02-24 18:05:33.015  4669  5093 V KongCV  : State:  Regular : no persons detected	[SceneVisibilityAnalyzer.cpp:348 func:EvaluateSceneVisibilityState]
02-24 18:05:33.015  4669  5093 V KongCV  : No persons around	[CropEstimator.cpp:91 func:EstimatePtz]
02-24 18:05:33.015  4669  5093 V KongCV  : Adaptive threshold kicked in:	[SacaCropEstimator.cpp:83 func:AdaptiveThresholdsAllowMovement]
02-24 18:05:33.015  4669  5093 V KongCV  : ----Adaptive regularization: 1	[SacaCropEstimator.cpp:84 func:AdaptiveThresholdsAllowMovement]
02-24 18:05:33.015  4669  5093 V KongCV  : ----Adaptive thresholds: (3, 3, 0.3x) for zoom: 1	[SacaCropEstimator.cpp:85 func:AdaptiveThresholdsAllowMovement]
02-24 18:05:33.015  4669  5093 V KongCV  : ----Cur PTZ: (-0.94, -0.18, 1x) Proposed PTZ: (0, 0, 1x)	[SacaCropEstimator.cpp:86 func:AdaptiveThresholdsAllowMovement]
02-24 18:05:33.015  4669  5093 V KongCV  : ----PTZ Diff: (-0.94, -0.18, 0x)	[SacaCropEstimator.cpp:87 func:AdaptiveThresholdsAllowMovement]
02-24 18:05:33.015  4669  5093 V KongCV  : RACER Left/Right    : -0.100000 <-> -0.100000 OUT: -0.100000 <-> -0.100000	[AngularRacers.cpp:257 func:_accumulateScores]
02-24 18:05:33.015  4669  5093 V KongCV  : RACER Top/Bottom    : -0.100000 <-> -0.100000 OUT: -0.100000 <-> -0.100000	[AngularRacers.cpp:258 func:_accumulateScores]
02-24 18:05:33.015  4669  5093 V KongCV  : RACER Empty/ZoomIn  : 0.800000 <-> -0.100000	[AngularRacers.cpp:259 func:_accumulateScores]
02-24 18:05:33.015  4669  5093 V KongCV  : RACER Horz/Vert disb: -0.100000 <-> -0.100000	[AngularRacers.cpp:260 func:_accumulateScores]
02-24 18:05:34.840  2281  4022 I chatty  : uid=1000(system) Binder:2281_B expire 2 lines
02-24 18:05:34.912  2281  2327 I chatty  : uid=1000(system) PackageManager expire 1102 lines
02-24 18:05:35.003   579  2616 D vold    : Remounting 10062 as mode default
02-24 18:05:35.009   579   579 D vold    : Remounting 10062 as mode write
02-24 18:05:35.014   579  2616 D vold    : Remounting 10062 as mode write
02-24 18:05:35.020   566   566 E SELinux : avc:  denied  { find } for interface=vendor.qti.hardware.servicetracker::IServicetracker sid=u:r:system_server:s0 pid=2281 scontext=u:r:system_server:s0 tcontext=u:object_r:default_android_hwservice:s0 tclass=hwservice_manager permissive=0
02-24 18:05:35.020  2077  2176 I netd    : trafficSetNetPermForUids(0, [10062]) <0.01ms>
02-24 18:05:35.020  2054  2054 E         : Couldn't opendir /data/app/vmdl1238521273.tmp: No such file or directory
02-24 18:05:35.020  2054  2054 E installd: Failed to delete /data/app/vmdl1238521273.tmp: No such file or directory
02-24 18:05:35.021  2281  2281 D CompatibilityInfo: mCompatibilityFlags - 4
02-24 18:05:35.021  2281  2281 D CompatibilityInfo: applicationDensity - 240
02-24 18:05:35.021  2281  2281 D CompatibilityInfo: applicationScale - 1.0
02-24 18:05:35.022   566   566 E SELinux : avc:  denied  { find } for interface=vendor.qti.hardware.servicetracker::IServicetracker sid=u:r:system_server:s0 pid=2281 scontext=u:r:system_server:s0 tcontext=u:object_r:default_android_hwservice:s0 tclass=hwservice_manager permissive=0
02-24 18:05:35.025  2281  2327 D CompatibilityInfo: mCompatibilityFlags - 4
02-24 18:05:35.025  2281  2327 D CompatibilityInfo: applicationDensity - 240
02-24 18:05:35.025  2281  2327 D CompatibilityInfo: applicationScale - 1.0
02-24 18:05:35.025  2281  2327 D CompatibilityInfo: mCompatibilityFlags - 4
02-24 18:05:35.025  2281  2327 D CompatibilityInfo: applicationDensity - 240
02-24 18:05:35.025  2281  2327 D CompatibilityInfo: applicationScale - 1.0
02-24 18:05:35.029  2281  2312 I chatty  : uid=1000(system) ActivityManager expire 1 line
02-24 18:05:35.030  2281  2281 I chatty  : uid=1000 system_server expire 1 line
02-24 18:05:35.031  2680  2732 E BackupHelper: Could not parse delayed permissions
02-24 18:05:35.031  2680  2732 E BackupHelper: java.io.FileNotFoundException: /data/user_de/0/com.android.permissioncontroller/files/delayed_restore_permissions.xml: open failed: ENOENT (No such file or directory)
02-24 18:05:35.031  2680  2732 E BackupHelper: 	at libcore.io.IoBridge.open(IoBridge.java:496)
02-24 18:05:35.031  2680  2732 E BackupHelper: 	at java.io.FileInputStream.<init>(FileInputStream.java:159)
02-24 18:05:35.031  2680  2732 E BackupHelper: 	at android.app.ContextImpl.openFileInput(ContextImpl.java:600)
02-24 18:05:35.031  2680  2732 E BackupHelper: 	at com.android.packageinstaller.permission.service.BackupHelper.restoreDelayedState(BackupHelper.java:338)
02-24 18:05:35.031  2680  2732 E BackupHelper: 	at com.android.packageinstaller.permission.service.PermissionControllerServiceImpl.onRestoreDelayedRuntimePermissionsBackup(PermissionControllerServiceImpl.java:357)
02-24 18:05:35.031  2680  2732 E BackupHelper: 	at com.android.packageinstaller.permission.service.PermissionControllerServiceImpl.lambda$onRestoreDelayedRuntimePermissionsBackup$3$PermissionControllerServiceImpl(PermissionControllerServiceImpl.java:351)
02-24 18:05:35.031  2680  2732 E BackupHelper: 	at com.android.packageinstaller.permission.service.-$$Lambda$PermissionControllerServiceImpl$wHAhob5PsX8wKMTaFp8IJWkb1LE.run(Unknown Source:8)
02-24 18:05:35.031  2680  2732 E BackupHelper: 	at android.os.AsyncTask$SerialExecutor$1.run(AsyncTask.java:289)
02-24 18:05:35.031  2680  2732 E BackupHelper: 	at java.util.concurrent.ThreadPoolExecutor.runWorker(ThreadPoolExecutor.java:1167)
02-24 18:05:35.031  2680  2732 E BackupHelper: 	at java.util.concurrent.ThreadPoolExecutor$Worker.run(ThreadPoolExecutor.java:641)
02-24 18:05:35.031  2680  2732 E BackupHelper: 	at java.lang.Thread.run(Thread.java:919)
02-24 18:05:35.031  2680  2732 E BackupHelper: Caused by: android.system.ErrnoException: open failed: ENOENT (No such file or directory)
02-24 18:05:35.031  2680  2732 E BackupHelper: 	at libcore.io.Linux.open(Native Method)
02-24 18:05:35.031  2680  2732 E BackupHelper: 	at libcore.io.ForwardingOs.open(ForwardingOs.java:167)
02-24 18:05:35.031  2680  2732 E BackupHelper: 	at libcore.io.BlockGuardOs.open(BlockGuardOs.java:252)
02-24 18:05:35.031  2680  2732 E BackupHelper: 	at libcore.io.ForwardingOs.open(ForwardingOs.java:167)
02-24 18:05:35.031  2680  2732 E BackupHelper: 	at android.app.ActivityThread$AndroidOs.open(ActivityThread.java:7296)
02-24 18:05:35.031  2680  2732 E BackupHelper: 	at libcore.io.IoBridge.open(IoBridge.java:482)
02-24 18:05:35.031  2680  2732 E BackupHelper: 	... 10 more
02-24 18:05:35.032  2281  2312 D CompatibilityInfo: mCompatibilityFlags - 4
02-24 18:05:35.032  2281  2312 D CompatibilityInfo: applicationDensity - 240
02-24 18:05:35.032  2281  2312 D CompatibilityInfo: applicationScale - 1.0
02-24 18:05:35.033  2281  2399 I InputReader: Reconfiguring input devices.  changes=0x00000010
02-24 18:05:35.034   566   566 E SELinux : avc:  denied  { find } for interface=vendor.qti.hardware.servicetracker::IServicetracker sid=u:r:system_server:s0 pid=2281 scontext=u:r:system_server:s0 tcontext=u:object_r:default_android_hwservice:s0 tclass=hwservice_manager permissive=0
02-24 18:05:35.039  2281  2302 D CompatibilityInfo: mCompatibilityFlags - 4
02-24 18:05:35.039  2281  2302 D CompatibilityInfo: applicationDensity - 240
02-24 18:05:35.039  2281  2302 D CompatibilityInfo: applicationScale - 1.0
02-24 18:05:35.040   566   566 E SELinux : avc:  denied  { find } for interface=vendor.qti.hardware.servicetracker::IServicetracker sid=u:r:system_server:s0 pid=2281 scontext=u:r:system_server:s0 tcontext=u:object_r:default_android_hwservice:s0 tclass=hwservice_manager permissive=0
02-24 18:05:35.045  2680  6406 W ExclusiveDefaultHolderMixin: Cannot get ApplicationInfo for default holder, config: config_defaultSms, package: com.android.messaging
02-24 18:05:35.092  2281  2311 W Searchables: No global search activity found
02-24 18:05:35.093  2281  2311 I chatty  : uid=1000(system) android.bg expire 2 lines
02-24 18:05:40.665  2281  2581 I chatty  : uid=1000(system) HwBinder:2281_2 expire 1 line
02-24 18:05:40.666  2649  2649 D KeyguardUpdateMonitor: received broadcast android.intent.action.BATTERY_CHANGED
02-24 18:05:40.669  2649  2649 D KeyguardUpdateMonitor: handleBatteryUpdate
02-24 18:05:42.023  2155  2188 V /vendor/bin/cdsprpcd: vendor/qcom/proprietary/commonsys-intf/adsprpc/src/sysmon_cdsp_imp.c:45: Got L3 frequency request from CDSP for 576000KHz
02-24 18:05:42.978  2155  2188 V /vendor/bin/cdsprpcd: vendor/qcom/proprietary/commonsys-intf/adsprpc/src/sysmon_cdsp_imp.c:45: Got L3 frequency request from CDSP for 0KHz
02-24 18:05:43.009   777   777 D LogiHALPtz-hal: LogiHALPtz writeFile() cmd=R_CMD:PT:F1:06
02-24 18:05:43.009   777   777 D LogiHALPtz-hal: , len=15
02-24 18:05:43.010   777   777 D LogiHALPtz-hal: LogiHALPtz readFile() data=000000000200
02-24 18:05:43.010   777   777 D LogiHALPtz-hal: , len=21
02-24 18:05:43.010   777   777 D LogiHALPtz-hal: dumpDiagnosticInfo() STM error code=000000000200
02-24 18:05:43.010   777   777 E LogiHALPtz-hal: dumpDiagnosticInfo() STM error code=512
02-24 18:05:43.010   777   777 D LogiHALPtz-hal: LogiHALPtz writeFile() cmd=R_CMD:ZF:F1:06
02-24 18:05:43.010   777   777 D LogiHALPtz-hal: , len=15
02-24 18:05:43.011   777   777 D LogiHALPtz-hal: LogiHALPtz readFile() data=000000000200
02-24 18:05:43.011   777   777 D LogiHALPtz-hal: , len=21
02-24 18:05:43.011   777   777 D LogiHALPtz-hal: dumpDiagnosticInfo() STM error code=000000000200
02-24 18:05:43.011   777   777 E LogiHALPtz-hal: dumpDiagnosticInfo() STM error code=512
02-24 18:05:43.011  3135  3176 I chatty  : uid=1000(system) Binder:3135_3 expire 17 lines
02-24 18:05:43.011   777   777 D LogiHALPtz-hal: LogiHALPtz writeFile() cmd=R_CMD:PT:02:5
02-24 18:05:43.011   777   777 D LogiHALPtz-hal: , len=14
02-24 18:05:43.012   777   777 D LogiHALPtz-hal: LogiHALPtz readFile() data=cbf2ffff00
02-24 18:05:43.012   777   777 D LogiHALPtz-hal: , len=13
02-24 18:05:43.013   777   777 D LogiHALPtz-hal: LogiHALPtz writeFile() cmd=R_CMD:PT:05:5
02-24 18:05:43.013   777   777 D LogiHALPtz-hal: , len=14
02-24 18:05:43.014   777   777 D LogiHALPtz-hal: LogiHALPtz readFile() data=79fdffff00
02-24 18:05:43.014   777   777 D LogiHALPtz-hal: , len=13
02-24 18:05:43.014   777   777 D LogiHALPtz-hal: LogiHALPtz writeFile() cmd=R_CMD:ZF:08:3
02-24 18:05:43.014   777   777 D LogiHALPtz-hal: , len=14
02-24 18:05:43.015   777   777 D LogiHALPtz-hal: LogiHALPtz readFile() data=640000
02-24 18:05:43.015   777   777 D LogiHALPtz-hal: , len=9
02-24 18:05:43.015  4669  5093 V KongCV  : Navigation Got persons: [] Mainstream resolution: (1920x1080) at: (-0.94, -0.18, 1x)	[KongController.cpp:1130 func:InvokeNavigation]
02-24 18:05:43.015  4669  5093 V KongCV  : State:  Regular : no persons detected	[SceneVisibilityAnalyzer.cpp:348 func:EvaluateSceneVisibilityState]
02-24 18:05:43.015  4669  5093 V KongCV  : No persons around	[CropEstimator.cpp:91 func:EstimatePtz]
02-24 18:05:43.015  4669  5093 V KongCV  : Adaptive threshold kicked in:	[SacaCropEstimator.cpp:83 func:AdaptiveThresholdsAllowMovement]
02-24 18:05:43.015  4669  5093 V KongCV  : ----Adaptive regularization: 1	[SacaCropEstimator.cpp:84 func:AdaptiveThresholdsAllowMovement]
02-24 18:05:43.015  4669  5093 V KongCV  : ----Adaptive thresholds: (3, 3, 0.3x) for zoom: 1	[SacaCropEstimator.cpp:85 func:AdaptiveThresholdsAllowMovement]
02-24 18:05:43.015  4669  5093 V KongCV  : ----Cur PTZ: (-0.94, -0.18, 1x) Proposed PTZ: (0, 0, 1x)	[SacaCropEstimator.cpp:86 func:AdaptiveThresholdsAllowMovement]
02-24 18:05:43.015  4669  5093 V KongCV  : ----PTZ Diff: (-0.94, -0.18, 0x)	[SacaCropEstimator.cpp:87 func:AdaptiveThresholdsAllowMovement]
02-24 18:05:43.015  4669  5093 V KongCV  : RACER Left/Right    : -0.100000 <-> -0.100000 OUT: -0.100000 <-> -0.100000	[AngularRacers.cpp:257 func:_accumulateScores]
02-24 18:05:43.015  4669  5093 V KongCV  : RACER Top/Bottom    : -0.100000 <-> -0.100000 OUT: -0.100000 <-> -0.100000	[AngularRacers.cpp:258 func:_accumulateScores]
02-24 18:05:43.015  4669  5093 V KongCV  : RACER Empty/ZoomIn  : 0.800000 <-> -0.100000	[AngularRacers.cpp:259 func:_accumulateScores]
02-24 18:05:43.015  4669  5093 V KongCV  : RACER Horz/Vert disb: -0.100000 <-> -0.100000	[AngularRacers.cpp:260 func:_accumulateScores]
02-24 18:05:45.037   566   566 E SELinux : avc:  denied  { find } for interface=vendor.qti.hardware.servicetracker::IServicetracker sid=u:r:system_server:s0 pid=2281 scontext=u:r:system_server:s0 tcontext=u:object_r:default_android_hwservice:s0 tclass=hwservice_manager permissive=0
02-24 18:05:45.038   566   566 E SELinux : avc:  denied  { find } for interface=vendor.qti.hardware.servicetracker::IServicetracker sid=u:r:system_server:s0 pid=2281 scontext=u:r:system_server:s0 tcontext=u:object_r:default_android_hwservice:s0 tclass=hwservice_manager permissive=0
02-24 18:05:46.182   774   793 V logi_hid_PT: data[0]: 0x0 
02-24 18:05:46.182   774   793 D logi_hid_PT: SendResponseCodeToRegister:: map Size=2 ,commandIndex=0x603
02-24 18:05:46.182   774   793 D logi_hid_PT: SendResult:: commandIndex=0x603
02-24 18:05:46.182   774   793 D logi_hid_PT: SendResult:: commandIndex=0x603
02-24 18:05:46.182   774   793 V logi_hid_PT: operator():: Start Read /dev/hidraw0
02-24 18:05:46.182  2281  2581 V AS.Audio_ZynqHIDL: notifyPortStatusChange status = 1 , data. index=0x603 data.data.size()= 1,[0]= 0x0
02-24 18:05:46.182  3296  3415 D Logi_AudioHalManager: notifyHIDCommand
02-24 18:05:46.183  3296  3415 D Logi_AudioS_AudioServiceDelegate: Received status from audio board 0
02-24 18:05:46.183  3296  3296 D Logi_AudioS_WDT: Called: notifyHealthStatus args: status=[NoIssue]
02-24 18:05:46.683  2281  2579 I chatty  : uid=1000(system) Binder:2281_4 expire 2 lines
02-24 18:05:46.745  2281  2327 I chatty  : uid=1000(system) PackageManager expire 416 lines
02-24 18:05:46.754  2281  2327 I PackageManager: Considering granting permission android.permission.GET_APP_OPS_STATS to package com.android.shell
02-24 18:05:46.754  2281  2327 I PackageManager: Considering granting permission android.permission.MANAGE_APP_OPS_MODES to package com.android.shell
02-24 18:05:46.754  2281  2327 I PackageManager: Considering granting permission android.permission.VIBRATE to package com.android.shell
02-24 18:05:46.754  2281  2327 I PackageManager: Considering granting permission android.permission.MANAGE_ACTIVITY_STACKS to package com.android.shell
02-24 18:05:46.754  2281  2327 I PackageManager: Considering granting permission android.permission.START_TASKS_FROM_RECENTS to package com.android.shell
02-24 18:05:46.754  2281  2327 I PackageManager: Considering granting permission android.permission.START_ACTIVITIES_FROM_BACKGROUND to package com.android.shell
02-24 18:05:46.754  2281  2327 I PackageManager: Considering granting permission android.permission.ACTIVITY_EMBEDDING to package com.android.shell
02-24 18:05:46.754  2281  2327 I PackageManager: Considering granting permission android.permission.CONNECTIVITY_INTERNAL to package com.android.shell
02-24 18:05:46.754  2281  2327 I PackageManager: Considering granting permission android.permission.CHANGE_COMPONENT_ENABLED_STATE to package com.android.shell
02-24 18:05:46.754  2281  2327 I PackageManager: Considering granting permission android.permission.MANAGE_AUTO_FILL to package com.android.shell
02-24 18:05:46.754  2281  2327 I PackageManager: Considering granting permission android.permission.MANAGE_CONTENT_CAPTURE to package com.android.shell
02-24 18:05:46.754  2281  2327 I PackageManager: Considering granting permission android.permission.MANAGE_CONTENT_SUGGESTIONS to package com.android.shell
02-24 18:05:46.754  2281  2327 I PackageManager: Considering granting permission android.permission.MANAGE_APP_PREDICTIONS to package com.android.shell
02-24 18:05:46.754  2281  2327 I PackageManager: Considering granting permission android.permission.NETWORK_SETTINGS to package com.android.shell
02-24 18:05:46.754  2281  2327 I PackageManager: Considering granting permission android.permission.CHANGE_WIFI_STATE to package com.android.shell
02-24 18:05:46.754  2281  2327 I PackageManager: Considering granting permission android.permission.SET_TIME to package com.android.shell
02-24 18:05:46.754  2281  2327 I PackageManager: Considering granting permission android.permission.SET_TIME_ZONE to package com.android.shell
02-24 18:05:46.754  2281  2327 I PackageManager: Considering granting permission android.permission.DISABLE_HIDDEN_API_CHECKS to package com.android.shell
02-24 18:05:46.754  2281  2327 I PackageManager: Considering granting permission android.permission.MANAGE_ROLE_HOLDERS to package com.android.shell
02-24 18:05:46.754  2281  2327 I PackageManager: Considering granting permission android.permission.OBSERVE_ROLE_HOLDERS to package com.android.shell
02-24 18:05:46.754  2281  2327 I PackageManager: Considering granting permission android.permission.STATUS_BAR_SERVICE to package com.android.shell
02-24 18:05:46.754  2281  2327 I PackageManager: Considering granting permission android.permission.STATUS_BAR to package com.android.shell
02-24 18:05:46.754  2281  2327 I PackageManager: Considering granting permission android.permission.SUBSTITUTE_NOTIFICATION_APP_NAME to package com.android.shell
02-24 18:05:46.754  2281  2327 I PackageManager: Considering granting permission android.permission.REQUEST_NOTIFICATION_ASSISTANT_SERVICE to package com.android.shell
02-24 18:05:46.754  2281  2327 I PackageManager: Considering granting permission android.permission.WAKE_LOCK to package com.android.shell
02-24 18:05:46.754  2281  2327 I PackageManager: Considering granting permission android.permission.CHANGE_OVERLAY_PACKAGES to package com.android.shell
02-24 18:05:46.754  2281  2327 I PackageManager: Considering granting permission android.permission.RESTRICTED_VR_ACCESS to package com.android.shell
02-24 18:05:46.754  2281  2327 I PackageManager: Considering granting permission android.permission.MANAGE_BIND_INSTANT_SERVICE to package com.android.shell
02-24 18:05:46.754  2281  2327 I PackageManager: Considering granting permission android.permission.SET_HARMFUL_APP_WARNINGS to package com.android.shell
02-24 18:05:46.754  2281  2327 I PackageManager: Considering granting permission android.permission.MANAGE_SENSORS to package com.android.shell
02-24 18:05:46.754  2281  2327 I PackageManager: Considering granting permission android.permission.MANAGE_AUDIO_POLICY to package com.android.shell
02-24 18:05:46.754  2281  2327 I PackageManager: Considering granting permission android.permission.MANAGE_CAMERA to package com.android.shell
02-24 18:05:46.754  2281  2327 I PackageManager: Considering granting permission android.permission.MANAGE_BLUETOOTH_WHEN_WIRELESS_CONSENT_REQUIRED to package com.android.shell
02-24 18:05:46.754  2281  2327 I PackageManager: Considering granting permission android.permission.MANAGE_WIFI_WHEN_WIRELESS_CONSENT_REQUIRED to package com.android.shell
02-24 18:05:46.754  2281  2327 I PackageManager: Considering granting permission android.permission.INSTALL_DYNAMIC_SYSTEM to package com.android.shell
02-24 18:05:46.754  2281  2327 I PackageManager: Considering granting permission android.permission.CONTROL_KEYGUARD to package com.android.shell
02-24 18:05:46.754  2281  2327 I PackageManager: Considering granting permission android.permission.SUSPEND_APPS to package com.android.shell
02-24 18:05:46.754  2281  2327 I PackageManager: Considering granting permission android.permission.OBSERVE_APP_USAGE to package com.android.shell
02-24 18:05:46.754  2281  2327 I PackageManager: Considering granting permission android.permission.READ_CLIPBOARD_IN_BACKGROUND to package com.android.shell
02-24 18:05:46.754  2281  2327 I PackageManager: Considering granting permission android.permission.ENABLE_TEST_HARNESS_MODE to package com.android.shell
02-24 18:05:46.755  2281  2327 I PackageManager: Considering granting permission android.permission.MANAGE_APPOPS to package com.android.shell
02-24 18:05:46.755  2281  2327 I PackageManager: Considering granting permission android.permission.MANAGE_TEST_NETWORKS to package com.android.shell
02-24 18:05:46.755  2281  2327 I PackageManager: Considering granting permission android.permission.PACKET_KEEPALIVE_OFFLOAD to package com.android.shell
02-24 18:05:46.755  2281  2327 I PackageManager: Considering granting permission android.permission.CONTROL_KEYGUARD_SECURE_NOTIFICATIONS to package com.android.shell
02-24 18:05:46.755  2281  2327 I PackageManager: Considering granting permission android.permission.SET_WALLPAPER to package com.android.shell
02-24 18:05:46.755  2281  2327 I PackageManager: Considering granting permission android.permission.SET_WALLPAPER_COMPONENT to package com.android.shell
02-24 18:05:46.755  2281  2327 I PackageManager: Considering granting permission android.permission.CACHE_CONTENT to package com.android.shell
02-24 18:05:46.755  2281  2327 I PackageManager: Considering granting permission android.permission.BIND_EXPLICIT_HEALTH_CHECK_SERVICE to package com.android.shell
02-24 18:05:46.755  2281  2327 I PackageManager: Considering granting permission android.permission.INTERACT_ACROSS_PROFILES to package com.android.shell
02-24 18:05:46.755  2281  2327 I PackageManager: Considering granting permission android.permission.INTERACT_ACROSS_USERS_FULL to package org.codeaurora.snapcam
02-24 18:05:46.755  2281  2327 I PackageManager: Un-granting permission android.permission.INTERACT_ACROSS_USERS_FULL from package org.codeaurora.snapcam (protectionLevel=258 flags=0x20d8bc45)
02-24 18:05:46.755  2281  2327 I PackageManager: Considering granting permission android.permission.SET_ORIENTATION to package org.codeaurora.snapcam
02-24 18:05:46.755  2281  2327 I PackageManager: Un-granting permission android.permission.SET_ORIENTATION from package org.codeaurora.snapcam (protectionLevel=2 flags=0x20d8bc45)
02-24 18:05:46.755  2281  2327 I PackageManager: Considering granting permission android.permission.ACCESS_NETWORK_STATE to package org.codeaurora.snapcam
02-24 18:05:46.755  2281  2327 I PackageManager: Considering granting permission android.permission.ACCESS_WIFI_STATE to package org.codeaurora.snapcam
02-24 18:05:46.755  2281  2327 I PackageManager: Considering granting permission android.permission.READ_SYNC_SETTINGS to package org.codeaurora.snapcam
02-24 18:05:46.755  2281  2327 I PackageManager: Considering granting permission android.permission.VIBRATE to package org.codeaurora.snapcam
02-24 18:05:46.755  2281  2327 I PackageManager: Considering granting permission android.permission.WAKE_LOCK to package org.codeaurora.snapcam
02-24 18:05:46.755  2281  2327 I PackageManager: Considering granting permission android.permission.READ_EXTERNAL_STORAGE to package org.codeaurora.snapcam
02-24 18:05:46.755  2281  2327 I PackageManager: Considering granting permission android.permission.READ_PHONE_STATE to package com.qualcomm.qti.qmmi
02-24 18:05:46.755  2281  2327 I PackageManager: Considering granting permission android.permission.FLASHLIGHT to package com.qualcomm.qti.qmmi
02-24 18:05:46.755  2281  2327 I PackageManager: Considering granting permission android.permission.WAKE_LOCK to package com.qualcomm.qti.qmmi
02-24 18:05:46.755  2281  2327 I PackageManager: Considering granting permission android.permission.RECEIVE_BOOT_COMPLETED to package com.qualcomm.qti.qmmi
02-24 18:05:46.755  2281  2327 I PackageManager: Considering granting permission android.permission.ACCESS_WIFI_STATE to package com.qualcomm.qti.qmmi
02-24 18:05:46.755  2281  2327 I PackageManager: Considering granting permission android.permission.ACCESS_NETWORK_STATE to package com.qualcomm.qti.qmmi
02-24 18:05:46.755  2281  2327 I PackageManager: Considering granting permission android.permission.CHANGE_WIFI_STATE to package com.qualcomm.qti.qmmi
02-24 18:05:46.756  2281  2327 I PackageManager: Considering granting permission android.permission.WRITE_EXTERNAL_STORAGE to package com.qualcomm.qti.qmmi
02-24 18:05:46.756  2281  2327 I PackageManager: Considering granting permission com.android.launcher.permission.INSTALL_SHORTCUT to package com.qualcomm.qti.qmmi
02-24 18:05:46.756  2281  2327 I PackageManager: Considering granting permission android.permission.USE_FINGERPRINT to package com.qualcomm.qti.qmmi
02-24 18:05:46.756  2281  2327 I PackageManager: Considering granting permission android.permission.NFC to package com.qualcomm.qti.qmmi
02-24 18:05:46.756  2281  2327 I PackageManager: Considering granting permission android.permission.READ_EXTERNAL_STORAGE to package com.qualcomm.qti.qmmi
02-24 18:05:46.756  2281  2327 I PackageManager: Considering granting permission android.permission.ACCESS_MEDIA_LOCATION to package com.qualcomm.qti.qmmi
02-24 18:05:46.756  2281  2327 I PackageManager: Considering granting permission android.permission.NETWORK_SETTINGS to package com.logitech.videocollaboration.froggeroobe
02-24 18:05:46.756  2281  2327 I PackageManager: Considering granting permission android.permission.SET_TIME_ZONE to package com.logitech.videocollaboration.froggeroobe
02-24 18:05:46.756  2281  2327 I PackageManager: Considering granting permission android.permission.WRITE_SETTINGS to package com.logitech.videocollaboration.froggeroobe
02-24 18:05:46.756  2281  2327 I PackageManager: Considering granting permission android.permission.CHANGE_CONFIGURATION to package com.logitech.videocollaboration.froggeroobe
02-24 18:05:46.756  2281  2327 I PackageManager: Considering granting permission android.permission.CONNECTIVITY_INTERNAL to package com.logitech.videocollaboration.froggeroobe
02-24 18:05:46.756  2281  2327 I PackageManager: Considering granting permission android.permission.WRITE_SECURE_SETTINGS to package com.logitech.videocollaboration.froggeroobe
02-24 18:05:46.756  2281  2327 I PackageManager: Considering granting permission android.permission.MANAGE_USERS to package com.logitech.videocollaboration.froggeroobe
02-24 18:05:46.756  2281  2327 I PackageManager: Considering granting permission android.permission.READ_PRIVILEGED_PHONE_STATE to package com.logitech.videocollaboration.froggeroobe
02-24 18:05:46.756  2281  2327 I PackageManager: Considering granting permission android.permission.READ_PHONE_STATE to package com.logitech.videocollaboration.froggeroobe
02-24 18:05:46.756  2281  2327 I PackageManager: Considering granting permission android.permission.RECORD_AUDIO to package com.logitech.videocollaboration.froggeroobe
02-24 18:05:46.757  2281  2327 I PackageManager: Considering granting permission android.permission.INJECT_EVENTS to package com.android.systemui
02-24 18:05:46.757  2281  2327 I PackageManager: Considering granting permission android.permission.DUMP to package com.android.systemui
02-24 18:05:46.757  2281  2327 I PackageManager: Considering granting permission android.permission.WRITE_SETTINGS to package com.android.systemui
02-24 18:05:46.757  2281  2327 I PackageManager: Considering granting permission android.permission.READ_DEVICE_CONFIG to package com.android.systemui
02-24 18:05:46.757  2281  2327 I PackageManager: Considering granting permission android.permission.REMOTE_AUDIO_PLAYBACK to package com.android.systemui
02-24 18:05:46.757  2281  2327 I PackageManager: Considering granting permission android.permission.WRITE_SECURE_SETTINGS to package com.android.systemui
02-24 18:05:46.757  2281  2327 I PackageManager: Considering granting permission android.permission.GET_APP_OPS_STATS to package com.android.systemui
02-24 18:05:46.757  2281  2327 I PackageManager: Considering granting permission android.permission.BLUETOOTH_PRIVILEGED to package com.android.systemui
02-24 18:05:46.757  2281  2327 I PackageManager: Considering granting permission android.permission.READ_PRIVILEGED_PHONE_STATE to package com.android.systemui
02-24 18:05:46.757  2281  2327 I PackageManager: Considering granting permission android.permission.ACCESS_WIFI_STATE to package com.android.systemui
02-24 18:05:46.757  2281  2327 I PackageManager: Considering granting permission android.permission.MANAGE_NETWORK_POLICY to package com.android.systemui
02-24 18:05:46.757  2281  2327 I PackageManager: Considering granting permission android.permission.CONNECTIVITY_INTERNAL to package com.android.systemui
02-24 18:05:46.757  2281  2327 I PackageManager: Considering granting permission android.permission.NETWORK_SETTINGS to package com.android.systemui
02-24 18:05:46.757  2281  2327 I PackageManager: Considering granting permission android.permission.TETHER_PRIVILEGED to package com.android.systemui
02-24 18:05:46.757  2281  2327 I PackageManager: Considering granting permission android.permission.READ_NETWORK_USAGE_HISTORY to package com.android.systemui
02-24 18:05:46.757  2281  2327 I PackageManager: Considering granting permission android.permission.REQUEST_NETWORK_SCORES to package com.android.systemui
02-24 18:05:46.757  2281  2327 I PackageManager: Considering granting permission android.permission.CONTROL_VPN to package com.android.systemui
02-24 18:05:46.757  2281  2327 I PackageManager: Considering granting permission android.permission.PEERS_MAC_ADDRESS to package com.android.systemui
02-24 18:05:46.757  2281  2327 I PackageManager: Considering granting permission android.permission.MANAGE_USB to package com.android.systemui
02-24 18:05:46.757  2281  2327 I PackageManager: Considering granting permission android.permission.CONTROL_DISPLAY_BRIGHTNESS to package com.android.systemui
02-24 18:05:46.757  2281  2327 I PackageManager: Considering granting permission android.permission.MASTER_CLEAR to package com.android.systemui
02-24 18:05:46.757  2281  2327 I PackageManager: Considering granting permission android.permission.VIBRATE to package com.android.systemui
02-24 18:05:46.757  2281  2327 I PackageManager: Considering granting permission android.permission.MANAGE_SENSOR_PRIVACY to package com.android.systemui
02-24 18:05:46.757  2281  2327 I PackageManager: Considering granting permission android.permission.GET_DETAILED_TASKS to package com.android.systemui
02-24 18:05:46.757  2281  2327 I PackageManager: Considering granting permission android.permission.START_ANY_ACTIVITY to package com.android.systemui
02-24 18:05:46.758  2281  2327 I PackageManager: Considering granting permission android.permission.START_ACTIVITIES_FROM_BACKGROUND to package com.android.systemui
02-24 18:05:46.758  2281  2327 I PackageManager: Considering granting permission android.permission.INTERACT_ACROSS_USERS to package com.android.systemui
02-24 18:05:46.758  2281  2327 I PackageManager: Considering granting permission android.permission.START_TASKS_FROM_RECENTS to package com.android.systemui
02-24 18:05:46.758  2281  2327 I PackageManager: Considering granting permission android.permission.READ_FRAME_BUFFER to package com.android.systemui
02-24 18:05:46.758  2281  2327 I PackageManager: Considering granting permission android.permission.MANAGE_APP_TOKENS to package com.android.systemui
02-24 18:05:46.758  2281  2327 I PackageManager: Considering granting permission android.permission.REGISTER_WINDOW_MANAGER_LISTENERS to package com.android.systemui
02-24 18:05:46.758  2281  2327 I PackageManager: Considering granting permission android.permission.BIND_DEVICE_ADMIN to package com.android.systemui
02-24 18:05:46.758  2281  2327 I PackageManager: Considering granting permission android.permission.CHANGE_COMPONENT_ENABLED_STATE to package com.android.systemui
02-24 18:05:46.758  2281  2327 I PackageManager: Considering granting permission android.permission.RESET_FINGERPRINT_LOCKOUT to package com.android.systemui
02-24 18:05:46.758  2281  2327 I PackageManager: Considering granting permission android.permission.SET_WALLPAPER to package com.android.systemui
02-24 18:05:46.758  2281  2327 I PackageManager: Considering granting permission android.permission.CAMERA to package com.android.systemui
02-24 18:05:46.758  2281  2327 I PackageManager: Considering granting permission android.permission.ACCESS_VOICE_INTERACTION_SERVICE to package com.android.systemui
02-24 18:05:46.758  2281  2327 I PackageManager: Considering granting permission android.permission.BIND_QUICK_SETTINGS_TILE to package com.android.systemui
02-24 18:05:46.758  2281  2327 I PackageManager: Considering granting permission android.permission.BATTERY_STATS to package com.android.systemui
02-24 18:05:46.759  2281  2327 I PackageManager: Considering granting permission android.permission.MANAGE_NOTIFICATIONS to package com.android.systemui
02-24 18:05:46.759  2281  2327 I PackageManager: Considering granting permission android.permission.MODIFY_THEME_OVERLAY to package com.android.systemui
02-24 18:05:46.759  2281  2327 I PackageManager: Considering granting permission android.permission.ACCESS_INSTANT_APPS to package com.android.systemui
02-24 18:05:46.759  2281  2327 I PackageManager: Considering granting permission android.permission.CHANGE_OVERLAY_PACKAGES to package com.android.systemui
02-24 18:05:46.759  2281  2327 I PackageManager: Considering granting permission android.permission.WATCH_APPOPS to package com.android.systemui
02-24 18:05:46.759  2281  2327 I PackageManager: Considering granting permission android.permission.MANAGE_DEBUGGING to package com.android.systemui
02-24 18:05:46.759  2281  2327 I PackageManager: Considering granting permission android.permission.HIDE_NON_SYSTEM_OVERLAY_WINDOWS to package com.android.systemui
02-24 18:05:46.759  2281  2327 I PackageManager: Considering granting permission android.permission.VIBRATE to package com.qualcomm.qti.poweroffalarm
02-24 18:05:46.759  2281  2327 I PackageManager: Considering granting permission android.permission.SHUTDOWN to package com.qualcomm.qti.poweroffalarm
02-24 18:05:46.759  2281  2327 I PackageManager: Considering granting permission android.permission.DISABLE_KEYGUARD to package com.qualcomm.qti.poweroffalarm
02-24 18:05:46.760  2281  2327 I PackageManager: Considering granting permission android.permission.MANAGE_ROLE_HOLDERS to package com.android.permissioncontroller
02-24 18:05:46.760  2281  2327 I PackageManager: Considering granting permission android.permission.OBSERVE_ROLE_HOLDERS to package com.android.permissioncontroller
02-24 18:05:46.760  2281  2327 I PackageManager: Considering granting permission com.android.permissioncontroller.permission.MANAGE_ROLES_FROM_CONTROLLER to package com.android.permissioncontroller
02-24 18:05:46.760  2281  2327 I PackageManager: Considering granting permission android.permission.READ_PRIVILEGED_PHONE_STATE to package com.android.permissioncontroller
02-24 18:05:46.760  2281  2327 I PackageManager: Considering granting permission android.permission.SUBSTITUTE_NOTIFICATION_APP_NAME to package com.android.permissioncontroller
02-24 18:05:46.760  2281  2327 I PackageManager: Considering granting permission android.permission.INTERNET to package com.logitech.vc.sync
02-24 18:05:46.760  2281  2327 I PackageManager: Considering granting permission android.permission.ACCESS_NETWORK_STATE to package com.logitech.vc.sync
02-24 18:05:46.760  2281  2327 I PackageManager: Considering granting permission android.permission.WRITE_SETTINGS to package com.logitech.vc.sync
02-24 18:05:46.760  2281  2327 I PackageManager: Considering granting permission android.permission.WRITE_SECURE_SETTINGS to package com.logitech.vc.sync
02-24 18:05:46.760  2281  2327 I PackageManager: Considering granting permission android.permission.SET_TIME_ZONE to package com.logitech.vc.sync
02-24 18:05:46.760  2281  2327 I PackageManager: Considering granting permission android.permission.READ_EXTERNAL_STORAGE to package com.logitech.vc.sync
02-24 18:05:46.760  2281  2327 I PackageManager: Considering granting permission android.permission.WRITE_EXTERNAL_STORAGE to package com.logitech.vc.sync
02-24 18:05:46.760  2281  2327 I PackageManager: Considering granting permission android.permission.RECEIVE_BOOT_COMPLETED to package com.android.traceur
02-24 18:05:46.760  2281  2327 I PackageManager: Considering granting permission android.permission.STATUS_BAR to package com.android.traceur
02-24 18:05:46.760  2281  2327 I PackageManager: Considering granting permission android.permission.FOREGROUND_SERVICE to package com.android.traceur
02-24 18:05:46.760  2281  2327 I PackageManager: Considering granting permission android.permission.RECEIVE_BOOT_COMPLETED to package com.logitech.platform.zoom.internal
02-24 18:05:46.760  2281  2327 I PackageManager: Considering granting permission android.permission.WRITE_SECURE_SETTINGS to package com.logitech.platform.zoom.internal
02-24 18:05:46.760  2281  2327 I PackageManager: Considering granting permission android.permission.BROADCAST_STICKY to package com.logitech.platform.zoom.internal
02-24 18:05:46.760  2281  2327 I PackageManager: Considering granting permission android.permission.REBOOT to package com.logitech.platform.zoom.internal
02-24 18:05:46.760  2281  2327 I PackageManager: Considering granting permission android.permission.WRITE_EXTERNAL_STORAGE to package com.logitech.platform.zoom.internal
02-24 18:05:46.760  2281  2327 I PackageManager: Considering granting permission android.permission.ACCESS_NETWORK_STATE to package com.android.inputmethod.leanback
02-24 18:05:46.760  2281  2327 I PackageManager: Considering granting permission android.permission.DOWNLOAD_WITHOUT_NOTIFICATION to package com.android.inputmethod.leanback
02-24 18:05:46.760  2281  2327 I PackageManager: Considering granting permission android.permission.GET_ACCOUNTS to package com.android.inputmethod.leanback
02-24 18:05:46.760  2281  2327 I PackageManager: Considering granting permission android.permission.READ_CONTACTS to package com.android.inputmethod.leanback
02-24 18:05:46.760  2281  2327 I PackageManager: Considering granting permission android.permission.READ_PROFILE to package com.android.inputmethod.leanback
02-24 18:05:46.761  2281  2327 I PackageManager: Considering granting permission android.permission.VIBRATE to package com.android.inputmethod.leanback
02-24 18:05:46.761  2281  2327 I PackageManager: Considering granting permission android.permission.WRITE_EXTERNAL_STORAGE to package com.android.inputmethod.leanback
02-24 18:05:46.761  2281  2327 I PackageManager: Considering granting permission android.permission.WRITE_SYNC_SETTINGS to package com.android.inputmethod.leanback
02-24 18:05:46.761  2281  2327 I PackageManager: Considering granting permission android.permission.WRITE_USER_DICTIONARY to package com.android.inputmethod.leanback
02-24 18:05:46.761  2281  2327 I PackageManager: Considering granting permission android.permission.RECEIVE_BOOT_COMPLETED to package com.android.bluetooth
02-24 18:05:46.761  2281  2327 I PackageManager: Considering granting permission android.permission.ACCESS_BLUETOOTH_SHARE to package com.android.bluetooth
02-24 18:05:46.761  2281  2327 I PackageManager: Considering granting permission android.permission.ACCESS_COARSE_LOCATION to package com.android.bluetooth
02-24 18:05:46.761  2281  2327 I PackageManager: Considering granting permission android.permission.INTERNET to package com.android.bluetooth
02-24 18:05:46.761  2281  2327 I PackageManager: Considering granting permission android.permission.BLUETOOTH_MAP to package com.android.bluetooth
02-24 18:05:46.761  2281  2327 I PackageManager: Considering granting permission android.permission.DUMP to package com.android.bluetooth
02-24 18:05:46.761  2281  2327 I PackageManager: Considering granting permission android.permission.WAKE_LOCK to package com.android.bluetooth
02-24 18:05:46.761  2281  2327 I PackageManager: Considering granting permission android.permission.WRITE_EXTERNAL_STORAGE to package com.android.bluetooth
02-24 18:05:46.761  2281  2327 I PackageManager: Considering granting permission android.permission.NET_ADMIN to package com.android.bluetooth
02-24 18:05:46.761  2281  2327 I PackageManager: Considering granting permission android.permission.CALL_PRIVILEGED to package com.android.bluetooth
02-24 18:05:46.761  2281  2327 I PackageManager: Considering granting permission android.permission.MODIFY_AUDIO_SETTINGS to package com.android.bluetooth
02-24 18:05:46.761  2281  2327 I PackageManager: Considering granting permission android.permission.BLUETOOTH_STACK to package com.android.bluetooth
02-24 18:05:46.762  2281  2327 I PackageManager: Considering granting permission android.permission.MANAGE_USERS to package com.android.bluetooth
02-24 18:05:46.762  2281  2327 I PackageManager: Considering granting permission android.permission.GET_ACCOUNTS to package com.android.bluetooth
02-24 18:05:46.762  2281  2327 I PackageManager: Considering granting permission android.permission.RECEIVE_SMS to package com.android.bluetooth
02-24 18:05:46.762  2281  2327 I PackageManager: Considering granting permission android.permission.WRITE_SMS to package com.android.bluetooth
02-24 18:05:46.762  2281  2327 I PackageManager: Considering granting permission android.permission.MEDIA_CONTENT_CONTROL to package com.android.bluetooth
02-24 18:05:46.762  2281  2327 I PackageManager: Considering granting permission android.permission.UPDATE_APP_OPS_STATS to package com.android.bluetooth
02-24 18:05:46.762  2281  2327 I PackageManager: Considering granting permission android.permission.READ_DEVICE_CONFIG to package com.android.providers.contacts
02-24 18:05:46.762  2281  2327 I PackageManager: Considering granting permission android.permission.CAMERA to package com.logitech.zoomvendorapitestapp
02-24 18:05:46.762  2281  2327 I PackageManager: Considering granting permission android.permission.INTERNET to package com.android.captiveportallogin
02-24 18:05:46.762  2281  2327 I PackageManager: Considering granting permission android.permission.MAINLINE_NETWORK_STACK to package com.android.captiveportallogin
02-24 18:05:46.762  2281  2327 I PackageManager: Considering granting permission android.permission.ACCESS_COARSE_LOCATION to package com.android.captiveportallogin
02-24 18:05:46.817  2281  2327 D PackageManager: Instant App installer not found with android.intent.action.INSTALL_INSTANT_APP_PACKAGE
02-24 18:05:46.817  2281  2327 D PackageManager: Clear ephemeral installer activity
02-24 18:05:46.823  2281  2327 E PackageManager: Backup Manager not found!
02-24 18:05:46.823  2281  2327 I PackageManager: Considering granting permission android.permission.REORDER_TASKS to package com.logitech.integration.test.test
02-24 18:05:46.823  2281  2327 I PackageManager: Considering granting permission android.permission.WRITE_EXTERNAL_STORAGE to package com.logitech.integration.test.test
02-24 18:05:46.823  2281  2327 I PackageManager: Considering granting permission android.permission.READ_EXTERNAL_STORAGE to package com.logitech.integration.test.test
02-24 18:05:46.824   579  2616 D vold    : Remounting 10063 as mode default
02-24 18:05:46.831   579   579 D vold    : Remounting 10063 as mode default
02-24 18:05:46.836   579  2616 D vold    : Remounting 10063 as mode default
02-24 18:05:46.840  2077  2176 I netd    : trafficSetNetPermForUids(0, [10063]) <0.02ms>
02-24 18:05:46.841  2054  2376 E         : Couldn't opendir /data/app/vmdl1597698770.tmp: No such file or directory
02-24 18:05:46.841  2054  2376 E installd: Failed to delete /data/app/vmdl1597698770.tmp: No such file or directory
02-24 18:05:46.842  2281  2327 D CompatibilityInfo: mCompatibilityFlags - 4
02-24 18:05:46.842  2281  2327 D CompatibilityInfo: applicationDensity - 240
02-24 18:05:46.842  2281  2327 D CompatibilityInfo: applicationScale - 1.0
02-24 18:05:46.842  2281  2327 D CompatibilityInfo: mCompatibilityFlags - 4
02-24 18:05:46.842  2281  2327 D CompatibilityInfo: applicationDensity - 240
02-24 18:05:46.842  2281  2327 D CompatibilityInfo: applicationScale - 1.0
02-24 18:05:46.844  2281  2281 I RoleManagerService: Granting default permissions...
02-24 18:05:46.848  2281  2312 W BroadcastQueue: Background execution not allowed: receiving Intent { act=android.intent.action.PACKAGE_ADDED dat=package:com.logitech.integration.test.test flg=0x4000010 (has extras) } to com.android.packageinstaller/.PackageInstalledReceiver
02-24 18:05:46.849  2281  2399 I InputReader: Reconfiguring input devices.  changes=0x00000010
02-24 18:05:46.850  2680  6406 W ExclusiveDefaultHolderMixin: Cannot get ApplicationInfo for default holder, config: config_defaultSms, package: com.android.messaging
