02-24 18:05:51.354  2281  2327 I PackageManager: Considering granting permission android.permission.CONTROL_DISPLAY_BRIGHTNESS to package com.android.systemui
02-24 18:05:51.354  2281  2327 I PackageManager: Considering granting permission android.permission.DEVICE_POWER to package com.android.systemui
02-24 18:05:51.354  2281  2327 I PackageManager: Considering granting permission android.permission.MOUNT_UNMOUNT_FILESYSTEMS to package com.android.systemui
02-24 18:05:51.354  2281  2327 I PackageManager: Considering granting permission android.permission.MASTER_CLEAR to package com.android.systemui
02-24 18:05:51.354  2281  2327 I PackageManager: Considering granting permission android.permission.VIBRATE to package com.android.systemui
02-24 18:05:51.354  2281  2327 I PackageManager: Considering granting permission android.permission.MANAGE_SENSOR_PRIVACY to package com.android.systemui
02-24 18:05:51.354  2281  2327 I PackageManager: Considering granting permission android.permission.REAL_GET_TASKS to package com.android.systemui
02-24 18:05:51.354  2281  2327 I PackageManager: Considering granting permission android.permission.GET_DETAILED_TASKS to package com.android.systemui
02-24 18:05:51.354  2281  2327 I PackageManager: Considering granting permission android.permission.REORDER_TASKS to package com.android.systemui
02-24 18:05:51.354  2281  2327 I PackageManager: Considering granting permission android.permission.REMOVE_TASKS to package com.android.systemui
02-24 18:05:51.354  2281  2327 I PackageManager: Considering granting permission android.permission.STOP_APP_SWITCHES to package com.android.systemui
02-24 18:05:51.354  2281  2327 I PackageManager: Considering granting permission android.permission.SET_SCREEN_COMPATIBILITY to package com.android.systemui
02-24 18:05:51.354  2281  2327 I PackageManager: Considering granting permission android.permission.START_ANY_ACTIVITY to package com.android.systemui
02-24 18:05:51.354  2281  2327 I PackageManager: Considering granting permission android.permission.START_ACTIVITIES_FROM_BACKGROUND to package com.android.systemui
02-24 18:05:51.354  2281  2327 I PackageManager: Considering granting permission android.permission.INTERACT_ACROSS_USERS to package com.android.systemui
02-24 18:05:51.354  2281  2327 I PackageManager: Considering granting permission android.permission.INTERACT_ACROSS_USERS_FULL to package com.android.systemui
02-24 18:05:51.354  2281  2327 I PackageManager: Considering granting permission android.permission.MANAGE_ACTIVITY_STACKS to package com.android.systemui
02-24 18:05:51.354  2281  2327 I PackageManager: Considering granting permission android.permission.GET_INTENT_SENDER_INTENT to package com.android.systemui
02-24 18:05:51.354  2281  2327 I PackageManager: Considering granting permission android.permission.READ_FRAME_BUFFER to package com.android.systemui
02-24 18:05:51.354  2281  2327 I PackageManager: Considering granting permission android.permission.MANAGE_APP_TOKENS to package com.android.systemui
02-24 18:05:51.354  2281  2327 I PackageManager: Considering granting permission android.permission.REGISTER_WINDOW_MANAGER_LISTENERS to package com.android.systemui
02-24 18:05:51.354  2281  2327 I PackageManager: Considering granting permission android.permission.SET_ORIENTATION to package com.android.systemui
02-24 18:05:51.354  2281  2327 I PackageManager: Considering granting permission android.permission.DISABLE_KEYGUARD to package com.android.systemui
02-24 18:05:51.355  2281  2327 I PackageManager: Considering granting permission android.permission.CONTROL_KEYGUARD to package com.android.systemui
02-24 18:05:51.355  2281  2327 I PackageManager: Considering granting permission android.permission.MODIFY_PHONE_STATE to package com.android.systemui
02-24 18:05:51.355  2281  2327 I PackageManager: Considering granting permission android.permission.BATTERY_STATS to package com.android.systemui
02-24 18:05:51.355  2281  2327 I PackageManager: Considering granting permission android.permission.MANAGE_PROFILE_AND_DEVICE_OWNERS to package com.android.systemui
02-24 18:05:51.355  2281  2327 I PackageManager: Considering granting permission android.permission.MODIFY_THEME_OVERLAY to package com.android.systemui
02-24 18:05:51.355  2281  2327 I PackageManager: Considering granting permission android.permission.MODIFY_ACCESSIBILITY_DATA to package com.android.systemui
02-24 18:05:51.355  2281  2327 I PackageManager: Considering granting permission android.permission.CHANGE_ACCESSIBILITY_VOLUME to package com.android.systemui
02-24 18:05:51.355  2281  2327 I PackageManager: Considering granting permission android.permission.CONTROL_REMOTE_APP_TRANSITION_ANIMATIONS to package com.android.systemui
02-24 18:05:51.355  2281  2327 I PackageManager: Considering granting permission android.permission.HIDE_NON_SYSTEM_OVERLAY_WINDOWS to package com.android.systemui
02-24 18:05:51.355  2281  2327 I PackageManager: Considering granting permission android.permission.READ_CALL_LOG to package com.android.systemui
02-24 18:05:51.355  2281  2327 I PackageManager: Considering granting permission android.permission.VIBRATE to package com.qualcomm.qti.poweroffalarm
02-24 18:05:51.356  2281  2327 I PackageManager: Considering granting permission com.qualcomm.permission.USE_EMBMS_SERVICE to package com.qti.ltebc
02-24 18:05:51.356  2281  2327 I PackageManager: Considering granting permission com.qualcomm.permission.USE_EMBMS_SERVICE_PLATFORM to package com.qti.ltebc
02-24 18:05:51.356  2281  2327 I PackageManager: Considering granting permission android.permission.SEND_EMBMS_INTENTS to package com.qti.ltebc
02-24 18:05:51.356  2281  2327 I PackageManager: Considering granting permission android.permission.ACCESS_NETWORK_STATE to package com.qti.ltebc
02-24 18:05:51.356  2281  2327 I PackageManager: Considering granting permission android.permission.CHANGE_NETWORK_STATE to package com.qti.ltebc
02-24 18:05:51.356  2281  2327 I PackageManager: Considering granting permission android.permission.INTERNET to package com.qti.ltebc
02-24 18:05:51.356  2281  2327 I PackageManager: Considering granting permission android.permission.CHANGE_WIFI_MULTICAST_STATE to package com.qti.ltebc
02-24 18:05:51.356  2281  2327 I PackageManager: Considering granting permission android.permission.ACCESS_WIFI_STATE to package com.qti.ltebc
02-24 18:05:51.356  2281  2327 I PackageManager: Considering granting permission android.permission.MANAGE_USERS to package com.android.permissioncontroller
02-24 18:05:51.356  2281  2327 I PackageManager: Considering granting permission android.permission.GRANT_RUNTIME_PERMISSIONS to package com.android.permissioncontroller
02-24 18:05:51.356  2281  2327 I PackageManager: Considering granting permission android.permission.MANAGE_APP_OPS_RESTRICTIONS to package com.android.permissioncontroller
02-24 18:05:51.356  2281  2327 I PackageManager: Considering granting permission android.permission.ACCESS_INSTANT_APPS to package com.android.permissioncontroller
02-24 18:05:51.356  2281  2327 I PackageManager: Considering granting permission android.permission.REQUEST_INCIDENT_REPORT_APPROVAL to package com.android.permissioncontroller
02-24 18:05:51.356  2281  2327 I PackageManager: Considering granting permission android.permission.OPEN_ACCESSIBILITY_DETAILS_SETTINGS to package com.android.permissioncontroller
02-24 18:05:51.356  2281  2327 I PackageManager: Considering granting permission android.permission.ACCESS_NETWORK_STATE to package com.logitech.vc.sync
02-24 18:05:51.356  2281  2327 I PackageManager: Considering granting permission android.permission.WRITE_SETTINGS to package com.logitech.vc.sync
02-24 18:05:51.356  2281  2327 I PackageManager: Considering granting permission android.permission.WRITE_SECURE_SETTINGS to package com.logitech.vc.sync
02-24 18:05:51.357  2281  2327 I PackageManager: Considering granting permission com.logitech.vc.permission.attestation.ATTEST to package com.logitech.vc.sync
02-24 18:05:51.357  2281  2327 I PackageManager: Considering granting permission android.permission.RECEIVE_BOOT_COMPLETED to package com.android.traceur
02-24 18:05:51.357  2281  2327 I PackageManager: Considering granting permission android.permission.STATUS_BAR to package com.android.traceur
02-24 18:05:51.357  2281  2327 I PackageManager: Considering granting permission android.permission.FOREGROUND_SERVICE to package com.android.traceur
02-24 18:05:51.357  2281  2327 I PackageManager: Considering granting permission android.permission.WRITE_SECURE_SETTINGS to package com.logitech.platform.zoom.internal
02-24 18:05:51.357  2281  2327 I PackageManager: Considering granting permission android.permission.ACCESS_NETWORK_STATE to package com.android.inputmethod.leanback
02-24 18:05:51.357  2281  2327 I PackageManager: Considering granting permission android.permission.DOWNLOAD_WITHOUT_NOTIFICATION to package com.android.inputmethod.leanback
02-24 18:05:51.357  2281  2327 I PackageManager: Considering granting permission android.permission.GET_ACCOUNTS to package com.android.inputmethod.leanback
02-24 18:05:51.357  2281  2327 I PackageManager: Considering granting permission android.permission.READ_USER_DICTIONARY to package com.android.inputmethod.leanback
02-24 18:05:51.357  2281  2327 I PackageManager: Considering granting permission android.permission.ACCESS_MEDIA_LOCATION to package com.android.inputmethod.leanback
02-24 18:05:51.357  2281  2327 I PackageManager: Considering granting permission android.permission.RECEIVE_BOOT_COMPLETED to package com.android.bluetooth
02-24 18:05:51.357  2281  2327 I PackageManager: Considering granting permission android.permission.ACCESS_BLUETOOTH_SHARE to package com.android.bluetooth
02-24 18:05:51.357  2281  2327 I PackageManager: Considering granting permission android.permission.ACCESS_COARSE_LOCATION to package com.android.bluetooth
02-24 18:05:51.357  2281  2327 I PackageManager: Considering granting permission android.permission.ACCESS_FINE_LOCATION to package com.android.bluetooth
02-24 18:05:51.357  2281  2327 I PackageManager: Considering granting permission android.permission.LOCAL_MAC_ADDRESS to package com.android.bluetooth
02-24 18:05:51.358  2281  2327 I PackageManager: Considering granting permission android.permission.DUMP to package com.android.bluetooth
02-24 18:05:51.358  2281  2327 I PackageManager: Considering granting permission android.permission.WRITE_CONTACTS to package com.android.bluetooth
02-24 18:05:51.358  2281  2327 I PackageManager: Considering granting permission android.permission.WRITE_CALL_LOG to package com.android.bluetooth
02-24 18:05:51.358  2281  2327 I PackageManager: Considering granting permission android.permission.READ_PRIVILEGED_PHONE_STATE to package com.android.bluetooth
02-24 18:05:51.358  2281  2327 I PackageManager: Considering granting permission android.permission.WRITE_APN_SETTINGS to package com.android.bluetooth
02-24 18:05:51.358  2281  2327 I PackageManager: Considering granting permission android.permission.CALL_PRIVILEGED to package com.android.bluetooth
02-24 18:05:51.358  2281  2327 I PackageManager: Considering granting permission android.permission.MODIFY_AUDIO_SETTINGS to package com.android.bluetooth
02-24 18:05:51.358  2281  2327 I PackageManager: Considering granting permission android.permission.NET_TUNNELING to package com.android.bluetooth
02-24 18:05:51.358  2281  2327 I PackageManager: Considering granting permission android.permission.ACCESS_NETWORK_STATE to package com.android.bluetooth
02-24 18:05:51.358  2281  2327 I PackageManager: Considering granting permission android.permission.INTERACT_ACROSS_USERS_FULL to package com.android.bluetooth
02-24 18:05:51.358  2281  2327 I PackageManager: Considering granting permission android.permission.GET_ACCOUNTS to package com.android.bluetooth
02-24 18:05:51.358  2281  2327 I PackageManager: Considering granting permission android.permission.RECEIVE_SMS to package com.android.bluetooth
02-24 18:05:51.358  2281  2327 I PackageManager: Considering granting permission android.permission.UPDATE_APP_OPS_STATS to package com.android.bluetooth
02-24 18:05:51.358  2281  2327 I PackageManager: Considering granting permission android.permission.MANAGE_APP_OPS_MODES to package com.android.bluetooth
02-24 18:05:51.358  2281  2327 I PackageManager: Considering granting permission android.permission.MODIFY_AUDIO_ROUTING to package com.android.bluetooth
02-24 18:05:51.358  2281  2327 I PackageManager: Considering granting permission android.permission.WRITE_MEDIA_STORAGE to package com.android.bluetooth
02-24 18:05:51.358  2281  2327 I PackageManager: Considering granting permission android.permission.READ_PROFILE to package com.android.bluetooth
02-24 18:05:51.358  2281  2327 I PackageManager: Considering granting permission android.permission.WAKE_LOCK to package com.qualcomm.timeservice
02-24 18:05:51.358  2281  2327 I PackageManager: Considering granting permission android.permission.RECEIVE_BOOT_COMPLETED to package com.qualcomm.embms
02-24 18:05:51.358  2281  2327 I PackageManager: Considering granting permission android.permission.INTERNET to package com.qualcomm.embms
02-24 18:05:51.358  2281  2327 I PackageManager: Considering granting permission android.permission.BIND_DIRECTORY_SEARCH to package com.android.providers.contacts
02-24 18:05:51.358  2281  2327 I PackageManager: Considering granting permission android.permission.GET_ACCOUNTS to package com.android.providers.contacts
02-24 18:05:51.359  2281  2327 I PackageManager: Considering granting permission android.permission.GET_ACCOUNTS_PRIVILEGED to package com.android.providers.contacts
02-24 18:05:51.359  2281  2327 I PackageManager: Considering granting permission android.permission.INTERACT_ACROSS_USERS to package com.android.providers.contacts
02-24 18:05:51.359  2281  2327 I PackageManager: Considering granting permission android.permission.UPDATE_APP_OPS_STATS to package com.android.providers.contacts
02-24 18:05:51.359  2281  2327 I PackageManager: Considering granting permission android.permission.WRITE_CONTACTS to package com.android.providers.contacts
02-24 18:05:51.359  2281  2327 I PackageManager: Considering granting permission android.permission.USE_RESERVED_DISK to package com.android.providers.contacts
02-24 18:05:51.359  2281  2327 I PackageManager: Considering granting permission android.permission.ACCESS_NETWORK_STATE to package com.android.captiveportallogin
02-24 18:05:51.359  2281  2327 I PackageManager: Considering granting permission android.permission.ACCESS_WIFI_STATE to package com.android.captiveportallogin
02-24 18:05:51.359  2281  2327 I PackageManager: Considering granting permission android.permission.REORDER_TASKS to package com.logitech.integration.test.test
02-24 18:05:51.359  2281  2327 I PackageManager: Considering granting permission android.permission.WRITE_EXTERNAL_STORAGE to package com.logitech.integration.test.test
02-24 18:05:51.359  2281  2327 I PackageManager: Considering granting permission android.permission.READ_EXTERNAL_STORAGE to package com.logitech.integration.test.test
02-24 18:05:51.388  2281  2327 D PackageManager: Instant App installer not found with android.intent.action.INSTALL_INSTANT_APP_PACKAGE
02-24 18:05:51.388  2281  2327 D PackageManager: Clear ephemeral installer activity
02-24 18:05:51.392   579  2616 D vold    : Remounting 10063 as mode default
02-24 18:05:51.404  2077  2176 I netd    : trafficSetNetPermForUids(0, [10063]) <0.01ms>
02-24 18:05:51.406  2054  2054 E         : Couldn't opendir /data/app/vmdl910888971.tmp: No such file or directory
02-24 18:05:51.406  2054  2054 E installd: Failed to delete /data/app/vmdl910888971.tmp: No such file or directory
02-24 18:05:51.399   579  2616 D vold    : Remounting 10063 as mode default
02-24 18:05:51.406  2281  2327 I ActivityManager: Force stopping com.logitech.integration.test.test appid=10063 user=0: pkg removed
02-24 18:05:51.413  2281  2327 D CompatibilityInfo: mCompatibilityFlags - 4
02-24 18:05:51.413  2281  2327 D CompatibilityInfo: applicationDensity - 240
02-24 18:05:51.413  2281  2327 D CompatibilityInfo: applicationScale - 1.0
02-24 18:05:51.415  2281  2312 W BroadcastQueue: Background execution not allowed: receiving Intent { act=android.intent.action.PACKAGE_ADDED dat=package:com.logitech.integration.test.test flg=0x4000010 (has extras) } to com.android.packageinstaller/.PackageInstalledReceiver
02-24 18:05:51.420  2281  2399 I InputReader: Reconfiguring input devices.  changes=0x00000010
02-24 18:05:51.421  2281  2281 D CompatibilityInfo: mCompatibilityFlags - 4
02-24 18:05:51.421  2281  2281 D CompatibilityInfo: applicationDensity - 240
02-24 18:05:51.421  2281  2281 D CompatibilityInfo: applicationScale - 1.0
02-24 18:05:51.422   566   566 E SELinux : avc:  denied  { find } for interface=vendor.qti.hardware.servicetracker::IServicetracker sid=u:r:system_server:s0 pid=2281 scontext=u:r:system_server:s0 tcontext=u:object_r:default_android_hwservice:s0 tclass=hwservice_manager permissive=0
02-24 18:05:51.424  2281  2311 W Searchables: No global search activity found
02-24 18:05:51.424  2281  2399 I InputReader: Reconfiguring input devices.  changes=0x00000010
02-24 18:05:51.425  2281  2399 I InputReader: Reconfiguring input devices.  changes=0x00000010
02-24 18:05:51.425  2281  2311 W Searchables: No global search activity found
02-24 18:05:51.429  2281  2311 W VoiceInteractionManagerService: no available voice recognition services found for user 0
02-24 18:05:51.431   566   566 E SELinux : avc:  denied  { find } for interface=vendor.qti.hardware.servicetracker::IServicetracker sid=u:r:system_server:s0 pid=2281 scontext=u:r:system_server:s0 tcontext=u:object_r:default_android_hwservice:s0 tclass=hwservice_manager permissive=0
02-24 18:05:51.623  6455  6455 D AndroidRuntime: >>>>>> START com.android.internal.os.RuntimeInit uid 2000 <<<<<<
02-24 18:05:51.625  6455  6455 E libc    : Access denied finding property "persist.device_config.runtime_native_boot.enable_apex_image"
02-24 18:05:51.626  6455  6455 I AndroidRuntime: Using default boot image
02-24 18:05:51.626  6455  6455 E libc    : Access denied finding property "persist.device_config.runtime_native_boot.disable_lock_profiling"
02-24 18:05:51.626  6455  6455 I AndroidRuntime: Leaving lock profiling enabled
02-24 18:05:51.613  6455  6455 W app_process: type=1400 audit(0.0:61): avc: denied { read } for name="u:object_r:device_config_runtime_native_boot_prop:s0" dev="tmpfs" ino=16137 scontext=u:r:shell:s0 tcontext=u:object_r:device_config_runtime_native_boot_prop:s0 tclass=file permissive=0
02-24 18:05:51.626  6455  6455 E libc    : Access denied finding property "persist.device_config.runtime_native_boot.enable_generational_cc"
02-24 18:05:51.613  6455  6455 W app_process: type=1400 audit(0.0:62): avc: denied { read } for name="u:object_r:device_config_runtime_native_boot_prop:s0" dev="tmpfs" ino=16137 scontext=u:r:shell:s0 tcontext=u:object_r:device_config_runtime_native_boot_prop:s0 tclass=file permissive=0
02-24 18:05:51.613  6455  6455 W app_process: type=1400 audit(0.0:63): avc: denied { read } for name="u:object_r:device_config_runtime_native_boot_prop:s0" dev="tmpfs" ino=16137 scontext=u:r:shell:s0 tcontext=u:object_r:device_config_runtime_native_boot_prop:s0 tclass=file permissive=0
02-24 18:05:51.628  6455  6455 I app_process: Core platform API reporting enabled, enforcing=false
02-24 18:05:51.687  6455  6455 D ICU     : Time zone APEX file found: /apex/com.android.tzdata/etc/icu/icu_tzdata.dat
02-24 18:05:51.698  6455  6455 I app_process: The ClassLoaderContext is a special shared library.
02-24 18:05:51.708  6455  6455 W app_process: JNI RegisterNativeMethods: attempt to register 0 native methods for android.media.AudioAttributes
02-24 18:05:51.714  6455  6455 D AndroidRuntime: Calling main entry com.android.commands.content.Content
02-24 18:05:51.724  6455  6455 D AndroidRuntime: Shutting down VM
02-24 18:05:52.023  2155  2188 V /vendor/bin/cdsprpcd: vendor/qcom/proprietary/commonsys-intf/adsprpc/src/sysmon_cdsp_imp.c:45: Got L3 frequency request from CDSP for 576000KHz
02-24 18:05:52.069  6479  6479 D AndroidRuntime: >>>>>> START com.android.internal.os.RuntimeInit uid 2000 <<<<<<
02-24 18:05:52.072  6479  6479 E libc    : Access denied finding property "persist.device_config.runtime_native_boot.enable_apex_image"
02-24 18:05:52.063  6479  6479 W app_process: type=1400 audit(0.0:64): avc: denied { read } for name="u:object_r:device_config_runtime_native_boot_prop:s0" dev="tmpfs" ino=16137 scontext=u:r:shell:s0 tcontext=u:object_r:device_config_runtime_native_boot_prop:s0 tclass=file permissive=0
02-24 18:05:52.072  6479  6479 I AndroidRuntime: Using default boot image
02-24 18:05:52.072  6479  6479 E libc    : Access denied finding property "persist.device_config.runtime_native_boot.disable_lock_profiling"
02-24 18:05:52.063  6479  6479 W app_process: type=1400 audit(0.0:65): avc: denied { read } for name="u:object_r:device_config_runtime_native_boot_prop:s0" dev="tmpfs" ino=16137 scontext=u:r:shell:s0 tcontext=u:object_r:device_config_runtime_native_boot_prop:s0 tclass=file permissive=0
02-24 18:05:52.072  6479  6479 I AndroidRuntime: Leaving lock profiling enabled
02-24 18:05:52.072  6479  6479 E libc    : Access denied finding property "persist.device_config.runtime_native_boot.enable_generational_cc"
02-24 18:05:52.063  6479  6479 W app_process: type=1400 audit(0.0:66): avc: denied { read } for name="u:object_r:device_config_runtime_native_boot_prop:s0" dev="tmpfs" ino=16137 scontext=u:r:shell:s0 tcontext=u:object_r:device_config_runtime_native_boot_prop:s0 tclass=file permissive=0
02-24 18:05:52.074  6479  6479 I app_process: Core platform API reporting enabled, enforcing=false
02-24 18:05:52.134  6479  6479 D ICU     : Time zone APEX file found: /apex/com.android.tzdata/etc/icu/icu_tzdata.dat
02-24 18:05:52.144  6479  6479 I app_process: The ClassLoaderContext is a special shared library.
02-24 18:05:52.156  6479  6479 W app_process: JNI RegisterNativeMethods: attempt to register 0 native methods for android.media.AudioAttributes
02-24 18:05:52.162  6479  6479 D AndroidRuntime: Calling main entry com.android.commands.am.Am
02-24 18:05:52.165  2281  4217 I ActivityManager: Force stopping com.logitech.integration.test appid=10062 user=0: start instr
02-24 18:05:52.186  2046  2046 D Zygote  : Forked child process 6493
02-24 18:05:52.188  2281  2313 I ActivityManager: Start proc 6493:com.logitech.integration.test/u0a62 for added application com.logitech.integration.test
02-24 18:05:52.191  6493  6493 I ntegration.tes: Late-enabling -Xcheck:jni
02-24 18:05:52.206  6493  6493 E ntegration.tes: Unknown bits set in runtime_flags: 0x8000
02-24 18:05:52.215  2281  4217 D CompatibilityInfo: mCompatibilityFlags - 4
02-24 18:05:52.215  2281  4217 D CompatibilityInfo: applicationDensity - 240
02-24 18:05:52.215  2281  4217 D CompatibilityInfo: applicationScale - 1.0
02-24 18:05:52.225  6493  6493 W ActivityThread: Package uses different ABI(s) than its instrumentation: package[com.logitech.integration.test]: arm64-v8a, null instrumentation[com.logitech.integration.test.test]: null, null
02-24 18:05:52.230  6493  6493 I ntegration.tes: The ClassLoaderContext is a special shared library.
02-24 18:05:52.236  6493  6493 I chatty  : uid=10062(u0_a62) com.logitech.integration.test identical 1 line
02-24 18:05:52.238  6493  6493 I ntegration.tes: The ClassLoaderContext is a special shared library.
02-24 18:05:52.978  2155  2188 V /vendor/bin/cdsprpcd: vendor/qcom/proprietary/commonsys-intf/adsprpc/src/sysmon_cdsp_imp.c:45: Got L3 frequency request from CDSP for 0KHz
02-24 18:05:53.009   777   777 D LogiHALPtz-hal: LogiHALPtz writeFile() cmd=R_CMD:PT:F1:06
02-24 18:05:53.009   777   777 D LogiHALPtz-hal: , len=15
02-24 18:05:53.010   777   777 D LogiHALPtz-hal: LogiHALPtz readFile() data=000000000200
02-24 18:05:53.010   777   777 D LogiHALPtz-hal: , len=21
02-24 18:05:53.010   777   777 D LogiHALPtz-hal: dumpDiagnosticInfo() STM error code=000000000200
02-24 18:05:53.010   777   777 E LogiHALPtz-hal: dumpDiagnosticInfo() STM error code=512
02-24 18:05:53.010   777   777 D LogiHALPtz-hal: LogiHALPtz writeFile() cmd=R_CMD:ZF:F1:06
02-24 18:05:53.010   777   777 D LogiHALPtz-hal: , len=15
02-24 18:05:53.011   777   777 D LogiHALPtz-hal: LogiHALPtz readFile() data=000000000200
02-24 18:05:53.011   777   777 D LogiHALPtz-hal: , len=21
02-24 18:05:53.011   777   777 D LogiHALPtz-hal: dumpDiagnosticInfo() STM error code=000000000200
02-24 18:05:53.011   777   777 E LogiHALPtz-hal: dumpDiagnosticInfo() STM error code=512
02-24 18:05:53.011  3135  3176 I chatty  : uid=1000(system) Binder:3135_3 expire 91 lines
02-24 18:05:53.012   777   777 I chatty  : uid=1000(system) LogiHALPtz@1.0- expire 54 lines
02-24 18:05:53.014  6493  6493 I Perf    : Connecting to perf service.
02-24 18:05:53.016  4669  5093 V KongCV  : Navigation Got persons: [] Mainstream resolution: (1920x1080) at: (-0.94, -0.18, 1x)	[KongController.cpp:1130 func:InvokeNavigation]
02-24 18:05:53.016  4669  5093 V KongCV  : State:  Regular : no persons detected	[SceneVisibilityAnalyzer.cpp:348 func:EvaluateSceneVisibilityState]
02-24 18:05:53.016  4669  5093 V KongCV  : No persons around	[CropEstimator.cpp:91 func:EstimatePtz]
02-24 18:05:53.016  4669  5093 V KongCV  : Adaptive threshold kicked in:	[SacaCropEstimator.cpp:83 func:AdaptiveThresholdsAllowMovement]
02-24 18:05:53.016  4669  5093 V KongCV  : ----Adaptive regularization: 1	[SacaCropEstimator.cpp:84 func:AdaptiveThresholdsAllowMovement]
02-24 18:05:53.016  4669  5093 V KongCV  : ----Adaptive thresholds: (3, 3, 0.3x) for zoom: 1	[SacaCropEstimator.cpp:85 func:AdaptiveThresholdsAllowMovement]
02-24 18:05:53.016  4669  5093 V KongCV  : ----Cur PTZ: (-0.94, -0.18, 1x) Proposed PTZ: (0, 0, 1x)	[SacaCropEstimator.cpp:86 func:AdaptiveThresholdsAllowMovement]
02-24 18:05:53.016  4669  5093 V KongCV  : ----PTZ Diff: (-0.94, -0.18, 0x)	[SacaCropEstimator.cpp:87 func:AdaptiveThresholdsAllowMovement]
02-24 18:05:53.016  4669  5093 V KongCV  : RACER Left/Right    : -0.100000 <-> -0.100000 OUT: -0.100000 <-> -0.100000	[AngularRacers.cpp:257 func:_accumulateScores]
02-24 18:05:53.016  4669  5093 V KongCV  : RACER Top/Bottom    : -0.100000 <-> -0.100000 OUT: -0.100000 <-> -0.100000	[AngularRacers.cpp:258 func:_accumulateScores]
02-24 18:05:53.016  4669  5093 V KongCV  : RACER Empty/ZoomIn  : 0.800000 <-> -0.100000	[AngularRacers.cpp:259 func:_accumulateScores]
02-24 18:05:53.016  4669  5093 V KongCV  : RACER Horz/Vert disb: -0.100000 <-> -0.100000	[AngularRacers.cpp:260 func:_accumulateScores]
02-24 18:05:53.020  6493  6493 I ntegration.tes: The ClassLoaderContext is a special shared library.
02-24 18:05:53.021  6493  6493 I ntegration.tes: The ClassLoaderContext is a special shared library.
02-24 18:05:53.787  6493  6493 W ntegration.tes: Accessing hidden method Landroid/app/Instrumentation;->execStartActivity(Landroid/content/Context;Landroid/os/IBinder;Landroid/os/IBinder;Landroid/app/Activity;Landroid/content/Intent;ILandroid/os/Bundle;)Landroid/app/Instrumentation$ActivityResult; (greylist, linking, allowed)
02-24 18:05:53.787  6493  6493 W ntegration.tes: Accessing hidden method Landroid/app/Instrumentation;->execStartActivity(Landroid/content/Context;Landroid/os/IBinder;Landroid/os/IBinder;Ljava/lang/String;Landroid/content/Intent;ILandroid/os/Bundle;)Landroid/app/Instrumentation$ActivityResult; (greylist, linking, allowed)
02-24 18:05:53.791  6493  6493 I MonitoringInstr: Instrumentation started!
02-24 18:05:53.800  6493  6493 I MonitoringInstr: No JSBridge.
02-24 18:05:53.806  6493  6524 D InfraTrack: Tracking disabled due to lack of internet permissions
02-24 18:05:53.806  6493  6524 I UsageTrackerFacilitator: Usage tracking disabled
02-24 18:05:53.808  6493  6524 I TestRequestBuilder: Scanning classpath to find tests in paths [/data/app/com.logitech.integration.test.test-88s3GFz82A2VmvmMcTzPOA==/base.apk]
02-24 18:05:53.809  6493  6524 W ntegration.tes: Opening an oat file without a class loader. Are you using the deprecated DexFile APIs?
02-24 18:05:54.102  6493  6524 D TestExecutor: Adding listener androidx.test.internal.runner.listener.LogRunListener
02-24 18:05:54.102  6493  6524 D TestExecutor: Adding listener androidx.test.internal.runner.listener.InstrumentationResultPrinter
02-24 18:05:54.102  6493  6524 D TestExecutor: Adding listener androidx.test.internal.runner.listener.ActivityFinisherRunListener
02-24 18:05:54.102  6493  6524 D TestExecutor: Adding listener androidx.test.internal.runner.listener.CoverageListener
02-24 18:05:54.103  6493  6524 I TestRunner: run started: 1 tests
02-24 18:05:54.111  6493  6524 W ntegration.tes: Accessing hidden method Landroid/app/AppGlobals;->getInitialApplication()Landroid/app/Application; (greylist, reflection, allowed)
02-24 18:05:54.200  6493  6524 W ntegration.tes: DexFile /data/user/0/com.logitech.integration.test/cache/mockk-boot8569379720534889737.jar is in boot class path but is not in a known location
02-24 18:05:54.246  6493  6524 W ntegration.tes: Accessing hidden method Lsun/misc/Unsafe;->allocateInstance(Ljava/lang/Class;)Ljava/lang/Object; (greylist, linking, allowed)
02-24 18:05:54.246  6493  6524 W ntegration.tes: Accessing hidden field Lsun/misc/Unsafe;->theUnsafe:Lsun/misc/Unsafe; (greylist, reflection, allowed)
02-24 18:05:54.267  6493  6524 I TestRunner: started: cameraPanAbsoluteTest[0](com.logitech.integration.test.camera.CameraPtzTestBlueShell)
02-24 18:05:54.276  6493  6524 W System.err: java.io.FileNotFoundException: /jacoco.exec: open failed: EROFS (Read-only file system)
02-24 18:05:54.276  6493  6524 W System.err: 	at libcore.io.IoBridge.open(IoBridge.java:496)
02-24 18:05:54.276  6493  6524 W System.err: 	at java.io.FileOutputStream.<init>(FileOutputStream.java:235)
02-24 18:05:54.276  6493  6524 W System.err: 	at org.jacoco.agent.rt.internal_8ff85ea.output.FileOutput.openFile(FileOutput.java:67)
02-24 18:05:54.276  6493  6524 W System.err: 	at org.jacoco.agent.rt.internal_8ff85ea.output.FileOutput.startup(FileOutput.java:49)
02-24 18:05:54.276  6493  6524 W System.err: 	at org.jacoco.agent.rt.internal_8ff85ea.Agent.startup(Agent.java:122)
02-24 18:05:54.276  6493  6524 W System.err: 	at org.jacoco.agent.rt.internal_8ff85ea.Agent.getInstance(Agent.java:50)
02-24 18:05:54.276  6493  6524 W System.err: 	at org.jacoco.agent.rt.internal_8ff85ea.Offline.<clinit>(Offline.java:31)
02-24 18:05:54.276  6493  6524 W System.err: 	at org.jacoco.agent.rt.internal_8ff85ea.Offline.getProbes(Offline.java:51)
02-24 18:05:54.276  6493  6524 W System.err: 	at com.logitech.integration.test.camera.model.CameraSettings.$jacocoInit(Unknown Source:13)
02-24 18:05:54.276  6493  6524 W System.err: 	at com.logitech.integration.test.camera.model.CameraSettings.<clinit>(Unknown Source:0)
02-24 18:05:54.276  6493  6524 W System.err: 	at com.logitech.integration.test.camera.CameraPtzTestBlueShell.paramToCameraSettting(CameraPtzTestBlueShell.kt:72)
02-24 18:05:54.277  6493  6524 W System.err: 	at com.logitech.integration.test.camera.CameraPtzTestBlueShell.cameraPanAbsoluteTest(CameraPtzTestBlueShell.kt:79)
02-24 18:05:54.277  6493  6524 W System.err: 	at java.lang.reflect.Method.invoke(Native Method)
02-24 18:05:54.277  6493  6524 W System.err: 	at org.junit.runners.model.FrameworkMethod$1.runReflectiveCall(FrameworkMethod.java:50)
02-24 18:05:54.277  6493  6524 W System.err: 	at org.junit.internal.runners.model.ReflectiveCallable.run(ReflectiveCallable.java:12)
02-24 18:05:54.277  6493  6524 W System.err: 	at org.junit.runners.model.FrameworkMethod.invokeExplosively(FrameworkMethod.java:47)
02-24 18:05:54.277  6493  6524 W System.err: 	at org.junit.internal.runners.statements.InvokeMethod.evaluate(InvokeMethod.java:17)
02-24 18:05:54.277  6493  6524 W System.err: 	at org.junit.internal.runners.statements.RunAfters.evaluate(RunAfters.java:27)
02-24 18:05:54.277  6493  6524 W System.err: 	at com.logitech.integration.test.common.rules.CameraActivityBlueShellRule$apply$1.evaluate(CameraActivityBlueShellRule.kt:150)
02-24 18:05:54.277  6493  6524 W System.err: 	at org.junit.rules.RunRules.evaluate(RunRules.java:20)
02-24 18:05:54.277  6493  6524 W System.err: 	at org.junit.runners.ParentRunner.runLeaf(ParentRunner.java:325)
02-24 18:05:54.277  6493  6524 W System.err: 	at org.junit.runners.BlockJUnit4ClassRunner.runChild(BlockJUnit4ClassRunner.java:78)
02-24 18:05:54.277  6493  6524 W System.err: 	at org.junit.runners.BlockJUnit4ClassRunner.runChild(BlockJUnit4ClassRunner.java:57)
02-24 18:05:54.277  6493  6524 W System.err: 	at org.junit.runners.ParentRunner$3.run(ParentRunner.java:290)
02-24 18:05:54.277  6493  6524 W System.err: 	at org.junit.runners.ParentRunner$1.schedule(ParentRunner.java:71)
02-24 18:05:54.277  6493  6524 W System.err: 	at org.junit.runners.ParentRunner.runChildren(ParentRunner.java:288)
02-24 18:05:54.277  6493  6524 W System.err: 	at org.junit.runners.ParentRunner.access$000(ParentRunner.java:58)
02-24 18:05:54.277  6493  6524 W System.err: 	at org.junit.runners.ParentRunner$2.evaluate(ParentRunner.java:268)
02-24 18:05:54.277  6493  6524 W System.err: 	at org.junit.runners.ParentRunner.run(ParentRunner.java:363)
02-24 18:05:54.277  6493  6524 W System.err: 	at org.junit.runners.Suite.runChild(Suite.java:128)
02-24 18:05:54.277  6493  6524 W System.err: 	at org.junit.runners.Suite.runChild(Suite.java:27)
02-24 18:05:54.277  6493  6524 W System.err: 	at org.junit.runners.ParentRunner$3.run(ParentRunner.java:290)
02-24 18:05:54.277  6493  6524 W System.err: 	at org.junit.runners.ParentRunner$1.schedule(ParentRunner.java:71)
02-24 18:05:54.277  6493  6524 W System.err: 	at org.junit.runners.ParentRunner.runChildren(ParentRunner.java:288)
02-24 18:05:54.277  6493  6524 W System.err: 	at org.junit.runners.ParentRunner.access$000(ParentRunner.java:58)
02-24 18:05:54.277  6493  6524 W System.err: 	at org.junit.runners.ParentRunner$2.evaluate(ParentRunner.java:268)
02-24 18:05:54.277  6493  6524 W System.err: 	at org.junit.runners.ParentRunner.run(ParentRunner.java:363)
02-24 18:05:54.277  6493  6524 W System.err: 	at org.junit.runners.Suite.runChild(Suite.java:128)
02-24 18:05:54.277  6493  6524 W System.err: 	at org.junit.runners.Suite.runChild(Suite.java:27)
02-24 18:05:54.277  6493  6524 W System.err: 	at org.junit.runners.ParentRunner$3.run(ParentRunner.java:290)
02-24 18:05:54.277  6493  6524 W System.err: 	at org.junit.runners.ParentRunner$1.schedule(ParentRunner.java:71)
02-24 18:05:54.277  6493  6524 W System.err: 	at org.junit.runners.ParentRunner.runChildren(ParentRunner.java:288)
02-24 18:05:54.277  6493  6524 W System.err: 	at org.junit.runners.ParentRunner.access$000(ParentRunner.java:58)
02-24 18:05:54.277  6493  6524 W System.err: 	at org.junit.runners.ParentRunner$2.evaluate(ParentRunner.java:268)
02-24 18:05:54.277  6493  6524 W System.err: 	at org.junit.runners.ParentRunner.run(ParentRunner.java:363)
02-24 18:05:54.277  6493  6524 W System.err: 	at org.junit.runner.JUnitCore.run(JUnitCore.java:137)
02-24 18:05:54.277  6493  6524 W System.err: 	at org.junit.runner.JUnitCore.run(JUnitCore.java:115)
02-24 18:05:54.277  6493  6524 W System.err: 	at androidx.test.internal.runner.TestExecutor.execute(TestExecutor.java:56)
02-24 18:05:54.277  6493  6524 W System.err: 	at androidx.test.runner.AndroidJUnitRunner.onStart(AndroidJUnitRunner.java:395)
02-24 18:05:54.277  6493  6524 W System.err: 	at android.app.Instrumentation$InstrumentationThread.run(Instrumentation.java:2202)
02-24 18:05:54.277  6493  6524 W System.err: Caused by: android.system.ErrnoException: open failed: EROFS (Read-only file system)
02-24 18:05:54.277  6493  6524 W System.err: 	at libcore.io.Linux.open(Native Method)
02-24 18:05:54.277  6493  6524 W System.err: 	at libcore.io.ForwardingOs.open(ForwardingOs.java:167)
02-24 18:05:54.277  6493  6524 W System.err: 	at libcore.io.BlockGuardOs.open(BlockGuardOs.java:252)
02-24 18:05:54.278  6493  6524 W System.err: 	at libcore.io.ForwardingOs.open(ForwardingOs.java:167)
02-24 18:05:54.278  6493  6524 W System.err: 	at android.app.ActivityThread$AndroidOs.open(ActivityThread.java:7296)
02-24 18:05:54.278  6493  6524 W System.err: 	at libcore.io.IoBridge.open(IoBridge.java:482)
02-24 18:05:54.278  6493  6524 W System.err: 	... 49 more
02-24 18:05:54.284  6493  6524 W Settings: Setting always_finish_activities has moved from android.provider.Settings.System to android.provider.Settings.Global, returning read-only value.
02-24 18:05:54.292  2281  4022 I ActivityTaskManager: START u0 {act=android.intent.action.MAIN cat=[android.intent.category.LAUNCHER] flg=0x10008000 cmp=com.logitech.integration.test.test/androidx.test.core.app.InstrumentationActivityInvoker$BootstrapActivity (has extras)} from uid 10062
02-24 18:05:54.295  2281  4022 E ANDR-PERF-JNI: com_qualcomm_qtiperformance_native_perf_io_prefetch_start
02-24 18:05:54.299  2281  4022 D CompatibilityInfo: mCompatibilityFlags - 4
02-24 18:05:54.299  2281  4022 D CompatibilityInfo: applicationDensity - 240
02-24 18:05:54.299  2281  4022 D CompatibilityInfo: applicationScale - 1.0
02-24 18:05:54.299  2281  4022 D ActivityTrigger: ActivityTrigger activityPauseTrigger 
02-24 18:05:54.303   786   818 E ANDR-IOP: io prefetch is disabled
02-24 18:05:54.303  2281  2306 E system_server: Invalid ID 0x00000000.
02-24 18:05:54.325  2046  2046 D Zygote  : Forked child process 6530
02-24 18:05:54.326  2281  2313 I ActivityManager: Start proc 6530:com.logitech.integration.test.test/u0a63 for activity {com.logitech.integration.test.test/androidx.test.core.app.InstrumentationActivityInvoker$BootstrapActivity}
02-24 18:05:54.328  6530  6530 I ation.test.tes: Late-enabling -Xcheck:jni
02-24 18:05:54.343  6530  6530 E ation.test.tes: Unknown bits set in runtime_flags: 0x8000
02-24 18:05:54.352  2281  4217 D CompatibilityInfo: mCompatibilityFlags - 4
02-24 18:05:54.352  2281  4217 D CompatibilityInfo: applicationDensity - 240
02-24 18:05:54.352  2281  4217 D CompatibilityInfo: applicationScale - 1.0
02-24 18:05:54.354  2281  4217 D CompatibilityInfo: mCompatibilityFlags - 4
02-24 18:05:54.354  2281  4217 D CompatibilityInfo: applicationDensity - 240
02-24 18:05:54.354  2281  4217 D CompatibilityInfo: applicationScale - 1.0
02-24 18:05:54.360   849   930 D PermissionCache: checking android.permission.READ_FRAME_BUFFER for uid=1000 => granted (640 us)
02-24 18:05:54.366  6530  6530 I ation.test.tes: The ClassLoaderContext is a special shared library.
02-24 18:05:54.368  6530  6530 I ation.test.tes: The ClassLoaderContext is a special shared library.
02-24 18:05:54.453  6530  6530 I Perf    : Connecting to perf service.
02-24 18:05:54.487  2281  4022 I ActivityTaskManager: START u0 {cmp=com.logitech.integration.test/.MainActivity (has extras)} from uid 10062
02-24 18:05:54.491  2281  4022 D CompatibilityInfo: mCompatibilityFlags - 4
02-24 18:05:54.491  2281  4022 D CompatibilityInfo: applicationDensity - 240
02-24 18:05:54.491  2281  4022 D CompatibilityInfo: applicationScale - 1.0
02-24 18:05:54.491  2281  4022 D ActivityTrigger: ActivityTrigger activityPauseTrigger 
02-24 18:05:54.494  2281  2827 I ActivityTaskManager: The Process com.logitech.integration.test Already Exists in BG. So sending its PID: 6493
02-24 18:05:54.495  2281  2827 D CompatibilityInfo: mCompatibilityFlags - 4
02-24 18:05:54.495  2281  2827 D CompatibilityInfo: applicationDensity - 240
02-24 18:05:54.496  2281  2827 D CompatibilityInfo: applicationScale - 1.0
02-24 18:05:54.496  6493  6493 W ActivityThread: handleWindowVisibility: no activity for token android.os.BinderProxy@2a88b4
02-24 18:05:54.498  2281  2827 D ActivityTrigger: ActivityTrigger activityStopTrigger 
02-24 18:05:54.538  6493  6493 D LifecycleMonitor: Lifecycle status change: com.logitech.integration.test.MainActivity@f417c20 in: PRE_ON_CREATE
02-24 18:05:54.538  6493  6493 D LifecycleMonitor: running callback: androidx.test.core.app.ActivityScenario$1@373c9d9
02-24 18:05:54.538  6493  6493 V ActivityScenario: Activity lifecycle changed event received but ignored because the reported transition was not ON_CREATE while the last known transition was PRE_ON_CREATE
02-24 18:05:54.538  6493  6493 D LifecycleMonitor: callback completes: androidx.test.core.app.ActivityScenario$1@373c9d9
02-24 18:05:54.589  6493  6493 W ntegration.tes: Accessing hidden method Landroid/view/View;->computeFitSystemWindows(Landroid/graphics/Rect;Landroid/graphics/Rect;)Z (greylist, reflection, allowed)
02-24 18:05:54.590  6493  6493 W ntegration.tes: Accessing hidden method Landroid/view/ViewGroup;->makeOptionalFitsSystemWindows()V (greylist, reflection, allowed)
02-24 18:05:54.623  6493  6493 D LifecycleMonitor: Lifecycle status change: com.logitech.integration.test.MainActivity@f417c20 in: CREATED
02-24 18:05:54.623  6493  6493 D LifecycleMonitor: running callback: androidx.test.core.app.ActivityScenario$1@373c9d9
02-24 18:05:54.623  6493  6493 V ActivityScenario: Update currentActivityStage to CREATED, currentActivity=com.logitech.integration.test.MainActivity@f417c20
02-24 18:05:54.623  6493  6493 D LifecycleMonitor: callback completes: androidx.test.core.app.ActivityScenario$1@373c9d9
02-24 18:05:54.666  6493  6493 D LifecycleMonitor: Lifecycle status change: com.logitech.integration.test.MainActivity@f417c20 in: STARTED
02-24 18:05:54.666  6493  6493 D LifecycleMonitor: running callback: androidx.test.core.app.ActivityScenario$1@373c9d9
02-24 18:05:54.666  6493  6493 V ActivityScenario: Update currentActivityStage to STARTED, currentActivity=com.logitech.integration.test.MainActivity@f417c20
02-24 18:05:54.666  6493  6493 D LifecycleMonitor: callback completes: androidx.test.core.app.ActivityScenario$1@373c9d9
02-24 18:05:54.668  6493  6493 D LifecycleMonitor: Lifecycle status change: com.logitech.integration.test.MainActivity@f417c20 in: RESUMED
02-24 18:05:54.668  6493  6493 D LifecycleMonitor: running callback: androidx.test.core.app.ActivityScenario$1@373c9d9
02-24 18:05:54.668  6493  6493 V ActivityScenario: Update currentActivityStage to RESUMED, currentActivity=com.logitech.integration.test.MainActivity@f417c20
02-24 18:05:54.668  6493  6493 D LifecycleMonitor: callback completes: androidx.test.core.app.ActivityScenario$1@373c9d9
02-24 18:05:54.707  6493  6567 I AdrenoGLES: QUALCOMM build                   : d9f09d1, I5a722204f1
02-24 18:05:54.707  6493  6567 I AdrenoGLES: Build Date                       : 03/18/20
02-24 18:05:54.707  6493  6567 I AdrenoGLES: OpenGL ES Shader Compiler Version: EV031.27.05.06
02-24 18:05:54.707  6493  6567 I AdrenoGLES: Local Branch                     : mybranchea694c7e-2423-f173-bf17-1458d0b52af0
02-24 18:05:54.707  6493  6567 I AdrenoGLES: Remote Branch                    : quic/gfx-adreno.lnx.1.0.r72-rel
02-24 18:05:54.707  6493  6567 I AdrenoGLES: Remote Branch                    : NONE
02-24 18:05:54.707  6493  6567 I AdrenoGLES: Reconstruct Branch               : NOTHING
02-24 18:05:54.707  6493  6567 I AdrenoGLES: Build Config                     : S P 8.0.12 AArch64
02-24 18:05:54.709  6493  6567 I AdrenoGLES: PFP: 0x016ee187, ME: 0x00000000
02-24 18:05:54.722   566   566 I hwservicemanager: getTransport: Cannot find entry android.hardware.graphics.mapper@3.0::IMapper/default in either framework or device manifest.
02-24 18:05:54.722  6493  6567 W Gralloc3: mapper 3.x is not supported
02-24 18:05:54.765  2281  2311 I ActivityTaskManager: Displayed com.logitech.integration.test/.MainActivity: +472ms
02-24 18:05:54.793  2281  4022 D ActivityTrigger: ActivityTrigger activityStopTrigger 
02-24 18:05:54.797  3326  3382 D Logi_CfgS: Called: unbindMode args: unbindMode=[com.logitech.service.config.ConfigService$ConfigServiceImplementation@c247daf]
02-24 18:05:54.797  3357  3420 D Logi_RemoteS: Called: unbindMode
02-24 18:05:54.801  3326  3471 D Logi_CfgS_DeviceInfoManager: newDeviceInstance Device{selfDescriptor=Component{uid='44:73:D6:50:A0:6D', pid='0x899', name='Rally Bar', status=IDLE_AVAILABLE, updateStatus=UP_TO_DATE, firmwareVersion='10.3.82', properties={sw_version_android=98.200.20, wiFiEnabled=false, hw_version_stm_zf=16.0.0, hdmiOutNumber=0, bluetoothEnabled=true, wiFiTimestamp=1614189856734, sw_version_application=, remote_mode=ptz, osv=98.200.20, hw_version_audio=5, deviceMode=DEVICE, model=VR0019, make=Logitech, build_type=userdebug, hw_version_tap_mcu=null, deviceForceMode=AUTO, ram=5.0, proc=arm64-v8a, os=Logi CollabOS, sw_version_stm_pt=1.0.68, last_update_state=Idle, sw_version_stm_hk=1.1.74, ip=fe80::8872:60ff:fe14:bd73, audio_is_muted=false, bleMac=44:73:D6:50:A0:6B, collabOsVersion=1.1.370, hw_version_android=qcom.4.1, serial=2049FH100642, sw_version_tap_mcu=null, bluetoothTs=1614189856728, sw_version_audio=1.0.494, sw_version_stm_zf=1.0.77, hw_version_application=, hw_version_stm_hk=170.170.48059, hw_version_stm_pt=16.0.0, hdmiInNumber=0}, functions=[]}, deviceUpdateContext=IDLE, aicvStatus=DeviceAICVStatus{mode=DYNAMIC, timestamp=1614189856696}, updateSchedule=null, peripheralsMap={}, type='HOSTED_KONG', displays='[]', networks='[DeviceNetwork{deviceIpV4Info=DeviceIpInfo{address='192.168.0.100', subnetMask='null', gateway='192.168.0.1', dns1='183.82.243.66', dns2='49.205.72.130', type=DHCP}deviceIpInfo=DeviceIpInfo{address='fe80::824a:b268:5de:5aca', subnetMask='null', gateway='null', dns1='null', dns2='null', type=DHCP}deviceNetworkProxy=DeviceNetworkProxy{mode='NONE', server='null', port=null}deviceNetworkProperties=DeviceNetworkProperties{ssid='null', security='null', signal=null, frequency='null', errorCode='null', status=CONNECTED, isActive=true, lastChangesTimestamp=1614189856746}, type=ETHERNET}, DeviceNetwork{deviceIpV4Info=DeviceIpInfo{address='null', subnetMask='null', gateway='null', dns1='null', dns2='null', type=DHCP}deviceIpInfo=DeviceIpInfo{address='null', subnetMask='null', gateway='null', dns1='null', dns2='null', type=DHCP}deviceNetworkProxy=DeviceNetworkProxy{mode='NONE', server='null', port=null}deviceNetworkProperties=DeviceNetworkProperties{ssid='null', security='null', signal=null, frequency='null', errorCode='null', status=DISABLED, isActive=false, lastChangesTimestamp=1614189856744}, type=WIFI}]', updateJobDescriptionMap='{}'}
02-24 18:05:54.802  4161  4193 E Logi_DvcObj: UnParcelling device model. Lib version current: 7.42.55:2 incoming: 7.42.56:2
02-24 18:05:54.802  4161  4193 D ZoomVendorAppService: Firmware version is  1.1.370
02-24 18:05:54.802  5563  5582 D ConfigRepo: IDeviceListener. Device received.
02-24 18:05:54.802  4776  4798 E Logi_DvcObj: UnParcelling device model. Lib version current: 7.42.55:2 incoming: 7.42.56:2
02-24 18:05:54.803  4776  4798 D CrashAnalytics: DeviceMode change
02-24 18:05:54.803  4776  4865 D CrashAnalytics: DEVICE MODE CHANGED, setDeviceMode: HOSTED_KONG
02-24 18:05:54.803  4140  4187 D Logi_SyAgUsbModeCommunicatorImpl: handleDeviceMode: HOSTED_KONG
02-24 18:05:54.803  4776  4865 D CrashAnalytics: Device Status Changed, set deviceStatus:IDLE_AVAILABLE
02-24 18:05:54.803  4140  5678 D Logi_JFraDistrHelp: Device received.
02-24 18:05:54.805  4140  5678 D Logi_SyAgFrameworkDistributor: onEnvelope EnvelopeHeader(subject=2, senderUuid=81223687-f489-476c-8f10-39ac7f7c274d, messageUuid=e457cbca-e8c0-4962-9aa1-deddc349d2a7, timestamp=1614189954805)
02-24 18:05:54.807  4140  4279 I System.out: Logi_SyAgSyncPortalHttpDistributor is NOT subscribed to 2
02-24 18:05:54.808  4140  4286 D Logi_SyAgSyncPortalMqttDistributor: Attempting to send message (2) to cloud. Topic: null, message type: 2, messageId: e457cbca-e8c0-4962-9aa1-deddc349d2a7
02-24 18:05:54.808  4140  4286 D Logi_SyAgSyncPortalMqttDistributor: Sending to cloud. Topic = null, message type: 2, messageId: e457cbca-e8c0-4962-9aa1-deddc349d2a7
02-24 18:05:54.808  6493  6524 D EventInjectionStrategy: Creating injection strategy with input manager.
02-24 18:05:54.809  6493  6524 W ntegration.tes: Accessing hidden method Landroid/hardware/input/InputManager;->getInstance()Landroid/hardware/input/InputManager; (greylist, reflection, allowed)
02-24 18:05:54.809  6493  6524 W ntegration.tes: Accessing hidden method Landroid/hardware/input/InputManager;->injectInputEvent(Landroid/view/InputEvent;I)Z (greylist, reflection, allowed)
02-24 18:05:54.809  6493  6524 W ntegration.tes: Accessing hidden field Landroid/hardware/input/InputManager;->INJECT_INPUT_EVENT_MODE_WAIT_FOR_FINISH:I (greylist, reflection, allowed)
02-24 18:05:54.810  5563  5563 D Frogger_BaseViewModel: onDeviceReceived: new device info from configRepo.getDeviceObserver() or service.getLastKnownDevice()
02-24 18:05:54.819  6493  6524 W ntegration.tes: Accessing hidden method Landroid/view/ViewConfiguration;->getDoubleTapMinTime()I (greylist, reflection, allowed)
02-24 18:05:54.823  6493  6493 D IdlingResourceRegistry: All idling resources are idle.
02-24 18:05:54.824  6493  6493 W ntegration.tes: Accessing hidden method Landroid/os/MessageQueue;->next()Landroid/os/Message; (greylist, reflection, allowed)
02-24 18:05:54.824  6493  6493 W ntegration.tes: Accessing hidden field Landroid/os/MessageQueue;->mMessages:Landroid/os/Message; (greylist, reflection, allowed)
02-24 18:05:54.824  6493  6493 W ntegration.tes: Accessing hidden method Landroid/os/Message;->recycleUnchecked()V (greylist, reflection, allowed)
02-24 18:05:54.824  6493  6493 D IdlingResourceRegistry: All idling resources are idle.
02-24 18:05:54.825  6493  6524 W ntegration.tes: Accessing hidden method Lsun/misc/Unsafe;->getUnsafe()Lsun/misc/Unsafe; (greylist,core-platform-api, linking, allowed)
02-24 18:05:54.825  6493  6524 W ntegration.tes: Accessing hidden method Lsun/misc/Unsafe;->objectFieldOffset(Ljava/lang/reflect/Field;)J (greylist,core-platform-api, linking, allowed)
