--------- beginning of system
02-24 18:04:07.986   579  2616 D vold    : Remounting 10026 as mode default
02-24 18:04:07.990   579  2616 D vold    : Found matching PID 3518
02-24 18:04:07.999   579  2616 D vold    : Remounting 10019 as mode default
02-24 18:04:08.000  2281  2569 I chatty  : uid=1000(system) ConnectivitySer expire 3 lines
02-24 18:04:08.005   579  2616 D vold    : Remounting 10014 as mode full
02-24 18:04:08.009   579  2616 D vold    : Remounting 10014 as mode full
02-24 18:04:08.012  2281  2311 I chatty  : uid=1000(system) android.bg expire 4 lines
02-24 18:04:08.014   579  2616 D vold    : Remounting 10023 as mode default
02-24 18:04:08.018   579  2616 D vold    : Remounting 10025 as mode full
02-24 18:04:08.023   579  2616 D vold    : Remounting 10036 as mode default
02-24 18:04:08.027   579  2616 D vold    : Remounting 10044 as mode default
02-24 18:04:08.032   579  2616 D vold    : Remounting 10033 as mode default
02-24 18:04:08.036   579  2616 D vold    : Remounting 10054 as mode default
02-24 18:04:08.040   579  2616 D vold    : Remounting 10011 as mode full
02-24 18:04:08.044   579  2616 D vold    : Remounting 2000 as mode full
02-24 18:04:08.047   579  2616 D vold    : Found matching PID 3775
02-24 18:04:08.047   579  2616 W vold    : Skipping due to root namespace
02-24 18:04:08.048   579  2616 D vold    : Remounting 10055 as mode default
02-24 18:04:08.051   579  2616 D vold    : Found matching PID 2649
02-24 18:04:08.059  2281  2281 I chatty  : uid=1000 system_server expire 69 lines
02-24 18:04:08.061  3135  3228 W ContextImpl: Calling a method in the system process without a qualified user: android.app.ContextImpl.bindService:1649 android.content.ContextWrapper.bindService:705 com.logitech.vc.analytics.api.RemoteAnalytics.bind:94 com.logitech.vc.analytics.api.RemoteAnalytics.waitAndBind:88 com.logitech.vc.analytics.api.RemoteAnalytics.startSending:80 
02-24 18:04:08.085  2281  2312 I chatty  : uid=1000(system) ActivityManager expire 10 lines
02-24 18:04:08.091  2281  2304 I chatty  : uid=1000(system) android.io expire 21 lines
02-24 18:04:08.092   579  2616 D vold    : Linking /storage/emulated/0 to /mnt/user/0/primary
02-24 18:04:08.096  3160  3260 W ContextImpl: Calling a method in the system process without a qualified user: android.app.ContextImpl.bindService:1649 android.content.ContextWrapper.bindService:705 com.logitech.vc.analytics.api.RemoteAnalytics.bind:94 com.logitech.vc.analytics.api.RemoteAnalytics.waitAndBind:88 com.logitech.vc.analytics.api.RemoteAnalytics.startSending:80 
02-24 18:04:08.119  2281  2313 I chatty  : uid=1000(system) ActivityManager expire 71 lines
02-24 18:04:08.136  3202  3299 W ContextImpl: Calling a method in the system process without a qualified user: android.app.ContextImpl.bindService:1649 android.content.ContextWrapper.bindService:705 com.logitech.vc.analytics.api.RemoteAnalytics.bind:94 com.logitech.vc.analytics.api.RemoteAnalytics.waitAndBind:88 com.logitech.vc.analytics.api.RemoteAnalytics.startSending:80 
02-24 18:04:08.138  3180  3310 W ContextImpl: Calling a method in the system process without a qualified user: android.app.ContextImpl.bindService:1649 android.content.ContextWrapper.bindService:705 com.logitech.vc.analytics.api.RemoteAnalytics.bind:94 com.logitech.vc.analytics.api.RemoteAnalytics.waitAndBind:88 com.logitech.vc.analytics.api.RemoteAnalytics.startSending:80 
02-24 18:04:08.151  2281  2300 I chatty  : uid=1000(system) Binder:2281_2 expire 1 line
02-24 18:04:08.160  2281  3074 I chatty  : uid=1000(system) Binder:2281_8 expire 2 lines
02-24 18:04:08.165  2281  2302 I chatty  : uid=1000(system) android.fg expire 5 lines
02-24 18:04:08.204  3249  3369 W ContextImpl: Calling a method in the system process without a qualified user: android.app.ContextImpl.bindService:1649 android.content.ContextWrapper.bindService:705 com.logitech.vc.analytics.api.RemoteAnalytics.bind:94 com.logitech.vc.analytics.api.RemoteAnalytics.waitAndBind:88 com.logitech.vc.analytics.api.RemoteAnalytics.startSending:80 
02-24 18:04:08.206  3270  3371 W ContextImpl: Calling a method in the system process without a qualified user: android.app.ContextImpl.bindService:1649 android.content.ContextWrapper.bindService:705 com.logitech.vc.analytics.api.RemoteAnalytics.bind:94 com.logitech.vc.analytics.api.RemoteAnalytics.waitAndBind:88 com.logitech.vc.analytics.api.RemoteAnalytics.startSending:80 
02-24 18:04:08.228  2281  2402 I chatty  : uid=1000(system) StorageManagerS expire 1 line
02-24 18:04:08.263  3296  3427 W ContextImpl: Calling a method in the system process without a qualified user: android.app.ContextImpl.bindService:1649 android.content.ContextWrapper.bindService:705 com.logitech.vc.analytics.api.RemoteAnalytics.bind:94 com.logitech.vc.analytics.api.RemoteAnalytics.waitAndBind:88 com.logitech.vc.analytics.api.RemoteAnalytics.startSending:80 
02-24 18:04:08.306  3326  3454 W ContextImpl: Calling a method in the system process without a qualified user: android.app.ContextImpl.bindService:1649 android.content.ContextWrapper.bindService:705 com.logitech.vc.analytics.api.RemoteAnalytics.bind:94 com.logitech.vc.analytics.api.RemoteAnalytics.waitAndBind:88 com.logitech.vc.analytics.api.RemoteAnalytics.startSending:80 
02-24 18:04:08.318  3381  3466 W ContextImpl: Calling a method in the system process without a qualified user: android.app.ContextImpl.bindService:1649 android.content.ContextWrapper.bindService:705 com.logitech.vc.analytics.api.RemoteAnalytics.bind:94 com.logitech.vc.analytics.api.RemoteAnalytics.waitAndBind:88 com.logitech.vc.analytics.api.RemoteAnalytics.startSending:80 
02-24 18:04:08.352  3357  3492 W ContextImpl: Calling a method in the system process without a qualified user: android.app.ContextImpl.bindService:1649 android.content.ContextWrapper.bindService:705 com.logitech.vc.analytics.api.RemoteAnalytics.bind:94 com.logitech.vc.analytics.api.RemoteAnalytics.waitAndBind:88 com.logitech.vc.analytics.api.RemoteAnalytics.startSending:80 
02-24 18:04:08.373  3423  3506 W ContextImpl: Calling a method in the system process without a qualified user: android.app.ContextImpl.bindService:1649 android.content.ContextWrapper.bindService:705 com.logitech.vc.analytics.api.RemoteAnalytics.bind:94 com.logitech.vc.analytics.api.RemoteAnalytics.waitAndBind:88 com.logitech.vc.analytics.api.RemoteAnalytics.startSending:80 
02-24 18:04:08.398  3457  3531 W ContextImpl: Calling a method in the system process without a qualified user: android.app.ContextImpl.bindService:1649 android.content.ContextWrapper.bindService:705 com.logitech.vc.analytics.api.RemoteAnalytics.bind:94 com.logitech.vc.analytics.api.RemoteAnalytics.waitAndBind:88 com.logitech.vc.analytics.api.RemoteAnalytics.startSending:80 
02-24 18:04:08.431  2281  2305 I chatty  : uid=1000(system) android.display expire 2 lines
02-24 18:04:08.442  3495  3558 W ContextImpl: Calling a method in the system process without a qualified user: android.app.ContextImpl.bindService:1649 android.content.ContextWrapper.bindService:705 com.logitech.vc.analytics.api.RemoteAnalytics.bind:94 com.logitech.vc.analytics.api.RemoteAnalytics.waitAndBind:88 com.logitech.vc.analytics.api.RemoteAnalytics.startSending:80 
02-24 18:04:08.479  4140  4140 W ContextImpl: Calling a method in the system process without a qualified user: android.app.ContextImpl.startService:1570 android.content.ContextWrapper.startService:669 com.logitech.vc.sync.SyncAgentApplication.onCreate:39 android.app.Instrumentation.callApplicationOnCreate:1190 android.app.ActivityThread.handleBindApplication:6479 
02-24 18:04:08.504  4140  4140 W ContextImpl: Calling a method in the system process without a qualified user: android.app.ContextImpl.bindService:1649 android.content.ContextWrapper.bindService:705 com.logitech.vc.analytics.api.RemoteAnalytics.bind:94 com.logitech.vc.analytics.api.RemoteAnalytics.<init>:60 com.logitech.vc.analytics.api.AnalyticsProvider.initialize:16 
02-24 18:04:08.525  2281  4004 I chatty  : uid=1000(system) Binder:2281_A expire 9 lines
02-24 18:04:08.528  2281  2327 I chatty  : uid=1000(system) PackageManager expire 3 lines
02-24 18:04:08.532  2281  4217 I chatty  : uid=1000(system) Binder:2281_C expire 5 lines
02-24 18:04:08.715  4315  4344 D ActivityThread: Loading provider downloads: com.android.providers.downloads.DownloadProvider
02-24 18:04:08.748  4315  4344 D ActivityThread: Loading provider media: com.android.providers.media.MediaProvider
02-24 18:04:09.150  2281  2865 I chatty  : uid=1000(system) Binder:2281_6 expire 2 lines
02-24 18:04:09.152  4375  4375 D ActivityThread: Loading provider contacts;com.android.contacts: com.android.providers.contacts.ContactsProvider2
02-24 18:04:09.744  4315  4315 I MediaUpgradeReceiver: ---> Start upgrade of media database internal.db
02-24 18:04:09.751  4315  4315 I MediaUpgradeReceiver: <--- Finished upgrade of media database internal.db in 7ms
02-24 18:04:09.933  3002  3116 W ContextImpl: Calling a method in the system process without a qualified user: android.app.ContextImpl.bindService:1649 android.content.ContextWrapper.bindService:705 com.logitech.vc.analytics.api.RemoteAnalytics.bind:94 com.logitech.vc.analytics.api.RemoteAnalytics.waitAndBind:88 com.logitech.vc.analytics.api.RemoteAnalytics.startSending:80 
02-24 18:04:09.953  2281  4476 I chatty  : uid=1000 system_server expire 8 lines
02-24 18:04:09.956  4114  4114 W ContextImpl: Calling a method in the system process without a qualified user: android.app.ContextImpl.startService:1570 android.content.ContextWrapper.startService:669 android.content.ContextWrapper.startService:669 com.qualcomm.qti.services.secureui.BootReceiver.onReceive:30 android.app.ActivityThread.handleReceiver:3789 
02-24 18:04:09.991  2281  2313 I chatty  : uid=1000(system) ActivityManager expire 22 lines
02-24 18:04:10.030  4482  4482 W ContextImpl: Calling a method in the system process without a qualified user: android.app.ContextImpl.startService:1570 android.content.ContextWrapper.startService:669 android.content.ContextWrapper.startService:669 com.qti.diagservices.Diag_OnBoot.onReceive:40 android.app.ActivityThread.handleReceiver:3789 
02-24 18:04:10.036  4066  4066 W ContextImpl: Calling a method in the system process without a qualified user: android.app.ContextImpl.startService:1570 android.content.ContextWrapper.startService:669 android.content.ContextWrapper.startService:669 com.logitech.platform.service.LogitechPlatformBootReceiver.onReceive:14 android.app.ActivityThread.handleReceiver:3789 
02-24 18:04:10.038  4066  4066 W ContextImpl: Calling a method in the system process without a qualified user: android.app.ContextImpl.startService:1570 android.content.ContextWrapper.startService:669 android.content.ContextWrapper.startService:669 com.logitech.platform.service.LogitechPlatformBootReceiver.onReceive:17 android.app.ActivityThread.handleReceiver:3789 
02-24 18:04:10.040  4161  4161 W ContextImpl: Calling a method in the system process without a qualified user: android.app.ContextImpl.startService:1570 android.content.ContextWrapper.startService:669 android.content.ContextWrapper.startService:669 com.logitech.platform.zoom.internal.ZoomVendorBootReciever.onReceive:13 android.app.ActivityThread.handleReceiver:3789 
02-24 18:04:10.053  2281  4004 I chatty  : uid=1000(system) Binder:2281_A expire 6 lines
02-24 18:04:10.076  3135  3228 W ContextImpl: Calling a method in the system process without a qualified user: android.app.ContextImpl.bindService:1649 android.content.ContextWrapper.bindService:705 com.logitech.vc.analytics.api.RemoteAnalytics.bind:94 com.logitech.vc.analytics.api.RemoteAnalytics.waitAndBind:88 com.logitech.vc.analytics.api.RemoteAnalytics.startSending:80 
02-24 18:04:10.119  3160  3260 W ContextImpl: Calling a method in the system process without a qualified user: android.app.ContextImpl.bindService:1649 android.content.ContextWrapper.bindService:705 com.logitech.vc.analytics.api.RemoteAnalytics.bind:94 com.logitech.vc.analytics.api.RemoteAnalytics.waitAndBind:88 com.logitech.vc.analytics.api.RemoteAnalytics.startSending:80 
02-24 18:04:10.142  4515  4515 W ContextImpl: Calling a method in the system process without a qualified user: android.app.ContextImpl.startService:1570 android.content.ContextWrapper.startService:669 android.content.ContextWrapper.startService:669 com.microsoft.teams.ipphone.partner.agent.PABootReceiver.onReceive:17 android.app.ActivityThread.handleReceiver:3789 
02-24 18:04:10.157  3202  3299 W ContextImpl: Calling a method in the system process without a qualified user: android.app.ContextImpl.bindService:1649 android.content.ContextWrapper.bindService:705 com.logitech.vc.analytics.api.RemoteAnalytics.bind:94 com.logitech.vc.analytics.api.RemoteAnalytics.waitAndBind:88 com.logitech.vc.analytics.api.RemoteAnalytics.startSending:80 
02-24 18:04:10.159  3180  3310 W ContextImpl: Calling a method in the system process without a qualified user: android.app.ContextImpl.bindService:1649 android.content.ContextWrapper.bindService:705 com.logitech.vc.analytics.api.RemoteAnalytics.bind:94 com.logitech.vc.analytics.api.RemoteAnalytics.waitAndBind:88 com.logitech.vc.analytics.api.RemoteAnalytics.startSending:80 
02-24 18:04:10.212  3249  3369 W ContextImpl: Calling a method in the system process without a qualified user: android.app.ContextImpl.bindService:1649 android.content.ContextWrapper.bindService:705 com.logitech.vc.analytics.api.RemoteAnalytics.bind:94 com.logitech.vc.analytics.api.RemoteAnalytics.waitAndBind:88 com.logitech.vc.analytics.api.RemoteAnalytics.startSending:80 
02-24 18:04:10.216  3270  3371 W ContextImpl: Calling a method in the system process without a qualified user: android.app.ContextImpl.bindService:1649 android.content.ContextWrapper.bindService:705 com.logitech.vc.analytics.api.RemoteAnalytics.bind:94 com.logitech.vc.analytics.api.RemoteAnalytics.waitAndBind:88 com.logitech.vc.analytics.api.RemoteAnalytics.startSending:80 
02-24 18:04:10.303  2281  2865 I chatty  : uid=1000(system) Binder:2281_6 expire 5 lines
02-24 18:04:10.309  3326  3454 W ContextImpl: Calling a method in the system process without a qualified user: android.app.ContextImpl.bindService:1649 android.content.ContextWrapper.bindService:705 com.logitech.vc.analytics.api.RemoteAnalytics.bind:94 com.logitech.vc.analytics.api.RemoteAnalytics.waitAndBind:88 com.logitech.vc.analytics.api.RemoteAnalytics.startSending:80 
02-24 18:04:10.321  3381  3466 W ContextImpl: Calling a method in the system process without a qualified user: android.app.ContextImpl.bindService:1649 android.content.ContextWrapper.bindService:705 com.logitech.vc.analytics.api.RemoteAnalytics.bind:94 com.logitech.vc.analytics.api.RemoteAnalytics.waitAndBind:88 com.logitech.vc.analytics.api.RemoteAnalytics.startSending:80 
02-24 18:04:10.356  3357  3492 W ContextImpl: Calling a method in the system process without a qualified user: android.app.ContextImpl.bindService:1649 android.content.ContextWrapper.bindService:705 com.logitech.vc.analytics.api.RemoteAnalytics.bind:94 com.logitech.vc.analytics.api.RemoteAnalytics.waitAndBind:88 com.logitech.vc.analytics.api.RemoteAnalytics.startSending:80 
02-24 18:04:10.363  2281  2281 I chatty  : uid=1000 system_server expire 40 lines
02-24 18:04:10.379  3423  3506 W ContextImpl: Calling a method in the system process without a qualified user: android.app.ContextImpl.bindService:1649 android.content.ContextWrapper.bindService:705 com.logitech.vc.analytics.api.RemoteAnalytics.bind:94 com.logitech.vc.analytics.api.RemoteAnalytics.waitAndBind:88 com.logitech.vc.analytics.api.RemoteAnalytics.startSending:80 
02-24 18:04:10.449  3495  3558 W ContextImpl: Calling a method in the system process without a qualified user: android.app.ContextImpl.bindService:1649 android.content.ContextWrapper.bindService:705 com.logitech.vc.analytics.api.RemoteAnalytics.bind:94 com.logitech.vc.analytics.api.RemoteAnalytics.waitAndBind:88 com.logitech.vc.analytics.api.RemoteAnalytics.startSending:80 
02-24 18:04:10.450  2281  4217 I chatty  : uid=1000(system) Binder:2281_C expire 10 lines
02-24 18:04:10.507  4140  4258 W ContextImpl: Calling a method in the system process without a qualified user: android.app.ContextImpl.bindService:1649 android.content.ContextWrapper.bindService:705 com.logitech.vc.analytics.api.RemoteAnalytics.bind:94 com.logitech.vc.analytics.api.RemoteAnalytics.waitAndBind:88 com.logitech.vc.analytics.api.RemoteAnalytics.startSending:80 
02-24 18:04:10.612  3381  3422 W ContextImpl: Calling a method in the system process without a qualified user: android.app.ContextImpl.bindService:1657 android.content.ContextWrapper.bindService:711 com.logitech.service.cvengineservice.CVEngineServiceManager.bind:77 com.logitech.service.aicvservice.AicvServiceDelegate.bindCvService:278 com.logitech.service.aicvservice.AicvServiceDelegate.start:192 
02-24 18:04:10.700  2281  2304 I chatty  : uid=1000(system) android.io expire 4 lines
02-24 18:04:10.830  4739  4739 W ContextImpl: Calling a method in the system process without a qualified user: android.app.ContextImpl.startForegroundService:1576 android.content.ContextWrapper.startForegroundService:674 android.content.ContextWrapper.startForegroundService:674 com.displaylink.manager.BootCompletedReceiver.onReceive:17 android.app.ActivityThread.handleReceiver:3789 
02-24 18:04:11.298  2281  2827 I chatty  : uid=1000(system) Binder:2281_5 expire 7 lines
02-24 18:04:11.308  3249  4864 W ContextImpl: Calling a method in the system process without a qualified user: android.app.ContextImpl.bindService:1649 android.content.ContextWrapper.bindService:705 com.logitech.vc.deviceattestation.AttestationServiceBinder.bindToService:38 com.logitech.vc.deviceattestation.DeviceAttestation.checkAndRebind:95 com.logitech.vc.deviceattestation.DeviceAttestation.prepare:61 
02-24 18:04:11.392  2281  2299 I chatty  : uid=1000(system) Binder:2281_1 expire 5 lines
02-24 18:04:11.397  4872  4872 W ContextImpl: Calling a method in the system process without a qualified user: android.app.ContextImpl.startService:1570 android.content.ContextWrapper.startService:669 android.content.ContextWrapper.startService:669 com.logitech.platform.dev.settings.BootCompleteReceiver.onReceive:29 android.app.ActivityThread.handleReceiver:3789 
02-24 18:04:11.424  3911  3911 W ContextImpl: Calling a method in the system process without a qualified user: android.app.ContextImpl.startService:1570 android.content.ContextWrapper.startService:669 android.content.ContextWrapper.startService:669 com.logitech.vc.analytics.devicestate.DeviceMonitoringService.start:28 com.logitech.vc.analytics.scheduler.BootCompletedReceiver.onReceive:32 
02-24 18:04:11.483  2281  3941 I chatty  : uid=1000(system) LazyTaskWriterT expire 2 lines
02-24 18:04:11.514  2281  2302 I chatty  : uid=1000(system) android.fg expire 1 line
02-24 18:04:11.559  2281  2311 I chatty  : uid=1000(system) android.bg expire 13 lines
02-24 18:04:11.641  4103  5039 W ContextImpl: Calling a method in the system process without a qualified user: android.app.ContextImpl.startService:1570 android.content.ContextWrapper.startService:669 android.content.ContextWrapper.startService:669 com.qualcomm.qti.workloadclassifier.WLCReceiver$StartRunnable.run:45 java.lang.Thread.run:919 
02-24 18:04:11.646  2281  3074 I chatty  : uid=1000(system) Binder:2281_8 expire 6 lines
02-24 18:04:16.676  4140  5665 W ContextImpl: Calling a method in the system process without a qualified user: android.app.ContextImpl.bindService:1649 android.content.ContextWrapper.bindService:705 com.logitech.vc.sync.service.usbcom.crashanalytics.CrashSendModule.bind:99 com.logitech.vc.sync.service.usbcom.crashanalytics.CrashSendModule.access$bind:34 com.logitech.vc.sync.service.usbcom.crashanalytics.CrashSendModule$doWithService$2.invokeSuspend:118 
02-24 18:04:21.437  3911  5795 W ContextImpl: Calling a method in the system process without a qualified user: android.app.ContextImpl.bindService:1649 android.content.ContextWrapper.bindService:705 com.logitech.vc.deviceattestation.AttestationServiceBinder.bindToService:64 com.logitech.vc.deviceattestation.DeviceAttestation.checkAndRebind:125 com.logitech.vc.deviceattestation.DeviceAttestation.prepare:75 
02-24 18:04:21.531  2281  2300 I chatty  : uid=1000(system) Binder:2281_2 expire 2 lines
02-24 18:04:24.726  2281  2281 I chatty  : uid=1000 system_server expire 4 lines
02-24 18:04:25.038  2281  2312 I chatty  : uid=1000(system) ActivityManager expire 4 lines
02-24 18:05:11.449  2281  2313 I chatty  : uid=1000(system) ActivityManager expire 1 line
02-24 18:05:12.971  2281  2316 I chatty  : uid=1000(system) batterystats-wo expire 4 lines
--------- beginning of main
02-24 18:05:22.211  2052  2052 W incidentd: GZipSection failed to open file /sys/fs/pstore/console-ramoops-0
02-24 18:05:22.211  2052  2052 W incidentd: GZipSection failed to open file /proc/last_kmsg
02-24 18:05:22.203  2052  2052 W Binder:2052_2: type=1400 audit(0.0:60): avc: denied { search } for name="bms" dev="sysfs" ino=68487 scontext=u:r:incidentd:s0 tcontext=u:object_r:sysfs_battery_supply:s0 tclass=dir permissive=0
02-24 18:05:22.211  2052  2052 W incidentd: [gzip /sys/fs/pstore/console-ramoops /sys/fs/pstore/console-ramoops-0 /proc/last_kmsg] can't open all the files
02-24 18:05:22.211  2052  2052 W incidentd: setSectionStats not called for section 2007
02-24 18:05:22.211  2052  2052 D incidentd: Finish incident report section 2007 'gzip /sys/fs/pstore/console-ramoops /sys/fs/pstore/console-ramoops-0 /proc/last_kmsg'
02-24 18:05:22.211  2052  2052 D incidentd: Start incident report section 3000 'dumpsys fingerprint --proto --incident'
02-24 18:05:22.212  2052  6255 W incidentd: DumpsysSection: Can't lookup service: fingerprint
02-24 18:05:22.212  2052  2052 E incidentd: [dumpsys fingerprint --proto --incident] worker failed with error 'No such file or directory'
02-24 18:05:22.212  2052  2052 W incidentd: warning in section 3000 (-2) 'No such file or directory': WorkerThreadSection failed.
02-24 18:05:22.212  2052  2052 D incidentd: Finish incident report section 3000 'dumpsys fingerprint --proto --incident'
02-24 18:05:22.212  2052  2052 D incidentd: Start incident report section 3001 'dumpsys netstats --proto'
02-24 18:05:22.214  2052  2052 D incidentd: Finish incident report section 3001 'dumpsys netstats --proto'
02-24 18:05:22.214  2052  2052 D incidentd: Start incident report section 3002 'dumpsys settings --proto'
02-24 18:05:22.221  2052  2052 D incidentd: Finish incident report section 3002 'dumpsys settings --proto'
02-24 18:05:22.221  2052  2052 D incidentd: Start incident report section 3004 'dumpsys notification --proto'
02-24 18:05:22.224  2052  2052 D incidentd: Finish incident report section 3004 'dumpsys notification --proto'
02-24 18:05:22.224  2052  2052 D incidentd: Start incident report section 3005 'dumpsys batterystats --proto'
02-24 18:05:22.225  2281  2566 E WifiNative: Could not get Iface object for interface null
02-24 18:05:22.226   749   749 D vendor.qti.bluetooth@1.0-ibs_handler: SerialClockVote: vote for UART CLK ON
02-24 18:05:22.226   749   749 D vendor.qti.bluetooth@1.0-wake_lock: Acquire wakelock is acquired 
02-24 18:05:22.226   749   749 I vendor.qti.bluetooth@1.0-ibs_handler: DeviceWakeUp: Writing IBS_WAKE_IND
02-24 18:05:22.226   749  4064 I vendor.qti.bluetooth@1.0-ibs_handler: ProcessIbsCmd: Received IBS_WAKE_ACK: 0xFC
02-24 18:05:22.227   749  4064 I vendor.qti.bluetooth@1.0-ibs_handler: ProcessIbsCmd: Received IBS_WAKE_IND: 0xFD
02-24 18:05:22.227   749  4064 I vendor.qti.bluetooth@1.0-ibs_handler: ProcessIbsCmd: Writing IBS_WAKE_ACK
02-24 18:05:22.253  2052  2052 D incidentd: Finish incident report section 3005 'dumpsys batterystats --proto'
02-24 18:05:22.253  2052  2052 D incidentd: Start incident report section 3006 'dumpsys battery --proto'
02-24 18:05:22.254  2052  2052 D incidentd: Finish incident report section 3006 'dumpsys battery --proto'
02-24 18:05:22.254  2052  2052 D incidentd: Start incident report section 3007 'dumpsys diskstats --proto'
02-24 18:05:22.255  2281  2827 W DiskStatsService: Recent Disk Write Speed data unavailable!
02-24 18:05:22.256  2281  2827 W DiskStatsService: exception reading diskstats cache file
02-24 18:05:22.256  2281  2827 W DiskStatsService: java.io.FileNotFoundException: /data/system/diskstats_cache.json: open failed: ENOENT (No such file or directory)
02-24 18:05:22.256  2281  2827 W DiskStatsService: 	at libcore.io.IoBridge.open(IoBridge.java:496)
02-24 18:05:22.256  2281  2827 W DiskStatsService: 	at libcore.io.IoUtils$FileReader.<init>(IoUtils.java:332)
02-24 18:05:22.256  2281  2827 W DiskStatsService: 	at libcore.io.IoUtils.readFileAsString(IoUtils.java:233)
02-24 18:05:22.256  2281  2827 W DiskStatsService: 	at com.android.server.DiskStatsService.reportCachedValuesProto(DiskStatsService.java:246)
02-24 18:05:22.256  2281  2827 W DiskStatsService: 	at com.android.server.DiskStatsService.dump(DiskStatsService.java:147)
02-24 18:05:22.256  2281  2827 W DiskStatsService: 	at android.os.Binder.doDump(Binder.java:818)
02-24 18:05:22.256  2281  2827 W DiskStatsService: 	at android.os.Binder.dump(Binder.java:808)
02-24 18:05:22.256  2281  2827 W DiskStatsService: 	at android.os.Binder.onTransact(Binder.java:744)
02-24 18:05:22.256  2281  2827 W DiskStatsService: 	at android.os.Binder.execTransactInternal(Binder.java:1021)
02-24 18:05:22.256  2281  2827 W DiskStatsService: 	at android.os.Binder.execTransact(Binder.java:994)
02-24 18:05:22.256  2281  2827 W DiskStatsService: Caused by: android.system.ErrnoException: open failed: ENOENT (No such file or directory)
02-24 18:05:22.256  2281  2827 W DiskStatsService: 	at libcore.io.Linux.open(Native Method)
02-24 18:05:22.256  2281  2827 W DiskStatsService: 	at libcore.io.ForwardingOs.open(ForwardingOs.java:167)
02-24 18:05:22.256  2281  2827 W DiskStatsService: 	at libcore.io.BlockGuardOs.open(BlockGuardOs.java:252)
02-24 18:05:22.256  2281  2827 W DiskStatsService: 	at libcore.io.IoBridge.open(IoBridge.java:482)
02-24 18:05:22.256  2281  2827 W DiskStatsService: 	... 9 more
02-24 18:05:22.256  2052  2052 D incidentd: Finish incident report section 3007 'dumpsys diskstats --proto'
02-24 18:05:22.256  2052  2052 D incidentd: Start incident report section 3008 'dumpsys package --proto'
02-24 18:05:22.260  2052  2052 D incidentd: Finish incident report section 3008 'dumpsys package --proto'
02-24 18:05:22.260  2052  2052 D incidentd: Start incident report section 3009 'dumpsys power --proto'
02-24 18:05:22.262  2052  2052 D incidentd: Finish incident report section 3009 'dumpsys power --proto'
02-24 18:05:22.262  2052  2052 D incidentd: Start incident report section 3010 'dumpsys print --proto'
02-24 18:05:22.262  2052  6264 W incidentd: DumpsysSection: Can't lookup service: print
02-24 18:05:22.263  2052  2052 E incidentd: [dumpsys print --proto] worker failed with error 'No such file or directory'
02-24 18:05:22.263  2052  2052 W incidentd: warning in section 3010 (-2) 'No such file or directory': WorkerThreadSection failed.
02-24 18:05:22.263  2052  2052 D incidentd: Finish incident report section 3010 'dumpsys print --proto'
02-24 18:05:22.263  2052  2052 D incidentd: Start incident report section 3011 'dumpsys procstats --proto'
02-24 18:05:22.267   749  4064 I vendor.qti.bluetooth@1.0-ibs_handler: ProcessIbsCmd: Received IBS_SLEEP_IND: 0xFE
02-24 18:05:22.301  2052  2052 D incidentd: Finish incident report section 3011 'dumpsys procstats --proto'
02-24 18:05:22.301  2052  2052 D incidentd: Start incident report section 3012 'dumpsys activity --proto activities'
02-24 18:05:22.304  2052  2052 D incidentd: Finish incident report section 3012 'dumpsys activity --proto activities'
02-24 18:05:22.304  2052  2052 D incidentd: Start incident report section 3013 'dumpsys activity --proto broadcasts'
02-24 18:05:22.324  2052  2052 D incidentd: Finish incident report section 3013 'dumpsys activity --proto broadcasts'
02-24 18:05:22.324  2052  2052 D incidentd: Start incident report section 3014 'dumpsys activity --proto service'
02-24 18:05:22.330  2052  2052 D incidentd: Finish incident report section 3014 'dumpsys activity --proto service'
02-24 18:05:22.330  2052  2052 D incidentd: Start incident report section 3015 'dumpsys activity --proto processes'
02-24 18:05:22.333  2052  2052 D incidentd: Finish incident report section 3015 'dumpsys activity --proto processes'
02-24 18:05:22.333  2052  2052 D incidentd: Start incident report section 3016 'dumpsys alarm --proto'
02-24 18:05:22.335  2052  2052 D incidentd: Finish incident report section 3016 'dumpsys alarm --proto'
02-24 18:05:22.335  2052  2052 D incidentd: Start incident report section 3017 'dumpsys window --proto'
02-24 18:05:22.337  2052  2052 D incidentd: Finish incident report section 3017 'dumpsys window --proto'
02-24 18:05:22.337  2052  2052 D incidentd: Start incident report section 3019 'dumpsys graphicsstats --proto'
02-24 18:05:22.339  2052  2052 D incidentd: Finish incident report section 3019 'dumpsys graphicsstats --proto'
02-24 18:05:22.339  2052  2052 D incidentd: Start incident report section 3020 'dumpsys jobscheduler --proto'
02-24 18:05:22.343  2052  2052 D incidentd: Finish incident report section 3020 'dumpsys jobscheduler --proto'
02-24 18:05:22.343  2052  2052 D incidentd: Start incident report section 3021 'dumpsys usb --proto'
02-24 18:05:22.345  2281  2827 W UsbACInterface: Unknown Audio Class Interface Subclass: 0x6
02-24 18:05:22.345  2281  2827 I UsbDescriptorParser: Unknown Descriptor len: 5 type:0x24
02-24 18:05:22.345  2281  2827 W UsbACInterface: Unknown Audio Class Interface Subclass: 0x6
02-24 18:05:22.345  2281  2827 I UsbDescriptorParser: Unknown Descriptor len: 5 type:0x24
02-24 18:05:22.345  2281  2827 W UsbACInterface: Unknown Audio Class Interface Subclass: 0x6
02-24 18:05:22.345  2281  2827 I UsbDescriptorParser: Unknown Descriptor len: 13 type:0x24
02-24 18:05:22.345  2281  2827 W UsbDescriptorParser: Unrecognized Audio Interface l: 5 t:0x24
02-24 18:05:22.345  2281  2827 W UsbDescriptorParser: Unrecognized Audio Interface l: 5 t:0x24
02-24 18:05:22.345  2281  2827 W UsbDescriptorParser: Unrecognized Audio Interface l: 13 t:0x24
02-24 18:05:22.345  2281  2827 W UsbDescriptorParser: Unrecognized Audio Interface l: 5 t:0x24
02-24 18:05:22.345  2281  2827 W UsbDescriptorParser: Unrecognized Audio Interface l: 5 t:0x24
02-24 18:05:22.345  2281  2827 W UsbDescriptorParser: Unrecognized Audio Interface l: 13 t:0x24
02-24 18:05:22.345  2281  2827 W UsbDescriptorParser: Unrecognized Audio Interface l: 5 t:0x24
02-24 18:05:22.345  2281  2827 W UsbDescriptorParser: Unrecognized Audio Interface l: 5 t:0x24
02-24 18:05:22.345  2281  2827 W UsbDescriptorParser: Unrecognized Audio Interface l: 13 t:0x24
02-24 18:05:22.347  2052  2052 D incidentd: Finish incident report section 3021 'dumpsys usb --proto'
02-24 18:05:22.347  2052  2052 D incidentd: Start incident report section 3022 'dumpsys batterystats --proto --history'
02-24 18:05:22.348  2281  2566 E WifiNative: Could not get Iface object for interface null
02-24 18:05:22.350   749  4064 I vendor.qti.bluetooth@1.0-ibs_handler: ProcessIbsCmd: Received IBS_WAKE_IND: 0xFD
02-24 18:05:22.350   749  4064 I vendor.qti.bluetooth@1.0-ibs_handler: ProcessIbsCmd: Writing IBS_WAKE_ACK
02-24 18:05:22.355  2052  2052 D incidentd: Finish incident report section 3022 'dumpsys batterystats --proto --history'
02-24 18:05:22.355  2052  2052 D incidentd: Start incident report section 3023 'dumpsys stats --proto'
02-24 18:05:22.356  2052  2052 D incidentd: Finish incident report section 3023 'dumpsys stats --proto'
02-24 18:05:22.356  2052  2052 D incidentd: Start incident report section 3024 'dumpsys role --proto'
02-24 18:05:22.357  2052  2052 D incidentd: Finish incident report section 3024 'dumpsys role --proto'
02-24 18:05:22.357  2052  2052 I incidentd: Done taking incident report err=Success
02-24 18:05:22.359  5920  5920 D dumpstate: Duration of 'DUMPSYS PROTO': 3.39s
02-24 18:05:22.364   849   930 W DisplayIdentification: Invalid EDID: falling back to serial number due to missing display name.
02-24 18:05:22.364   849   930 W DisplayIdentification: Invalid EDID: falling back to ASCII text due to missing serial number.
02-24 18:05:22.364   849   930 W DisplayIdentification: Invalid EDID: falling back to serial number due to missing display name.
02-24 18:05:22.364   849   930 W DisplayIdentification: Invalid EDID: falling back to ASCII text due to missing serial number.
02-24 18:05:22.365   757   851 I SDM     : HWCDisplay::GetColorModeCount: Supported color mode count = 1
02-24 18:05:22.365   757   851 I SDM     : HWCDisplay::GetColorModes: Supports color mode[0] = 0
02-24 18:05:22.365   757   851 I SDM     : HWCDisplay::GetColorModeCount: Supported color mode count = 1
02-24 18:05:22.365   757   851 I SDM     : HWCDisplay::GetColorModes: Supports color mode[0] = 0
02-24 18:05:22.380  2621  2640 D BluetoothHidHostService: getConnectionState: 44:73:D6:50:A5:A6
02-24 18:05:22.381  2649  2649 D NavigationModeController: assetPaths=
02-24 18:05:22.381  2649  2649 D NavigationModeController:     /system/framework/framework-res.apk
02-24 18:05:22.381  2649  2649 D NavigationModeController:     /vendor/overlay/FrameworksResCommon.apk
02-24 18:05:22.381  2649  2649 D NavigationModeController:     /product/overlay/FrameworksResCommonQva.apk
02-24 18:05:22.381  2649  2649 D NavigationModeController:     /vendor/overlay/FrameworksResTarget.apk
02-24 18:05:22.381  2649  2649 D NavigationModeController:     /system/product/priv-app/SystemUI/SystemUI.apk
02-24 18:05:22.381  2649  2649 D NavigationModeController:     /vendor/overlay/SystemUIResCommon.apk
02-24 18:05:22.391   749  4064 I vendor.qti.bluetooth@1.0-ibs_handler: ProcessIbsCmd: Received IBS_SLEEP_IND: 0xFE
02-24 18:05:22.411  2281  2827 D PermissionCache: checking android.permission.DUMP for uid=2000 => granted (400 us)
02-24 18:05:22.613  2680  2721 I ssioncontrolle: Explicit concurrent copying GC freed 6437(409KB) AllocSpace objects, 2(40KB) LOS objects, 57% free, 1119KB/2655KB, paused 28us total 4.613ms
02-24 18:05:22.670  5883  5901 I ech.bugreporte: Explicit concurrent copying GC freed 1425(194KB) AllocSpace objects, 2(40KB) LOS objects, 32% free, 1080KB/1592KB, paused 45us total 10.057ms
02-24 18:05:22.775  4776  4798 I .crashanalytic: Explicit concurrent copying GC freed 1295(114KB) AllocSpace objects, 2(40KB) LOS objects, 27% free, 1356KB/1868KB, paused 61us total 14.951ms
02-24 18:05:22.878  3911  3931 I ch.vc.analytic: Explicit concurrent copying GC freed 38384(2516KB) AllocSpace objects, 13(432KB) LOS objects, 49% free, 1655KB/3311KB, paused 43us total 10.631ms
02-24 18:05:22.939  4194  4250 I ndroid.keychai: Explicit concurrent copying GC freed 134(53KB) AllocSpace objects, 2(40KB) LOS objects, 32% free, 1076KB/1588KB, paused 60us total 10.824ms
02-24 18:05:22.976  2155  2188 V /vendor/bin/cdsprpcd: vendor/qcom/proprietary/commonsys-intf/adsprpc/src/sysmon_cdsp_imp.c:45: Got L3 frequency request from CDSP for 0KHz
02-24 18:05:23.008   777   777 E LogiHALPtz-hal: dumpDiagnosticInfo() STM error code=512
02-24 18:05:23.008  3135  3176 I chatty  : uid=1000(system) Binder:3135_3 expire 18 lines
02-24 18:05:23.008   777   777 D LogiHALPtz-hal: LogiHALPtz writeFile() cmd=R_CMD:ZF:F1:06
02-24 18:05:23.008   777   777 D LogiHALPtz-hal: , len=15
02-24 18:05:23.009   777   777 D LogiHALPtz-hal: LogiHALPtz readFile() data=000000000200
02-24 18:05:23.009   777   777 D LogiHALPtz-hal: , len=21
02-24 18:05:23.009   777   777 D LogiHALPtz-hal: dumpDiagnosticInfo() STM error code=000000000200
02-24 18:05:23.009   777   777 E LogiHALPtz-hal: dumpDiagnosticInfo() STM error code=512
02-24 18:05:23.009   777   777 D LogiHALPtz-hal: LogiHALPtz writeFile() cmd=R_CMD:PT:02:5
02-24 18:05:23.009   777   777 D LogiHALPtz-hal: , len=14
02-24 18:05:23.010   777   777 D LogiHALPtz-hal: LogiHALPtz readFile() data=cbf2ffff00
02-24 18:05:23.010   777   777 D LogiHALPtz-hal: , len=13
02-24 18:05:23.010   777   777 D LogiHALPtz-hal: LogiHALPtz writeFile() cmd=R_CMD:PT:05:5
02-24 18:05:23.010   777   777 D LogiHALPtz-hal: , len=14
02-24 18:05:23.011   777   777 D LogiHALPtz-hal: LogiHALPtz readFile() data=79fdffff00
02-24 18:05:23.011   777   777 D LogiHALPtz-hal: , len=13
02-24 18:05:23.012   777   777 D LogiHALPtz-hal: LogiHALPtz writeFile() cmd=R_CMD:ZF:08:3
02-24 18:05:23.012   777   777 D LogiHALPtz-hal: , len=14
02-24 18:05:23.013   777   777 D LogiHALPtz-hal: LogiHALPtz readFile() data=640000
02-24 18:05:23.013   777   777 D LogiHALPtz-hal: , len=9
02-24 18:05:23.013  4669  5093 I chatty  : uid=1000(system) Thread-2 expire 12 lines
02-24 18:05:23.028  4893  5460 I estationservic: Explicit concurrent copying GC freed 13282(1131KB) AllocSpace objects, 2(40KB) LOS objects, 57% free, 1116KB/2652KB, paused 29us total 5.321ms
02-24 18:05:23.094  4315  4338 I d.process.medi: Explicit concurrent copying GC freed 3539(267KB) AllocSpace objects, 2(40KB) LOS objects, 24% free, 1567KB/2089KB, paused 49us total 17.694ms
02-24 18:05:23.186  5688  5707 I trustzoneacces: Explicit concurrent copying GC freed 134(38KB) AllocSpace objects, 2(40KB) LOS objects, 33% free, 1019KB/1531KB, paused 50us total 9.332ms
02-24 18:05:23.277  3249  5794 I eServiceProces: Explicit concurrent copying GC freed 73273(5665KB) AllocSpace objects, 16(304KB) LOS objects, 50% free, 1483KB/3019KB, paused 36us total 8.683ms
02-24 18:05:23.325  3944  3965 I viders.calenda: Waiting for a blocking GC Explicit
02-24 18:05:23.334  3944  3965 I viders.calenda: WaitForGcToComplete blocked Explicit on HeapTrim for 9.484ms
02-24 18:05:23.344  3944  3965 I viders.calenda: Explicit concurrent copying GC freed 189(7456B) AllocSpace objects, 0(0B) LOS objects, 31% free, 1106KB/1618KB, paused 113us total 9.834ms
02-24 18:05:23.350   749  4087 I vendor.qti.bluetooth@1.0-ibs_handler: DeviceSleep: TX Awake, Sending SLEEP_IND
02-24 18:05:23.351   749  4087 D vendor.qti.bluetooth@1.0-ibs_handler: SerialClockVote: vote for UART CLK OFF
02-24 18:05:23.358  2052  2052 D incidentd: WorkDirectory::getReports
02-24 18:05:23.434  5563  5581 I ggerscreenshar: Explicit concurrent copying GC freed 4352(271KB) AllocSpace objects, 3(60KB) LOS objects, 52% free, 1395KB/2931KB, paused 30us total 5.963ms
02-24 18:05:23.490  5011  5030 I rvice.telemetr: Explicit concurrent copying GC freed 112(37KB) AllocSpace objects, 2(40KB) LOS objects, 33% free, 997KB/1509KB, paused 86us total 9.824ms
02-24 18:05:23.501   749  3655 D vendor.qti.bluetooth@1.0-wake_lock: Release wakelock is released 
02-24 18:05:23.583  4977  4995 I nectionsecurit: Explicit concurrent copying GC freed 112(37KB) AllocSpace objects, 2(40KB) LOS objects, 33% free, 999KB/1511KB, paused 92us total 9.778ms
02-24 18:05:23.677  4942  4961 I ualcomm.qti.lp: Explicit concurrent copying GC freed 122(37KB) AllocSpace objects, 2(40KB) LOS objects, 33% free, 998KB/1510KB, paused 46us total 8.893ms
02-24 18:05:23.764  4872  4894 I rm.dev.setting: Explicit concurrent copying GC freed 143(52KB) AllocSpace objects, 2(40KB) LOS objects, 33% free, 1010KB/1522KB, paused 47us total 9.051ms
02-24 18:05:23.853  4739  4759 I ink.desktop.oe: Explicit concurrent copying GC freed 126(37KB) AllocSpace objects, 2(40KB) LOS objects, 33% free, 1036KB/1548KB, paused 53us total 9.742ms
02-24 18:05:23.942  4682  4708 I android.traceu: Explicit concurrent copying GC freed 132(52KB) AllocSpace objects, 2(40KB) LOS objects, 33% free, 1022KB/1534KB, paused 53us total 9.484ms
02-24 18:05:24.033  4669  5760 I chatty  : uid=1000(system) Binder:4669_4 expire 1 line
02-24 18:05:24.091  3105  3155 I ndroid.setting: Explicit concurrent copying GC freed 1046(100KB) AllocSpace objects, 2(40KB) LOS objects, 32% free, 1074KB/1586KB, paused 55us total 10.630ms
02-24 18:05:24.183  4630  4653 I ackageinstalle: Explicit concurrent copying GC freed 132(52KB) AllocSpace objects, 2(40KB) LOS objects, 33% free, 1004KB/1516KB, paused 47us total 9.082ms
02-24 18:05:24.279  3518  5759 I method.leanbac: Explicit concurrent copying GC freed 2004(203KB) AllocSpace objects, 5(92KB) LOS objects, 30% free, 1170KB/1682KB, paused 54us total 12.055ms
02-24 18:05:24.372  4538  4557 I droid.dynsyste: Explicit concurrent copying GC freed 140(68KB) AllocSpace objects, 2(40KB) LOS objects, 33% free, 1000KB/1512KB, paused 50us total 9.132ms
02-24 18:05:24.464  4515  4534 I e.partner.agen: Explicit concurrent copying GC freed 112(37KB) AllocSpace objects, 2(40KB) LOS objects, 33% free, 1004KB/1516KB, paused 49us total 9.352ms
02-24 18:05:24.557  4482  4501 I ti.diagservice: Explicit concurrent copying GC freed 112(37KB) AllocSpace objects, 2(40KB) LOS objects, 33% free, 1006KB/1518KB, paused 51us total 9.526ms
02-24 18:05:24.649  4454  4471 I alcomm.qti.qmm: Explicit concurrent copying GC freed 116(53KB) AllocSpace objects, 2(40KB) LOS objects, 33% free, 1002KB/1514KB, paused 52us total 9.137ms
02-24 18:05:24.741  4431  4449 I latform.upgrad: Explicit concurrent copying GC freed 112(37KB) AllocSpace objects, 2(40KB) LOS objects, 33% free, 1001KB/1513KB, paused 52us total 9.068ms
02-24 18:05:24.838  4375  4394 I d.process.acor: Explicit concurrent copying GC freed 2981(313KB) AllocSpace objects, 2(40KB) LOS objects, 27% free, 1382KB/1894KB, paused 50us total 14.619ms
02-24 18:05:24.935  4208  4251 I tform.provisio: Explicit concurrent copying GC freed 112(37KB) AllocSpace objects, 2(40KB) LOS objects, 33% free, 1016KB/1528KB, paused 50us total 9.652ms
02-24 18:05:25.031  4292  4309 I ger.logideskto: Explicit concurrent copying GC freed 332(70KB) AllocSpace objects, 2(40KB) LOS objects, 29% free, 1245KB/1757KB, paused 50us total 12.111ms
02-24 18:05:25.122  4236  4265 I omm.timeservic: Explicit concurrent copying GC freed 114(37KB) AllocSpace objects, 2(40KB) LOS objects, 33% free, 997KB/1509KB, paused 51us total 9.336ms
02-24 18:05:25.212  2621  2640 I droid.bluetoot: Explicit concurrent copying GC freed 5380(467KB) AllocSpace objects, 3(60KB) LOS objects, 55% free, 1224KB/2760KB, paused 33us total 5.656ms
02-24 18:05:25.265  4161  4193 I m.zoom.interna: Explicit concurrent copying GC freed 4603(279KB) AllocSpace objects, 3(60KB) LOS objects, 59% free, 1067KB/2603KB, paused 34us total 4.531ms
02-24 18:05:25.322  4140  4187 I ogitech.vc.syn: Explicit concurrent copying GC freed 27736(2097KB) AllocSpace objects, 2(40KB) LOS objects, 52% free, 1399KB/2935KB, paused 39us total 7.439ms
02-24 18:05:25.374  4114  4153 I eui:sui_servic: Explicit concurrent copying GC freed 134(37KB) AllocSpace objects, 2(40KB) LOS objects, 60% free, 1015KB/2551KB, paused 32us total 4.124ms
02-24 18:05:25.426  4103  4139 I kloadclassifie: Explicit concurrent copying GC freed 2335(190KB) AllocSpace objects, 2(40KB) LOS objects, 59% free, 1036KB/2572KB, paused 29us total 3.965ms
02-24 18:05:25.477  4066  4097 I latform.servic: Explicit concurrent copying GC freed 178(69KB) AllocSpace objects, 4(80KB) LOS objects, 59% free, 1030KB/2566KB, paused 36us total 4.114ms
02-24 18:05:25.530  4031  4063 I mhelper_servic: Explicit concurrent copying GC freed 130(37KB) AllocSpace objects, 2(40KB) LOS objects, 60% free, 1012KB/2548KB, paused 29us total 4.079ms
02-24 18:05:25.587  4008  4072 I atform.zoom.zd: Explicit concurrent copying GC freed 23528(1376KB) AllocSpace objects, 4(144KB) LOS objects, 49% free, 1552KB/3105KB, paused 37us total 10.269ms
02-24 18:05:25.639  3673  3692 I id.ext.service: Explicit concurrent copying GC freed 1860(183KB) AllocSpace objects, 2(40KB) LOS objects, 59% free, 1052KB/2588KB, paused 33us total 4.430ms
02-24 18:05:25.691  3495  3530 I yServiceProces: Explicit concurrent copying GC freed 754(125KB) AllocSpace objects, 4(80KB) LOS objects, 58% free, 1077KB/2613KB, paused 30us total 4.340ms
02-24 18:05:25.742  3457  3500 I bServiceProces: Explicit concurrent copying GC freed 671(108KB) AllocSpace objects, 4(80KB) LOS objects, 58% free, 1079KB/2615KB, paused 31us total 4.442ms
02-24 18:05:25.795  3423  3468 I gServiceProces: Explicit concurrent copying GC freed 3761(347KB) AllocSpace objects, 4(80KB) LOS objects, 57% free, 1146KB/2682KB, paused 44us total 4.999ms
02-24 18:05:25.847  3357  3420 I eServiceProces: Explicit concurrent copying GC freed 1708(217KB) AllocSpace objects, 4(80KB) LOS objects, 57% free, 1117KB/2653KB, paused 32us total 4.677ms
02-24 18:05:25.899  3381  3422 I VServiceProces: Explicit concurrent copying GC freed 1637(242KB) AllocSpace objects, 4(80KB) LOS objects, 57% free, 1135KB/2671KB, paused 32us total 4.881ms
02-24 18:05:25.952  3326  3382 I gServiceProces: Explicit concurrent copying GC freed 20906(1835KB) AllocSpace objects, 4(80KB) LOS objects, 55% free, 1245KB/2781KB, paused 37us total 6.175ms
02-24 18:05:26.005  3296  3367 I oServiceProces: Explicit concurrent copying GC freed 4923(386KB) AllocSpace objects, 4(80KB) LOS objects, 57% free, 1149KB/2685KB, paused 31us total 4.916ms
02-24 18:05:26.059  3024  3076 I ngs:CryptKeepe: Explicit concurrent copying GC freed 132(52KB) AllocSpace objects, 2(40KB) LOS objects, 33% free, 1021KB/1533KB, paused 44us total 8.971ms
02-24 18:05:26.139  3270  3317 I IServiceProces: Explicit concurrent copying GC freed 3625(317KB) AllocSpace objects, 4(80KB) LOS objects, 55% free, 1226KB/2762KB, paused 25us total 4.801ms
02-24 18:05:26.191  3202  3247 I CServiceProces: Explicit concurrent copying GC freed 24602(1391KB) AllocSpace objects, 4(80KB) LOS objects, 57% free, 1130KB/2666KB, paused 30us total 5.573ms
02-24 18:05:26.243  3180  3232 I eServiceProces: Explicit concurrent copying GC freed 7498(622KB) AllocSpace objects, 4(80KB) LOS objects, 51% free, 1429KB/2965KB, paused 28us total 6.078ms
02-24 18:05:26.261  3180  3220 W JHwRemoteBinder: BinderProxy is being destroyed but the application did not call unlinkToDeath to unlink all of its death recipients beforehand.  Releasing leaked death recipient: com.logitech.service.halmanager.stm.STMHalManager$2
02-24 18:05:26.294  3160  3194 I DServiceProces: Explicit concurrent copying GC freed 3514(368KB) AllocSpace objects, 4(80KB) LOS objects, 57% free, 1146KB/2682KB, paused 27us total 4.559ms
02-24 18:05:26.394  3002  3044 I e.systemservic: Explicit concurrent copying GC freed 1782(422KB) AllocSpace objects, 3(60KB) LOS objects, 55% free, 1208KB/2744KB, paused 26us total 4.586ms
02-24 18:05:26.443  2987  3023 I atform.service: Explicit concurrent copying GC freed 288(85KB) AllocSpace objects, 2(40KB) LOS objects, 60% free, 1003KB/2539KB, paused 26us total 3.575ms
02-24 18:05:26.493  2973  3013 I qtidataservice: Explicit concurrent copying GC freed 2150(271KB) AllocSpace objects, 2(40KB) LOS objects, 58% free, 1073KB/2609KB, paused 27us total 4.274ms
02-24 18:05:26.541  2946  2966 I .dataservices: Explicit concurrent copying GC freed 619(158KB) AllocSpace objects, 2(40KB) LOS objects, 60% free, 1021KB/2557KB, paused 25us total 3.800ms
02-24 18:05:26.614  2649  5859 I ndroid.systemu: Explicit concurrent copying GC freed 56298(3007KB) AllocSpace objects, 7(268KB) LOS objects, 49% free, 5078KB/10157KB, paused 35us total 23.509ms
02-24 18:05:26.631  2281  2395 D CompatibilityInfo: mCompatibilityFlags - 4
02-24 18:05:26.631  2281  2395 D CompatibilityInfo: applicationDensity - 240
02-24 18:05:26.631  2281  2395 D CompatibilityInfo: applicationScale - 1.0
02-24 18:05:26.632   566   566 E SELinux : avc:  denied  { find } for interface=vendor.qti.hardware.servicetracker::IServicetracker sid=u:r:system_server:s0 pid=2281 scontext=u:r:system_server:s0 tcontext=u:object_r:default_android_hwservice:s0 tclass=hwservice_manager permissive=0
02-24 18:05:26.633  3911  3911 I Logi_A_UploadService: Creating UploadService
02-24 18:05:26.634  3911  6359 I Logi_A_UploadManager: There are 1 messages to upload
02-24 18:05:26.732  2281  2827 I system_server: Explicit concurrent copying GC freed 72826(6648KB) AllocSpace objects, 67(2096KB) LOS objects, 42% free, 7211KB/12MB, paused 62us total 46.674ms
02-24 18:05:27.308  5920  5920 D dumpstate: Duration of 'DUMPSYS HIGH': 4.88s
02-24 18:05:27.344  5920  5920 D dumpstate: Adding main entry (bugreport-sdm845-QKQ1.200308.002-2021-02-24-18-05-11.txt) from /data/user_de/0/com.android.shell/files/bugreports/bugreport-sdm845-QKQ1.200308.002-2021-02-24-18-05-11.tmp to .zip bugreport
02-24 18:05:27.344  5920  5920 D dumpstate: dumpstate id 1 finished around 2021/02/24 18:05:27 (16 s)
02-24 18:05:27.571   566   566 E SELinux : avc:  denied  { find } for interface=vendor.qti.hardware.servicetracker::IServicetracker sid=u:r:system_server:s0 pid=2281 scontext=u:r:system_server:s0 tcontext=u:object_r:default_android_hwservice:s0 tclass=hwservice_manager permissive=0
02-24 18:05:27.572   566   566 E SELinux : avc:  denied  { find } for interface=vendor.qti.hardware.servicetracker::IServicetracker sid=u:r:system_server:s0 pid=2281 scontext=u:r:system_server:s0 tcontext=u:object_r:default_android_hwservice:s0 tclass=hwservice_manager permissive=0
02-24 18:05:27.691  5920  5920 D dumpstate: Adding zip text entry main_entry.txt
02-24 18:05:27.692  5920  5920 D dumpstate: Removing temporary file /data/user_de/0/com.android.shell/files/bugreports/bugreport-sdm845-QKQ1.200308.002-2021-02-24-18-05-11.tmp
02-24 18:05:27.693  5920  5920 D dumpstate: Final progress: 440/5000 (estimated 5000)
02-24 18:05:27.693  5920  5920 I dumpstate: Saving stats (total=440, runs=1, average=440) on /bugreports/dumpstate-stats.txt
02-24 18:05:27.694  5920  5920 I dumpstate: done (id 1)
02-24 18:05:27.694  5920  5920 D dumpstate: Closing control socket
02-24 18:05:27.694  5915  5915 I DumpstateRunner: bugreport success in 16.12s, 314 bytes written
02-24 18:05:27.694  5915  5915 I DumpstateRunner: Bugreport captured /data/user_de/0/com.android.shell/files/bugreports/bugreport-sdm845-QKQ1.200308.002-2021-02-24-18-05-11.zip
