02-24 18:05:54.825  6493  6524 W ntegration.tes: Accessing hidden method Lsun/misc/Unsafe;->compareAndSwapObject(Ljava/lang/Object;JLjava/lang/Object;Ljava/lang/Object;)Z (greylist, linking, allowed)
02-24 18:05:54.825  6493  6524 W ntegration.tes: Accessing hidden method Lsun/misc/Unsafe;->putObject(Ljava/lang/Object;JLjava/lang/Object;)V (greylist, linking, allowed)
02-24 18:05:54.826  6493  6493 W ntegration.tes: Accessing hidden method Landroid/view/WindowManagerGlobal;->getInstance()Landroid/view/WindowManagerGlobal; (greylist, reflection, allowed)
02-24 18:05:54.826  6493  6493 W ntegration.tes: Accessing hidden field Landroid/view/WindowManagerGlobal;->mViews:Ljava/util/ArrayList; (greylist, reflection, allowed)
02-24 18:05:54.826  6493  6493 W ntegration.tes: Accessing hidden field Landroid/view/WindowManagerGlobal;->mParams:Ljava/util/ArrayList; (greylist, reflection, allowed)
02-24 18:05:54.830  6493  6493 I ViewInteraction: Performing 'single click' action on view with id is <com.logitech.integration.test:id/camera_button>
02-24 18:05:54.854  6493  6493 D IdlingResourceRegistry: All idling resources are idle.
02-24 18:05:54.874  6493  6493 I chatty  : uid=10062(u0_a62) com.logitech.integration.test identical 30 lines
02-24 18:05:54.874  6493  6493 D IdlingResourceRegistry: All idling resources are idle.
02-24 18:05:54.942  6493  6493 I c.l.i.t.c.FocusDataProvider: [main                ] focus values: min,max=[0,399] current=0
02-24 18:05:54.944  3135  3173 I chatty  : uid=1000(system) Binder:3135_2 expire 179 lines
02-24 18:05:54.948  6493  6493 I c.l.i.t.c.FocusDataProvider: [main                ] ptzf = -3381, -647, 100, 9 
02-24 18:05:54.950  2281  6578 I AdrenoGLES: QUALCOMM build                   : d9f09d1, I5a722204f1
02-24 18:05:54.950  2281  6578 I AdrenoGLES: Build Date                       : 03/18/20
02-24 18:05:54.950  2281  6578 I AdrenoGLES: OpenGL ES Shader Compiler Version: EV031.27.05.06
02-24 18:05:54.950  2281  6578 I AdrenoGLES: Local Branch                     : mybranchea694c7e-2423-f173-bf17-1458d0b52af0
02-24 18:05:54.950  2281  6578 I AdrenoGLES: Remote Branch                    : quic/gfx-adreno.lnx.1.0.r72-rel
02-24 18:05:54.950  2281  6578 I AdrenoGLES: Remote Branch                    : NONE
02-24 18:05:54.950  2281  6578 I AdrenoGLES: Reconstruct Branch               : NOTHING
02-24 18:05:54.950  2281  6578 I AdrenoGLES: Build Config                     : S P 8.0.12 AArch64
02-24 18:05:54.952  2281  6578 I AdrenoGLES: PFP: 0x016ee187, ME: 0x00000000
02-24 18:05:54.968   849  1814 W ServiceManager: Permission failure: android.permission.ACCESS_SURFACE_FLINGER from uid=10062 pid=6493
02-24 18:05:54.968   849  1814 D PermissionCache: checking android.permission.ACCESS_SURFACE_FLINGER for uid=10062 => denied (242 us)
02-24 18:05:55.020  6493  6493 I CameraManagerGlobal: Connecting to camera service
02-24 18:05:55.023  6493  6493 W CameraManagerGlobal: [soar.cts] ignore the status update of camera: 2
02-24 18:05:55.028  2048  2681 I CameraService: CameraService::connect call (PID -1 "com.logitech.integration.test", camera ID 0) for HAL version default and Camera API version 2
02-24 18:05:55.028  2048  2681 I Camera2ClientBase: Camera 0: Opened. Client: com.logitech.integration.test (PID 6493, UID 10062)
02-24 18:05:55.028  2048  2681 I CameraDeviceClient: CameraDeviceClient 0: Opened
02-24 18:05:55.030  2048  2681 D CameraService: operator():  id=0 , status = -2 newstatus=-2
02-24 18:05:55.030  2048  2681 I chatty  : uid=1047(cameraserver) Binder:2048_3 identical 4 lines
02-24 18:05:55.030  2048  2681 D CameraService: operator():  id=0 , status = -2 newstatus=-2
02-24 18:05:55.030  4669  4742 I Logi_CVEngine_JNI_AICVService: native onMainstreamStarted()
02-24 18:05:55.031  4669  4742 I KongCV  : KongCV Controller: mainstream start	[KongController.cpp:773 func:NotifyMainstreamStart]
02-24 18:05:55.031  4669  5093 I KongCV  : KongCV Controller: confirm successful resolution change event	[KongController.cpp:780 func:operator()]
02-24 18:05:55.031  4669  5093 I KongCV  : Setting Detector frequency to 2 FPS	[KongPipeline.cpp:212 func:SetDetectionFps]
02-24 18:05:55.031  3270  3270 D Logi_HDMIS_HDMIInObserver: Called: onCameraUnavailable args: cameraId=[0]
02-24 18:05:55.031  4669  4742 D Logi_CVEngine_CvEngineServiceDelegate: Called: onMainStreamStateChanged args: isStarted=[true]
02-24 18:05:55.031   838  1597 D APM_AudioBoardControl: setParameters: keyvalue cameraFacing=back 
02-24 18:05:55.031   838  1597 E APM_AudioBoardControl: setParameters: mAudio_Parameter == NULL!!!!!
02-24 18:05:55.031   746  6158 D audio_hw_hfp: hfp_set_parameters: enter
02-24 18:05:55.031   787   852 E ANDR-PERF-RESOURCEQS: Failed to apply optimization [2, 1]
02-24 18:05:55.031   787   852 E ANDR-PERF-RESOURCEQS: Failed to apply optimization [2, 0]
02-24 18:05:55.031   746  6158 D audio_hw_hfp: hfp_set_parameters: enter
02-24 18:05:55.031   787   852 E ANDR-PERF-RESOURCEQS: Failed to apply optimization [2, 1]
02-24 18:05:55.031   787   852 E ANDR-PERF-RESOURCEQS: Failed to apply optimization [2, 0]
02-24 18:05:55.031   746  6158 D audio_hw_extn: audio_extn_fm_set_parameters: Enter
02-24 18:05:55.031   746  6158 D audio_hw_hfp: hfp_set_parameters: enter
02-24 18:05:55.031  3381  3422 D Logi_SystemAnalytics: Called: sendMessage args: eventName=[AicvMainstreamStarted], priority=[PRIORITY_50], params=[{}]
02-24 18:05:55.031  3423  3423 D Logi_HKS_MeetingStatusUpdate: Called: updateListenerForHostMode args: collaborationState=[0], CallState=[Idle], DeviceMode=[DEVICE]
02-24 18:05:55.034  6493  6493 I System.out: Cameria ID  = (0)
02-24 18:05:55.043  6493  6493 I OMXClient: IOmx service obtained
02-24 18:05:55.048  6493  6493 I c.l.i.t.c.CameraFragment: [main                ] -----------CameraSettings(fps=30, cameraId=0, videoSize=Point(1920, 1080), cameraRecordOptions=CameraRecordOptions(outputFileName=/data/user/0/com.logitech.integration.test/files/VID_2021_02_24_18_05_54_270.mp4, videoEncoding=2, audioEncoding=3, videoBitRate=10000000, outputFormat=2), autoFocus=false)
02-24 18:05:55.048  6493  6493 I c.l.i.t.c.CameraFragment: [main                ] -----------Record file= /data/user/0/com.logitech.integration.test/files/VID_2021_02_24_18_05_54_270.mp4
02-24 18:05:55.050  2076  4429 I Codec2Client: Creating a Codec2 client to service "software"
02-24 18:05:55.051  2076  4429 I Codec2Client: Client to Codec2 service "software" created
02-24 18:05:55.052  2076  4429 I ConfigStore: vendor::qti::hardware::audiohalext::V1_0::IAudioHalExt::getAVConfigs retrieved:  (default)
02-24 18:05:55.052  2076  4429 I ConfigStore: vendor::qti::hardware::audiohalext::V1_0::IAudioHalExt::getAVConfigs retrieved:  (default)
02-24 18:05:55.056  2076  6589 I OMXClient: IOmx service obtained
02-24 18:05:55.057  2104  3196 I OMXMaster: makeComponentInstance(OMX.qcom.video.encoder.avc) in android.hardwar process
02-24 18:05:55.061  2104  3196 I OMX-VENC: Video encode perflock acquired,handle=26
02-24 18:05:55.061  2104  3196 D PlatformConfig: getInstance: Enter
02-24 18:05:55.061  2104  3196 D PlatformConfig: getInt32 Config name: vidc_enc_log_in value: 0
02-24 18:05:55.061  2104  3196 D PlatformConfig: getInstance: Enter
02-24 18:05:55.061  2104  3196 D PlatformConfig: getInt32 Config name: vidc_enc_log_out value: 0
02-24 18:05:55.061  2104  3196 D PlatformConfig: getInstance: Enter
02-24 18:05:55.061  2104  3196 D PlatformConfig: getInt32 Config name: vidc_enc_csc_custom_matrix value: 0
02-24 18:05:55.064  2104  3196 I OMX-VENC: Component_init : OMX.qcom.video.encoder.avc : return = 0x0
02-24 18:05:55.065  2076  6588 I MediaCodec: MediaCodec will operate in async mode
02-24 18:05:55.065  2104  3196 E OMX-VENC: Enable/Disable allocate-native-handle allowed only in secure session
02-24 18:05:55.065  2104  3196 E OMXNodeInstance: setParameter(0xf1c734c4:qcom.encoder.avc, OMX.google.android.index.allocateNativeHandle(0x7f00005d): Input:0 en=0) ERROR: UnsupportedSetting(0x80001019)
02-24 18:05:55.065  2104  3196 E OMX-VENC: Enable/Disable allocate-native-handle allowed only in secure session
02-24 18:05:55.065  2104  3196 E OMXNodeInstance: setParameter(0xf1c734c4:qcom.encoder.avc, OMX.google.android.index.allocateNativeHandle(0x7f00005d): Output:1 en=0) ERROR: UnsupportedSetting(0x80001019)
02-24 18:05:55.065  2104  3196 E OMX-VENC: set_parameter: metamode is valid for input port only
02-24 18:05:55.065  2104  3196 W OMXNodeInstance: [0xf1c734c4:qcom.encoder.avc] component does not support metadata mode; using fallback
02-24 18:05:55.065  2076  6589 I ExtendedACodec: setupVideoEncoder()
02-24 18:05:55.065  2076  6589 W OMXUtils: do not know color format 0x7fa30c06 = 2141391878
02-24 18:05:55.065  2076  6589 W OMXUtils: do not know color format 0x7fa30c04 = 2141391876
02-24 18:05:55.066  2076  6589 W OMXUtils: do not know color format 0x7fa30c00 = 2141391872
02-24 18:05:55.066  2076  6589 W OMXUtils: do not know color format 0x7fa30c09 = 2141391881
02-24 18:05:55.066  2076  6589 W OMXUtils: do not know color format 0x7fa30c0a = 2141391882
02-24 18:05:55.066  2076  6589 W OMXUtils: do not know color format 0x7fa30c08 = 2141391880
02-24 18:05:55.066  2076  6589 W OMXUtils: do not know color format 0x7fa30c07 = 2141391879
02-24 18:05:55.066  2076  6589 W OMXUtils: do not know color format 0x7f000789 = 2130708361
02-24 18:05:55.067  2104  3196 E OMX-VENC: venc_dev: Unsupported eColorFormat 0x7f000789
02-24 18:05:55.068  2104  3196 I OMX-VENC: venc_dev: v4l2 profile : 1 flags : 131095 
02-24 18:05:55.068  2104  3196 I OMX-VENC: venc_dev: v4l2 profile : 0 flags : 131095 
02-24 18:05:55.068  2104  3196 I OMX-VENC: venc_dev: v4l2 profile : 2 flags : 131095 
02-24 18:05:55.068  2104  3196 I OMX-VENC: venc_dev: v4l2 profile : 17 flags : 131095 
02-24 18:05:55.068  2104  3196 I OMX-VENC: venc_dev: v4l2 profile : 4 flags : 131095 
02-24 18:05:55.068  2076  6589 I ACodec  : setupAVCEncoderParameters with [profile: High] [level: Level1]
02-24 18:05:55.068  2104  3196 E OMX-VENC: Failed to update the profile_level
02-24 18:05:55.069  2076  6589 I ACodec  : [OMX.qcom.video.encoder.avc] cannot encode HDR static metadata. Ignoring.
02-24 18:05:55.069  2076  6589 I ACodec  : setupVideoEncoder succeeded
02-24 18:05:55.069  2076  6589 I ExtendedACodec: [OMX.qcom.video.encoder.avc] configure, AMessage : AMessage(what = 'conf', target = 2) = {
02-24 18:05:55.069  2076  6589 I ExtendedACodec:   string mime = "video/avc"
02-24 18:05:55.069  2076  6589 I ExtendedACodec:   int32_t width = 1920
02-24 18:05:55.069  2076  6589 I ExtendedACodec:   int32_t height = 1080
02-24 18:05:55.069  2076  6589 I ExtendedACodec:   int32_t stride = 1920
02-24 18:05:55.069  2076  6589 I ExtendedACodec:   int32_t slice-height = 1080
02-24 18:05:55.069  2076  6589 I ExtendedACodec:   int32_t color-format = 2130708361
02-24 18:05:55.069  2076  6589 I ExtendedACodec:   int32_t bitrate = 10000000
02-24 18:05:55.069  2076  6589 I ExtendedACodec:   int32_t frame-rate = 30
02-24 18:05:55.069  2076  6589 I ExtendedACodec:   int32_t i-frame-interval = 1
02-24 18:05:55.069  2076  6589 I ExtendedACodec:   int32_t priority = 0
02-24 18:05:55.069  2076  6589 I ExtendedACodec:   int32_t feature-nal-length-bitstream = 1
02-24 18:05:55.069  2076  6589 I ExtendedACodec:   int32_t nal-length-in-bytes = 4
02-24 18:05:55.069  2076  6589 I ExtendedACodec:   int32_t isNativeRecorder = 1
02-24 18:05:55.069  2076  6589 I ExtendedACodec:   int32_t create-input-buffers-suspended = 1
02-24 18:05:55.069  2076  6589 I ExtendedACodec:   int32_t encoder = 1
02-24 18:05:55.069  2076  6589 I ExtendedACodec: }
02-24 18:05:55.069  2076  6589 W OMXUtils: do not know color format 0x7f000789 = 2130708361
02-24 18:05:55.069  2104  3196 E OMX-VENC: ERROR: unsupported index 1870659589
02-24 18:05:55.069  2104  3196 E OMXNodeInstance: getConfig(0xf1c734c4:qcom.encoder.avc, ConfigLatency(0x6f800005)) ERROR: UnsupportedIndex(0x8000101a)
02-24 18:05:55.073  2104  3196 E OMXNodeInstance: setConfig(0xf1c734c4:qcom.encoder.avc, ??(0x600001a)) ERROR: UnsupportedSetting(0x80001019)
02-24 18:05:55.073  2104  3196 E OMX-VENC: Does not handle dataspace request
02-24 18:05:55.073  2104  3196 E OMXNodeInstance: getConfig(0xf1c734c4:qcom.encoder.avc, ??(0x7f000062)) ERROR: UnsupportedSetting(0x80001019)
02-24 18:05:55.074  2104  2198 D GraphicBufferSource: setting dataspace: 0x104, acquired=0
02-24 18:05:55.074  2104  3196 D GraphicBufferSource: requesting color aspects (R:2(Limited), P:1(BT709_5), M:1(BT709_5), T:3(SMPTE170M))
02-24 18:05:55.097   838  1597 W ServiceManager: Permission failure: android.permission.CAPTURE_AUDIO_OUTPUT from uid=10062 pid=6493
02-24 18:05:55.097   838  1597 D PermissionCache: checking android.permission.CAPTURE_AUDIO_OUTPUT for uid=10062 => denied (119 us)
02-24 18:05:55.097   838  1597 W ServiceManager: Permission failure: android.permission.CAPTURE_AUDIO_HOTWORD from uid=10062 pid=6493
02-24 18:05:55.097   838  1597 D PermissionCache: checking android.permission.CAPTURE_AUDIO_HOTWORD for uid=10062 => denied (85 us)
02-24 18:05:55.097   838  1597 I ConfigStore: vendor::qti::hardware::audiohalext::V1_0::IAudioHalExt::getApmConfigs retrieved:  (default)
02-24 18:05:55.097   746   840 I audio_hw_primary: in adev_open_input_stream, in->source = 1
02-24 18:05:55.097   746   840 W audio_hw_utils: audio_extn_utils_update_stream_input_app_type_cfg: App type could not be selected. Falling back to default
02-24 18:05:55.098   838  6594 I AudioFlinger: AudioFlinger's thread 0x749167ffc0 tid=6594 ready to run
02-24 18:05:55.100  2076  4429 W AudioRecord: createRecord_l(21): Server adjusted notificationFrames from 1024 to 160 for frameCount 2048
02-24 18:05:55.100  2076  4429 I ConfigStore: vendor::qti::hardware::audiohalext::V1_0::IAudioHalExt::getAVConfigs retrieved:  (default)
02-24 18:05:55.100  2076  4429 I ConfigStore: vendor::qti::hardware::audiohalext::V1_0::IAudioHalExt::getAVConfigs retrieved:  (default)
02-24 18:05:55.101  2076  6595 I OMXClient: IOmx service obtained
02-24 18:05:55.101  2104  3196 I OMXMaster: makeComponentInstance(OMX.qcom.audio.encoder.aac) in android.hardwar process
02-24 18:05:55.104  2104  3196 E         :  component init: role = OMX.qcom.audio.encoder.aac
02-24 18:05:55.107  2154  2183 I /vendor/bin/adsprpcd: vendor/qcom/proprietary/commonsys-intf/adsprpc/src/mod_table.c:677: open_mod_table_open_from_static: reverse module apps_std opened with handle 0xc99fc088 (idx 0)
02-24 18:05:55.108  2154  2183 I /vendor/bin/adsprpcd: vendor/qcom/proprietary/commonsys-intf/adsprpc/src/apps_std_imp.c:722: Successfully opened file /vendor/dsp/adsp/EtsiEaacPlusEncAndCmnModule.so.1
02-24 18:05:55.121  2155  2188 V /vendor/bin/cdsprpcd: vendor/qcom/proprietary/commonsys-intf/adsprpc/src/sysmon_cdsp_imp.c:45: Got L3 frequency request from CDSP for 576000KHz
02-24 18:05:55.126  2104  3196 W media.codec: Failed to obtain quirks for omx component 'OMX.qcom.audio.encoder.aac' from XML files
02-24 18:05:55.127  2076  6595 I MediaCodec: MediaCodec will operate in async mode
02-24 18:05:55.127  2104  3196 E OMXNodeInstance: setConfig(0xf22de004:qcom.encoder.aac, ConfigPriority(0x6f800002)) ERROR: UnsupportedIndex(0x8000101a)
02-24 18:05:55.127  2076  6595 I ACodec  : codec does not support config priority (err -1010)
02-24 18:05:55.127  2104  3196 E OMXNodeInstance: getExtensionIndex(0xf22de004:qcom.encoder.aac, OMX.google.android.index.storeMetaDataInBuffers) ERROR: BadParameter(0x80001005)
02-24 18:05:55.128  2104  3196 E OMXNodeInstance: setConfig(0xf22de004:qcom.encoder.aac, ConfigPriority(0x6f800002)) ERROR: UnsupportedIndex(0x8000101a)
02-24 18:05:55.128  2076  6595 I ACodec  : codec does not support config priority (err -1010)
02-24 18:05:55.128  2104  3196 E OMXNodeInstance: getConfig(0xf22de004:qcom.encoder.aac, ConfigAndroidVendorExtension(0x6f100004)) ERROR: UnsupportedIndex(0x8000101a)
02-24 18:05:55.129  2076  6595 W ExtendedACodec: Failed to get extension for extradata parameter
02-24 18:05:55.134  2076  4429 D MPEG4Writer: Video track stopping. Stop source
02-24 18:05:55.134  2076  4429 E MPEG4Writer: Stop() called but track is not started
02-24 18:05:55.135  2076  4429 D MPEG4Writer: Audio track stopping. Stop source
02-24 18:05:55.135  2076  4429 E MPEG4Writer: Stop() called but track is not started
02-24 18:05:55.135  2076  4429 W StagefrightRecorder: stop while neither recording nor paused
02-24 18:05:55.153  2104  3196 E         : component_deinit:COMPONENT DEINIT...
02-24 18:05:55.153  2104  3196 E         : AAC Object getting destroyed comp-deinit=1
02-24 18:05:55.153  2104  3196 E         : OMX AAC component destroyed
02-24 18:05:55.161  2104  6591 E OMX-VENC: venc_dev: async_venc_message_thread interrupted to be exited
02-24 18:05:55.161  2104  3196 I OMX-VENC: Component Deinit
02-24 18:05:55.162  2104  3196 I OMX-VENC: Video encode perflock released
02-24 18:05:55.167  2048  2681 W CameraDeviceClient: createSurfaceFromGbp: Camera 0 with consumer usage flag: 2304: Forcing asynchronous mode for stream
02-24 18:05:55.168  2048  2681 W CameraDeviceClient: createSurfaceFromGbp: Camera 0: Overriding format 0x4 to IMPLEMENTATION_DEFINED
02-24 18:05:55.170  2048  2681 W H2BGraphicBufferProducer: getConsumerUsage is not fully supported
02-24 18:05:55.171  2048  2681 W H2BGraphicBufferProducer: getConsumerUsage is not fully supported
02-24 18:05:55.177   752  5088 I CamX    : [ INFO][STATS_AEC] qcaecalgorithminterface.cpp:593 AECAlgoSetNodeInterface() VendorTagBaseForAF: 2153250816
02-24 18:05:55.187   752  5113 I /vendor/bin/hw/android.hardware.camera.provider@2.4-service_64: vendor/qcom/proprietary/commonsys-intf/adsprpc/src/apps_std_imp.c:741: Successfully opened file /vendor/lib/rfsa/adsp/libcamera_nn_skel.so
02-24 18:05:55.201   752   983 E /vendor/bin/hw/android.hardware.camera.provider@2.4-service_64: vendor/qcom/proprietary/commonsys-intf/adsprpc/src/fastrpc_apps_user.c:1143: Error 0xfffffffb: remote_handle_open_domain: dynamic loading failed for camera_nn on domain 3 (dlerror undefined symbol PLT  #537 HAP_request_async_VTCM in ./libcamera_nn_skel.so)
02-24 18:05:55.201   752   983 E /vendor/bin/hw/android.hardware.camera.provider@2.4-service_64: vendor/qcom/proprietary/commonsys-intf/adsprpc/src/fastrpc_apps_user.c:1156: Error 0xfffffffb: remote_handle_open failed for camera_nn
02-24 18:05:55.201   752   983 E /vendor/bin/hw/android.hardware.camera.provider@2.4-service_64: vendor/qcom/proprietary/commonsys-intf/adsprpc/src/fastrpc_apps_user.c:1078: Error 0x2c: remote_handle_invoke failed for handle 0xffffffff, method 16 on domain 3 (sc 0x10000000)
02-24 18:05:55.201   752  5113 I /vendor/bin/hw/android.hardware.camera.provider@2.4-service_64: vendor/qcom/proprietary/commonsys-intf/adsprpc/src/apps_std_imp.c:741: Successfully opened file /vendor/lib/rfsa/adsp/libcamera_nn_skel.so
02-24 18:05:55.216   752   983 E /vendor/bin/hw/android.hardware.camera.provider@2.4-service_64: vendor/qcom/proprietary/commonsys-intf/adsprpc/src/fastrpc_apps_user.c:1143: Error 0xfffffffb: remote_handle_open_domain: dynamic loading failed for camera_nn on domain 3 (dlerror undefined symbol PLT  #537 HAP_request_async_VTCM in ./libcamera_nn_skel.so)
02-24 18:05:55.216   752   983 E /vendor/bin/hw/android.hardware.camera.provider@2.4-service_64: vendor/qcom/proprietary/commonsys-intf/adsprpc/src/fastrpc_apps_user.c:1156: Error 0xfffffffb: remote_handle_open failed for camera_nn
02-24 18:05:55.216   752   983 E /vendor/bin/hw/android.hardware.camera.provider@2.4-service_64: vendor/qcom/proprietary/commonsys-intf/adsprpc/src/fastrpc_apps_user.c:1078: Error 0x2c: remote_handle_invoke failed for handle 0xffffffff, method 19 on domain 3 (sc 0x13010000)
02-24 18:05:55.216   752   983 W CamX    : [ WARN][FD     ] camxfdenginelibwrapper.cpp:2743 FDELibWrapperCameraNNSetup() Set DSP power TURBO failed! nnResult = 44
02-24 18:05:55.216   752   983 W CamX    : [ WARN][FD     ] camxfdenginelibwrapper.cpp:684 FDELibWrapperCreateDLHandle() Failure in FDELibWrapperCameraNNSetup()
02-24 18:05:55.216   752   983 W CamX    : [ WARN][FD     ] camxfdengine.cpp:242 FDEngineCreate() Create DL handle failure, use standard solution, engineType 3, result = 1
02-24 18:05:55.252  3135  3227 I chatty  : uid=1000(system) HwBinder:3135_1 expire 6 lines
02-24 18:05:55.253  3296  3367 D Logi_AudioS: Called: notifyPtzfMotorState args: state=[[0, 0, 0, 1]]
02-24 18:05:55.253  3296  3367 D Logi_AudioS_AudioServiceDelegate: Called: setMotorState args: state=[1000]
02-24 18:05:55.253   774   792 D logi_hid-service: id = 0x1 ,command = 0x511 len = 2
02-24 18:05:55.253   774   792 D logi_hid-service: value.data[0] : 0x8
02-24 18:05:55.254   774   792 D logi_hid-service: value.data[1] : 0x0
02-24 18:05:55.262  6493  6512 I c.l.i.t.h.p.PtzListenerHelper: [Binder:6493_3       ] PTZ Moving = FOCUS
02-24 18:05:55.278  3296  3367 D Logi_AudioS: Called: notifyPtzfMotorState args: state=[[0, 0, 0, 0]]
02-24 18:05:55.278  3296  3367 D Logi_AudioS_AudioServiceDelegate: Called: setMotorState args: state=[0]
02-24 18:05:55.279   774   792 D logi_hid-service: id = 0x1 ,command = 0x511 len = 2
02-24 18:05:55.279   774   792 D logi_hid-service: value.data[0] : 0x0
02-24 18:05:55.279   774   792 D logi_hid-service: value.data[1] : 0x0
02-24 18:05:55.279  6493  6511 I c.l.i.t.c.FocusDataProvider: [Binder:6493_2       ] focus changed: newValue=0
02-24 18:05:55.279  6493  6511 I c.l.i.t.c.FocusDataProvider: [Binder:6493_2       ] focus changed: updated=9
02-24 18:05:55.282  6493  6512 I c.l.i.t.h.p.PtzListenerHelper: [Binder:6493_3       ] 	Ptz Focus --> 0
02-24 18:05:55.285  6493  6512 I c.l.i.t.h.p.PtzListenerHelper: [Binder:6493_3       ] 	Ptz Pan --> -3381
02-24 18:05:55.286  2048  2681 W H2BGraphicBufferProducer: getConsumerUsage is not fully supported
02-24 18:05:55.286  2048  2681 W H2BGraphicBufferProducer: getConsumerUsage is not fully supported
02-24 18:05:55.286  2048  2681 W H2BGraphicBufferProducer: getConsumerUsage is not fully supported
02-24 18:05:55.286  2048  2681 W H2BGraphicBufferProducer: getConsumerUsage is not fully supported
02-24 18:05:55.287  2048  2681 D Camera3-Device: Set real time priority for request queue thread (tid 6584)
02-24 18:05:55.287  6493  6512 I c.l.i.t.h.p.PtzListenerHelper: [Binder:6493_3       ] 	Ptz Tilt --> -647
02-24 18:05:55.288  6493  6576 W ntegration.tes: Long monitor contention with owner main (6493) at void android.os.Parcel.freeBuffer()(Parcel.java:3196) waiters=0 in void android.hardware.camera2.impl.CameraDeviceImpl$4.run() for 120ms
02-24 18:05:55.288  6493  6512 I c.l.i.t.h.p.PtzListenerHelper: [Binder:6493_3       ] 	Ptz Zoom --> 100
02-24 18:05:55.291  2048  6584 W H2BGraphicBufferProducer: getConsumerUsage is not fully supported
02-24 18:05:55.292  6493  6493 D IdlingResourceRegistry: All idling resources are idle.
02-24 18:05:55.292  6493  6493 D IdlingResourceRegistry: All idling resources are idle.
02-24 18:05:55.294   752   990 I CamX    : [ INFO][CORE   ] camxchitintlessinterface.cpp:68 TintlessAlgoDestory() Tintless Algo Destroy
02-24 18:05:55.297  6493  6512 I c.l.i.t.h.p.PtzListenerHelper: [Binder:6493_3       ] ptz is = P = -3381, T = -647, Z = 100, F = 0
02-24 18:05:55.297  6493  6512 I c.l.i.t.h.p.PtzListenerHelper: [Binder:6493_3       ] PTZ Moving = none
02-24 18:05:55.300  6493  6512 I c.l.i.t.h.p.PtzListenerHelper: [Binder:6493_3       ] 	Ptz Focus --> 0
02-24 18:05:55.302  6493  6512 I c.l.i.t.h.p.PtzListenerHelper: [Binder:6493_3       ] 	Ptz Pan --> -3381
02-24 18:05:55.304  6493  6512 I c.l.i.t.h.p.PtzListenerHelper: [Binder:6493_3       ] 	Ptz Tilt --> -647
02-24 18:05:55.306   752   990 I CamX    : [ INFO][STATS_AEC] qcaecalgorithminterface.cpp:593 AECAlgoSetNodeInterface() VendorTagBaseForAF: 2153250816
02-24 18:05:55.307  6493  6512 I c.l.i.t.h.p.PtzListenerHelper: [Binder:6493_3       ] 	Ptz Zoom --> 100
02-24 18:05:55.310  4669  5093 V KongCV  : Navigation Got persons: [] Mainstream resolution: (1920x1080) at: (-0.94, -0.18, 1x)	[KongController.cpp:1130 func:InvokeNavigation]
02-24 18:05:55.310  4669  5093 V KongCV  : State:  Regular : no persons detected	[SceneVisibilityAnalyzer.cpp:348 func:EvaluateSceneVisibilityState]
02-24 18:05:55.310  4669  5093 V KongCV  : No persons around	[CropEstimator.cpp:91 func:EstimatePtz]
02-24 18:05:55.310  4669  5093 V KongCV  : Adaptive threshold kicked in:	[SacaCropEstimator.cpp:83 func:AdaptiveThresholdsAllowMovement]
02-24 18:05:55.310  4669  5093 V KongCV  : ----Adaptive regularization: 1	[SacaCropEstimator.cpp:84 func:AdaptiveThresholdsAllowMovement]
02-24 18:05:55.310  4669  5093 V KongCV  : ----Adaptive thresholds: (3, 3, 0.3x) for zoom: 1	[SacaCropEstimator.cpp:85 func:AdaptiveThresholdsAllowMovement]
02-24 18:05:55.310  4669  5093 V KongCV  : ----Cur PTZ: (-0.94, -0.18, 1x) Proposed PTZ: (0, 0, 1x)	[SacaCropEstimator.cpp:86 func:AdaptiveThresholdsAllowMovement]
02-24 18:05:55.310  4669  5093 V KongCV  : ----PTZ Diff: (-0.94, -0.18, 0x)	[SacaCropEstimator.cpp:87 func:AdaptiveThresholdsAllowMovement]
02-24 18:05:55.310  4669  5093 V KongCV  : RACER Left/Right    : -0.100000 <-> -0.100000 OUT: -0.100000 <-> -0.100000	[AngularRacers.cpp:257 func:_accumulateScores]
02-24 18:05:55.310  4669  5093 V KongCV  : RACER Top/Bottom    : -0.100000 <-> -0.100000 OUT: -0.100000 <-> -0.100000	[AngularRacers.cpp:258 func:_accumulateScores]
02-24 18:05:55.310  4669  5093 V KongCV  : RACER Empty/ZoomIn  : 0.800000 <-> -0.100000	[AngularRacers.cpp:259 func:_accumulateScores]
02-24 18:05:55.310  4669  5093 V KongCV  : RACER Horz/Vert disb: -0.100000 <-> -0.100000	[AngularRacers.cpp:260 func:_accumulateScores]
02-24 18:05:55.313   752  5113 I /vendor/bin/hw/android.hardware.camera.provider@2.4-service_64: vendor/qcom/proprietary/commonsys-intf/adsprpc/src/apps_std_imp.c:741: Successfully opened file /vendor/lib/rfsa/adsp/libcamera_nn_skel.so
02-24 18:05:55.328   752   983 E /vendor/bin/hw/android.hardware.camera.provider@2.4-service_64: vendor/qcom/proprietary/commonsys-intf/adsprpc/src/fastrpc_apps_user.c:1143: Error 0xfffffffb: remote_handle_open_domain: dynamic loading failed for camera_nn on domain 3 (dlerror undefined symbol PLT  #537 HAP_request_async_VTCM in ./libcamera_nn_skel.so)
02-24 18:05:55.328   752   983 E /vendor/bin/hw/android.hardware.camera.provider@2.4-service_64: vendor/qcom/proprietary/commonsys-intf/adsprpc/src/fastrpc_apps_user.c:1156: Error 0xfffffffb: remote_handle_open failed for camera_nn
02-24 18:05:55.328   752   983 E /vendor/bin/hw/android.hardware.camera.provider@2.4-service_64: vendor/qcom/proprietary/commonsys-intf/adsprpc/src/fastrpc_apps_user.c:1078: Error 0x2c: remote_handle_invoke failed for handle 0xffffffff, method 16 on domain 3 (sc 0x10000000)
02-24 18:05:55.328   752  5113 I /vendor/bin/hw/android.hardware.camera.provider@2.4-service_64: vendor/qcom/proprietary/commonsys-intf/adsprpc/src/apps_std_imp.c:741: Successfully opened file /vendor/lib/rfsa/adsp/libcamera_nn_skel.so
02-24 18:05:55.335   777   777 D LogiHALPtz-hal: LogiHALPtz readFile() data=79fdffff00
02-24 18:05:55.335   777   777 D LogiHALPtz-hal: , len=13
02-24 18:05:55.335   777   777 D LogiHALPtz-hal: LogiHALPtz writeFile() cmd=R_CMD:ZF:08:3
02-24 18:05:55.335   777   777 D LogiHALPtz-hal: , len=14
02-24 18:05:55.336   777   777 D LogiHALPtz-hal: LogiHALPtz readFile() data=640000
02-24 18:05:55.336   777   777 D LogiHALPtz-hal: , len=9
02-24 18:05:55.337   777   777 D LogiHALPtz-hal: LogiHALPtz writeFile() cmd=R_CMD:ZF:0B:3
02-24 18:05:55.337   777   777 D LogiHALPtz-hal: , len=14
02-24 18:05:55.338   777   777 D LogiHALPtz-hal: LogiHALPtz readFile() data=000000
02-24 18:05:55.338   777   777 D LogiHALPtz-hal: , len=9
02-24 18:05:55.338  6493  6512 I c.l.i.t.h.p.PtzListenerHelper: [Binder:6493_3       ] ptz is = P = -3381, T = -647, Z = 100, F = 0
02-24 18:05:55.339  2048  6584 D Camera3-Device: Set real time priority for request queue thread (tid 6584)
02-24 18:05:55.341   752   983 E /vendor/bin/hw/android.hardware.camera.provider@2.4-service_64: vendor/qcom/proprietary/commonsys-intf/adsprpc/src/fastrpc_apps_user.c:1143: Error 0xfffffffb: remote_handle_open_domain: dynamic loading failed for camera_nn on domain 3 (dlerror undefined symbol PLT  #537 HAP_request_async_VTCM in ./libcamera_nn_skel.so)
02-24 18:05:55.342   752   983 E /vendor/bin/hw/android.hardware.camera.provider@2.4-service_64: vendor/qcom/proprietary/commonsys-intf/adsprpc/src/fastrpc_apps_user.c:1156: Error 0xfffffffb: remote_handle_open failed for camera_nn
02-24 18:05:55.342   752   983 E /vendor/bin/hw/android.hardware.camera.provider@2.4-service_64: vendor/qcom/proprietary/commonsys-intf/adsprpc/src/fastrpc_apps_user.c:1078: Error 0x2c: remote_handle_invoke failed for handle 0xffffffff, method 19 on domain 3 (sc 0x13010000)
02-24 18:05:55.342   752   983 W CamX    : [ WARN][FD     ] camxfdenginelibwrapper.cpp:2743 FDELibWrapperCameraNNSetup() Set DSP power TURBO failed! nnResult = 44
02-24 18:05:55.342   752   983 W CamX    : [ WARN][FD     ] camxfdenginelibwrapper.cpp:684 FDELibWrapperCreateDLHandle() Failure in FDELibWrapperCameraNNSetup()
02-24 18:05:55.342   752   983 W CamX    : [ WARN][FD     ] camxfdengine.cpp:242 FDEngineCreate() Create DL handle failure, use standard solution, engineType 3, result = 1
02-24 18:05:55.442  6493  6493 D IdlingResourceRegistry: All idling resources are idle.
02-24 18:05:55.508  6493  6493 D IdlingResourceRegistry: All idling resources are idle.
02-24 18:05:55.508  6493  6524 W ntegration.tes: Accessing hidden method Lsun/misc/Unsafe;->compareAndSwapObject(Ljava/lang/Object;JLjava/lang/Object;Ljava/lang/Object;)Z (greylist, linking, allowed)
02-24 18:05:55.508  6493  6493 D IdlingResourceRegistry: All idling resources are idle.
02-24 18:05:55.508  6493  6574 W ntegration.tes: Accessing hidden method Lsun/misc/Unsafe;->compareAndSwapObject(Ljava/lang/Object;JLjava/lang/Object;Ljava/lang/Object;)Z (greylist, linking, allowed)
02-24 18:05:55.509  6493  6493 I ViewInteraction: Performing 'single click' action on view with id is <com.logitech.integration.test:id/capture_button>
02-24 18:05:55.514  6493  6493 D IdlingResourceRegistry: All idling resources are idle.
02-24 18:05:55.552  6493  6493 D IdlingResourceRegistry: All idling resources are idle.
02-24 18:05:55.560  2076  4429 W StagefrightRecorder: stop while neither recording nor paused
02-24 18:05:55.560  6493  6493 D IdlingResourceRegistry: All idling resources are idle.
02-24 18:05:55.560  6493  6493 D IdlingResourceRegistry: All idling resources are idle.
02-24 18:05:55.561  6493  6607 I c.l.i.t.c.CameraFragment: [DefaultDispatcher-worker-1] -----------CameraSettings(fps=30, cameraId=0, videoSize=Point(1920, 1080), cameraRecordOptions=CameraRecordOptions(outputFileName=/data/user/0/com.logitech.integration.test/files/VID_2021_02_24_18_05_54_270.mp4, videoEncoding=2, audioEncoding=3, videoBitRate=10000000, outputFormat=2), autoFocus=false)
02-24 18:05:55.561  6493  6607 I c.l.i.t.c.CameraFragment: [DefaultDispatcher-worker-1] -----------Record file= /data/user/0/com.logitech.integration.test/files/VID_2021_02_24_18_05_54_270.mp4
02-24 18:05:55.562  2076  4429 I Codec2Client: Creating a Codec2 client to service "software"
02-24 18:05:55.563  2076  4429 I Codec2Client: Client to Codec2 service "software" created
02-24 18:05:55.563  2076  4429 I ConfigStore: vendor::qti::hardware::audiohalext::V1_0::IAudioHalExt::getAVConfigs retrieved:  (default)
02-24 18:05:55.564  2076  4429 I ConfigStore: vendor::qti::hardware::audiohalext::V1_0::IAudioHalExt::getAVConfigs retrieved:  (default)
02-24 18:05:55.566  2076  6612 I OMXClient: IOmx service obtained
02-24 18:05:55.566  2104  3196 I OMXMaster: makeComponentInstance(OMX.qcom.video.encoder.avc) in android.hardwar process
02-24 18:05:55.570  2104  3196 I OMX-VENC: Video encode perflock acquired,handle=29
02-24 18:05:55.570  2104  3196 D PlatformConfig: getInstance: Enter
02-24 18:05:55.570  2104  3196 D PlatformConfig: getInt32 Config name: vidc_enc_log_in value: 0
02-24 18:05:55.570  2104  3196 D PlatformConfig: getInstance: Enter
02-24 18:05:55.570  2104  3196 D PlatformConfig: getInt32 Config name: vidc_enc_log_out value: 0
02-24 18:05:55.570  2104  3196 D PlatformConfig: getInstance: Enter
02-24 18:05:55.570  2104  3196 D PlatformConfig: getInt32 Config name: vidc_enc_csc_custom_matrix value: 0
02-24 18:05:55.571  2104  3196 I OMX-VENC: Component_init : OMX.qcom.video.encoder.avc : return = 0x0
02-24 18:05:55.572  2076  6611 I MediaCodec: MediaCodec will operate in async mode
02-24 18:05:55.572  2104  3196 E OMX-VENC: Enable/Disable allocate-native-handle allowed only in secure session
02-24 18:05:55.572  2104  3196 E OMXNodeInstance: setParameter(0xf1c734c4:qcom.encoder.avc, OMX.google.android.index.allocateNativeHandle(0x7f00005d): Input:0 en=0) ERROR: UnsupportedSetting(0x80001019)
02-24 18:05:55.572  2104  3051 E OMX-VENC: Enable/Disable allocate-native-handle allowed only in secure session
02-24 18:05:55.572  2104  3051 E OMXNodeInstance: setParameter(0xf1c734c4:qcom.encoder.avc, OMX.google.android.index.allocateNativeHandle(0x7f00005d): Output:1 en=0) ERROR: UnsupportedSetting(0x80001019)
02-24 18:05:55.572  2104  3051 E OMX-VENC: set_parameter: metamode is valid for input port only
02-24 18:05:55.572  2104  3051 W OMXNodeInstance: [0xf1c734c4:qcom.encoder.avc] component does not support metadata mode; using fallback
02-24 18:05:55.572  2076  6612 I ExtendedACodec: setupVideoEncoder()
02-24 18:05:55.573  2076  6612 W OMXUtils: do not know color format 0x7fa30c06 = 2141391878
02-24 18:05:55.573  2076  6612 W OMXUtils: do not know color format 0x7fa30c04 = 2141391876
02-24 18:05:55.573  2076  6612 W OMXUtils: do not know color format 0x7fa30c00 = 2141391872
02-24 18:05:55.573  2076  6612 W OMXUtils: do not know color format 0x7fa30c09 = 2141391881
02-24 18:05:55.573  2076  6612 W OMXUtils: do not know color format 0x7fa30c0a = 2141391882
02-24 18:05:55.573  2076  6612 W OMXUtils: do not know color format 0x7fa30c08 = 2141391880
02-24 18:05:55.573  2076  6612 W OMXUtils: do not know color format 0x7fa30c07 = 2141391879
02-24 18:05:55.574  2076  6612 W OMXUtils: do not know color format 0x7f000789 = 2130708361
02-24 18:05:55.574  2104  3051 E OMX-VENC: venc_dev: Unsupported eColorFormat 0x7f000789
02-24 18:05:55.575  2104  3051 I OMX-VENC: venc_dev: v4l2 profile : 1 flags : 131095 
02-24 18:05:55.575  2104  3051 I OMX-VENC: venc_dev: v4l2 profile : 0 flags : 131095 
02-24 18:05:55.575  2104  3051 I OMX-VENC: venc_dev: v4l2 profile : 2 flags : 131095 
02-24 18:05:55.575  2104  3051 I OMX-VENC: venc_dev: v4l2 profile : 17 flags : 131095 
02-24 18:05:55.575  2104  3051 I OMX-VENC: venc_dev: v4l2 profile : 4 flags : 131095 
02-24 18:05:55.575  2076  6612 I ACodec  : setupAVCEncoderParameters with [profile: High] [level: Level1]
02-24 18:05:55.575  2104  3051 E OMX-VENC: Failed to update the profile_level
02-24 18:05:55.576  2076  6612 I ACodec  : [OMX.qcom.video.encoder.avc] cannot encode HDR static metadata. Ignoring.
02-24 18:05:55.576  2076  6612 I ACodec  : setupVideoEncoder succeeded
02-24 18:05:55.576  2076  6612 I ExtendedACodec: [OMX.qcom.video.encoder.avc] configure, AMessage : AMessage(what = 'conf', target = 8) = {
02-24 18:05:55.576  2076  6612 I ExtendedACodec:   string mime = "video/avc"
02-24 18:05:55.576  2076  6612 I ExtendedACodec:   int32_t width = 1920
02-24 18:05:55.576  2076  6612 I ExtendedACodec:   int32_t height = 1080
02-24 18:05:55.576  2076  6612 I ExtendedACodec:   int32_t stride = 1920
02-24 18:05:55.576  2076  6612 I ExtendedACodec:   int32_t slice-height = 1080
02-24 18:05:55.576  2076  6612 I ExtendedACodec:   int32_t color-format = 2130708361
02-24 18:05:55.576  2076  6612 I ExtendedACodec:   int32_t bitrate = 10000000
02-24 18:05:55.576  2076  6612 I ExtendedACodec:   int32_t frame-rate = 30
02-24 18:05:55.576  2076  6612 I ExtendedACodec:   int32_t i-frame-interval = 1
02-24 18:05:55.576  2076  6612 I ExtendedACodec:   int32_t priority = 0
02-24 18:05:55.576  2076  6612 I ExtendedACodec:   int32_t feature-nal-length-bitstream = 1
02-24 18:05:55.576  2076  6612 I ExtendedACodec:   int32_t nal-length-in-bytes = 4
02-24 18:05:55.576  2076  6612 I ExtendedACodec:   int32_t isNativeRecorder = 1
02-24 18:05:55.576  2076  6612 I ExtendedACodec:   int32_t create-input-buffers-suspended = 1
02-24 18:05:55.576  2076  6612 I ExtendedACodec:   int32_t encoder = 1
02-24 18:05:55.576  2076  6612 I ExtendedACodec: }
02-24 18:05:55.576  2076  6612 W OMXUtils: do not know color format 0x7f000789 = 2130708361
02-24 18:05:55.576  2104  3051 E OMX-VENC: ERROR: unsupported index 1870659589
02-24 18:05:55.576  2104  3051 E OMXNodeInstance: getConfig(0xf1c734c4:qcom.encoder.avc, ConfigLatency(0x6f800005)) ERROR: UnsupportedIndex(0x8000101a)
02-24 18:05:55.579  2104  3051 E OMXNodeInstance: setConfig(0xf1c734c4:qcom.encoder.avc, ??(0x600001a)) ERROR: UnsupportedSetting(0x80001019)
02-24 18:05:55.580  2104  3051 E OMX-VENC: Does not handle dataspace request
02-24 18:05:55.580  2104  3051 E OMXNodeInstance: getConfig(0xf1c734c4:qcom.encoder.avc, ??(0x7f000062)) ERROR: UnsupportedSetting(0x80001019)
02-24 18:05:55.581  2104  3051 D GraphicBufferSource: setting dataspace: 0x104, acquired=0
02-24 18:05:55.582  2104  3051 D GraphicBufferSource: requesting color aspects (R:2(Limited), P:1(BT709_5), M:1(BT709_5), T:3(SMPTE170M))
02-24 18:05:55.597   838   838 I ConfigStore: vendor::qti::hardware::audiohalext::V1_0::IAudioHalExt::getApmConfigs retrieved:  (default)
02-24 18:05:55.598   746   840 I audio_hw_primary: in adev_open_input_stream, in->source = 1
02-24 18:05:55.598   746   840 W audio_hw_utils: audio_extn_utils_update_stream_input_app_type_cfg: App type could not be selected. Falling back to default
02-24 18:05:55.599   838  6617 I AudioFlinger: AudioFlinger's thread 0x74a3ff3240 tid=6617 ready to run
02-24 18:05:55.600  2076  4429 W AudioRecord: createRecord_l(23): Server adjusted notificationFrames from 1024 to 160 for frameCount 2048
02-24 18:05:55.600  2076  4429 I ConfigStore: vendor::qti::hardware::audiohalext::V1_0::IAudioHalExt::getAVConfigs retrieved:  (default)
02-24 18:05:55.600  2076  4429 I ConfigStore: vendor::qti::hardware::audiohalext::V1_0::IAudioHalExt::getAVConfigs retrieved:  (default)
02-24 18:05:55.601  2076  6618 I OMXClient: IOmx service obtained
02-24 18:05:55.602  2104  3051 I OMXMaster: makeComponentInstance(OMX.qcom.audio.encoder.aac) in android.hardwar process
02-24 18:05:55.602  2104  3051 E         :  component init: role = OMX.qcom.audio.encoder.aac
02-24 18:05:55.604  2154  2183 I /vendor/bin/adsprpcd: vendor/qcom/proprietary/commonsys-intf/adsprpc/src/apps_std_imp.c:722: Successfully opened file /vendor/dsp/adsp/EtsiEaacPlusEncAndCmnModule.so.1
02-24 18:05:55.618  2104  3051 W media.codec: Failed to obtain quirks for omx component 'OMX.qcom.audio.encoder.aac' from XML files
02-24 18:05:55.619  2076  6618 I MediaCodec: MediaCodec will operate in async mode
02-24 18:05:55.619  2104  3051 E OMXNodeInstance: setConfig(0xef4ac004:qcom.encoder.aac, ConfigPriority(0x6f800002)) ERROR: UnsupportedIndex(0x8000101a)
02-24 18:05:55.619  2076  6618 I ACodec  : codec does not support config priority (err -1010)
02-24 18:05:55.619  2104  3051 E OMXNodeInstance: getExtensionIndex(0xef4ac004:qcom.encoder.aac, OMX.google.android.index.storeMetaDataInBuffers) ERROR: BadParameter(0x80001005)
02-24 18:05:55.620  2104  3051 E OMXNodeInstance: setConfig(0xef4ac004:qcom.encoder.aac, ConfigPriority(0x6f800002)) ERROR: UnsupportedIndex(0x8000101a)
02-24 18:05:55.620  2076  6618 I ACodec  : codec does not support config priority (err -1010)
02-24 18:05:55.621  2104  3051 E OMXNodeInstance: getConfig(0xef4ac004:qcom.encoder.aac, ConfigAndroidVendorExtension(0x6f100004)) ERROR: UnsupportedIndex(0x8000101a)
02-24 18:05:55.621  2076  6618 W ExtendedACodec: Failed to get extension for extradata parameter
02-24 18:05:55.628  2076  4429 I MPEG4Writer: limits: 4294967295/0 bytes/us, bit rate: 10012200 bps and the estimated moov size 3192 bytes
02-24 18:05:55.629  2076  4429 I MPEG4Writer: Start time offset: 100000 us
02-24 18:05:55.629  2076  6610 I MediaCodecSource: MediaCodecSource (video) starting
02-24 18:05:55.629  2076  6610 I MediaCodecSource: MediaCodecSource (video) started
02-24 18:05:55.629  2076  4429 I MPEG4Writer: Start time offset: 100000 us
02-24 18:05:55.629  2076  6610 I MediaCodecSource: MediaCodecSource (audio) starting
02-24 18:05:55.632   838   838 I ConfigStore: vendor::qti::hardware::audiohalext::V1_0::IAudioHalExt::getApmConfigs retrieved:  (default)
02-24 18:05:55.634   838   838 I chatty  : uid=1041(audioserver) /system/bin/audioserver identical 1 line
02-24 18:05:55.634   838   838 I ConfigStore: vendor::qti::hardware::audiohalext::V1_0::IAudioHalExt::getApmConfigs retrieved:  (default)
02-24 18:05:55.634  2076  6610 I MediaCodecSource: MediaCodecSource (audio) started
02-24 18:05:55.635   566   566 I hwservicemanager: getTransport: Cannot find entry android.hardware.power@1.2::IPower/default in either framework or device manifest.
02-24 18:05:55.635   746  6626 E audio_hw_primary: Unable to get Power service
02-24 18:05:55.636   746  6626 I msm8974_platform: platform_check_and_set_capture_codec_backend_cfg:txbecf: afe: bitwidth 16, samplerate 8000, channel 1 format 1, backend_idx 7 usecase = 20 device (handset-mic)
02-24 18:05:55.636   746  6626 I msm8974_platform: platform_check_capture_codec_backend_cfg:txbecf: afe: Codec selected backend: 7 current bit width: 16 and sample rate: 8000, channels 1 format 1
02-24 18:05:55.636   746  6626 W msm8974_platform: platform_get_backend_index:napb: Invalid device - 0 
02-24 18:05:55.636   746  6626 I msm8974_platform: platform_check_capture_codec_backend_cfg:txbecf: afe: current backend bit_width 16 sample_rate 48000 channels 1, format 0
02-24 18:05:55.636   746  6626 I msm8974_platform: platform_check_capture_codec_backend_cfg:txbecf: afe: Codec backend needs to be updated. new bit width: 16 new sample rate: 8000 new channel: 1 new format: 1
02-24 18:05:55.636   746  6626 I msm8974_platform: platform_set_codec_backend_cfg:becf: afe: bitwidth 16, samplerate 8000 channels 1 format 1, backend_idx 7 device (handset-mic)
02-24 18:05:55.636   746  6626 D msm8974_platform: platform_set_codec_backend_cfg:becf: afe: SLIM_0_TX SampleRate set to KHZ_48
02-24 18:05:55.636   746  6626 D hardware_info: hw_info_append_hw_type : device_name = handset-mic
02-24 18:05:55.636   746  6626 D msm8974_platform: platform_split_snd_device: snd_device(102) num devices(0) new_snd_devices(0)
02-24 18:05:55.636   746  6626 D audio_route: Apply path: handset-mic
02-24 18:05:55.637   746  6626 W audio_hw_utils: audio_extn_utils_update_stream_input_app_type_cfg: App type could not be selected. Falling back to default
02-24 18:05:55.637   746  6626 D audio_hw_utils: audio_extn_utils_send_app_type_cfg: usecase->in_snd_device handset-mic
02-24 18:05:55.637   746  6626 D msm8974_platform: platform_split_snd_device: snd_device(102) num devices(0) new_snd_devices(0)
02-24 18:05:55.637   746  6626 D audio_hw_utils: audio_extn_btsco_get_sample_rate:Not a BT SCO device, need not update sampling rate
02-24 18:05:55.637   746  6626 I audio_hw_utils: send_app_type_cfg_for_device CAPTURE app_type 69938, acdb_dev_id 4, sample_rate 48000, snd_device_be_idx 3
02-24 18:05:55.637   746  6626 D msm8974_platform: platform_split_snd_device: snd_device(102) num devices(1) new_snd_devices(0)
02-24 18:05:55.637   746  6626 D audio_hw_utils: audio_extn_btsco_get_sample_rate:Not a BT SCO device, need not update sampling rate
02-24 18:05:55.637   746  6626 D         : Failed to fetch the lookup information of the device 00000004 
02-24 18:05:55.637   746  6626 E ACDB-LOADER: Error: ACDB AudProc vol returned = -19
02-24 18:05:55.637   746  6626 D         : Failed to fetch the lookup information of the device 00000004 
02-24 18:05:55.637   746  6626 E ACDB-LOADER: Error: ACDB_CMD_GET_AFE_COMMON_TABLE_SIZE Returned = -19
02-24 18:05:55.637   746  6626 D         : Failed to fetch the lookup information of the device 00000004 
02-24 18:05:55.637   746  6626 E ACDB-LOADER: Error: ACDB AFE returned = -19
02-24 18:05:55.637   746  6626 D audio_route: Apply path: audio-record
02-24 18:05:55.638  2076  6610 E Utils   : csd0 too small
02-24 18:05:55.638  2076  6610 E ExtendedUtils: csd0 too small
02-24 18:05:55.711  6493  6493 D IdlingResourceRegistry: All idling resources are idle.
02-24 18:05:55.711  6493  6493 D IdlingResourceRegistry: All idling resources are idle.
02-24 18:05:55.727  2048  6584 W H2BGraphicBufferProducer: getConsumerUsage is not fully supported
02-24 18:05:55.772   752   990 I CamX    : [ INFO][CORE   ] camxchitintlessinterface.cpp:68 TintlessAlgoDestory() Tintless Algo Destroy
02-24 18:05:55.776  6493  6493 D IdlingResourceRegistry: All idling resources are idle.
02-24 18:05:55.777  6493  6493 D IdlingResourceRegistry: All idling resources are idle.
02-24 18:05:55.779  6493  6524 W PtzManager_KONG: creating new context...
02-24 18:05:55.779  6493  6524 D PtzManager_KONG: returning cameras0
02-24 18:05:55.779  6493  6577 D PtzManager_KONG: onServiceConnected()
02-24 18:05:55.779  6493  6524 I c.l.i.t.c.r.CameraActivityBlueShellRule: [Instr: androidx.test.runner.AndroidJUnitRunner] KONGINTEGRATION cameras: 0
02-24 18:05:55.779  6493  6524 D PtzManager_KONG: returning cameras0
02-24 18:05:55.779  6493  6524 I c.l.i.t.c.r.CameraActivityBlueShellRule: [Instr: androidx.test.runner.AndroidJUnitRunner] KONGINTEGRATION cameras: 0
02-24 18:05:55.779  6493  6577 D PtzManager_KONG: inside synchronous lock for setupdevicelocked
02-24 18:05:55.779  6493  6577 D PtzManager_KONG: starting setupdevices locked
02-24 18:05:55.780  6493  6493 D IdlingResourceRegistry: All idling resources are idle.
02-24 18:05:55.780  6493  6524 W ntegration.tes: Accessing hidden method Lsun/misc/Unsafe;->compareAndSwapObject(Ljava/lang/Object;JLjava/lang/Object;Ljava/lang/Object;)Z (greylist, linking, allowed)
02-24 18:05:55.780  6493  6577 D PtzDevice: init() called
02-24 18:05:55.780  6493  6493 D IdlingResourceRegistry: All idling resources are idle.
02-24 18:05:55.781  6493  6493 I ViewInteraction: Performing 'single click' action on view with id is <com.logitech.integration.test:id/capture_button>
02-24 18:05:55.783  6493  6577 D PtzManager_KONG: devices are added
02-24 18:05:55.784   752   990 I CamX    : [ INFO][STATS_AEC] qcaecalgorithminterface.cpp:593 AECAlgoSetNodeInterface() VendorTagBaseForAF: 2153250816
02-24 18:05:55.789  6493  6493 D IdlingResourceRegistry: All idling resources are idle.
02-24 18:05:55.789  6493  6493 D IdlingResourceRegistry: All idling resources are idle.
02-24 18:05:55.791   752  5113 I /vendor/bin/hw/android.hardware.camera.provider@2.4-service_64: vendor/qcom/proprietary/commonsys-intf/adsprpc/src/apps_std_imp.c:741: Successfully opened file /vendor/lib/rfsa/adsp/libcamera_nn_skel.so
02-24 18:05:55.800  6493  6493 D IdlingResourceRegistry: All idling resources are idle.
02-24 18:05:55.800  6493  6493 D IdlingResourceRegistry: All idling resources are idle.
02-24 18:05:55.805   752   982 E /vendor/bin/hw/android.hardware.camera.provider@2.4-service_64: vendor/qcom/proprietary/commonsys-intf/adsprpc/src/fastrpc_apps_user.c:1143: Error 0xfffffffb: remote_handle_open_domain: dynamic loading failed for camera_nn on domain 3 (dlerror undefined symbol PLT  #537 HAP_request_async_VTCM in ./libcamera_nn_skel.so)
02-24 18:05:55.805   752   982 E /vendor/bin/hw/android.hardware.camera.provider@2.4-service_64: vendor/qcom/proprietary/commonsys-intf/adsprpc/src/fastrpc_apps_user.c:1156: Error 0xfffffffb: remote_handle_open failed for camera_nn
02-24 18:05:55.805   752   982 E /vendor/bin/hw/android.hardware.camera.provider@2.4-service_64: vendor/qcom/proprietary/commonsys-intf/adsprpc/src/fastrpc_apps_user.c:1078: Error 0x2c: remote_handle_invoke failed for handle 0xffffffff, method 16 on domain 3 (sc 0x10000000)
02-24 18:05:55.806   752  5113 I /vendor/bin/hw/android.hardware.camera.provider@2.4-service_64: vendor/qcom/proprietary/commonsys-intf/adsprpc/src/apps_std_imp.c:741: Successfully opened file /vendor/lib/rfsa/adsp/libcamera_nn_skel.so
02-24 18:05:55.809  4669  5093 V KongCV  : Navigation Got persons: [] Mainstream resolution: (1920x1080) at: (-0.94, -0.18, 1x)	[KongController.cpp:1130 func:InvokeNavigation]
02-24 18:05:55.809  4669  5093 V KongCV  : State:  Regular : no persons detected	[SceneVisibilityAnalyzer.cpp:348 func:EvaluateSceneVisibilityState]
02-24 18:05:55.809  4669  5093 V KongCV  : No persons around	[CropEstimator.cpp:91 func:EstimatePtz]
02-24 18:05:55.809  4669  5093 V KongCV  : Adaptive threshold kicked in:	[SacaCropEstimator.cpp:83 func:AdaptiveThresholdsAllowMovement]
02-24 18:05:55.809  4669  5093 V KongCV  : ----Adaptive regularization: 1	[SacaCropEstimator.cpp:84 func:AdaptiveThresholdsAllowMovement]
02-24 18:05:55.809  4669  5093 V KongCV  : ----Adaptive thresholds: (3, 3, 0.3x) for zoom: 1	[SacaCropEstimator.cpp:85 func:AdaptiveThresholdsAllowMovement]
02-24 18:05:55.809  4669  5093 V KongCV  : ----Cur PTZ: (-0.94, -0.18, 1x) Proposed PTZ: (0, 0, 1x)	[SacaCropEstimator.cpp:86 func:AdaptiveThresholdsAllowMovement]
02-24 18:05:55.809  4669  5093 V KongCV  : ----PTZ Diff: (-0.94, -0.18, 0x)	[SacaCropEstimator.cpp:87 func:AdaptiveThresholdsAllowMovement]
02-24 18:05:55.809  4669  5093 V KongCV  : RACER Left/Right    : -0.100000 <-> -0.100000 OUT: -0.100000 <-> -0.100000	[AngularRacers.cpp:257 func:_accumulateScores]
02-24 18:05:55.809  4669  5093 V KongCV  : RACER Top/Bottom    : -0.100000 <-> -0.100000 OUT: -0.100000 <-> -0.100000	[AngularRacers.cpp:258 func:_accumulateScores]
02-24 18:05:55.809  4669  5093 V KongCV  : RACER Empty/ZoomIn  : 0.800000 <-> -0.100000	[AngularRacers.cpp:259 func:_accumulateScores]
