03-03 08:03:25.354  5414  5497 I dvm_lock_sample: [com.logitech.integration.test,0,CameraThread,117,CameraDeviceImpl.java,189,void android.hardware.camera2.impl.CameraDeviceImpl$4.run(),BinderProxy.java,-2,boolean android.os.BinderProxy.transactNative(int, android.os.Parcel, android.os.Parcel, int),23]
03-03 08:03:25.389     0     0 I ueventd : firmware: loading 'CAMERA_ICP.elf' for '/devices/platform/soc/ac00000.qcom,a5/firmware/CAMERA_ICP.elf'
03-03 08:03:25.391     0     0 I ueventd : loading /devices/platform/soc/ac00000.qcom,a5/firmware/CAMERA_ICP.elf took 1ms
03-03 08:03:25.402     0     0 I CAM_INFO: CAM-ICP: cam_icp_mgr_process_dbg_buf: 2042 FW_DBG:CICP_FW_E : HFI  :QC_IMAGE_VERSION_STRING=CICP.FW.2.1-00008,OEM_IMAGE_VERSION_STRING=CRM,BUILD_TIME: Oct 23 2019 14:14:13,CACHE_ENABLED at icphostinterface.c:636 QC_IMAGE_VERSION_STRING=CICP.FW.2.1-00008 OEM_IMAGE_VERSION_STRING=CRM
03-03 08:03:25.402     0     0 I CAM_INFO: CAM-ICP: cam_icp_mgr_process_dbg_buf: 2042 FW_DBG:CICP_FW_E : HFI  :ELF variant: CACHE-ENABLED:API_V1::USE_CDM_1_0: , API version: 0x1000034 at icphostinterface.c:637 QC_IMAGE_VERSION_STRING=CICP.FW.2.1-00008 OEM_IMAGE_VERSION_STRING=CRM
03-03 08:03:25.402     0     0 I CAM_INFO: CAM-ICP: cam_icp_mgr_hw_open: 3209 FW download done successfully
03-03 08:03:25.414     0     0 I CAM_INFO: CAM-CORE: cam_node_handle_ioctl: 756 Acquire HW successful
03-03 08:03:25.427     0     0 I CAM_INFO: CAM-SENSOR: cam_sensor_driver_cmd: 1673 CAM_START_DEV,  sensor_state 2 +
03-03 08:03:25.429     0     0 I CAM_INFO: CAM-SENSOR: cam_sensor_driver_cmd: 1697 CAM_START_DEV Success, sensor_id:0x8000,sensor_slave_addr:0x34
03-03 08:03:25.642     0     0 I msm_vidc: info: Opening video instance: ffffffd196228000, 0
03-03 08:03:25.680     0     0 I aac_in_open: session id 1: NT mode encoder success
03-03 08:03:25.680     0     0 I aac_in_open: session id 1: success
03-03 08:03:25.802     0     0 I CAM_INFO: CAM-ISP: __cam_isp_ctx_flush_req_in_top_state: 2049 ctx id:6 Last request id to flush is 8
03-03 08:03:25.817     0     0 I CAM_INFO: CAM-ISP: __cam_isp_ctx_handle_irq_in_activated: 3796 Ctx:6 No handle function for substate 6
03-03 08:03:25.817     0     0 I CAM_INFO: CAM-ISP: __cam_isp_ctx_dump_state_monitor_array: 121 Dumping state information for preceding requests
03-03 08:03:25.827     0     0 I CAM_INFO: CAM-ISP: __cam_isp_ctx_handle_irq_in_activated: 3796 Ctx:6 No handle function for substate 6
03-03 08:03:25.827     0     0 I CAM_INFO: CAM-ISP: __cam_isp_ctx_dump_state_monitor_array: 121 Dumping state information for preceding requests
03-03 08:03:25.834     0     0 I CAM_INFO: CAM-SENSOR: cam_sensor_driver_cmd: 1701 CAM_STOP_DEV,  sensor_state 3 +
03-03 08:03:25.835     0     0 I CAM_INFO: CAM-SENSOR: cam_sensor_driver_cmd: 1727 CAM_STOP_DEV Success, sensor_id:0x8000,sensor_slave_addr:0x34
03-03 08:03:25.842     0     0 I CAM_INFO: CAM-CORE: cam_node_handle_ioctl: 863 Release HW done(rc = 0)
03-03 08:03:25.873     0     0 I ueventd : firmware: loading 'CAMERA_ICP.elf' for '/devices/platform/soc/ac00000.qcom,a5/firmware/CAMERA_ICP.elf'
03-03 08:03:25.876     0     0 I ueventd : loading /devices/platform/soc/ac00000.qcom,a5/firmware/CAMERA_ICP.elf took 3ms
03-03 08:03:25.861  5414  5444 I liblog  : 3
03-03 08:03:25.863  5414  5444 I chatty  : uid=10065(u0_a65) com.logitech.integration.test identical 40 lines
03-03 08:03:25.863  5414  5444 I liblog  : 4
03-03 08:03:25.878   574   574 I auditd  : avc:  denied  { find } for interface=vendor.qti.hardware.servicetracker::IServicetracker sid=u:r:system_server:s0 pid=1494 scontext=u:r:system_server:s0 tcontext=u:object_r:default_android_hwservice:s0 tclass=hwservice_manager permissive=0
03-03 08:03:25.887     0     0 I CAM_INFO: CAM-ICP: cam_icp_mgr_process_dbg_buf: 2042 FW_DBG:CICP_FW_E : HFI  :QC_IMAGE_VERSION_STRING=CICP.FW.2.1-00008,OEM_IMAGE_VERSION_STRING=CRM,BUILD_TIME: Oct 23 2019 14:14:13,CACHE_ENABLED at icphostinterface.c:636 QC_IMAGE_VERSION_STRING=CICP.FW.2.1-00008 OEM_IMAGE_VERSION_STRING=CRM
03-03 08:03:25.887     0     0 I CAM_INFO: CAM-ICP: cam_icp_mgr_process_dbg_buf: 2042 FW_DBG:CICP_FW_E : HFI  :ELF variant: CACHE-ENABLED:API_V1::USE_CDM_1_0: , API version: 0x1000034 at icphostinterface.c:637 QC_IMAGE_VERSION_STRING=CICP.FW.2.1-00008 OEM_IMAGE_VERSION_STRING=CRM
03-03 08:03:25.887     0     0 I CAM_INFO: CAM-ICP: cam_icp_mgr_hw_open: 3209 FW download done successfully
03-03 08:03:25.880   574   574 I auditd  : avc:  denied  { find } for interface=vendor.qti.hardware.servicetracker::IServicetracker sid=u:r:system_server:s0 pid=1494 scontext=u:r:system_server:s0 tcontext=u:object_r:default_android_hwservice:s0 tclass=hwservice_manager permissive=0
03-03 08:03:25.891  5414  5451 I liblog  : 1
03-03 08:03:25.899     0     0 I CAM_INFO: CAM-SENSOR: cam_sensor_driver_cmd: 1519 CAM_ACQUIRE_DEV,  sensor_state 0 +
03-03 08:03:25.903     0     0 I CAM_INFO: CAM-CORE: cam_node_handle_ioctl: 756 Acquire HW successful
03-03 08:03:25.916     0     0 I CAM_INFO: CAM-SENSOR: cam_sensor_driver_cmd: 1673 CAM_START_DEV,  sensor_state 2 +
03-03 08:03:25.918     0     0 I CAM_INFO: CAM-SENSOR: cam_sensor_driver_cmd: 1697 CAM_START_DEV Success, sensor_id:0x8000,sensor_slave_addr:0x34
03-03 08:03:25.938     0     0 I CAM_INFO: CAM-SENSOR: cam_sensor_driver_cmd: 1600 CAM_ACQUIRE_DEV Success, sensor_id:0x8000,sensor_slave_addr:0x34
03-03 08:03:26.780     0     0 I CAM_INFO: CAM-CORE: cam_node_handle_ioctl: 756 Acquire HW successful
03-03 08:03:26.793     0     0 I CAM_INFO: CAM-SENSOR: cam_sensor_driver_cmd: 1673 CAM_START_DEV,  sensor_state 2 +
03-03 08:03:26.794     0     0 I CAM_INFO: CAM-SENSOR: cam_sensor_driver_cmd: 1697 CAM_START_DEV Success, sensor_id:0x8000,sensor_slave_addr:0x34
03-03 08:03:26.839  2049  5236 I dvm_lock_sample: [com.logitech.service.systemservi,1,Binder:2049_7,69,PTZFService.java,-1,int com.logitech.service.ptzfservice.PTZFService.getAbsolute(com.logitech.service.models.ptzf.PtzfType),-,-1,void com.logitech.service.ptzfservice.PTZFService.setAbsolutePt(com.logitech.service.models.ptzf.PtzfInput, com.logitech.service.models.ptzf.PtData),13]
03-03 08:03:27.170     0     0 I CAM_INFO: CAM-ISP: __cam_isp_ctx_flush_req_in_top_state: 2049 ctx id:2 Last request id to flush is 6
03-03 08:03:27.182     0     0 I CAM_INFO: CAM-ISP: __cam_isp_ctx_handle_irq_in_activated: 3796 Ctx:2 No handle function for substate 6
03-03 08:03:27.182     0     0 I CAM_INFO: CAM-ISP: __cam_isp_ctx_dump_state_monitor_array: 121 Dumping state information for preceding requests
03-03 08:03:27.193     0     0 I CAM_INFO: CAM-ISP: __cam_isp_ctx_handle_irq_in_activated: 3796 Ctx:2 No handle function for substate 6
03-03 08:03:27.193     0     0 I CAM_INFO: CAM-ISP: __cam_isp_ctx_dump_state_monitor_array: 121 Dumping state information for preceding requests
03-03 08:03:27.199     0     0 I CAM_INFO: CAM-SENSOR: cam_sensor_driver_cmd: 1701 CAM_STOP_DEV,  sensor_state 3 +
03-03 08:03:27.200     0     0 I CAM_INFO: CAM-SENSOR: cam_sensor_driver_cmd: 1727 CAM_STOP_DEV Success, sensor_id:0x8000,sensor_slave_addr:0x34
03-03 08:03:27.207     0     0 I CAM_INFO: CAM-CORE: cam_node_handle_ioctl: 863 Release HW done(rc = 0)
03-03 08:03:27.209     0     0 I CAM_INFO: CAM-SENSOR: cam_sensor_driver_cmd: 1604 CAM_RELEASE_DEV,  sensor_state 1 +
03-03 08:03:27.223     0     0 I CAM_INFO: CAM-SENSOR: cam_sensor_driver_cmd: 1654 CAM_RELEASE_DEV Success, sensor_id:0x8000,sensor_slave_addr:0x34
03-03 08:03:27.245   574   574 I auditd  : avc:  denied  { find } for interface=vendor.qti.hardware.servicetracker::IServicetracker sid=u:r:system_server:s0 pid=1494 scontext=u:r:system_server:s0 tcontext=u:object_r:default_android_hwservice:s0 tclass=hwservice_manager permissive=0
03-03 08:03:27.248   574   574 I auditd  : avc:  denied  { find } for interface=vendor.qti.hardware.servicetracker::IServicetracker sid=u:r:system_server:s0 pid=1494 scontext=u:r:system_server:s0 tcontext=u:object_r:default_android_hwservice:s0 tclass=hwservice_manager permissive=0
03-03 08:03:27.252  2318  2360 I dvm_lock_sample: [com.logitech.service.systemservi,0,Binder:2318_3,465,AICVService.java,-1,void com.logitech.service.aicvservice.AICVService.onPtzPositionUpdate(com.logitech.service.models.ptzf.PtzfInput),BaseService.java,-1,void com.logitech.service.baseservice.BaseService.stop(boolean),93]
03-03 08:03:31.885  1494  1546 I commit_sys_config_file: [package-user-0,8]
03-03 08:03:32.723   574   574 I auditd  : avc:  denied  { find } for interface=vendor.qti.hardware.servicetracker::IServicetracker sid=u:r:system_server:s0 pid=1494 scontext=u:r:system_server:s0 tcontext=u:object_r:default_android_hwservice:s0 tclass=hwservice_manager permissive=0
03-03 08:03:32.738  1494  1528 I am_pss  : [5414,10065,com.logitech.integration.test,151092224,143462400,0,270274560,0,2,12]
03-03 08:03:34.480   574   574 I auditd  : avc:  denied  { find } for interface=vendor.qti.hardware.servicetracker::IServicetracker sid=u:r:system_server:s0 pid=1494 scontext=u:r:system_server:s0 tcontext=u:object_r:default_android_hwservice:s0 tclass=hwservice_manager permissive=0
03-03 08:03:34.481   574   574 I chatty  : uid=1000(system) hwservicemanage identical 1 line
03-03 08:03:34.717   574   574 I auditd  : avc:  denied  { find } for interface=vendor.qti.hardware.servicetracker::IServicetracker sid=u:r:system_server:s0 pid=1494 scontext=u:r:system_server:s0 tcontext=u:object_r:default_android_hwservice:s0 tclass=hwservice_manager permissive=0
03-03 08:03:50.262  1494  1528 I am_pss  : [5414,10065,com.logitech.integration.test,198243328,190590976,0,317452288,0,2,19]
03-03 08:03:50.271  1494  1528 I am_pss  : [5452,10064,com.logitech.integration.test.test,18033664,15446016,0,101892096,0,17,8]
03-03 08:03:55.684  1494  1618 I am_uid_stopped: 10065
03-03 08:03:55.685  1494  1618 I am_kill : [0,5414,com.logitech.integration.test,0,stop com.logitech.integration.test]
03-03 08:03:55.687   574   574 I auditd  : avc:  denied  { find } for interface=vendor.qti.hardware.servicetracker::IServicetracker sid=u:r:system_server:s0 pid=1494 scontext=u:r:system_server:s0 tcontext=u:object_r:default_android_hwservice:s0 tclass=hwservice_manager permissive=0
03-03 08:03:55.688  1494  1618 I am_finish_activity: [0,27525224,5,com.logitech.integration.test/.MainActivity,proc died without state saved]
03-03 08:03:55.692  1494  1618 I am_set_resumed_activity: [0,com.logitech.integration.test.test/androidx.test.core.app.InstrumentationActivityInvoker$BootstrapActivity,resumeTopActivityInnerLocked]
03-03 08:03:55.692  1494  1618 I am_resume_activity: [0,107649620,5,com.logitech.integration.test.test/androidx.test.core.app.InstrumentationActivityInvoker$BootstrapActivity]
03-03 08:03:55.693  1494  1522 I sysui_multi_action: [757,803,799,window_time_0,802,31]
03-03 08:03:55.697  1494  1822 I am_finish_activity: [0,107649620,5,com.logitech.integration.test.test/androidx.test.core.app.InstrumentationActivityInvoker$BootstrapActivity,app-request]
03-03 08:03:55.697  1494  1822 I am_focused_stack: [0,0,1,3,finishActivity adjustFocus adjustFocusToNextFocusableStack]
03-03 08:03:55.698  1494  1822 I am_set_resumed_activity: [0,com.logitech.videocollaboration.froggerscreenshare/.MainActivity,finishActivity]
03-03 08:03:55.698  1494  1822 I am_pause_activity: [0,107649620,com.logitech.integration.test.test/androidx.test.core.app.InstrumentationActivityInvoker$BootstrapActivity,userLeaving=false]
03-03 08:03:55.702  5452  5452 I am_on_activity_result_called: [0,androidx.test.core.app.InstrumentationActivityInvoker$BootstrapActivity,ACTIVITY_RESULT]
03-03 08:03:55.702  5452  5452 I am_on_restart_called: [0,androidx.test.core.app.InstrumentationActivityInvoker$BootstrapActivity,performRestartActivity]
03-03 08:03:55.703  1494  1522 I sysui_multi_action: [757,803,799,window_time_0,802,0]
03-03 08:03:55.704  1494  1822 I am_add_to_stopping: [0,107649620,com.logitech.integration.test.test/androidx.test.core.app.InstrumentationActivityInvoker$BootstrapActivity,finishCurrentActivityLocked]
03-03 08:03:55.706  1494  1822 I am_set_resumed_activity: [0,com.logitech.videocollaboration.froggerscreenshare/.MainActivity,resumeTopActivityInnerLocked]
03-03 08:03:55.706  1494  1822 I am_resume_activity: [0,210054141,3,com.logitech.videocollaboration.froggerscreenshare/.MainActivity]
03-03 08:03:55.710  1494  1522 I sysui_multi_action: [757,803,799,window_time_0,802,0]
03-03 08:03:55.716  3183  3183 I am_on_restart_called: [0,com.logitech.videocollaboration.froggerscreenshare.MainActivity,performRestartActivity]
03-03 08:03:55.722  3183  3183 I am_on_start_called: [0,com.logitech.videocollaboration.froggerscreenshare.MainActivity,handleStartActivity]
03-03 08:03:55.723  3183  3183 I am_on_resume_called: [0,com.logitech.videocollaboration.froggerscreenshare.MainActivity,RESUME_ACTIVITY]
03-03 08:03:55.723  3183  3183 I am_on_top_resumed_gained_called: [0,com.logitech.videocollaboration.froggerscreenshare.MainActivity,topWhenResuming]
03-03 08:03:55.737     0     0 E binder_alloc: 5414: binder_alloc_buf, no vma
03-03 08:03:55.737     0     0 I binder  : 1269:5241 transaction failed 29189/-3, size 156-0 line 3282
03-03 08:03:55.739     0     0 I CAM_INFO: CAM-ISP: __cam_isp_ctx_flush_req_in_top_state: 2049 ctx id:7 Last request id to flush is 895
03-03 08:03:55.739     0     0 I CAM_INFO: CAM-ISP: __cam_isp_ctx_flush_req_in_top_state: 2063 ctx:7 last applied id:892, reported req id:891, buf done id:890
03-03 08:03:55.739     0     0 I CAM_INFO: CAM-ISP: __cam_isp_ctx_flush_req_in_top_state: 2069 current time:4294911766 last apply time:4294911756, reported req time:4294911756, buf done time:4294911736
03-03 08:03:55.739     0     0 I CAM_INFO: CAM-ISP: __cam_isp_ctx_dump_state_monitor_array: 121 Dumping state information for preceding requests
03-03 08:03:55.740     0     0 I binder  : undelivered transaction 262414, process died.
03-03 08:03:55.740     0     0 I binder  : undelivered transaction 262514, process died.
03-03 08:03:55.740     0     0 I binder  : undelivered transaction 262372, process died.
03-03 08:03:55.740     0     0 I binder  : undelivered transaction 262315, process died.
03-03 08:03:55.740     0     0 I binder  : undelivered transaction 262365, process died.
03-03 08:03:55.740     0     0 I binder  : undelivered transaction 262482, process died.
03-03 08:03:55.740     0     0 I binder  : undelivered transaction 262505, process died.
03-03 08:03:55.741     0     0 I binder  : 1288:5536 transaction failed 29189/-22, size 80-0 line 3136
03-03 08:03:55.748     0     0 E CAM_ERR : CAM-ISP: cam_ife_csid_irq: 3386 CSID 1 irq status 0x0 0x4000ff 0x1ffa 0x0 0x0 0x0 0x0
03-03 08:03:55.751     0     0 I binder  : 1288:5551 transaction failed 29189/-22, size 96-0 line 3136
03-03 08:03:55.756     0     0 I CAM_INFO: CAM-ISP: __cam_isp_ctx_flush_req_in_top_state: 2049 ctx id:7 Last request id to flush is 895
03-03 08:03:55.761     0     0 I CAM_INFO: CAM-SENSOR: cam_sensor_driver_cmd: 1701 CAM_STOP_DEV,  sensor_state 3 +
03-03 08:03:55.762     0     0 I audio_in_release: session id 1
03-03 08:03:55.763     0     0 I CAM_INFO: CAM-SENSOR: cam_sensor_driver_cmd: 1727 CAM_STOP_DEV Success, sensor_id:0x8000,sensor_slave_addr:0x34
03-03 08:03:55.770     0     0 I CAM_INFO: CAM-CORE: cam_node_handle_ioctl: 863 Release HW done(rc = 0)
03-03 08:03:55.773     0     0 I CAM_INFO: CAM-SENSOR: cam_sensor_util_request_gpio_table: 787 No GPIO data
03-03 08:03:55.773     0     0 I CAM_INFO: CAM-SENSOR: cam_sensor_driver_cmd: 1604 CAM_RELEASE_DEV,  sensor_state 1 +
03-03 08:03:55.773     0     0 I event_handler: reclaimed all bufs
03-03 08:03:55.779     0     0 I msm_mi2s_snd_shutdown(): substream = subdevice #0  stream = 1 did not shutdown
03-03 08:03:55.783     0     0 E CAM_ERR : CAM-SENSOR: cam_sensor_cci_i2c_util: 235 Failed rc = -19
03-03 08:03:55.797     0     0 I CAM_INFO: CAM-SENSOR: cam_sensor_driver_cmd: 1654 CAM_RELEASE_DEV Success, sensor_id:0x8000,sensor_slave_addr:0x34
03-03 08:03:55.816  1494  5234 I am_destroy_activity: [0,107649620,5,com.logitech.integration.test.test/androidx.test.core.app.InstrumentationActivityInvoker$BootstrapActivity,finish-imm:activityIdleInternalLocked]
03-03 08:03:55.819  5452  5452 I am_on_destroy_called: [0,androidx.test.core.app.InstrumentationActivityInvoker$BootstrapActivity,performDestroy]
03-03 08:03:55.820  1494  5234 I wm_task_removed: [5,removeAppToken: last token]
03-03 08:03:55.820  1494  5234 I am_remove_task: [5,3]
03-03 08:03:55.820  1494  5234 I wm_task_removed: [5,removeTask]
03-03 08:03:55.821  1494  5234 I wm_stack_removed: 3
03-03 08:03:55.902  1494  1529 I am_uid_stopped: 10064
03-03 08:03:55.903  1494  1529 I am_kill : [0,5452,com.logitech.integration.test.test,900,stop com.logitech.integration.test.test]
03-03 08:03:55.904   574   574 I auditd  : avc:  denied  { find } for interface=vendor.qti.hardware.servicetracker::IServicetracker sid=u:r:system_server:s0 pid=1494 scontext=u:r:system_server:s0 tcontext=u:object_r:default_android_hwservice:s0 tclass=hwservice_manager permissive=0
03-03 08:03:55.922  1494  1606 I commit_sys_config_file: [settings-2-0,3]
03-03 08:03:55.926     0     0 I sdcardfs: removing com.logitech.integration.test.test
03-03 08:03:55.934  1494  1546 I commit_sys_config_file: [package-user-0,2]
03-03 08:03:55.934  1494  1546 I commit_sys_config_file: [package,31]
03-03 08:03:55.995   574   574 I auditd  : avc:  denied  { find } for interface=vendor.qti.hardware.servicetracker::IServicetracker sid=u:r:system_server:s0 pid=1494 scontext=u:r:system_server:s0 tcontext=u:object_r:default_android_hwservice:s0 tclass=hwservice_manager permissive=0
03-03 08:03:55.998   574   574 I chatty  : uid=1000(system) hwservicemanage identical 1 line
03-03 08:03:56.002   574   574 I auditd  : avc:  denied  { find } for interface=vendor.qti.hardware.servicetracker::IServicetracker sid=u:r:system_server:s0 pid=1494 scontext=u:r:system_server:s0 tcontext=u:object_r:default_android_hwservice:s0 tclass=hwservice_manager permissive=0
03-03 08:03:56.003  1494  1494 I notification_cancel_all: [1000,1494,com.logitech.integration.test.test,0,0,0,5,NULL]
03-03 08:03:56.008   574   574 I auditd  : avc:  denied  { find } for interface=vendor.qti.hardware.servicetracker::IServicetracker sid=u:r:system_server:s0 pid=1494 scontext=u:r:system_server:s0 tcontext=u:object_r:default_android_hwservice:s0 tclass=hwservice_manager permissive=0
03-03 08:03:56.009  1494  1521 I commit_sys_config_file: [notification-policy,4]
03-03 08:03:56.009  1494  1627 I commit_sys_config_file: [net-policy,3]
03-03 08:03:56.009  1494  1626 I netstats_mobile_sample: [0,0,0,0,0,0,0,0,0,0,0,0,1614758636011]
03-03 08:03:56.009  1494  1626 I netstats_wifi_sample: [0,0,0,0,0,0,0,0,0,0,0,0,1614758636011]
03-03 08:03:56.014   574   574 I auditd  : avc:  denied  { find } for interface=vendor.qti.hardware.servicetracker::IServicetracker sid=u:r:system_server:s0 pid=1494 scontext=u:r:system_server:s0 tcontext=u:object_r:default_android_hwservice:s0 tclass=hwservice_manager permissive=0
03-03 08:03:56.014  1494  1521 I commit_sys_config_file: [notification-policy,6]
03-03 08:03:56.026   574   574 I auditd  : avc:  denied  { find } for interface=vendor.qti.hardware.servicetracker::IServicetracker sid=u:r:system_server:s0 pid=1494 scontext=u:r:system_server:s0 tcontext=u:object_r:default_android_hwservice:s0 tclass=hwservice_manager permissive=0
03-03 08:03:56.070     0     0 I sdcardfs: removing com.logitech.integration.test
03-03 08:03:56.087  1494  1546 I commit_sys_config_file: [package-user-0,3]
03-03 08:03:56.087  1494  1546 I commit_sys_config_file: [package,39]
03-03 08:03:56.142  2940  2940 I force_gc: bg
03-03 08:03:56.150   574   574 I auditd  : avc:  denied  { find } for interface=vendor.qti.hardware.servicetracker::IServicetracker sid=u:r:system_server:s0 pid=1494 scontext=u:r:system_server:s0 tcontext=u:object_r:default_android_hwservice:s0 tclass=hwservice_manager permissive=0
03-03 08:03:56.152  1494  1494 I notification_cancel_all: [1000,1494,com.logitech.integration.test,0,0,0,5,NULL]
03-03 08:03:56.156  1494  1626 I netstats_mobile_sample: [0,0,0,0,0,0,0,0,0,0,0,0,1614758636157]
03-03 08:03:56.156  1494  1626 I netstats_wifi_sample: [0,0,0,0,0,0,0,0,0,0,0,0,1614758636157]
03-03 08:03:56.162   574   574 I auditd  : avc:  denied  { find } for interface=vendor.qti.hardware.servicetracker::IServicetracker sid=u:r:system_server:s0 pid=1494 scontext=u:r:system_server:s0 tcontext=u:object_r:default_android_hwservice:s0 tclass=hwservice_manager permissive=0
03-03 08:03:56.162   574   574 I auditd  : avc:  denied  { find } for interface=vendor.qti.hardware.servicetracker::IServicetracker sid=u:r:system_server:s0 pid=1494 scontext=u:r:system_server:s0 tcontext=u:object_r:default_android_hwservice:s0 tclass=hwservice_manager permissive=0
03-03 08:03:56.165  1494  1521 I commit_sys_config_file: [notification-policy,13]
03-03 08:03:56.165  1494  1627 I commit_sys_config_file: [net-policy,12]
03-03 08:03:56.166   574   574 I auditd  : avc:  denied  { find } for interface=vendor.qti.hardware.servicetracker::IServicetracker sid=u:r:system_server:s0 pid=1494 scontext=u:r:system_server:s0 tcontext=u:object_r:default_android_hwservice:s0 tclass=hwservice_manager permissive=0
03-03 08:03:56.216  1494  1528 I commit_sys_config_file: [roles-0,4]
03-03 08:03:56.337  1494  1528 I commit_sys_config_file: [package-perms-0,8]
03-03 08:03:56.802     0     0 I msm_vidc: info: Closed video instance: ffffffd196228000
03-03 08:03:59.210  1494  1528 I sysui_multi_action: [757,1717,758,1,759,0]
03-03 08:03:59.210  1494  1528 I sysui_multi_action: [757,1717,758,2,759,0]
03-03 08:03:59.211  1494  1528 I sysui_multi_action: [757,1717,758,3,759,0]
03-03 08:04:05.910  1494  1546 I commit_sys_config_file: [package-user-0,6]
03-03 08:04:06.003  1494  1713 I commit_sys_config_file: [appops,6]
03-03 08:04:06.158  1494  1522 I commit_sys_config_file: [warnings-config,5]
03-03 08:04:11.161   574   574 I auditd  : avc:  denied  { find } for interface=vendor.qti.hardware.servicetracker::IServicetracker sid=u:r:system_server:s0 pid=1494 scontext=u:r:system_server:s0 tcontext=u:object_r:default_android_hwservice:s0 tclass=hwservice_manager permissive=0
03-03 08:04:11.163   574   574 I auditd  : avc:  denied  { find } for interface=vendor.qti.hardware.servicetracker::IServicetracker sid=u:r:system_server:s0 pid=1494 scontext=u:r:system_server:s0 tcontext=u:object_r:default_android_hwservice:s0 tclass=hwservice_manager permissive=0
03-03 08:04:20.770  1494  1529 I am_uid_idle: 10013
03-03 08:04:34.713   574   574 I auditd  : avc:  denied  { find } for interface=vendor.qti.hardware.servicetracker::IServicetracker sid=u:r:system_server:s0 pid=1494 scontext=u:r:system_server:s0 tcontext=u:object_r:default_android_hwservice:s0 tclass=hwservice_manager permissive=0
03-03 08:04:38.516     0     0 D logd    : logdr: UID=2000 GID=2000 PID=5673 b tail=0 logMask=19 pid=0 start=0ns timeout=0ns
03-03 08:04:34.724   574   574 I auditd  : avc:  denied  { find } for interface=vendor.qti.hardware.servicetracker::IServicetracker sid=u:r:system_server:s0 pid=1494 scontext=u:r:system_server:s0 tcontext=u:object_r:default_android_hwservice:s0 tclass=hwservice_manager permissive=0
03-03 08:05:11.176  1494  1529 I am_uid_idle: 10016
03-03 08:05:34.722   574   574 I auditd  : avc:  denied  { find } for interface=vendor.qti.hardware.servicetracker::IServicetracker sid=u:r:system_server:s0 pid=1494 scontext=u:r:system_server:s0 tcontext=u:object_r:default_android_hwservice:s0 tclass=hwservice_manager permissive=0
03-03 08:05:34.734  1494  1528 I am_pss  : [3183,1000,com.logitech.videocollaboration.froggerscreenshare,91693056,84619264,0,216215552,0,2,9]
03-03 08:05:34.735   574   574 I auditd  : avc:  denied  { find } for interface=vendor.qti.hardware.servicetracker::IServicetracker sid=u:r:system_server:s0 pid=1494 scontext=u:r:system_server:s0 tcontext=u:object_r:default_android_hwservice:s0 tclass=hwservice_manager permissive=0
03-03 08:06:34.729   574   574 I auditd  : avc:  denied  { find } for interface=vendor.qti.hardware.servicetracker::IServicetracker sid=u:r:system_server:s0 pid=1494 scontext=u:r:system_server:s0 tcontext=u:object_r:default_android_hwservice:s0 tclass=hwservice_manager permissive=0
03-03 08:06:34.735  1494  1528 I am_pss  : [3476,1000,com.logitech.platform.dev.settings,6522880,4755456,0,99872768,0,11,5]
03-03 08:06:34.737   574   574 I auditd  : avc:  denied  { find } for interface=vendor.qti.hardware.servicetracker::IServicetracker sid=u:r:system_server:s0 pid=1494 scontext=u:r:system_server:s0 tcontext=u:object_r:default_android_hwservice:s0 tclass=hwservice_manager permissive=0
03-03 08:06:34.742  1494  1528 I am_pss  : [3224,1000,com.microsoft.teams.ipphone.partner.agent,7866368,6156288,0,100069376,0,11,5]
03-03 08:06:34.750  1494  1528 I am_pss  : [3112,1000,com.qti.diagservices,5545984,3649536,0,100036608,0,11,6]
03-03 08:07:32.717     0     0 D logd    : logdr: UID=2000 GID=2000 PID=5716 b tail=0 logMask=ff pid=0 start=0ns timeout=0ns
03-03 08:07:34.734   574   574 I auditd  : avc:  denied  { find } for interface=vendor.qti.hardware.servicetracker::IServicetracker sid=u:r:system_server:s0 pid=1494 scontext=u:r:system_server:s0 tcontext=u:object_r:default_android_hwservice:s0 tclass=hwservice_manager permissive=0
03-03 08:07:34.746   574   574 I auditd  : avc:  denied  { find } for interface=vendor.qti.hardware.servicetracker::IServicetracker sid=u:r:system_server:s0 pid=1494 scontext=u:r:system_server:s0 tcontext=u:object_r:default_android_hwservice:s0 tclass=hwservice_manager permissive=0
03-03 08:07:34.747  1494  1528 I am_pss  : [3183,1000,com.logitech.videocollaboration.froggerscreenshare,91757568,84684800,0,216281088,0,2,9]
03-03 08:08:34.743   574   574 I auditd  : avc:  denied  { find } for interface=vendor.qti.hardware.servicetracker::IServicetracker sid=u:r:system_server:s0 pid=1494 scontext=u:r:system_server:s0 tcontext=u:object_r:default_android_hwservice:s0 tclass=hwservice_manager permissive=0
03-03 08:08:34.753   574   574 I chatty  : uid=1000(system) hwservicemanage identical 1 line
03-03 08:09:34.752   574   574 I auditd  : avc:  denied  { find } for interface=vendor.qti.hardware.servicetracker::IServicetracker sid=u:r:system_server:s0 pid=1494 scontext=u:r:system_server:s0 tcontext=u:object_r:default_android_hwservice:s0 tclass=hwservice_manager permissive=0
03-03 08:09:34.762  1494  1528 I am_pss  : [3293,10027,com.logitech.crashanalytics,41288704,38694912,0,143568896,0,11,8]
03-03 08:09:34.763   574   574 I auditd  : avc:  denied  { find } for interface=vendor.qti.hardware.servicetracker::IServicetracker sid=u:r:system_server:s0 pid=1494 scontext=u:r:system_server:s0 tcontext=u:object_r:default_android_hwservice:s0 tclass=hwservice_manager permissive=0
03-03 08:10:00.241     0     0 W healthd : battery l=50 v=4174 t=30.0 h=2 st=3 c=-324 fc=0 cc=0 chg=
03-03 08:10:34.759   574   574 I chatty  : uid=1000(system) hwservicemanage identical 1 line
03-03 08:10:34.767   574   574 I auditd  : avc:  denied  { find } for interface=vendor.qti.hardware.servicetracker::IServicetracker sid=u:r:system_server:s0 pid=1494 scontext=u:r:system_server:s0 tcontext=u:object_r:default_android_hwservice:s0 tclass=hwservice_manager permissive=0
03-03 08:10:34.768  1494  1528 I am_pss  : [3183,1000,com.logitech.videocollaboration.froggerscreenshare,91855872,84783104,0,216379392,0,2,6]
03-03 08:10:34.775  1494  1528 I am_pss  : [1907,10021,android.ext.services,6365184,4096000,0,97714176,0,6,6]
03-03 08:11:34.765   574   574 I auditd  : avc:  denied  { find } for interface=vendor.qti.hardware.servicetracker::IServicetracker sid=u:r:system_server:s0 pid=1494 scontext=u:r:system_server:s0 tcontext=u:object_r:default_android_hwservice:s0 tclass=hwservice_manager permissive=0
03-03 08:11:34.774  1494  1528 I am_pss  : [3132,1000,com.logitech.vc.analytics,17172480,14323712,0,123604992,0,7,8]
03-03 08:11:34.781  1494  1528 I am_pss  : [4215,1000,com.logitech.vc.attestationservice,8691712,6385664,0,107737088,0,7,6]
03-03 08:11:34.782   574   574 I auditd  : avc:  denied  { find } for interface=vendor.qti.hardware.servicetracker::IServicetracker sid=u:r:system_server:s0 pid=1494 scontext=u:r:system_server:s0 tcontext=u:object_r:default_android_hwservice:s0 tclass=hwservice_manager permissive=0
03-03 08:11:34.790  1494  1528 I am_pss  : [3352,10014,com.android.packageinstaller,6109184,4554752,0,90140672,0,20,7]
03-03 08:11:34.797  1494  1528 I am_pss  : [4135,10048,com.qualcomm.qti.qms.service.trustzoneaccess,5968896,3944448,0,101253120,0,20,7]
03-03 08:11:34.806  1494  1528 I am_pss  : [3399,10018,com.android.providers.calendar,7250944,5021696,0,104673280,0,20,8]
03-03 08:11:34.814  1494  1528 I am_pss  : [3590,10046,com.qualcomm.qti.qms.service.telemetry,15298560,2949120,0,85864448,0,20,6]
03-03 08:11:34.821  1494  1528 I am_pss  : [3570,10047,com.qualcomm.qti.qms.service.connectionsecurity,16602112,4198400,0,87543808,0,20,6]
03-03 08:11:34.828  1494  1528 I am_pss  : [3548,1001,com.qualcomm.qti.lpa,4993024,3485696,0,87732224,0,20,6]
03-03 08:11:34.835  1494  1528 I am_pss  : [3446,1000,com.displaylink.desktop.oem,10716160,8499200,0,111472640,0,20,7]
03-03 08:11:34.842  1494  1528 I am_pss  : [3424,10035,com.android.traceur,8608768,6803456,0,96157696,0,20,6]
03-03 08:11:34.850  1494  1528 I am_pss  : [1890,1000,com.android.settings,28188672,21606400,0,150237184,0,20,7]
03-03 08:11:34.858  1494  1528 I am_pss  : [2428,10026,com.android.inputmethod.leanback,12138496,8048640,0,115982336,0,8,7]
03-03 08:11:34.865  1494  1528 I am_pss  : [3273,1000,com.android.dynsystem,5058560,3366912,0,96116736,0,20,6]
03-03 08:11:34.873  1494  1528 I am_pss  : [2161,1000,com.logitech.service.systemservice:FWUpdateServiceProcess,14189568,10518528,0,127881216,0,0,8]
03-03 08:11:34.882  1494  1528 I am_pss  : [3060,1000,com.logitech.frogger.logidesktop,20888576,17096704,0,131219456,0,15,8]
03-03 08:11:34.889  1494  1528 I am_pss  : [3042,1000,com.qualcomm.qti.qmmi,6932480,5120000,0,100761600,0,20,7]
03-03 08:11:34.896  1494  1528 I am_pss  : [3003,1000,com.logitech.platform.zoom.internal,6626304,4403200,0,107257856,0,0,6]
03-03 08:11:34.903  1494  1528 I am_pss  : [2978,1000,com.logitech.vc.sync,17775616,15331328,0,118525952,0,0,7]
03-03 08:11:34.910  1494  1528 I am_pss  : [2962,1000,com.qualcomm.qti.services.secureui:sui_service,5632000,3710976,0,100278272,0,0,6]
03-03 08:11:34.917  1494  1528 I am_pss  : [2940,1000,com.qualcomm.qti.workloadclassifier,8900608,6418432,0,107261952,0,0,7]
03-03 08:11:34.924  1494  1528 I am_pss  : [2914,1000,com.logitech.platform.service,5653504,3768320,0,100376576,0,0,6]
03-03 08:11:34.930  1494  1528 I am_pss  : [2887,10058,com.qualcomm.qti.services.systemhelper:systemhelper_service,5389312,3694592,0,96567296,0,0,5]
03-03 08:11:34.937  1494  1528 I am_pss  : [2857,10043,com.logitech.platform.zoom.zdm,12334080,9793536,0,107274240,0,0,6]
03-03 08:11:34.943  1494  1528 I am_pss  : [2631,10049,com.qualcomm.timeservice,4683776,3104768,0,88084480,0,20,5]
03-03 08:11:34.952  1494  1528 I am_pss  : [1666,1002,com.android.bluetooth,20184064,16949248,0,124198912,0,0,8]
03-03 08:11:34.960  1494  1528 I am_pss  : [2401,1000,com.logitech.service.systemservice:DummyServiceProcess,6103040,3932160,0,105426944,0,0,7]
03-03 08:11:34.967  1494  1528 I am_pss  : [2377,1000,com.logitech.service.systemservice:LogiUsbServiceProcess,6111232,3784704,0,106754048,0,0,6]
03-03 08:11:34.974  1494  1528 I am_pss  : [2353,1000,com.logitech.service.systemservice:HouseKeepingServiceProcess,7104512,4431872,0,112664576,0,0,7]
03-03 08:11:34.981  1494  1528 I am_pss  : [2318,1000,com.logitech.service.systemservice:AICVServiceProcess,6882304,4603904,0,107245568,0,0,6]
03-03 08:11:34.988  1494  1528 I am_pss  : [2291,1000,com.logitech.service.systemservice:RemoteServiceProcess,6427648,4153344,0,107786240,0,0,6]
03-03 08:11:34.995  1494  1528 I am_pss  : [2246,1000,com.logitech.service.systemservice:ConfigServiceProcess,9553920,6840320,0,116940800,0,0,7]
03-03 08:11:35.002  1494  1528 I am_pss  : [2217,1000,com.logitech.service.systemservice:AudioServiceProcess,7608320,4968448,0,112349184,0,0,6]
03-03 08:11:35.010  1494  1528 I am_pss  : [2184,1000,com.logitech.service.systemservice:HDMIServiceProcess,9736192,5566464,0,119996416,0,0,6]
03-03 08:11:35.017  1494  1528 I am_pss  : [2122,1000,com.logitech.service.systemservice:UVCServiceProcess,8624128,5685248,0,115523584,0,0,7]
03-03 08:11:35.026  1494  1528 I am_pss  : [2098,1000,com.logitech.service.systemservice:ModeServiceProcess,24406016,18452480,0,149495808,0,0,8]
03-03 08:11:35.033  1494  1528 I am_pss  : [2072,1000,com.logitech.service.systemservice:LEDServiceProcess,6738944,4321280,0,109715456,0,0,6]
03-03 08:11:35.041  1494  1528 I am_pss  : [2049,1000,com.logitech.service.systemservice:PTZFServiceProcess,8075264,5500928,0,112558080,0,0,6]
03-03 08:11:35.048  1494  1528 I am_pss  : [1866,1000,com.logitech.service.systemservice,7087104,4722688,0,109137920,0,0,6]
03-03 08:11:35.054  1494  1528 I am_pss  : [1838,1000,com.logitech.platform.service2,5122048,3411968,0,95756288,0,0,6]
03-03 08:11:35.061  1494  1528 I am_pss  : [1824,1001,.qtidataservices,7067648,4993024,0,103735296,0,0,7]
03-03 08:11:35.068  1494  1528 I am_pss  : [1791,1001,.dataservices,5601280,3743744,0,99315712,0,0,6]
03-03 08:11:35.079  1494  1528 I am_pss  : [1686,10055,com.android.systemui,43926528,35708928,0,196751360,0,0,10]
03-03 08:11:35.097  1494  1528 I am_pss  : [1494,1000,system,165441536,150011904,0,336293888,0,0,17]
03-03 08:12:34.778   574   574 I auditd  : avc:  denied  { find } for interface=vendor.qti.hardware.servicetracker::IServicetracker sid=u:r:system_server:s0 pid=1494 scontext=u:r:system_server:s0 tcontext=u:object_r:default_android_hwservice:s0 tclass=hwservice_manager permissive=0
03-03 08:12:34.786  1494  1528 I am_pss  : [4548,1000,com.logitech.bugreporter,9926656,7827456,0,107724800,0,20,6]
03-03 08:12:34.787   574   574 I auditd  : avc:  denied  { find } for interface=vendor.qti.hardware.servicetracker::IServicetracker sid=u:r:system_server:s0 pid=1494 scontext=u:r:system_server:s0 tcontext=u:object_r:default_android_hwservice:s0 tclass=hwservice_manager permissive=0
03-03 08:13:34.796   574   574 I chatty  : uid=1000(system) hwservicemanage identical 2 lines
03-03 08:14:34.792   574   574 I auditd  : avc:  denied  { find } for interface=vendor.qti.hardware.servicetracker::IServicetracker sid=u:r:system_server:s0 pid=1494 scontext=u:r:system_server:s0 tcontext=u:object_r:default_android_hwservice:s0 tclass=hwservice_manager permissive=0
03-03 08:14:34.804  1494  1528 I am_pss  : [3183,1000,com.logitech.videocollaboration.froggerscreenshare,91737088,84664320,0,216260608,0,2,9]
03-03 08:14:34.806   574   574 I auditd  : avc:  denied  { find } for interface=vendor.qti.hardware.servicetracker::IServicetracker sid=u:r:system_server:s0 pid=1494 scontext=u:r:system_server:s0 tcontext=u:object_r:default_android_hwservice:s0 tclass=hwservice_manager permissive=0
03-03 08:14:34.811  1494  1528 I am_pss  : [3377,10016,com.android.permissioncontroller,9758720,7430144,0,104226816,0,20,6]
03-03 08:14:34.821  1494  1528 I am_pss  : [3158,10013,android.process.media,13868032,10014720,0,123609088,0,20,8]
03-03 08:14:34.829  1494  1528 I am_pss  : [3026,1000,com.android.keychain,7568384,5107712,0,107896832,0,20,6]
03-03 08:14:34.837  1494  1528 I am_pss  : [3476,1000,com.logitech.platform.dev.settings,6522880,4755456,0,99872768,0,11,6]
03-03 08:14:34.843  1494  1528 I am_pss  : [3224,1000,com.microsoft.teams.ipphone.partner.agent,7866368,6156288,0,100069376,0,11,6]
03-03 08:14:34.850  1494  1528 I am_pss  : [3112,1000,com.qti.diagservices,5545984,3649536,0,100036608,0,11,6]
03-03 08:15:34.801   574   574 I auditd  : avc:  denied  { find } for interface=vendor.qti.hardware.servicetracker::IServicetracker sid=u:r:system_server:s0 pid=1494 scontext=u:r:system_server:s0 tcontext=u:object_r:default_android_hwservice:s0 tclass=hwservice_manager permissive=0
03-03 08:16:43.631     0     0 D logd    : logdr: UID=2000 GID=2000 PID=5837 b tail=0 logMask=19 pid=0 start=0ns timeout=0ns
03-03 08:16:47.595     0     0 D logd    : logdr: UID=2000 GID=2000 PID=5840 b tail=0 logMask=19 pid=0 start=0ns timeout=0ns
03-03 08:16:34.808   574   574 I chatty  : uid=1000(system) hwservicemanage identical 2 lines
03-03 08:16:34.815   574   574 I auditd  : avc:  denied  { find } for interface=vendor.qti.hardware.servicetracker::IServicetracker sid=u:r:system_server:s0 pid=1494 scontext=u:r:system_server:s0 tcontext=u:object_r:default_android_hwservice:s0 tclass=hwservice_manager permissive=0
03-03 08:17:13.205  1494  1521 I commit_sys_config_file: [package-session,5]
03-03 08:17:13.209  1494  1521 I commit_sys_config_file: [package-session,3]
03-03 08:17:13.257  1494  1515 I commit_sys_config_file: [package-session,4]
03-03 08:17:13.284  1494  1546 I liblog  : 1
03-03 08:17:13.297  1494  1546 I liblog  : 434
03-03 08:17:13.338  1494  1546 I commit_sys_config_file: [package-user-0,3]
03-03 08:17:13.338  1494  1546 I commit_sys_config_file: [package,40]
03-03 08:17:13.343  1494  1546 I sysui_multi_action: [757,1243,758,4,806,com.logitech.integration.test,1241,android.permission.CAMERA]
03-03 08:17:13.343  1494  1546 I sysui_multi_action: [757,1243,758,4,806,com.logitech.integration.test,1241,android.permission.WRITE_EXTERNAL_STORAGE]
03-03 08:17:13.355  1494  1546 I sysui_multi_action: [757,1243,758,4,806,com.logitech.integration.test,1241,android.permission.READ_EXTERNAL_STORAGE]
03-03 08:17:13.360  1494  1546 I sysui_multi_action: [757,1243,758,4,806,com.logitech.integration.test,1241,android.permission.RECORD_AUDIO]
03-03 08:17:13.361  1494  1546 I unknown_sources_enabled: 1
03-03 08:17:13.365  1494  1494 I notification_cancel_all: [1000,1494,com.logitech.integration.test,0,0,0,5,NULL]
03-03 08:17:13.367   574   574 I auditd  : avc:  denied  { find } for interface=vendor.qti.hardware.servicetracker::IServicetracker sid=u:r:system_server:s0 pid=1494 scontext=u:r:system_server:s0 tcontext=u:object_r:default_android_hwservice:s0 tclass=hwservice_manager permissive=0
03-03 08:17:13.368  1494  1519 I am_uid_active: 10016
03-03 08:17:13.369   574   574 I auditd  : avc:  denied  { find } for interface=vendor.qti.hardware.servicetracker::IServicetracker sid=u:r:system_server:s0 pid=1494 scontext=u:r:system_server:s0 tcontext=u:object_r:default_android_hwservice:s0 tclass=hwservice_manager permissive=0
03-03 08:17:13.371  1494  1590 I commit_sys_config_file: [package-session,8]
03-03 08:17:13.382  1494  1528 I am_pss  : [3293,10027,com.logitech.crashanalytics,41276416,38682624,0,143556608,0,11,6]
03-03 08:17:13.620  1494  1528 I commit_sys_config_file: [roles-0,20]
03-03 08:17:13.623  1494  1521 I commit_sys_config_file: [package-session,3]
03-03 08:17:13.628  1494  1521 I commit_sys_config_file: [package-session,4]
03-03 08:17:13.645  1494  1515 I commit_sys_config_file: [package-session,4]
03-03 08:17:13.670  1494  1546 I liblog  : 4
03-03 08:17:13.736  1494  1546 I liblog  : 562
03-03 08:17:13.736  1494  1546 I commit_sys_config_file: [package-user-0,4]
03-03 08:17:13.736  1494  1546 I commit_sys_config_file: [package,51]
03-03 08:17:13.743  1494  1528 I commit_sys_config_file: [package-perms-0,6]
03-03 08:17:13.745  1494  1546 I sysui_multi_action: [757,1243,758,4,806,com.logitech.integration.test.test,1241,android.permission.WRITE_EXTERNAL_STORAGE]
03-03 08:17:13.753  1494  1546 I sysui_multi_action: [757,1243,758,4,806,com.logitech.integration.test.test,1241,android.permission.READ_EXTERNAL_STORAGE]
03-03 08:17:13.762  1494  1546 I unknown_sources_enabled: 1
03-03 08:17:13.767  1494  1494 I notification_cancel_all: [1000,1494,com.logitech.integration.test.test,0,0,0,5,NULL]
03-03 08:17:13.770  1494  1590 I commit_sys_config_file: [package-session,7]
03-03 08:17:13.968  5872  5872 I auditd  : type=1400 audit(0.0:78): avc: denied { read } for comm="app_process" name="u:object_r:device_config_runtime_native_boot_prop:s0" dev="tmpfs" ino=14413 scontext=u:r:shell:s0 tcontext=u:object_r:device_config_runtime_native_boot_prop:s0 tclass=file permissive=0
03-03 08:17:13.968  5872  5872 I chatty  : uid=2000(shell) app_process identical 1 line
03-03 08:17:13.968  5872  5872 I auditd  : type=1400 audit(0.0:80): avc: denied { read } for comm="app_process" name="u:object_r:device_config_runtime_native_boot_prop:s0" dev="tmpfs" ino=14413 scontext=u:r:shell:s0 tcontext=u:object_r:device_config_runtime_native_boot_prop:s0 tclass=file permissive=0
03-03 08:17:14.000  1494  1528 I commit_sys_config_file: [roles-0,6]
03-03 08:17:14.060  1494  1528 I commit_sys_config_file: [package-perms-0,5]
03-03 08:17:14.071  1494  1515 I am_uid_active: 10013
03-03 08:17:14.458  5897  5897 I auditd  : type=1400 audit(0.0:81): avc: denied { read } for comm="app_process" name="u:object_r:device_config_runtime_native_boot_prop:s0" dev="tmpfs" ino=14413 scontext=u:r:shell:s0 tcontext=u:object_r:device_config_runtime_native_boot_prop:s0 tclass=file permissive=0
03-03 08:17:14.458  5897  5897 I chatty  : uid=2000(shell) app_process identical 1 line
03-03 08:17:14.458  5897  5897 I auditd  : type=1400 audit(0.0:83): avc: denied { read } for comm="app_process" name="u:object_r:device_config_runtime_native_boot_prop:s0" dev="tmpfs" ino=14413 scontext=u:r:shell:s0 tcontext=u:object_r:device_config_runtime_native_boot_prop:s0 tclass=file permissive=0
03-03 08:17:14.568  1494  1515 I am_uid_running: 10066
03-03 08:17:14.589  1494  1530 I am_proc_start: [0,5911,10066,com.logitech.integration.test,added application,com.logitech.integration.test]
03-03 08:17:14.615  1494  1515 I am_proc_bound: [0,5911,com.logitech.integration.test]
03-03 08:17:14.617  1494  1515 I am_uid_active: 10066
03-03 08:17:16.668  1494  1606 I commit_sys_config_file: [settings-2-0,7]
03-03 08:17:16.780  1494  1515 I wm_stack_created: 4
03-03 08:17:16.781  1494  1515 I wm_task_created: [6,4]
03-03 08:17:16.781  1494  1515 I wm_task_moved: [6,0,2147483647]
03-03 08:17:16.782  1494  1515 I am_focused_stack: [0,0,4,1,reuseOrNewTask]
03-03 08:17:16.782  1494  1515 I am_create_task: [0,6]
03-03 08:17:16.782  1494  1515 I am_create_activity: [0,75646476,6,com.logitech.integration.test.test/androidx.test.core.app.InstrumentationActivityInvoker$BootstrapActivity,android.intent.action.MAIN,NULL,NULL,268468224]
03-03 08:17:16.782  3183  3183 I am_on_top_resumed_lost_called: [0,com.logitech.videocollaboration.froggerscreenshare.MainActivity,topStateChangedWhenResumed]
03-03 08:17:16.782  1494  1515 I wm_task_moved: [6,0,2147483647]
03-03 08:17:16.783  1494  1515 I am_pause_activity: [0,210054141,com.logitech.videocollaboration.froggerscreenshare/.MainActivity,userLeaving=true]
03-03 08:17:16.785  3183  3183 I am_on_paused_called: [0,com.logitech.videocollaboration.froggerscreenshare.MainActivity,performPause]
03-03 08:17:16.786  1494  1647 I am_add_to_stopping: [0,210054141,com.logitech.videocollaboration.froggerscreenshare/.MainActivity,makeInvisible]
03-03 08:17:16.787  1494  1522 I am_uid_running: 10067
03-03 08:17:16.809  1494  1530 I am_proc_start: [0,5950,10067,com.logitech.integration.test.test,activity,{com.logitech.integration.test.test/androidx.test.core.app.InstrumentationActivityInvoker$BootstrapActivity}]
03-03 08:17:16.834  1494  1647 I am_proc_bound: [0,5950,com.logitech.integration.test.test]
03-03 08:17:16.836  1494  1647 I am_restart_activity: [0,75646476,6,com.logitech.integration.test.test/androidx.test.core.app.InstrumentationActivityInvoker$BootstrapActivity]
03-03 08:17:16.837  1494  1647 I am_set_resumed_activity: [0,com.logitech.integration.test.test/androidx.test.core.app.InstrumentationActivityInvoker$BootstrapActivity,minimalResumeActivityLocked]
03-03 08:17:16.849  1494  1522 I am_uid_active: 10067
03-03 08:17:16.958  5950  5950 I am_on_create_called: [0,androidx.test.core.app.InstrumentationActivityInvoker$BootstrapActivity,performCreate]
03-03 08:17:16.969  5950  5950 I am_on_start_called: [0,androidx.test.core.app.InstrumentationActivityInvoker$BootstrapActivity,handleStartActivity]
03-03 08:17:16.979  1494  1647 I am_create_activity: [0,38328480,6,com.logitech.integration.test/.MainActivity,NULL,NULL,NULL,0]
03-03 08:17:16.981  1494  1647 I am_pause_activity: [0,75646476,com.logitech.integration.test.test/androidx.test.core.app.InstrumentationActivityInvoker$BootstrapActivity,userLeaving=true]
03-03 08:17:16.982  5950  5950 I am_on_resume_called: [0,androidx.test.core.app.InstrumentationActivityInvoker$BootstrapActivity,RESUME_ACTIVITY]
03-03 08:17:16.983  5950  5950 I am_on_top_resumed_gained_called: [0,androidx.test.core.app.InstrumentationActivityInvoker$BootstrapActivity,topStateChangedWhenResumed]
03-03 08:17:16.983  5950  5950 I am_on_top_resumed_lost_called: [0,androidx.test.core.app.InstrumentationActivityInvoker$BootstrapActivity,topStateChangedWhenResumed]
03-03 08:17:16.983  5950  5950 I am_on_paused_called: [0,androidx.test.core.app.InstrumentationActivityInvoker$BootstrapActivity,performPause]
03-03 08:17:16.984  1494  1647 I am_add_to_stopping: [0,75646476,com.logitech.integration.test.test/androidx.test.core.app.InstrumentationActivityInvoker$BootstrapActivity,makeInvisible]
03-03 08:17:16.984  1494  1647 I am_restart_activity: [0,38328480,6,com.logitech.integration.test/.MainActivity]
03-03 08:17:16.985  1494  1647 I am_set_resumed_activity: [0,com.logitech.integration.test/.MainActivity,minimalResumeActivityLocked]
03-03 08:17:16.988  1494  1647 I am_stop_activity: [0,75646476,com.logitech.integration.test.test/androidx.test.core.app.InstrumentationActivityInvoker$BootstrapActivity]
03-03 08:17:16.990  1494  1522 I sysui_multi_action: [757,803,799,window_time_0,802,801]
03-03 08:17:16.990  5950  5950 I am_on_stop_called: [0,androidx.test.core.app.InstrumentationActivityInvoker$BootstrapActivity,STOP_ACTIVITY_ITEM]
03-03 08:17:17.116  5911  5911 I am_on_create_called: [0,com.logitech.integration.test.MainActivity,performCreate]
03-03 08:17:17.162  5911  5911 I am_on_start_called: [0,com.logitech.integration.test.MainActivity,handleStartActivity]
03-03 08:17:17.164  5911  5911 I am_on_resume_called: [0,com.logitech.integration.test.MainActivity,RESUME_ACTIVITY]
03-03 08:17:17.177  5911  5911 I am_on_top_resumed_gained_called: [0,com.logitech.integration.test.MainActivity,topStateChangedWhenResumed]
03-03 08:17:17.254  1494  1528 I sysui_multi_action: [319,68,321,29,322,477,325,1045,757,761,758,7,759,1,806,com.logitech.integration.test,871,com.logitech.integration.test.MainActivity,904,com.logitech.integration.test,905,0,945,58,1320,12,1321,1]
03-03 08:17:17.255  1494  1528 I am_activity_launch_time: [0,38328480,com.logitech.integration.test/.MainActivity,477]
03-03 08:17:17.283  1494  1816 I am_stop_activity: [0,210054141,com.logitech.videocollaboration.froggerscreenshare/.MainActivity]
03-03 08:17:17.287  3183  3183 I am_on_stop_called: [0,com.logitech.videocollaboration.froggerscreenshare.MainActivity,STOP_ACTIVITY_ITEM]
03-03 08:17:17.449     0     0 E CAM_ERR : CAM-ACTUATOR: cam_afptz_store: 434 try to power on!
03-03 08:17:17.485     0     0 I CAM_INFO: CAM-ACTUATOR: cam_afptz_store: 437 skip actuator camera_io_init
03-03 08:17:17.625     0     0 I msm_vidc: info: Opening video instance: ffffffd213694000, 0
03-03 08:17:17.666     0     0 I aac_in_open: session id 1: NT mode encoder success
03-03 08:17:17.666     0     0 I aac_in_open: session id 1: success
03-03 08:17:17.688     0     0 I audio_in_release: session id 1
03-03 08:17:17.696     0     0 I msm_vidc: info: Closed video instance: ffffffd213694000
03-03 08:17:17.708     0     0 I CAM_INFO: CAM-SENSOR: cam_sensor_driver_cmd: 1519 CAM_ACQUIRE_DEV,  sensor_state 3 +
03-03 08:17:17.722     0     0 I ueventd : firmware: loading 'CAMERA_ICP.elf' for '/devices/platform/soc/ac00000.qcom,a5/firmware/CAMERA_ICP.elf'
03-03 08:17:17.724     0     0 I ueventd : loading /devices/platform/soc/ac00000.qcom,a5/firmware/CAMERA_ICP.elf took 2ms
03-03 08:17:17.735     0     0 I CAM_INFO: CAM-ICP: cam_icp_mgr_process_dbg_buf: 2042 FW_DBG:CICP_FW_E : HFI  :QC_IMAGE_VERSION_STRING=CICP.FW.2.1-00008,OEM_IMAGE_VERSION_STRING=CRM,BUILD_TIME: Oct 23 2019 14:14:13,CACHE_ENABLED at icphostinterface.c:636 QC_IMAGE_VERSION_STRING=CICP.FW.2.1-00008 OEM_IMAGE_VERSION_STRING=CRM
03-03 08:17:17.735     0     0 I CAM_INFO: CAM-ICP: cam_icp_mgr_process_dbg_buf: 2042 FW_DBG:CICP_FW_E : HFI  :ELF variant: CACHE-ENABLED:API_V1::USE_CDM_1_0: , API version: 0x1000034 at icphostinterface.c:637 QC_IMAGE_VERSION_STRING=CICP.FW.2.1-00008 OEM_IMAGE_VERSION_STRING=CRM
03-03 08:17:17.735     0     0 I CAM_INFO: CAM-ICP: cam_icp_mgr_hw_open: 3209 FW download done successfully
03-03 08:17:17.774     0     0 I CAM_INFO: CAM-SENSOR: cam_sensor_driver_cmd: 1600 CAM_ACQUIRE_DEV Success, sensor_id:0x8000,sensor_slave_addr:0x34
03-03 08:17:17.788     0     0 I CAM_INFO: CAM-SENSOR: cam_sensor_util_request_gpio_table: 787 No GPIO data
03-03 08:17:17.788     0     0 E CAM_ERR : CAM-SENSOR: cam_sensor_core_power_up: 1881 clk index 0 >= max 0
03-03 08:17:17.788     0     0 E CAM_ERR : CAM-SENSOR: cam_sensor_core_power_up: 2064 failed
03-03 08:17:17.788     0     0 I CAM_INFO: CAM-SENSOR: cam_sensor_util_request_gpio_table: 787 No GPIO data
03-03 08:17:17.857     0     0 I ueventd : firmware: loading 'CAMERA_ICP.elf' for '/devices/platform/soc/ac00000.qcom,a5/firmware/CAMERA_ICP.elf'
03-03 08:17:17.859     0     0 I ueventd : loading /devices/platform/soc/ac00000.qcom,a5/firmware/CAMERA_ICP.elf took 1ms
