01-01 02:45:38.203     0     0 I qdf_print_ctrl_register: Allocated print control object 0
01-01 02:45:38.204     0     0 I [init][599092112][02:45:38.204008] wlan: [557:I:tdls] ucfg_tdls_init: 40: tdls module dispatcher init
01-01 02:45:38.204     0     0 I [init][599092212][02:45:38.204013] wlan: [557:I:tdls] ucfg_tdls_init: 72: tdls module dispatcher init done
01-01 02:45:38.204     0     0 I [init][599092365][02:45:38.204021] wlan: [557:I:POLICY_MGR] policy_mgr_init: 214: Callbacks registered with obj mgr
01-01 02:45:38.204     0     0 W         : CHRDEV "qcwlanstate" major number 217 goes below the dynamic allocation range
01-01 02:45:38.204     0     0 I         : wlan_hdd_state wlan major(217) initialized
01-01 02:45:38.204     0     0 I wlan    : driver loaded
01-01 02:45:38.225     0     0 E CAM_ERR : CAM-SENSOR: hdmi_state_show: 296 show g_hdmi_state=0
01-01 02:45:38.229   979   979 I auditd  : type=1400 audit(0.0:8): avc: denied { dac_override } for comm="vdc" capability=1 scontext=u:r:vdc:s0 tcontext=u:r:vdc:s0 tclass=capability permissive=0
01-01 02:45:38.235     0     0 I subsys-restart: __subsystem_get(): Changing subsys fw_name to modem
01-01 02:45:38.244     0     0 I pil-q6v5-mss 4080000.qcom,mss: modem: loading from 0x000000008e000000 to 0x0000000091000000
01-01 02:45:38.255     0     0 W pil-q6v5-mss 4080000.qcom,mss: Debug policy not present - msadp. Continue.
01-01 02:45:38.255     0     0 I pil-q6v5-mss 4080000.qcom,mss: Loading MBA and DP (if present) from 0x0000000096500000 to 0x0000000096600000
01-01 02:45:38.288     0     0 I apr_tal_notify_state: Channel state[0]
01-01 02:45:38.294     0     0 I pil-q6v5-mss 4080000.qcom,mss: MBA boot done
01-01 02:45:38.468     0     0 W healthd : battery l=50 v=4129 t=30.0 h=2 st=3 c=-1484 fc=0 cc=0 chg=
01-01 02:45:38.490     0     0 I pil-q6v5-mss 4080000.qcom,mss: modem: Brought out of reset
01-01 02:45:38.511     0     0 E         : msm_qti_pp_get_rms_value_control, back not active to query rms be_idx:3
01-01 02:45:38.517     0     0 I core_get_license_status: cmdrsp_license_result.result = 0x15 for module 0x131ff
01-01 02:45:38.527     0     0 I pil-q6v5-mss 4080000.qcom,mss: Subsystem error monitoring/handling services are up
01-01 02:45:38.529     0     0 I apr_tal_link_state_cb: edge[mpss] link state[0]
01-01 02:45:38.531     0     0 E ipc_router_log_msg: Modem QMI Readiness RX cmd:0x2 ADDR:0x0
01-01 02:45:38.535     0     0 I service-notifier: root_service_service_arrive: Connection established between QMI handle and 180 service
01-01 02:45:38.538     0     0 I sysmon-qmi: sysmon_clnt_svc_arrive: Connection established between QMI handle and modem's SSCTL service
01-01 02:45:38.564     0     0 I         : afe_bypass_get value (1)
01-01 02:45:38.564     0     0 I         : adm_bypass_get value (1)
01-01 02:45:38.678     0     0 I pil-q6v5-mss 4080000.qcom,mss: modem: Power/Clock ready interrupt received
01-01 02:45:38.690     0     0 E diag    : In diag_send_feature_mask_update, control channel is not open, p: 0, ffffff9d94495830
01-01 02:45:38.692     0     0 E diag    : In diag_send_peripheral_buffering_mode, buffering flag not set for 0
01-01 02:45:38.774   574   574 I auditd  : avc:  denied  { find } for interface=vendor.qti.hardware.audiohalext::IAudioHalExt sid=u:r:audioserver:s0 pid=834 scontext=u:r:audioserver:s0 tcontext=u:object_r:default_android_hwservice:s0 tclass=hwservice_manager permissive=0
01-01 02:45:38.860     0     0 I msm-dwc3 a800000.ssusb: DWC3 exited from low power mode
01-01 02:45:39.127     0     0 I usb 1-1.4: new high-speed USB device number 3 using xhci-hcd
01-01 02:45:39.231     0     0 E scm_call failed: func id 0x72000205, ret: -2, syscall returns: 0xffffffffffffffbf, 0x0, 0x0
01-01 02:45:39.231     0     0 E QSEECOM : __qseecom_process_incomplete_cmd: scm_call() failed with err: -22 (app_id = 0)
01-01 02:45:39.248     0     0 I usb 1-1.4: New USB device found, idVendor=046d, idProduct=0899
01-01 02:45:39.248     0     0 I usb 1-1.4: New USB device strings: Mfr=1, Product=2, SerialNumber=3
01-01 02:45:39.248     0     0 I usb 1-1.4: Product: Kong
01-01 02:45:39.248     0     0 I usb 1-1.4: Manufacturer: Logitech
01-01 02:45:39.248     0     0 I usb 1-1.4: SerialNumber: 0000000001
01-01 02:45:39.274     0     0 E QSEECOM : qseecom_create_key: Set the key successfully
01-01 02:45:39.279     0     0 W EXT4-fs (sda11): Ignoring removed nomblk_io_submit option
01-01 02:45:39.285     0     0 I hidraw  : find ZynQ board at minor=0 , hidraw_table[minor]=0000000031144602
01-01 02:45:39.285     0     0 I hid-generic 0003: 046D:0899.0001: hiddev0,hidraw0: USB HID v1.01 Device [Logitech Kong] on usb-xhci-hcd.0.auto-1.4/input1
01-01 02:45:39.293     0     0 I cdc_ether 1-1.4: 1.2 usb0: register 'cdc_ether' at usb-xhci-hcd.0.auto-1.4, CDC Ethernet Device, 72:5e:6e:e1:99:b4
01-01 02:45:39.337     0     0 I         : read descriptors
01-01 02:45:39.337     0     0 I         : read strings
01-01 02:45:39.603     0     0 E MAIN_MGR: hvdcp_opti Version: 3:0:0
01-01 02:45:39.603     0     0 E MAIN_MGR: set keepcaps failed!
01-01 02:45:39.603     0     0 E HVDCP2  : Not valid charger for hvdcp2.
01-01 02:45:39.604     0     0 E hvdcpd  : Not valid charger for hvdcp3.
01-01 02:45:39.604     0     0 E THERM-BALANCE: Parallel PSY entry not found.
01-01 02:45:39.604     0     0 E CTM     : file connector_health does not exist in /sys/class/power_supply/usb/
01-01 02:45:39.604     0     0 E CTM     : Couldn't read connector_health from /sys/class/power_supply/parallel/
01-01 02:45:39.604     0     0 E STD-PD  : Registered STD_PD
01-01 02:45:39.604     0     0 E PPS     : Registered PPS
01-01 02:45:39.604     0     0 E CP      : charge_pump missing
01-01 02:45:39.785     0     0 I EXT4-fs (sda11): recovery complete
01-01 02:45:39.786     0     0 I EXT4-fs (sda11): mounted filesystem with ordered data mode. Opts: errors=remount-ro,nomblk_io_submit
01-01 02:45:39.994     0     0 I service-notifier: root_service_service_ind_cb: Indication received from msm/modem/wlan_pd, state: 0x1fffffff, trans-id: 1
01-01 02:45:39.994     0     0 I service-notifier: send_ind_ack: Indication ACKed for transid 1, service msm/modem/wlan_pd, instance 180!
01-01 02:45:39.996     0     0 I icnss   : QMI Server Connected: state: 0x981
01-01 02:45:40.008     0     0 I e2fsck  : e2fsck 1.44.4 (18-Aug-2018)
01-01 02:45:40.008     0     0 I e2fsck  : Pass 1: Checking inodes, blocks, and sizes
01-01 02:45:40.008     0     0 I e2fsck  : Pass 2: Checking directory structure
01-01 02:45:40.008     0     0 I e2fsck  : Pass 3: Checking directory connectivity
01-01 02:45:40.008     0     0 I e2fsck  : Pass 4: Checking reference counts
01-01 02:45:40.008     0     0 I e2fsck  : Pass 5: Checking group summary information
01-01 02:45:40.008     0     0 I e2fsck  : [QUOTA WARNING] Usage inconsistent for ID 0:actual (393216, 60) != expected (389120, 60)
01-01 02:45:40.008     0     0 I e2fsck  : Update quota info for quota type 0? yes
01-01 02:45:40.008     0     0 I e2fsck  :  
01-01 02:45:40.008     0     0 I e2fsck  : [QUOTA WARNING] Usage inconsistent for ID 0:actual (319488, 49) != expected (315392, 49)
01-01 02:45:40.013     0     0 I EXT4-fs (sda11): mounted filesystem with ordered data mode. Opts: barrier=1,noauto_da_alloc,discard
01-01 02:45:40.024     0     0 D vdc     : Waited 0ms for vold
01-01 02:45:40.027     0     0 I init    : starting service 'exec 19 (/system/bin/fsverity_init)'...
01-01 02:45:40.028     0     0 I init    : SVC_EXEC service 'exec 19 (/system/bin/fsverity_init)' pid 1241 (uid 0 gid 0+0 context default) started; waiting...
01-01 02:45:40.050     0     0 I init    : Service 'exec 19 (/system/bin/fsverity_init)' (pid 1241) exited with status 0 waiting took 0.022000 seconds
01-01 02:45:40.051     0     0 I init    : Switched to default mount namespace
01-01 02:45:40.079  1245  1245 I auditd  : type=1400 audit(0.0:9): avc: denied { dac_override } for comm="vdc" capability=1 scontext=u:r:vdc:s0 tcontext=u:r:vdc:s0 tclass=capability permissive=0
01-01 02:45:40.084     0     0 I init    : start_waiting_for_property("apexd.status", "ready"): already set
01-01 02:45:40.085     0     0 I init    : Parsing file /apex/com.android.media.swcodec@290000000/etc/init.rc...
01-01 02:45:40.085     0     0 E init    : /apex/com.android.media.swcodec@290000000/etc/init.rc: 1: cannot update a non-updatable service 'media.swcodec' with a config in APEX
01-01 02:45:40.085     0     0 I init    : starting service 'exec 20 (/system/bin/vdc --wait cryptfs init_user0)'...
01-01 02:45:40.087     0     0 I init    : SVC_EXEC service 'exec 20 (/system/bin/vdc --wait cryptfs init_user0)' pid 1245 (uid 0 gid 0+0 context default) started; waiting...
01-01 02:45:40.114     0     0 I init    : Service 'exec 20 (/system/bin/vdc --wait cryptfs init_user0)' (pid 1245) exited with status 0 waiting took 0.027000 seconds
01-01 02:45:40.211     0     0 I update_verifier: Started with arg 1: trigger_restart_framework
01-01 02:45:40.212     0     0 I update_verifier: Booting slot 0: isSlotMarkedSuccessful=1
01-01 02:45:40.212     0     0 I update_verifier: Leaving update_verifier.
01-01 02:45:40.381     0     0 I         : 'opened /dev/adsprpc-smd c 219 0'
01-01 02:45:40.436     0     0 I         : 'opened /dev/cdsprpc-smd c 219 3'
01-01 02:45:40.480     0     0 W QSEECOM : qseecom_load_app: App (haventkn) does'nt exist, loading apps for first time
01-01 02:45:40.495     0     0 W QSEECOM : qseecom_load_app: App with id 2 (haventkn) now loaded
01-01 02:45:40.497     0     0 I         : read descriptors
01-01 02:45:40.497     0     0 I         : read strings
01-01 02:45:40.509     0     0 E IPC_RTR : process_new_server_msg: Server 00001003 create rejected, version = 0
01-01 02:45:40.530     0     0 E [RMNET:HI] rmnet_config_notify_cb(): Kernel is trying to unregister ipsec_test
01-01 02:45:40.647     0     0 E [RMNET:HI] rmnet_config_notify_cb(): Kernel is trying to unregister ipsec_test
01-01 02:45:40.685     0     0 I capability: warning: `msm_irqbalance' uses 32-bit capabilities (legacy support in use)
01-01 02:45:40.713     0     0 E CAM_ERR : CAM-SENSOR: hdmi_state_show: 296 show g_hdmi_state=0
01-01 02:45:41.557     0     0 I         : read descriptors
01-01 02:45:41.557     0     0 I         : read strings
01-01 02:45:41.914     0     0 E lt9611_getHdmiStatus_fih: lt9611_getHdmiStatus_fih: DSI0 (max_hor, max_ver) = 00, 00, DSI1 (max_hor, max_ver) = 00, 00
01-01 02:45:42.597     0     0 I         : read descriptors
01-01 02:45:42.597     0     0 I         : read strings
03-03 08:00:02.919  1266  1266 I boot_progress_start: 11874
03-03 08:00:02.984  1365  1365 I auditd  : type=1400 audit(0.0:10): avc: denied { search } for comm="cnss-daemon" name="wifi" dev="sda11" ino=3145751 scontext=u:r:wcnss_service:s0 tcontext=u:object_r:wifi_data_file:s0 tclass=dir permissive=0
03-03 08:00:03.014  1365  1365 I auditd  : type=1400 audit(0.0:11): avc: denied { search } for comm="cnss-daemon" name="wifi" dev="sda11" ino=3145751 scontext=u:r:wcnss_service:s0 tcontext=u:object_r:wifi_data_file:s0 tclass=dir permissive=0
03-03 08:00:03.046   574   574 I auditd  : avc:  denied  { find } for interface=vendor.qti.hardware.slmadapter::ISlmAdapter sid=u:r:cnd:s0 pid=1305 scontext=u:r:cnd:s0 tcontext=u:object_r:default_android_hwservice:s0 tclass=hwservice_manager permissive=0
03-03 08:00:03.419  1266  1266 I sysui_multi_action: [757,804,799,boot_zygote_init,801,12374,802,1]
03-03 08:00:03.423  1266  1266 I boot_progress_preload_start: 12377
03-03 08:00:03.497  1267  1267 I sysui_multi_action: [757,804,799,boot_zygote_init,801,12451,802,1]
--------- beginning of radio
03-03 08:00:03.802  1266  1266 D TelephonyManager: No /proc/cmdline exception=java.io.FileNotFoundException: /proc/cmdline: open failed: EACCES (Permission denied)
03-03 08:00:03.802  1266  1266 D TelephonyManager: /proc/cmdline=
03-03 08:00:04.039  1266  1266 I boot_progress_preload_end: 12994
03-03 08:00:04.198  1494  1494 I system_server_start: [1,13151,13151]
03-03 08:00:04.198  1494  1494 I boot_progress_system_run: 13153
03-03 08:00:04.199  1494  1494 I sysui_multi_action: [757,804,799,boot_system_server_init,801,13153,802,1]
03-03 08:00:04.387  1494  1528 I commit_sys_config_file: [batterystats,3]
03-03 08:00:04.389  1494  1528 I commit_sys_config_file: [batterystats,2]
03-03 08:00:04.424  1494  1494 I rescue_note: [0,1,13378]
03-03 08:00:04.444  1494  1494 I sysui_multi_action: [757,804,799,boot_package_manager_init_start,801,13399,802,1]
03-03 08:00:04.449  1494  1494 I boot_progress_pms_start: 13404
03-03 08:00:04.530  1494  1494 I boot_progress_pms_system_scan_start: 13485
03-03 08:00:04.957  1494  1494 I boot_progress_pms_data_scan_start: 13912
03-03 08:00:04.961  1494  1494 I boot_progress_pms_scan_end: 13916
03-03 08:00:04.975  1494  1494 I liblog  : 160
03-03 08:00:05.080  1494  1494 I liblog  : 207
03-03 08:00:05.118  1494  1494 I commit_sys_config_file: [package-user-0,2]
03-03 08:00:05.118  1494  1494 I commit_sys_config_file: [package,38]
03-03 08:00:05.118  1494  1494 I boot_progress_pms_ready: 14073
03-03 08:00:05.159  1494  1494 I sysui_multi_action: [757,804,799,boot_package_manager_init_ready,801,14114,802,1]
03-03 08:00:05.162  1494  1494 I am_uid_running: 1000
03-03 08:00:05.164  1494  1494 I am_uid_active: 1000
03-03 08:00:05.169     0     0 W healthd : battery l=50 v=4152 t=30.0 h=2 st=3 c=-896 fc=0 cc=0 chg=
03-03 08:00:05.184  1494  1527 I battery_status: [3,2,1,0,Li-ion]
03-03 08:00:05.184  1494  1527 I battery_level: [50,4152,300]
03-03 08:00:05.184  1494  1521 I commit_sys_config_file: [overlays,4]
03-03 08:00:05.184     0     0 I chatty  : uid=0(root) logd identical 2 lines
03-03 08:00:05.188     0     0 W healthd : battery l=50 v=4152 t=30.0 h=2 st=3 c=-896 fc=0 cc=0 chg=
03-03 08:00:05.264  1494  1494 I wm_stack_created: 0
03-03 08:00:05.281  1494  1494 I configuration_changed: 536894968
03-03 08:00:05.286  1494  1494 I sysui_multi_action: [757,1659,758,4,759,2,1660,0]
03-03 08:00:05.286  1494  1494 I sysui_multi_action: [757,1659,758,4,759,2,1660,4096]
03-03 08:00:05.298  1494  1623 I configuration_changed: 512
03-03 08:00:05.300  1494  1529 I am_wtf  : [0,1494,system_server,-1,StorageManagerService,Failed to read field SystemLocale]
03-03 08:00:05.357  1494  1494 E TelephonyManager: IMSI error: Subscriber Info is null
03-03 08:00:05.387     0     0 I dsi-ctrl: [_dsi_ctrl_setup_isr] [DSI_1] IRQ 1054 registered
03-03 08:00:05.392  1494  1528 I commit_sys_config_file: [package-perms-0,37]
03-03 08:00:05.441  1267  1267 D TelephonyManager: No /proc/cmdline exception=java.io.FileNotFoundException: /proc/cmdline: open failed: EACCES (Permission denied)
03-03 08:00:05.441  1267  1267 D TelephonyManager: /proc/cmdline=
03-03 08:00:05.450  1494  1642 I storage_state: [41217664-9172-527a-b3d5-edabb50a7d69,0,0,52844736512,53087854592]
03-03 08:00:05.461  1494  1521 I commit_sys_config_file: [notification-policy,14]
03-03 08:00:05.464  1494  1521 I commit_sys_config_file: [notification-policy,2]
03-03 08:00:05.470  1494  1494 I stream_devices_changed: [3,0,2]
03-03 08:00:05.491     0     0 I         : acc_open
03-03 08:00:05.491     0     0 I         : acc_release
03-03 08:00:05.518  1494  1494 I service_manager_stats: [100,12,14473]
03-03 08:00:05.522  1494  1606 I commit_sys_config_file: [settings-0-0,16]
03-03 08:00:05.599     0     0 I eth0    : 0xffffff800fffc000, 44:73:d6:50:a0:6c, IRQ 495
03-03 08:00:05.619     0     0 W healthd : battery l=50 v=4152 t=30.0 h=2 st=3 c=-896 fc=0 cc=0 chg=
03-03 08:00:05.636  1494  1494 I liblog  : 224
03-03 08:00:05.645  1494  1494 I liblog  : 136
03-03 08:00:05.656  1494  1494 I commit_sys_config_file: [package-session,5]
03-03 08:00:05.666  1494  1494 I boot_progress_ams_ready: 14620
03-03 08:00:05.710     0     0 E msm-dsi-panel: [dsi_panel_set_backlight:667] Backlight type(3) not supported
03-03 08:00:05.710     0     0 E msm-dsi-display: [dsi_display_set_backlight] unable to set backlight
03-03 08:00:05.763  1494  1494 I thermal_changed: [CPU0,0,58.300003,0,-2147483648]
03-03 08:00:05.763  1494  1494 I thermal_changed: [CPU1,0,54.300003,0,-2147483648]
03-03 08:00:05.763  1494  1494 I thermal_changed: [CPU2,0,55.300003,0,-2147483648]
03-03 08:00:05.763  1494  1494 I thermal_changed: [CPU3,0,57.000004,0,-2147483648]
03-03 08:00:05.763  1494  1494 I thermal_changed: [CPU4,0,64.900002,0,-2147483648]
03-03 08:00:05.763  1494  1494 I thermal_changed: [CPU5,0,57.300003,0,-2147483648]
03-03 08:00:05.763  1494  1494 I thermal_changed: [CPU6,0,56.300003,0,-2147483648]
03-03 08:00:05.763  1494  1494 I thermal_changed: [CPU7,0,58.600002,0,-2147483648]
03-03 08:00:05.763  1494  1494 I thermal_changed: [GPU,1,46.100002,0,-2147483648]
03-03 08:00:05.763  1494  1494 I thermal_changed: [battery,2,30.000002,0,-2147483648]
03-03 08:00:05.763  1494  1494 I thermal_changed: [skin,3,46.948002,0,-2147483648]
03-03 08:00:05.768   574   574 I auditd  : avc:  denied  { find } for interface=vendor.qti.hardware.servicetracker::IServicetracker sid=u:r:system_server:s0 pid=1494 scontext=u:r:system_server:s0 tcontext=u:object_r:default_android_hwservice:s0 tclass=hwservice_manager permissive=0
03-03 08:00:05.768  1494  1521 I am_uid_running: 1002
03-03 08:00:05.782  1494  1530 I am_proc_start: [0,1666,1002,com.android.bluetooth,service,{com.android.bluetooth/com.android.bluetooth.btservice.AdapterService}]
03-03 08:00:05.790   574   574 I auditd  : avc:  denied  { find } for interface=vendor.qti.hardware.servicetracker::IServicetracker sid=u:r:system_server:s0 pid=1494 scontext=u:r:system_server:s0 tcontext=u:object_r:default_android_hwservice:s0 tclass=hwservice_manager permissive=0
03-03 08:00:05.791  1494  1494 I am_uid_running: 10055
03-03 08:00:05.812  1494  1647 I am_proc_bound: [0,1666,com.android.bluetooth]
03-03 08:00:05.836  1494  1647 I am_uid_active: 1002
03-03 08:00:05.836   574   574 I auditd  : avc:  denied  { find } for interface=vendor.qti.hardware.servicetracker::IServicetracker sid=u:r:system_server:s0 pid=1494 scontext=u:r:system_server:s0 tcontext=u:object_r:default_android_hwservice:s0 tclass=hwservice_manager permissive=0
03-03 08:00:05.837  1494  1530 I am_proc_start: [0,1686,10055,com.android.systemui,service,{com.android.systemui/com.android.systemui.ImageWallpaper}]
03-03 08:00:05.838  1494  1592 I am_uid_running: 1037
03-03 08:00:05.839   574   574 I auditd  : avc:  denied  { find } for interface=vendor.qti.hardware.servicetracker::IServicetracker sid=u:r:system_server:s0 pid=1494 scontext=u:r:system_server:s0 tcontext=u:object_r:default_android_hwservice:s0 tclass=hwservice_manager permissive=0
03-03 08:00:05.840  1494  1515 I am_proc_bound: [0,1686,com.android.systemui]
03-03 08:00:05.842  1494  1515 I am_uid_active: 10055
03-03 08:00:05.843   574   574 I auditd  : avc:  denied  { find } for interface=vendor.qti.hardware.servicetracker::IServicetracker sid=u:r:system_server:s0 pid=1494 scontext=u:r:system_server:s0 tcontext=u:object_r:default_android_hwservice:s0 tclass=hwservice_manager permissive=0
03-03 08:00:05.846   574   574 I auditd  : avc:  denied  { find } for interface=vendor.qti.hardware.servicetracker::IServicetracker sid=u:r:system_server:s0 pid=1494 scontext=u:r:system_server:s0 tcontext=u:object_r:default_android_hwservice:s0 tclass=hwservice_manager permissive=0
03-03 08:00:05.846  1494  1627 I commit_sys_config_file: [net-policy,2]
03-03 08:00:05.847   574   574 I auditd  : avc:  denied  { find } for interface=vendor.qti.hardware.servicetracker::IServicetracker sid=u:r:system_server:s0 pid=1494 scontext=u:r:system_server:s0 tcontext=u:object_r:default_android_hwservice:s0 tclass=hwservice_manager permissive=0
03-03 08:00:05.860     0     0 I IPv6    : ADDRCONF(NETDEV_UP): eth0: link is not ready
03-03 08:00:05.865  1494  1627 D TelephonyRegistry: listen oscl: mHasNotifySubscriptionInfoChangedOccurred==false no callback
03-03 08:00:05.866  1494  1606 I commit_sys_config_file: [settings-2-0,5]
03-03 08:00:05.878   574   574 I auditd  : avc:  denied  { find } for interface=vendor.qti.hardware.servicetracker::IServicetracker sid=u:r:system_server:s0 pid=1494 scontext=u:r:system_server:s0 tcontext=u:object_r:default_android_hwservice:s0 tclass=hwservice_manager permissive=0
03-03 08:00:05.884  1494  1606 I commit_sys_config_file: [settings-0-0,19]
03-03 08:00:05.885  1494  1530 I am_proc_start: [0,1734,1037,WebViewLoader-armeabi-v7a,NULL,]
03-03 08:00:05.895   574   574 I auditd  : avc:  denied  { find } for interface=vendor.qti.hardware.servicetracker::IServicetracker sid=u:r:system_server:s0 pid=1494 scontext=u:r:system_server:s0 tcontext=u:object_r:default_android_hwservice:s0 tclass=hwservice_manager permissive=0
03-03 08:00:05.898   574   574 I auditd  : avc:  denied  { find } for interface=vendor.qti.hardware.servicetracker::IServicetracker sid=u:r:system_server:s0 pid=1494 scontext=u:r:system_server:s0 tcontext=u:object_r:default_android_hwservice:s0 tclass=hwservice_manager permissive=0
03-03 08:00:05.904  1494  1530 I am_proc_start: [0,1752,1037,WebViewLoader-arm64-v8a,NULL,]
03-03 08:00:05.908   574   574 I auditd  : avc:  denied  { find } for interface=vendor.qti.hardware.servicetracker::IServicetracker sid=u:r:system_server:s0 pid=1494 scontext=u:r:system_server:s0 tcontext=u:object_r:default_android_hwservice:s0 tclass=hwservice_manager permissive=0
03-03 08:00:05.909   574   574 I auditd  : avc:  denied  { find } for interface=vendor.qti.hardware.servicetracker::IServicetracker sid=u:r:system_server:s0 pid=1494 scontext=u:r:system_server:s0 tcontext=u:object_r:default_android_hwservice:s0 tclass=hwservice_manager permissive=0
03-03 08:00:05.912  1494  1494 D TelephonyRegistry: systemRunning register for intents
03-03 08:00:05.916  1494  1494 I am_uid_running: 1001
03-03 08:00:05.934  1494  1494 I wm_task_created: [1,0]
03-03 08:00:05.935  1494  1494 I wm_task_moved: [1,0,2147483647]
03-03 08:00:05.935  1494  1494 I am_create_task: [0,1]
03-03 08:00:05.935  1494  1494 I am_create_activity: [0,113041594,1,com.android.settings/.FallbackHome,android.intent.action.MAIN,NULL,NULL,276824320]
03-03 08:00:05.936  1494  1494 I wm_task_moved: [1,0,2147483647]
03-03 08:00:05.992  1494  1647 I am_proc_bound: [0,1734,WebViewLoader-armeabi-v7a]
03-03 08:00:05.994  1494  1494 I sysui_multi_action: [757,804,799,boot_system_server_ready,801,14949,802,1]
03-03 08:00:05.994  1494  1647 I am_uid_active: 1037
03-03 08:00:05.995  1494  1515 I am_proc_bound: [0,1752,WebViewLoader-arm64-v8a]
03-03 08:00:05.997     0     0 I msm_vidc: info: Opening video instance: ffffffd1e422c000, 0
03-03 08:00:05.997  1494  1530 I am_proc_start: [0,1791,1001,.dataservices,added application,.dataservices]
03-03 08:00:05.999  1494  1516 I am_proc_bound: [0,1791,.dataservices]
03-03 08:00:06.002  1494  1516 I am_uid_active: 1001
03-03 08:00:06.008     0     0 I subsys-restart: __subsystem_get(): Changing subsys fw_name to venus
03-03 08:00:06.018  1494  1530 I am_proc_start: [0,1824,1001,.qtidataservices,added application,.qtidataservices]
03-03 08:00:06.020  1494  1494 I notification_cancel_all: [1000,1494,android,0,0,0,17,NULL]
03-03 08:00:06.024     0     0 I ueventd : firmware: loading 'venus.mdt' for '/devices/platform/soc/aae0000.qcom,venus/firmware/venus.mdt'
03-03 08:00:06.026   574   574 I auditd  : avc:  denied  { find } for interface=vendor.qti.hardware.servicetracker::IServicetracker sid=u:r:system_server:s0 pid=1494 scontext=u:r:system_server:s0 tcontext=u:object_r:default_android_hwservice:s0 tclass=hwservice_manager permissive=0
03-03 08:00:06.027  1494  1494 I am_uid_running: 10021
03-03 08:00:06.031     0     0 I subsys-pil-tz aae0000.qcom,venus: venus: loading from 0x0000000095800000 to 0x0000000095d00000
03-03 08:00:06.031     0     0 I ueventd : loading /devices/platform/soc/aae0000.qcom,venus/firmware/venus.mdt took 7ms
03-03 08:00:06.038  1494  1540 D TelephonyRegistry: listen oscl: mHasNotifySubscriptionInfoChangedOccurred==false no callback
03-03 08:00:06.045  1494  1530 I am_proc_start: [0,1838,1000,com.logitech.platform.service2,added application,com.logitech.platform.service2]
03-03 08:00:06.047     0     0 I ueventd : firmware: loading 'venus.b02' for '/devices/platform/soc/aae0000.qcom,venus/firmware/venus.b02'
03-03 08:00:06.048     0     0 I ueventd : firmware: loading 'venus.b03' for '/devices/platform/soc/aae0000.qcom,venus/firmware/venus.b03'
03-03 08:00:06.050     0     0 I ueventd : firmware: loading 'venus.b04' for '/devices/platform/soc/aae0000.qcom,venus/firmware/venus.b04'
03-03 08:00:06.052     0     0 I ueventd : loading /devices/platform/soc/aae0000.qcom,venus/firmware/venus.b03 took 4ms
03-03 08:00:06.055     0     0 I ueventd : loading /devices/platform/soc/aae0000.qcom,venus/firmware/venus.b04 took 4ms
03-03 08:00:06.064  1494  1540 I am_proc_bound: [0,1824,.qtidataservices]
03-03 08:00:06.067     0     0 I ueventd : loading /devices/platform/soc/aae0000.qcom,venus/firmware/venus.b02 took 20ms
03-03 08:00:06.073  1494  1789 I am_proc_bound: [0,1838,com.logitech.platform.service2]
03-03 08:00:06.074  1494  1530 I am_proc_start: [0,1866,1000,com.logitech.service.systemservice,added application,com.logitech.service.systemservice]
03-03 08:00:06.084     0     0 I subsys-pil-tz aae0000.qcom,venus: venus: Brought out of reset
03-03 08:00:06.098  1494  1521 I commit_sys_config_file: [notification-policy,11]
03-03 08:00:06.100  1494  1516 I am_proc_bound: [0,1866,com.logitech.service.systemservice]
03-03 08:00:06.103  1494  1530 I am_proc_start: [0,1890,1000,com.android.settings,activity,{com.android.settings/com.android.settings.FallbackHome}]
03-03 08:00:06.119     0     0 I msm_vidc: info: Closed video instance: ffffffd1e422c000
03-03 08:00:06.128     0     0 I icnss   : WLAN FW is ready: 0xd87
03-03 08:00:06.129     0     0 E qcom,rpmh-regulator soc: rpmh-regulator-ldoa7: TCS Busy, retrying RPMH message send
03-03 08:00:06.131     0     0 I [kworke][702943148][08:00:06.131358] wlan: [1376:I:HDD] hdd_soc_probe: 393: probing driver
03-03 08:00:06.131  1494  1606 I commit_sys_config_file: [settings-0-0,26]
03-03 08:00:06.131  1494  1530 I am_proc_start: [0,1907,10021,android.ext.services,service,{android.ext.services/android.ext.services.watchdog.ExplicitHealthCheckServiceImpl}]
03-03 08:00:06.138     0     0 I ueventd : firmware: loading 'wlan/qca_cld/WCNSS_qcom_cfg.ini' for '/devices/platform/soc/18800000.qcom,icnss/firmware/wlan!qca_cld!WCNSS_qcom_cfg.ini'
03-03 08:00:06.142  1494  1789 I am_proc_died: [0,1752,WebViewLoader-arm64-v8a,-700,0]
03-03 08:00:06.142   574   574 I auditd  : avc:  denied  { find } for interface=vendor.qti.hardware.servicetracker::IServicetracker sid=u:r:system_server:s0 pid=1494 scontext=u:r:system_server:s0 tcontext=u:object_r:default_android_hwservice:s0 tclass=hwservice_manager permissive=0
03-03 08:00:06.144  1494  1789 I am_mem_factor: [3,0]
03-03 08:00:06.145     0     0 I ueventd : loading /devices/platform/soc/18800000.qcom,icnss/firmware/wlan!qca_cld!WCNSS_qcom_cfg.ini took 7ms
03-03 08:00:06.147  1494  1789 I am_low_memory: 8
03-03 08:00:06.147  1666  1906 I bt_config_source: 1
03-03 08:00:06.152   574   574 I auditd  : avc:  denied  { find } for interface=vendor.qti.hardware.servicetracker::IServicetracker sid=u:r:system_server:s0 pid=1494 scontext=u:r:system_server:s0 tcontext=u:object_r:default_android_hwservice:s0 tclass=hwservice_manager permissive=0
03-03 08:00:06.154     0     0 I [kworke][703389472][08:00:06.154604] wlan: [1376:I:tdls] tdls_psoc_obj_create_notification: 68: TDLS obj attach to psoc successfully
03-03 08:00:06.154     0     0 I [kworke][703395411][08:00:06.154913] wlan: [1376:I:OBJMGR] wlan_objmgr_psoc_obj_create: 187: Created psoc 0
03-03 08:00:06.160     0     0 I msm_vidc: info: Opening video instance: ffffffd1c8398000, 1
03-03 08:00:06.162  1494  1515 I am_proc_bound: [0,1907,android.ext.services]
03-03 08:00:06.164  1494  1515 I am_uid_active: 10021
03-03 08:00:06.165     0     0 I [kworke][703595471][08:00:06.165333] wlan: [1376:W:HIF] hif_snoc_enable_bus: device_init_wakeup already done
03-03 08:00:06.165     0     0 I [kworke][703595725][08:00:06.165346] wlan: [1376:E:TXRX] hif_print_hal_shadow_register_cfg: CONFIG_SHADOW_V2 not defined
03-03 08:00:06.166   574   574 I auditd  : avc:  denied  { find } for interface=vendor.qti.hardware.servicetracker::IServicetracker sid=u:r:system_server:s0 pid=1494 scontext=u:r:system_server:s0 tcontext=u:object_r:default_android_hwservice:s0 tclass=hwservice_manager permissive=0
03-03 08:00:06.167   574   574 I auditd  : avc:  denied  { find } for interface=vendor.qti.hardware.servicetracker::IServicetracker sid=u:r:system_server:s0 pid=1494 scontext=u:r:system_server:s0 tcontext=u:object_r:default_android_hwservice:s0 tclass=hwservice_manager permissive=0
03-03 08:00:06.168  1494  1540 I am_proc_died: [0,1734,WebViewLoader-armeabi-v7a,-700,0]
03-03 08:00:06.169   574   574 I auditd  : avc:  denied  { find } for interface=vendor.qti.hardware.servicetracker::IServicetracker sid=u:r:system_server:s0 pid=1494 scontext=u:r:system_server:s0 tcontext=u:object_r:default_android_hwservice:s0 tclass=hwservice_manager permissive=0
03-03 08:00:06.170     0     0 I msm_vidc: info: Closed video instance: ffffffd1c8398000
03-03 08:00:06.170  1494  1540 I am_uid_stopped: 1037
03-03 08:00:06.170  1494  1540 I am_low_memory: 8
03-03 08:00:06.171  1494  1647 I am_proc_bound: [0,1890,com.android.settings]
03-03 08:00:06.173  1494  1647 I configuration_changed: 16384
03-03 08:00:06.190  1494  1647 I am_restart_activity: [0,113041594,1,com.android.settings/.FallbackHome]
03-03 08:00:06.191  1494  1647 I am_set_resumed_activity: [0,com.android.settings/.FallbackHome,minimalResumeActivityLocked]
03-03 08:00:06.197     0     0 I msm_vidc: info: Opening video instance: ffffffd1c4438000, 1
03-03 08:00:06.205     0     0 I msm_vidc: info: Closed video instance: ffffffd1c4438000
03-03 08:00:06.216     0     0 I         : read descriptors
03-03 08:00:06.216     0     0 I         : read strings
03-03 08:00:06.220   574   574 I auditd  : avc:  denied  { find } for interface=vendor.qti.hardware.audiohalext::IAudioHalExt sid=u:r:mediaserver:s0 pid=1288 scontext=u:r:mediaserver:s0 tcontext=u:object_r:default_android_hwservice:s0 tclass=hwservice_manager permissive=0
03-03 08:00:06.220  1494  1494 I notification_cancel_all: [1000,1494,com.android.systemui,0,0,0,17,NULL]
03-03 08:00:06.223     0     0 E IPC_RTR : process_new_server_msg: Server 00001003 create rejected, version = 0
03-03 08:00:06.224     0     0 I [kworke][704723261][08:00:06.224072] wlan: [1376:I:HIF] hif_snoc_bus_configure: 188: expecting wake from ce 2, irq 110
03-03 08:00:06.224     0     0 I [kworke][704724052][08:00:06.224113] wlan: [1376:E:QDF] cds_get_context: 1286: Module ID 66 context is Null
03-03 08:00:06.224     0     0 I [kworke][704724302][08:00:06.224126] wlan: [1376:E:HDD] hdd_wlan_start_modules: 3161: WBUFF init unsuccessful; status: 11
03-03 08:00:06.235     0     0 I [kworke][704945399][08:00:06.235641] wlan: [1376:E:QDF] cds_get_context: 1286: Module ID 66 context is Null
03-03 08:00:06.235     0     0 I [kworke][704949203][08:00:06.235840] wlan: [1376:F:WMA] WMA --> wmi_unified_attach - success
03-03 08:00:06.245   574   574 I auditd  : avc:  denied  { find } for interface=vendor.qti.hardware.servicetracker::IServicetracker sid=u:r:system_server:s0 pid=1494 scontext=u:r:system_server:s0 tcontext=u:object_r:default_android_hwservice:s0 tclass=hwservice_manager permissive=0
03-03 08:00:06.246     0     0 I [kworke][705152732][08:00:06.246440] wlan: [1376:E:QDF] Target Ready! TX resource : 2 size:2184, MaxMsgsPerHTCBundle = 1
03-03 08:00:06.246     0     0 I [kworke][705153058][08:00:06.246457] wlan: [1376:E:QDF] SVS Index : 1 TX : 0x100 : alloc:2
03-03 08:00:06.247  1494  1494 D TelephonyRegistry: notifyCellLocationForSubscriber: subId=0 cellLocation=Bundle[{}]
03-03 08:00:06.253     0     0 I [kworke][705285825][08:00:06.253372] wlan: [1940:I:WMA] wma_rx_service_ready_event: Firmware build version : 20060a00
03-03 08:00:06.253     0     0 I [kworke][705286116][08:00:06.253387] wlan: [1940:I:WMA] wma_rx_service_ready_event: Board id: 0, Board version: 5 0 0 0 0
03-03 08:00:06.253     0     0 I [kworke][705288121][08:00:06.253492] wlan: [1940:E:QDF] Num chain mask tables: 0
03-03 08:00:06.253     0     0 I IPv6    : ADDRCONF(NETDEV_UP): eth0: link is not ready
03-03 08:00:06.254  1953  1953 I auditd  : type=1400 audit(0.0:12): avc: denied { getattr } for comm="webview_zygote" path="/data/data/com.android.webview" dev="sda11" ino=655638 scontext=u:r:webview_zygote:s0 tcontext=u:object_r:app_data_file:s0:c56,c256,c512,c768 tclass=dir permissive=0
03-03 08:00:06.254  1953  1953 I auditd  : type=1400 audit(0.0:13): avc: denied { getattr } for comm="webview_zygote" path="/data/data/com.android.webview" dev="sda11" ino=655638 scontext=u:r:webview_zygote:s0 tcontext=u:object_r:app_data_file:s0:c56,c256,c512,c768 tclass=dir permissive=0
03-03 08:00:06.254     0     0 I [kworke][705298515][08:00:06.254033] wlan: [1940:E:WMA] wma_update_supported_bands: wrong supported band
03-03 08:00:06.254     0     0 I [kworke][705300649][08:00:06.254144] wlan: [1940:E:QDF] copy_fw_abi_version_tlv: INIT_CMD version: 1, 0, 0x5f414351, 0x4c4d, 0x0, 0x0
03-03 08:00:06.258   574   574 I auditd  : avc:  denied  { find } for interface=vendor.qti.hardware.servicetracker::IServicetracker sid=u:r:system_server:s0 pid=1494 scontext=u:r:system_server:s0 tcontext=u:object_r:default_android_hwservice:s0 tclass=hwservice_manager permissive=0
03-03 08:00:06.278   574   574 I chatty  : uid=1000(system) hwservicemanage identical 3 lines
03-03 08:00:06.278     0     0 I [kworke][705770623][08:00:06.278622] wlan: [76:E:QDF] ready_extract_init_status_tlv:0
03-03 08:00:06.279     0     0 I [kworke][705777845][08:00:06.278998] wlan: [76:E:REGULATORY] reg_save_reg_rules_to_pdev: 2988: no reg rules in psoc
03-03 08:00:06.279     0     0 I [kworke][705778229][08:00:06.279018] wlan: [76:I:dfs] WLAN_DEBUG_DFS_ALWAYS : wlan_dfs_pdev_obj_create_notification: 356: dfs_offload 0
03-03 08:00:06.279     0     0 I [kworke][705785967][08:00:06.279421] wlan: [76:E:dfs] WLAN_DEBUG_DFS_ALWAYS : dfs_init_radar_filters: 249: Unknown dfs domain 0
03-03 08:00:06.279     0     0 I [kworke][705786288][08:00:06.279438] wlan: [76:I:dfs] WLAN_DEBUG_DFS_ALWAYS : dfs_get_po_radars: 432: UNINIT domain
03-03 08:00:06.279     0     0 I [kworke][705786418][08:00:06.279444] wlan: [76:E:dfs] WLAN_DEBUG_DFS_ALWAYS : dfs_init_radar_filters: 249: Unknown dfs domain 0
03-03 08:00:06.279     0     0 I null_get_capability: 1518: SPECTRAL : get_capability not registered
03-03 08:00:06.279     0     0 I target_if_pdev_spectral_init: 1992: HAL_CAP_PHYDIAG : Capable
03-03 08:00:06.279     0     0 I null_get_capability: 1518: SPECTRAL : get_capability not registered
03-03 08:00:06.279     0     0 I target_if_pdev_spectral_init: 1996: HAL_CAP_RADAR   : Capable
03-03 08:00:06.279     0     0 I null_get_capability: 1518: SPECTRAL : get_capability not registered
03-03 08:00:06.279     0     0 I target_if_pdev_spectral_init: 2001: HAL_CAP_SPECTRAL_SCAN : Capable
03-03 08:00:06.279     0     0 I null_get_tsf64: 1506: SPECTRAL : get_tsf64 not registered
03-03 08:00:06.279     0     0 I [kworke][705787387][08:00:06.279495] wlan: [76:I:OBJMGR] wlan_objmgr_pdev_obj_create: 176: Created pdev 0
03-03 08:00:06.279     0     0 I [kworke][705789174][08:00:06.279588] wlan: [76:I:HDD] hdd_update_tgt_cfg: 2217: hw_mac is zero
03-03 08:00:06.280     0     0 I [kworke][705797232][08:00:06.280008] wlan: [1376:I:WMA] wma_wait_for_ready_event: 7089: FW ready event received
03-03 08:00:06.280     0     0 I [kworke][705814129][08:00:06.280888] wlan: [1376:I:HTT] max pool size 64 pool filled 64
03-03 08:00:06.280   574   574 I auditd  : avc:  denied  { find } for interface=vendor.qti.hardware.servicetracker::IServicetracker sid=u:r:system_server:s0 pid=1494 scontext=u:r:system_server:s0 tcontext=u:object_r:default_android_hwservice:s0 tclass=hwservice_manager permissive=0
03-03 08:00:06.282  1890  1890 I am_on_create_called: [0,com.android.settings.FallbackHome,performCreate]
03-03 08:00:06.289  1890  1890 I am_on_start_called: [0,com.android.settings.FallbackHome,handleStartActivity]
03-03 08:00:06.289   574   574 I auditd  : avc:  denied  { find } for interface=vendor.qti.hardware.servicetracker::IServicetracker sid=u:r:system_server:s0 pid=1494 scontext=u:r:system_server:s0 tcontext=u:object_r:default_android_hwservice:s0 tclass=hwservice_manager permissive=0
03-03 08:00:06.289     0     0 I [kworke][705985099][08:00:06.289793] wlan: [1376:I:HTT] HTT: full reorder offload enabled
03-03 08:00:06.289  1890  1890 I am_on_resume_called: [0,com.android.settings.FallbackHome,RESUME_ACTIVITY]
03-03 08:00:06.291     0     0 E diag    : In diag_ioctl_set_buffering_mode, invalid peripheral = -22
03-03 08:00:06.291     0     0 I msm_vidc: info: Opening video instance: ffffffd1bf864000, 1
03-03 08:00:06.292     0     0 E bt_ioctl: BT_CMD_PWR_CTRL pwr_cntrl:0
03-03 08:00:06.292     0     0 E bt_ioctl: BT chip state is already :0 no change d
03-03 08:00:06.292     0     0 E bt_ioctl: BT_CMD_PWR_CTRL pwr_cntrl:1
03-03 08:00:06.294     0     0 I [kworke][706081751][08:00:06.294826] wlan: [1376:I:SYS] Creating periodic timer for OLBC UPDATE CACHE TIMEOUT
03-03 08:00:06.295     0     0 I [kworke][706087931][08:00:06.295148] wlan: [1376:E:REGULATORY] reg_run_11d_state_machine: 3066: Invalid vdev
03-03 08:00:06.296   574   574 I auditd  : avc:  denied  { find } for interface=vendor.qti.hardware.servicetracker::IServicetracker sid=u:r:system_server:s0 pid=1494 scontext=u:r:system_server:s0 tcontext=u:object_r:default_android_hwservice:s0 tclass=hwservice_manager permissive=0
03-03 08:00:06.296     0     0 I [schedu][706118299][08:00:06.296730] wlan: [1997:I:QDF] host_diag_log_submit: Unloading/Loading in Progress. Ignore!!!
03-03 08:00:06.298     0     0 E cnss_utils: WLAN MAC address is not set, type 0
03-03 08:00:06.299     0     0 I msm_vidc: info: Closed video instance: ffffffd1bf864000
03-03 08:00:06.301   574   574 I auditd  : avc:  denied  { find } for interface=vendor.qti.hardware.servicetracker::IServicetracker sid=u:r:system_server:s0 pid=1494 scontext=u:r:system_server:s0 tcontext=u:object_r:default_android_hwservice:s0 tclass=hwservice_manager permissive=0
03-03 08:00:06.303  1890  1890 I am_on_top_resumed_gained_called: [0,com.android.settings.FallbackHome,topStateChangedWhenResumed]
03-03 08:00:06.305   574   574 I auditd  : avc:  denied  { find } for interface=vendor.qti.hardware.servicetracker::IServicetracker sid=u:r:system_server:s0 pid=1494 scontext=u:r:system_server:s0 tcontext=u:object_r:default_android_hwservice:s0 tclass=hwservice_manager permissive=0
03-03 08:00:06.308  1494  1530 I am_proc_start: [0,2049,1000,com.logitech.service.systemservice:PTZFServiceProcess,service,{com.logitech.service.systemservice/com.logitech.service.ptzfservice.PTZFService}]
03-03 08:00:06.310     0     0 I [kworke][706379142][08:00:06.310315] wlan: [1376:I:HDD] hdd_initialize_mac_address: 11314: using MAC address from wlan_mac.bin
03-03 08:00:06.313   574   574 I auditd  : avc:  denied  { find } for interface=vendor.qti.hardware.servicetracker::IServicetracker sid=u:r:system_server:s0 pid=1494 scontext=u:r:system_server:s0 tcontext=u:object_r:default_android_hwservice:s0 tclass=hwservice_manager permissive=0
03-03 08:00:06.320     0     0 I msm_vidc: info: Opening video instance: ffffffd1c9df0000, 1
03-03 08:00:06.331     0     0 I msm_vidc: info: Closed video instance: ffffffd1c9df0000
03-03 08:00:06.334   574   574 I chatty  : uid=1000(system) hwservicemanage identical 5 lines
03-03 08:00:06.337   574   574 I auditd  : avc:  denied  { find } for interface=vendor.qti.hardware.servicetracker::IServicetracker sid=u:r:system_server:s0 pid=1494 scontext=u:r:system_server:s0 tcontext=u:object_r:default_android_hwservice:s0 tclass=hwservice_manager permissive=0
03-03 08:00:06.340  1494  1530 I am_proc_start: [0,2072,1000,com.logitech.service.systemservice:LEDServiceProcess,service,{com.logitech.service.systemservice/com.logitech.service.ledservice.LEDService}]
03-03 08:00:06.343  1494  1516 I am_proc_bound: [0,2049,com.logitech.service.systemservice:PTZFServiceProcess]
03-03 08:00:06.347  1494  1528 I sysui_multi_action: [319,273,322,423,325,14,757,761,758,7,759,3,806,com.android.settings,871,com.android.settings.FallbackHome,905,0,945,250,1320,5,1321,1]
03-03 08:00:06.349   574   574 I auditd  : avc:  denied  { find } for interface=vendor.qti.hardware.servicetracker::IServicetracker sid=u:r:system_server:s0 pid=1494 scontext=u:r:system_server:s0 tcontext=u:object_r:default_android_hwservice:s0 tclass=hwservice_manager permissive=0
03-03 08:00:06.350   574   574 I auditd  : avc:  denied  { find } for interface=vendor.qti.hardware.servicetracker::IServicetracker sid=u:r:system_server:s0 pid=1494 scontext=u:r:system_server:s0 tcontext=u:object_r:default_android_hwservice:s0 tclass=hwservice_manager permissive=0
03-03 08:00:06.350  1494  2040 I am_uid_running: 10026
03-03 08:00:06.350  1494  1528 I am_activity_launch_time: [0,113041594,com.android.settings/.FallbackHome,423]
03-03 08:00:06.351  1494  1647 I dvm_lock_sample: [system_server,1,Binder:1494_4,6,ActivityManagerService.java,6574,java.lang.String com.android.server.am.ActivityManagerService.checkContentProviderAccess(java.lang.String, int),-,5255,void com.android.server.am.ActivityManagerService.attachApplication(android.app.IApplicationThread, long),1]
03-03 08:00:06.355     0     0 I msm_vidc: info: Opening video instance: ffffffd1bef2c000, 1
03-03 08:00:06.359     0     0 I msm_vidc: info: Closed video instance: ffffffd1bef2c000
03-03 08:00:06.363  1494  1522 I boot_progress_enable_screen: 15318
03-03 08:00:06.363  1494  1522 I screen_toggled: 1
03-03 08:00:06.371  1494  1530 I am_proc_start: [0,2098,1000,com.logitech.service.systemservice:ModeServiceProcess,service,{com.logitech.service.systemservice/com.logitech.service.modeservice.ModeService}]
03-03 08:00:06.372     0     0 I msm_vidc: info: Opening video instance: ffffffd1bc880000, 1
03-03 08:00:06.376  1494  2040 I am_proc_bound: [0,2072,com.logitech.service.systemservice:LEDServiceProcess]
03-03 08:00:06.377     0     0 I msm_vidc: info: Closed video instance: ffffffd1bc880000
03-03 08:00:06.380   574   574 I auditd  : avc:  denied  { find } for interface=vendor.qti.hardware.servicetracker::IServicetracker sid=u:r:system_server:s0 pid=1494 scontext=u:r:system_server:s0 tcontext=u:object_r:default_android_hwservice:s0 tclass=hwservice_manager permissive=0
03-03 08:00:06.382  1686  1686 W CarrierConfigManager: Error getting config for subId -1 ICarrierConfigLoader is null
03-03 08:00:06.396  1494  1647 D TelephonyRegistry: listen oscl: mHasNotifySubscriptionInfoChangedOccurred==false no callback
03-03 08:00:06.397  1494  1530 I am_proc_start: [0,2122,1000,com.logitech.service.systemservice:UVCServiceProcess,service,{com.logitech.service.systemservice/com.logitech.service.uvcservice.UVCService}]
03-03 08:00:06.410     0     0 E CAM_ERR : CAM-ACTUATOR: cam_afptz_store: 434 try to power on!
03-03 08:00:06.422  1494  1647 I am_proc_bound: [0,2098,com.logitech.service.systemservice:ModeServiceProcess]
03-03 08:00:06.427   574   574 I auditd  : avc:  denied  { find } for interface=vendor.qti.hardware.servicetracker::IServicetracker sid=u:r:system_server:s0 pid=1494 scontext=u:r:system_server:s0 tcontext=u:object_r:default_android_hwservice:s0 tclass=hwservice_manager permissive=0
03-03 08:00:06.427  1494  1530 I am_proc_start: [0,2161,1000,com.logitech.service.systemservice:FWUpdateServiceProcess,service,{com.logitech.service.systemservice/com.logitech.service.fwupdate.FWUpdateService}]
03-03 08:00:06.429  1494  1822 I am_proc_bound: [0,2122,com.logitech.service.systemservice:UVCServiceProcess]
03-03 08:00:06.432   574   574 I auditd  : avc:  denied  { find } for interface=vendor.qti.hardware.servicetracker::IServicetracker sid=u:r:system_server:s0 pid=1494 scontext=u:r:system_server:s0 tcontext=u:object_r:default_android_hwservice:s0 tclass=hwservice_manager permissive=0
03-03 08:00:06.448     0     0 I CAM_INFO: CAM-ACTUATOR: cam_afptz_store: 437 skip actuator camera_io_init
03-03 08:00:06.456  1494  1530 I am_proc_start: [0,2184,1000,com.logitech.service.systemservice:HDMIServiceProcess,service,{com.logitech.service.systemservice/com.logitech.service.hdmiservice.HDMIService}]
03-03 08:00:06.464  1494  1647 I am_proc_bound: [0,2161,com.logitech.service.systemservice:FWUpdateServiceProcess]
03-03 08:00:06.468   574   574 I auditd  : avc:  denied  { find } for interface=vendor.qti.hardware.servicetracker::IServicetracker sid=u:r:system_server:s0 pid=1494 scontext=u:r:system_server:s0 tcontext=u:object_r:default_android_hwservice:s0 tclass=hwservice_manager permissive=0
03-03 08:00:06.477  1494  1822 I am_proc_bound: [0,2184,com.logitech.service.systemservice:HDMIServiceProcess]
03-03 08:00:06.481   574   574 I auditd  : avc:  denied  { find } for interface=vendor.qti.hardware.servicetracker::IServicetracker sid=u:r:system_server:s0 pid=1494 scontext=u:r:system_server:s0 tcontext=u:object_r:default_android_hwservice:s0 tclass=hwservice_manager permissive=0
03-03 08:00:06.482  1494  1530 I am_proc_start: [0,2217,1000,com.logitech.service.systemservice:AudioServiceProcess,service,{com.logitech.service.systemservice/com.logitech.service.audioservice.AudioService}]
03-03 08:00:06.510  1494  1530 I am_proc_start: [0,2246,1000,com.logitech.service.systemservice:ConfigServiceProcess,service,{com.logitech.service.systemservice/com.logitech.service.config.ConfigService}]
03-03 08:00:06.512  1494  1822 I am_proc_bound: [0,2217,com.logitech.service.systemservice:AudioServiceProcess]
03-03 08:00:06.514   574   574 I auditd  : avc:  denied  { find } for interface=vendor.qti.hardware.servicetracker::IServicetracker sid=u:r:system_server:s0 pid=1494 scontext=u:r:system_server:s0 tcontext=u:object_r:default_android_hwservice:s0 tclass=hwservice_manager permissive=0
03-03 08:00:06.521     0     0 I msm_vidc: info: Opening video instance: ffffffd1b9254000, 1
03-03 08:00:06.525     0     0 I msm_vidc: info: Closed video instance: ffffffd1b9254000
03-03 08:00:06.531  1494  1822 I am_proc_bound: [0,2246,com.logitech.service.systemservice:ConfigServiceProcess]
03-03 08:00:06.534   574   574 I auditd  : avc:  denied  { find } for interface=vendor.qti.hardware.servicetracker::IServicetracker sid=u:r:system_server:s0 pid=1494 scontext=u:r:system_server:s0 tcontext=u:object_r:default_android_hwservice:s0 tclass=hwservice_manager permissive=0
03-03 08:00:06.542     0     0 E bt_ioctl: BT_CMD_CHIP_VERS soc_version:40010214
03-03 08:00:06.546  1494  1530 I am_proc_start: [0,2291,1000,com.logitech.service.systemservice:RemoteServiceProcess,service,{com.logitech.service.systemservice/com.logitech.service.remoteservice.RemoteService}]
03-03 08:00:06.566     0     0 I msm_vidc: info: Opening video instance: ffffffd1bb6cc000, 1
03-03 08:00:06.571  1494  1647 I am_proc_bound: [0,2291,com.logitech.service.systemservice:RemoteServiceProcess]
03-03 08:00:06.571     0     0 I msm_vidc: info: Closed video instance: ffffffd1bb6cc000
03-03 08:00:06.574   574   574 I auditd  : avc:  denied  { find } for interface=vendor.qti.hardware.servicetracker::IServicetracker sid=u:r:system_server:s0 pid=1494 scontext=u:r:system_server:s0 tcontext=u:object_r:default_android_hwservice:s0 tclass=hwservice_manager permissive=0
03-03 08:00:06.578  1494  1530 I am_proc_start: [0,2318,1000,com.logitech.service.systemservice:AICVServiceProcess,service,{com.logitech.service.systemservice/com.logitech.service.aicvservice.AICVService}]
03-03 08:00:06.597     0     0 I msm_vidc: info: Opening video instance: ffffffd1b6b50000, 1
03-03 08:00:06.606     0     0 I msm_vidc: info: Closed video instance: ffffffd1b6b50000
03-03 08:00:06.606  1494  1647 I am_proc_bound: [0,2318,com.logitech.service.systemservice:AICVServiceProcess]
03-03 08:00:06.611   574   574 I auditd  : avc:  denied  { find } for interface=vendor.qti.hardware.servicetracker::IServicetracker sid=u:r:system_server:s0 pid=1494 scontext=u:r:system_server:s0 tcontext=u:object_r:default_android_hwservice:s0 tclass=hwservice_manager permissive=0
03-03 08:00:06.614  1494  1530 I am_proc_start: [0,2353,1000,com.logitech.service.systemservice:HouseKeepingServiceProcess,service,{com.logitech.service.systemservice/com.logitech.service.housekeepingservice.HouseKeepingService}]
03-03 08:00:06.624     0     0 I msm_vidc: info: Opening video instance: ffffffd1b54d0000, 0
03-03 08:00:06.637  1494  1530 I am_proc_start: [0,2377,1000,com.logitech.service.systemservice:LogiUsbServiceProcess,service,{com.logitech.service.systemservice/com.logitech.service.usbservice.LogiUsbService}]
03-03 08:00:06.640     0     0 I msm_vidc: info: Closed video instance: ffffffd1b54d0000
03-03 08:00:06.642   574   574 I auditd  : avc:  denied  { find } for interface=vendor.qti.hardware.servicetracker::IServicetracker sid=u:r:system_server:s0 pid=1494 scontext=u:r:system_server:s0 tcontext=u:object_r:default_android_hwservice:s0 tclass=hwservice_manager permissive=0
03-03 08:00:06.656  1494  1515 I am_proc_bound: [0,2353,com.logitech.service.systemservice:HouseKeepingServiceProcess]
03-03 08:00:06.661   574   574 I auditd  : avc:  denied  { find } for interface=vendor.qti.hardware.servicetracker::IServicetracker sid=u:r:system_server:s0 pid=1494 scontext=u:r:system_server:s0 tcontext=u:object_r:default_android_hwservice:s0 tclass=hwservice_manager permissive=0
03-03 08:00:06.664  1494  1530 I am_proc_start: [0,2401,1000,com.logitech.service.systemservice:DummyServiceProcess,service,{com.logitech.service.systemservice/com.logitech.service.systemservice.dummy.DummyService}]
