03-03 08:17:17.869     0     0 I CAM_INFO: CAM-ICP: cam_icp_mgr_process_dbg_buf: 2042 FW_DBG:CICP_FW_E : HFI  :QC_IMAGE_VERSION_STRING=CICP.FW.2.1-00008,OEM_IMAGE_VERSION_STRING=CRM,BUILD_TIME: Oct 23 2019 14:14:13,CACHE_ENABLED at icphostinterface.c:636 QC_IMAGE_VERSION_STRING=CICP.FW.2.1-00008 OEM_IMAGE_VERSION_STRING=CRM
03-03 08:17:17.869     0     0 I CAM_INFO: CAM-ICP: cam_icp_mgr_process_dbg_buf: 2042 FW_DBG:CICP_FW_E : HFI  :ELF variant: CACHE-ENABLED:API_V1::USE_CDM_1_0: , API version: 0x1000034 at icphostinterface.c:637 QC_IMAGE_VERSION_STRING=CICP.FW.2.1-00008 OEM_IMAGE_VERSION_STRING=CRM
03-03 08:17:17.869     0     0 I CAM_INFO: CAM-ICP: cam_icp_mgr_hw_open: 3209 FW download done successfully
03-03 08:17:17.882     0     0 I CAM_INFO: CAM-CORE: cam_node_handle_ioctl: 756 Acquire HW successful
03-03 08:17:17.895     0     0 I CAM_INFO: CAM-SENSOR: cam_sensor_driver_cmd: 1673 CAM_START_DEV,  sensor_state 2 +
03-03 08:17:17.897     0     0 I CAM_INFO: CAM-SENSOR: cam_sensor_driver_cmd: 1697 CAM_START_DEV Success, sensor_id:0x8000,sensor_slave_addr:0x34
03-03 08:17:18.115     0     0 I msm_vidc: info: Opening video instance: ffffffd2058fc000, 0
03-03 08:17:18.157     0     0 I aac_in_open: session id 1: NT mode encoder success
03-03 08:17:18.157     0     0 I aac_in_open: session id 1: success
03-03 08:17:18.303     0     0 I CAM_INFO: CAM-ISP: __cam_isp_ctx_flush_req_in_top_state: 2049 ctx id:1 Last request id to flush is 9
03-03 08:17:18.319     0     0 I CAM_INFO: CAM-ISP: __cam_isp_ctx_handle_irq_in_activated: 3796 Ctx:1 No handle function for substate 6
03-03 08:17:18.319     0     0 I CAM_INFO: CAM-ISP: __cam_isp_ctx_dump_state_monitor_array: 121 Dumping state information for preceding requests
03-03 08:17:18.329     0     0 I CAM_INFO: CAM-ISP: __cam_isp_ctx_handle_irq_in_activated: 3796 Ctx:1 No handle function for substate 6
03-03 08:17:18.329     0     0 I CAM_INFO: CAM-ISP: __cam_isp_ctx_dump_state_monitor_array: 121 Dumping state information for preceding requests
03-03 08:17:18.336     0     0 I CAM_INFO: CAM-SENSOR: cam_sensor_driver_cmd: 1701 CAM_STOP_DEV,  sensor_state 3 +
03-03 08:17:18.337     0     0 I CAM_INFO: CAM-SENSOR: cam_sensor_driver_cmd: 1727 CAM_STOP_DEV Success, sensor_id:0x8000,sensor_slave_addr:0x34
03-03 08:17:18.344     0     0 I CAM_INFO: CAM-CORE: cam_node_handle_ioctl: 863 Release HW done(rc = 0)
03-03 08:17:18.346   574   574 I auditd  : avc:  denied  { find } for interface=vendor.qti.hardware.servicetracker::IServicetracker sid=u:r:system_server:s0 pid=1494 scontext=u:r:system_server:s0 tcontext=u:object_r:default_android_hwservice:s0 tclass=hwservice_manager permissive=0
03-03 08:17:18.371     0     0 I CAM_INFO: CAM-SENSOR: cam_sensor_driver_cmd: 1519 CAM_ACQUIRE_DEV,  sensor_state 0 +
03-03 08:17:18.378     0     0 I ueventd : firmware: loading 'CAMERA_ICP.elf' for '/devices/platform/soc/ac00000.qcom,a5/firmware/CAMERA_ICP.elf'
03-03 08:17:18.382     0     0 I ueventd : loading /devices/platform/soc/ac00000.qcom,a5/firmware/CAMERA_ICP.elf took 3ms
03-03 08:17:18.392     0     0 I CAM_INFO: CAM-ICP: cam_icp_mgr_process_dbg_buf: 2042 FW_DBG:CICP_FW_E : HFI  :QC_IMAGE_VERSION_STRING=CICP.FW.2.1-00008,OEM_IMAGE_VERSION_STRING=CRM,BUILD_TIME: Oct 23 2019 14:14:13,CACHE_ENABLED at icphostinterface.c:636 QC_IMAGE_VERSION_STRING=CICP.FW.2.1-00008 OEM_IMAGE_VERSION_STRING=CRM
03-03 08:17:18.392     0     0 I CAM_INFO: CAM-ICP: cam_icp_mgr_process_dbg_buf: 2042 FW_DBG:CICP_FW_E : HFI  :ELF variant: CACHE-ENABLED:API_V1::USE_CDM_1_0: , API version: 0x1000034 at icphostinterface.c:637 QC_IMAGE_VERSION_STRING=CICP.FW.2.1-00008 OEM_IMAGE_VERSION_STRING=CRM
03-03 08:17:18.392     0     0 I CAM_INFO: CAM-ICP: cam_icp_mgr_hw_open: 3209 FW download done successfully
03-03 08:17:18.406     0     0 I CAM_INFO: CAM-CORE: cam_node_handle_ioctl: 756 Acquire HW successful
03-03 08:17:18.409     0     0 I CAM_INFO: CAM-SENSOR: cam_sensor_driver_cmd: 1600 CAM_ACQUIRE_DEV Success, sensor_id:0x8000,sensor_slave_addr:0x34
03-03 08:17:18.418     0     0 I CAM_INFO: CAM-SENSOR: cam_sensor_driver_cmd: 1673 CAM_START_DEV,  sensor_state 2 +
03-03 08:17:18.420     0     0 I CAM_INFO: CAM-SENSOR: cam_sensor_driver_cmd: 1697 CAM_START_DEV Success, sensor_id:0x8000,sensor_slave_addr:0x34
03-03 08:17:19.247     0     0 I CAM_INFO: CAM-CORE: cam_node_handle_ioctl: 756 Acquire HW successful
03-03 08:17:19.259     0     0 I CAM_INFO: CAM-SENSOR: cam_sensor_driver_cmd: 1673 CAM_START_DEV,  sensor_state 2 +
03-03 08:17:19.260     0     0 I CAM_INFO: CAM-SENSOR: cam_sensor_driver_cmd: 1697 CAM_START_DEV Success, sensor_id:0x8000,sensor_slave_addr:0x34
03-03 08:17:19.636     0     0 I CAM_INFO: CAM-ISP: __cam_isp_ctx_flush_req_in_top_state: 2049 ctx id:6 Last request id to flush is 6
03-03 08:17:19.648     0     0 I CAM_INFO: CAM-ISP: __cam_isp_ctx_handle_irq_in_activated: 3796 Ctx:6 No handle function for substate 6
03-03 08:17:19.648     0     0 I CAM_INFO: CAM-ISP: __cam_isp_ctx_dump_state_monitor_array: 121 Dumping state information for preceding requests
03-03 08:17:19.659     0     0 I CAM_INFO: CAM-ISP: __cam_isp_ctx_handle_irq_in_activated: 3796 Ctx:6 No handle function for substate 6
03-03 08:17:19.659     0     0 I CAM_INFO: CAM-ISP: __cam_isp_ctx_dump_state_monitor_array: 121 Dumping state information for preceding requests
03-03 08:17:19.665     0     0 I CAM_INFO: CAM-SENSOR: cam_sensor_driver_cmd: 1701 CAM_STOP_DEV,  sensor_state 3 +
03-03 08:17:19.666     0     0 I CAM_INFO: CAM-SENSOR: cam_sensor_driver_cmd: 1727 CAM_STOP_DEV Success, sensor_id:0x8000,sensor_slave_addr:0x34
03-03 08:17:19.673     0     0 I CAM_INFO: CAM-CORE: cam_node_handle_ioctl: 863 Release HW done(rc = 0)
03-03 08:17:19.674     0     0 I CAM_INFO: CAM-SENSOR: cam_sensor_driver_cmd: 1604 CAM_RELEASE_DEV,  sensor_state 1 +
03-03 08:17:19.688     0     0 I CAM_INFO: CAM-SENSOR: cam_sensor_driver_cmd: 1654 CAM_RELEASE_DEV Success, sensor_id:0x8000,sensor_slave_addr:0x34
03-03 08:17:19.712   574   574 I chatty  : uid=1000(system) hwservicemanage identical 2 lines
03-03 08:17:19.713   574   574 I auditd  : avc:  denied  { find } for interface=vendor.qti.hardware.servicetracker::IServicetracker sid=u:r:system_server:s0 pid=1494 scontext=u:r:system_server:s0 tcontext=u:object_r:default_android_hwservice:s0 tclass=hwservice_manager permissive=0
03-03 08:17:19.717  2318  2352 I dvm_lock_sample: [com.logitech.service.systemservi,1,Binder:2318_2,414,AICVService.java,-1,com.logitech.service.models.aicv.AICVPersonCounterMode com.logitech.service.aicvservice.AICVService.getPersonCounterMode(),BaseService.java,-1,void com.logitech.service.baseservice.BaseService.stop(boolean),82]
03-03 08:17:19.717  2318  2350 I dvm_lock_sample: [com.logitech.service.systemservi,0,Binder:2318_1,410,AICVService.java,-1,void com.logitech.service.aicvservice.AICVService.onPtzPositionUpdate(com.logitech.service.models.ptzf.PtzfInput),BaseService.java,-1,void com.logitech.service.baseservice.BaseService.stop(boolean),82]
03-03 08:17:24.623  1494  1546 I commit_sys_config_file: [package-user-0,5]
03-03 08:17:28.785   574   574 I auditd  : avc:  denied  { find } for interface=vendor.qti.hardware.servicetracker::IServicetracker sid=u:r:system_server:s0 pid=1494 scontext=u:r:system_server:s0 tcontext=u:object_r:default_android_hwservice:s0 tclass=hwservice_manager permissive=0
03-03 08:17:28.786   574   574 I auditd  : avc:  denied  { find } for interface=vendor.qti.hardware.servicetracker::IServicetracker sid=u:r:system_server:s0 pid=1494 scontext=u:r:system_server:s0 tcontext=u:object_r:default_android_hwservice:s0 tclass=hwservice_manager permissive=0
03-03 08:17:28.807  1494  1528 I am_pss  : [5911,10066,com.logitech.integration.test,161458176,153833472,0,280625152,0,2,16]
03-03 08:17:34.813   574   574 I auditd  : avc:  denied  { find } for interface=vendor.qti.hardware.servicetracker::IServicetracker sid=u:r:system_server:s0 pid=1494 scontext=u:r:system_server:s0 tcontext=u:object_r:default_android_hwservice:s0 tclass=hwservice_manager permissive=0
03-03 08:17:36.648   574   574 I auditd  : avc:  denied  { find } for interface=vendor.qti.hardware.servicetracker::IServicetracker sid=u:r:system_server:s0 pid=1494 scontext=u:r:system_server:s0 tcontext=u:object_r:default_android_hwservice:s0 tclass=hwservice_manager permissive=0
03-03 08:17:43.482  1494  1618 I am_uid_stopped: 10066
03-03 08:17:43.483  1494  1618 I am_kill : [0,5911,com.logitech.integration.test,0,stop com.logitech.integration.test]
03-03 08:17:43.485   574   574 I auditd  : avc:  denied  { find } for interface=vendor.qti.hardware.servicetracker::IServicetracker sid=u:r:system_server:s0 pid=1494 scontext=u:r:system_server:s0 tcontext=u:object_r:default_android_hwservice:s0 tclass=hwservice_manager permissive=0
03-03 08:17:43.485  1494  1618 I am_finish_activity: [0,38328480,6,com.logitech.integration.test/.MainActivity,proc died without state saved]
03-03 08:17:43.490  1494  1618 I am_set_resumed_activity: [0,com.logitech.integration.test.test/androidx.test.core.app.InstrumentationActivityInvoker$BootstrapActivity,resumeTopActivityInnerLocked]
03-03 08:17:43.491  1494  1618 I am_resume_activity: [0,75646476,6,com.logitech.integration.test.test/androidx.test.core.app.InstrumentationActivityInvoker$BootstrapActivity]
03-03 08:17:43.492  1494  1522 I sysui_multi_action: [757,803,799,window_time_0,802,27]
03-03 08:17:43.495  1494  1516 I am_finish_activity: [0,75646476,6,com.logitech.integration.test.test/androidx.test.core.app.InstrumentationActivityInvoker$BootstrapActivity,app-request]
03-03 08:17:43.495  1494  1516 I am_focused_stack: [0,0,1,4,finishActivity adjustFocus adjustFocusToNextFocusableStack]
03-03 08:17:43.496  1494  1516 I am_set_resumed_activity: [0,com.logitech.videocollaboration.froggerscreenshare/.MainActivity,finishActivity]
03-03 08:17:43.497  1494  1516 I am_pause_activity: [0,75646476,com.logitech.integration.test.test/androidx.test.core.app.InstrumentationActivityInvoker$BootstrapActivity,userLeaving=false]
03-03 08:17:43.499  5950  5950 I am_on_activity_result_called: [0,androidx.test.core.app.InstrumentationActivityInvoker$BootstrapActivity,ACTIVITY_RESULT]
03-03 08:17:43.500  5950  5950 I am_on_restart_called: [0,androidx.test.core.app.InstrumentationActivityInvoker$BootstrapActivity,performRestartActivity]
03-03 08:17:43.501  1494  1515 I am_add_to_stopping: [0,75646476,com.logitech.integration.test.test/androidx.test.core.app.InstrumentationActivityInvoker$BootstrapActivity,finishCurrentActivityLocked]
03-03 08:17:43.503  1494  1515 I am_set_resumed_activity: [0,com.logitech.videocollaboration.froggerscreenshare/.MainActivity,resumeTopActivityInnerLocked]
03-03 08:17:43.504  1494  1515 I am_resume_activity: [0,210054141,3,com.logitech.videocollaboration.froggerscreenshare/.MainActivity]
03-03 08:17:43.505  1494  1522 I sysui_multi_action: [757,803,799,window_time_0,802,0]
03-03 08:17:43.507     0     0 I CAM_INFO: CAM-ISP: __cam_isp_ctx_flush_req_in_top_state: 2049 ctx id:4 Last request id to flush is 752
03-03 08:17:43.507     0     0 I CAM_INFO: CAM-ISP: __cam_isp_ctx_flush_req_in_top_state: 2063 ctx:4 last applied id:749, reported req id:748, buf done id:747
03-03 08:17:43.507     0     0 I CAM_INFO: CAM-ISP: __cam_isp_ctx_flush_req_in_top_state: 2069 current time:772230 last apply time:772230, reported req time:772230, buf done time:772200
03-03 08:17:43.507     0     0 I CAM_INFO: CAM-ISP: __cam_isp_ctx_dump_state_monitor_array: 121 Dumping state information for preceding requests
03-03 08:17:43.512     0     0 E CAM_ERR : CAM-ISP: cam_ife_csid_irq: 3386 CSID 1 irq status 0x0 0x4000ff 0x1ffa 0x0 0x0 0x0 0x0
03-03 08:17:43.510  1494  1522 I sysui_multi_action: [757,803,799,window_time_0,802,0]
03-03 08:17:43.515  3183  3183 I am_on_restart_called: [0,com.logitech.videocollaboration.froggerscreenshare.MainActivity,performRestartActivity]
03-03 08:17:43.522  3183  3183 I am_on_start_called: [0,com.logitech.videocollaboration.froggerscreenshare.MainActivity,handleStartActivity]
03-03 08:17:43.522  3183  3183 I am_on_resume_called: [0,com.logitech.videocollaboration.froggerscreenshare.MainActivity,RESUME_ACTIVITY]
03-03 08:17:43.522  3183  3183 I am_on_top_resumed_gained_called: [0,com.logitech.videocollaboration.froggerscreenshare.MainActivity,topWhenResuming]
03-03 08:17:43.542     0     0 I binder  : undelivered transaction 329013, process died.
03-03 08:17:43.542     0     0 I binder  : undelivered transaction 329040, process died.
03-03 08:17:43.542     0     0 I binder  : undelivered transaction 329043, process died.
03-03 08:17:43.542     0     0 I binder  : undelivered transaction 329046, process died.
03-03 08:17:43.542     0     0 I binder  : undelivered transaction 329055, process died.
03-03 08:17:43.542     0     0 I binder  : undelivered transaction 329058, process died.
03-03 08:17:43.542     0     0 I binder  : undelivered transaction 329065, process died.
03-03 08:17:43.542     0     0 I binder  : undelivered transaction 329073, process died.
03-03 08:17:43.542     0     0 I binder  : undelivered transaction 329080, process died.
03-03 08:17:43.542     0     0 I binder  : undelivered transaction 329084, process died.
03-03 08:17:43.542     0     0 I binder  : undelivered transaction 329087, process died.
03-03 08:17:43.542     0     0 I binder  : undelivered transaction 329091, process died.
03-03 08:17:43.542     0     0 I binder  : undelivered transaction 329095, process died.
03-03 08:17:43.542     0     0 I binder  : undelivered transaction 329098, process died.
03-03 08:17:43.542     0     0 I binder  : undelivered transaction 329102, process died.
03-03 08:17:43.542     0     0 I binder  : undelivered transaction 329106, process died.
03-03 08:17:43.542     0     0 I binder  : undelivered transaction 329146, process died.
03-03 08:17:43.542     0     0 I binder  : undelivered transaction 328945, process died.
03-03 08:17:43.542     0     0 I binder  : undelivered transaction 328882, process died.
03-03 08:17:43.542     0     0 I binder  : undelivered transaction 328934, process died.
03-03 08:17:43.542     0     0 I binder  : undelivered transaction 329060, process died.
03-03 08:17:43.542     0     0 I binder  : undelivered transaction 329122, process died.
03-03 08:17:43.544     0     0 I binder  : 1288:6040 transaction failed 29189/-22, size 80-0 line 3136
03-03 08:17:43.549     0     0 I binder  : 1288:6058 transaction failed 29189/-22, size 96-0 line 3136
03-03 08:17:43.560     0     0 I audio_in_release: session id 1
03-03 08:17:43.570     0     0 I event_handler: reclaimed all bufs
03-03 08:17:43.577     0     0 I msm_mi2s_snd_shutdown(): substream = subdevice #0  stream = 1 did not shutdown
03-03 08:17:43.608  1494  6125 I am_destroy_activity: [0,75646476,6,com.logitech.integration.test.test/androidx.test.core.app.InstrumentationActivityInvoker$BootstrapActivity,finish-imm:activityIdleInternalLocked]
03-03 08:17:43.612  5950  5950 I am_on_destroy_called: [0,androidx.test.core.app.InstrumentationActivityInvoker$BootstrapActivity,performDestroy]
03-03 08:17:43.613  1494  6125 I wm_task_removed: [6,removeAppToken: last token]
03-03 08:17:43.614  1494  6125 I am_remove_task: [6,4]
03-03 08:17:43.614  1494  6125 I wm_task_removed: [6,removeTask]
03-03 08:17:43.616  1494  6125 I wm_stack_removed: 4
03-03 08:17:43.693  1494  1529 I am_uid_stopped: 10067
03-03 08:17:43.694  1494  1529 I am_kill : [0,5950,com.logitech.integration.test.test,900,stop com.logitech.integration.test.test]
03-03 08:17:43.695   574   574 I auditd  : avc:  denied  { find } for interface=vendor.qti.hardware.servicetracker::IServicetracker sid=u:r:system_server:s0 pid=1494 scontext=u:r:system_server:s0 tcontext=u:object_r:default_android_hwservice:s0 tclass=hwservice_manager permissive=0
03-03 08:17:43.759  1494  1606 I commit_sys_config_file: [settings-2-0,11]
03-03 08:17:43.767     0     0 I sdcardfs: removing com.logitech.integration.test.test
03-03 08:17:43.775  1494  1546 I commit_sys_config_file: [package-user-0,2]
03-03 08:17:43.775  1494  1546 I commit_sys_config_file: [package,81]
03-03 08:17:43.816     0     0 I CAM_INFO: CAM-ISP: __cam_isp_ctx_flush_req_in_top_state: 2049 ctx id:4 Last request id to flush is 752
03-03 08:17:43.833     0     0 I CAM_INFO: CAM-ISP: __cam_isp_ctx_handle_irq_in_activated: 3796 Ctx:4 No handle function for substate 6
03-03 08:17:43.833     0     0 I CAM_INFO: CAM-ISP: __cam_isp_ctx_dump_state_monitor_array: 121 Dumping state information for preceding requests
03-03 08:17:43.839   574   574 I auditd  : avc:  denied  { find } for interface=vendor.qti.hardware.servicetracker::IServicetracker sid=u:r:system_server:s0 pid=1494 scontext=u:r:system_server:s0 tcontext=u:object_r:default_android_hwservice:s0 tclass=hwservice_manager permissive=0
03-03 08:17:43.841  1494  1494 I notification_cancel_all: [1000,1494,com.logitech.integration.test.test,0,0,0,5,NULL]
03-03 08:17:43.843   574   574 I auditd  : avc:  denied  { find } for interface=vendor.qti.hardware.servicetracker::IServicetracker sid=u:r:system_server:s0 pid=1494 scontext=u:r:system_server:s0 tcontext=u:object_r:default_android_hwservice:s0 tclass=hwservice_manager permissive=0
03-03 08:17:43.843     0     0 I CAM_INFO: CAM-ISP: __cam_isp_ctx_handle_irq_in_activated: 3796 Ctx:4 No handle function for substate 6
03-03 08:17:43.843     0     0 I CAM_INFO: CAM-ISP: __cam_isp_ctx_dump_state_monitor_array: 121 Dumping state information for preceding requests
03-03 08:17:43.847   574   574 I chatty  : uid=1000(system) hwservicemanage identical 1 line
03-03 08:17:43.851   574   574 I auditd  : avc:  denied  { find } for interface=vendor.qti.hardware.servicetracker::IServicetracker sid=u:r:system_server:s0 pid=1494 scontext=u:r:system_server:s0 tcontext=u:object_r:default_android_hwservice:s0 tclass=hwservice_manager permissive=0
03-03 08:17:43.853  1494  1626 I netstats_mobile_sample: [0,0,0,0,0,0,0,0,0,0,0,0,1614759463854]
03-03 08:17:43.853  1494  1626 I netstats_wifi_sample: [0,0,0,0,0,0,0,0,0,0,0,0,1614759463854]
03-03 08:17:43.855  1494  1627 I commit_sys_config_file: [net-policy,6]
03-03 08:17:43.855     0     0 I CAM_INFO: CAM-SENSOR: cam_sensor_driver_cmd: 1701 CAM_STOP_DEV,  sensor_state 3 +
03-03 08:17:43.856     0     0 I CAM_INFO: CAM-SENSOR: cam_sensor_driver_cmd: 1727 CAM_STOP_DEV Success, sensor_id:0x8000,sensor_slave_addr:0x34
03-03 08:17:43.858  1494  1521 I commit_sys_config_file: [notification-policy,7]
03-03 08:17:43.859   574   574 I auditd  : avc:  denied  { find } for interface=vendor.qti.hardware.servicetracker::IServicetracker sid=u:r:system_server:s0 pid=1494 scontext=u:r:system_server:s0 tcontext=u:object_r:default_android_hwservice:s0 tclass=hwservice_manager permissive=0
03-03 08:17:43.863     0     0 I CAM_INFO: CAM-CORE: cam_node_handle_ioctl: 863 Release HW done(rc = 0)
03-03 08:17:43.865     0     0 I CAM_INFO: CAM-SENSOR: cam_sensor_util_request_gpio_table: 787 No GPIO data
03-03 08:17:43.865     0     0 I CAM_INFO: CAM-SENSOR: cam_sensor_driver_cmd: 1604 CAM_RELEASE_DEV,  sensor_state 1 +
03-03 08:17:43.876     0     0 E CAM_ERR : CAM-SENSOR: cam_sensor_cci_i2c_util: 235 Failed rc = -19
03-03 08:17:43.887     0     0 I CAM_INFO: CAM-SENSOR: cam_sensor_driver_cmd: 1654 CAM_RELEASE_DEV Success, sensor_id:0x8000,sensor_slave_addr:0x34
03-03 08:17:43.902     0     0 I sdcardfs: removing com.logitech.integration.test
03-03 08:17:43.873   574   574 I auditd  : avc:  denied  { find } for interface=vendor.qti.hardware.servicetracker::IServicetracker sid=u:r:system_server:s0 pid=1494 scontext=u:r:system_server:s0 tcontext=u:object_r:default_android_hwservice:s0 tclass=hwservice_manager permissive=0
03-03 08:17:43.912  1494  1546 I commit_sys_config_file: [package-user-0,4]
03-03 08:17:43.912  1494  1546 I commit_sys_config_file: [package,33]
03-03 08:17:43.968  2940  2940 I force_gc: bg
03-03 08:17:43.973   574   574 I auditd  : avc:  denied  { find } for interface=vendor.qti.hardware.servicetracker::IServicetracker sid=u:r:system_server:s0 pid=1494 scontext=u:r:system_server:s0 tcontext=u:object_r:default_android_hwservice:s0 tclass=hwservice_manager permissive=0
03-03 08:17:43.976  1494  1494 I notification_cancel_all: [1000,1494,com.logitech.integration.test,0,0,0,5,NULL]
03-03 08:17:43.979  1494  1626 I netstats_mobile_sample: [0,0,0,0,0,0,0,0,0,0,0,0,1614759463980]
03-03 08:17:43.979  1494  1626 I netstats_wifi_sample: [0,0,0,0,0,0,0,0,0,0,0,0,1614759463980]
03-03 08:17:43.979   574   574 I auditd  : avc:  denied  { find } for interface=vendor.qti.hardware.servicetracker::IServicetracker sid=u:r:system_server:s0 pid=1494 scontext=u:r:system_server:s0 tcontext=u:object_r:default_android_hwservice:s0 tclass=hwservice_manager permissive=0
03-03 08:17:43.987   574   574 I auditd  : avc:  denied  { find } for interface=vendor.qti.hardware.servicetracker::IServicetracker sid=u:r:system_server:s0 pid=1494 scontext=u:r:system_server:s0 tcontext=u:object_r:default_android_hwservice:s0 tclass=hwservice_manager permissive=0
03-03 08:17:43.988  1494  1627 I commit_sys_config_file: [net-policy,13]
03-03 08:17:43.991   574   574 I auditd  : avc:  denied  { find } for interface=vendor.qti.hardware.servicetracker::IServicetracker sid=u:r:system_server:s0 pid=1494 scontext=u:r:system_server:s0 tcontext=u:object_r:default_android_hwservice:s0 tclass=hwservice_manager permissive=0
03-03 08:17:43.996  1494  1521 I commit_sys_config_file: [notification-policy,18]
03-03 08:17:44.000  1494  1521 I commit_sys_config_file: [notification-policy,3]
03-03 08:17:44.079  1494  1528 I commit_sys_config_file: [roles-0,4]
03-03 08:17:44.136  1494  1528 I commit_sys_config_file: [package-perms-0,6]
03-03 08:17:44.596     0     0 I msm_vidc: info: Closed video instance: ffffffd2058fc000
03-03 08:17:47.028  1494  1528 I sysui_multi_action: [757,1717,758,1,759,0]
03-03 08:17:47.029  1494  1528 I sysui_multi_action: [757,1717,758,2,759,0]
03-03 08:17:47.029  1494  1528 I sysui_multi_action: [757,1717,758,3,759,0]
03-03 08:17:49.608     0     0 D logd    : logdr: UID=2000 GID=2000 PID=6171 b tail=0 logMask=ff pid=0 start=0ns timeout=0ns
03-03 08:17:53.750  1494  1546 I commit_sys_config_file: [package-user-0,6]
03-03 08:17:53.848  1494  1713 I commit_sys_config_file: [appops,6]
03-03 08:17:53.984  1494  1522 I commit_sys_config_file: [warnings-config,5]
03-03 08:17:58.988   574   574 I auditd  : avc:  denied  { find } for interface=vendor.qti.hardware.servicetracker::IServicetracker sid=u:r:system_server:s0 pid=1494 scontext=u:r:system_server:s0 tcontext=u:object_r:default_android_hwservice:s0 tclass=hwservice_manager permissive=0
03-03 08:17:58.990   574   574 I auditd  : avc:  denied  { find } for interface=vendor.qti.hardware.servicetracker::IServicetracker sid=u:r:system_server:s0 pid=1494 scontext=u:r:system_server:s0 tcontext=u:object_r:default_android_hwservice:s0 tclass=hwservice_manager permissive=0
03-03 08:18:14.078  1494  1529 I am_uid_idle: 10013
03-03 08:18:36.644   574   574 I auditd  : avc:  denied  { find } for interface=vendor.qti.hardware.servicetracker::IServicetracker sid=u:r:system_server:s0 pid=1494 scontext=u:r:system_server:s0 tcontext=u:object_r:default_android_hwservice:s0 tclass=hwservice_manager permissive=0
03-03 08:18:36.655   574   574 I auditd  : avc:  denied  { find } for interface=vendor.qti.hardware.servicetracker::IServicetracker sid=u:r:system_server:s0 pid=1494 scontext=u:r:system_server:s0 tcontext=u:object_r:default_android_hwservice:s0 tclass=hwservice_manager permissive=0
03-03 08:18:58.992  1494  1529 I am_uid_idle: 10016
03-03 08:19:36.651   574   574 I auditd  : avc:  denied  { find } for interface=vendor.qti.hardware.servicetracker::IServicetracker sid=u:r:system_server:s0 pid=1494 scontext=u:r:system_server:s0 tcontext=u:object_r:default_android_hwservice:s0 tclass=hwservice_manager permissive=0
03-03 08:20:00.241     0     0 W healthd : battery l=50 v=4174 t=30.0 h=2 st=3 c=-327 fc=0 cc=0 chg=
03-03 08:20:28.716     0     0 D logd    : logdr: UID=2000 GID=2000 PID=6212 b tail=0 logMask=19 pid=0 start=0ns timeout=0ns
03-03 08:20:35.094     0     0 D logd    : logdr: UID=2000 GID=2000 PID=6215 b tail=0 logMask=19 pid=0 start=0ns timeout=0ns
03-03 08:19:36.663   574   574 I chatty  : uid=1000(system) hwservicemanage identical 1 line
03-03 08:20:36.659   574   574 I auditd  : avc:  denied  { find } for interface=vendor.qti.hardware.servicetracker::IServicetracker sid=u:r:system_server:s0 pid=1494 scontext=u:r:system_server:s0 tcontext=u:object_r:default_android_hwservice:s0 tclass=hwservice_manager permissive=0
03-03 08:20:36.665  1494  1528 I am_pss  : [1907,10021,android.ext.services,6364160,4096000,0,97714176,0,6,5]
03-03 08:20:36.666   574   574 I auditd  : avc:  denied  { find } for interface=vendor.qti.hardware.servicetracker::IServicetracker sid=u:r:system_server:s0 pid=1494 scontext=u:r:system_server:s0 tcontext=u:object_r:default_android_hwservice:s0 tclass=hwservice_manager permissive=0
--------- beginning of system
03-03 08:21:05.457  1494  6125 D PackageInstaller: Logitech App Whitelist: createSessionInternal: installerPackageName = null
03-03 08:21:05.471  1494  1521 I commit_sys_config_file: [package-session,5]
03-03 08:21:05.476  1494  1521 I commit_sys_config_file: [package-session,5]
03-03 08:21:05.495  1494  6125 I commit_sys_config_file: [package-session,4]
03-03 08:21:05.512  1494  1546 D PackageManager: Logitech App Whitelist: assertPackageIsValid: package name = com.logitech.integration.test.test
03-03 08:21:05.512  1494  1546 D SystemConfig: Logitech App Whitelist: getWhitelistedApps
03-03 08:21:05.512  1494  1546 D PackageManager: Logitech App Whitelist: assertPackageIsValid: END
03-03 08:21:05.514  1494  1546 I PackageManager: Considering granting permission android.permission.CAPTURE_SECURE_VIDEO_OUTPUT to package com.displaylink.desktop.oem
03-03 08:21:05.514  1494  1546 I PackageManager: Considering granting permission android.permission.RECEIVE_BOOT_COMPLETED to package com.displaylink.desktop.oem
03-03 08:21:05.514  1494  1546 I PackageManager: Considering granting permission android.permission.CAPTURE_VIDEO_OUTPUT to package com.displaylink.desktop.oem
03-03 08:21:05.514  1494  1546 I PackageManager: Considering granting permission android.permission.KILL_BACKGROUND_PROCESSES to package com.logitech.frogger.logidesktop
03-03 08:21:05.514  1494  1546 I PackageManager: Considering granting permission android.permission.ACCESS_NETWORK_STATE to package com.qualcomm.qti.qms.service.telemetry
03-03 08:21:05.514  1494  1546 I PackageManager: Considering granting permission android.permission.INTERNET to package com.qualcomm.qti.qms.service.telemetry
03-03 08:21:05.514  1494  1546 I PackageManager: Considering granting permission android.permission.RECEIVE_BOOT_COMPLETED to package com.qualcomm.qti.qms.service.telemetry
03-03 08:21:05.514  1494  1546 I PackageManager: Considering granting permission android.permission.WRITE_SECURE_SETTINGS to package com.logitech.example.platform_library.client
03-03 08:21:05.514  1494  1546 I PackageManager: Considering granting permission android.permission.FOREGROUND_SERVICE to package com.android.dynsystem
03-03 08:21:05.514  1494  1546 I PackageManager: Considering granting permission android.permission.INTERNET to package com.android.dynsystem
03-03 08:21:05.514  1494  1546 I PackageManager: Considering granting permission android.permission.MANAGE_DYNAMIC_SYSTEM to package com.android.dynsystem
03-03 08:21:05.514  1494  1546 I PackageManager: Considering granting permission android.permission.REBOOT to package com.android.dynsystem
03-03 08:21:05.514  1494  1546 I PackageManager: Considering granting permission android.permission.RECEIVE_BOOT_COMPLETED to package com.android.dynsystem
03-03 08:21:05.514  1494  1546 I PackageManager: Considering granting permission com.android.systemui.permission.PLUGIN to package com.logitech.platform.dev.sysuiplugin
03-03 08:21:05.514  1494  1546 I PackageManager: Considering granting permission android.permission.READ_CALENDAR to package com.android.providers.calendar
03-03 08:21:05.514  1494  1546 I PackageManager: Considering granting permission android.permission.WRITE_CALENDAR to package com.android.providers.calendar
03-03 08:21:05.514  1494  1546 I PackageManager: Considering granting permission android.permission.RECEIVE_BOOT_COMPLETED to package com.android.providers.calendar
03-03 08:21:05.514  1494  1546 I PackageManager: Considering granting permission android.permission.GET_ACCOUNTS to package com.android.providers.calendar
03-03 08:21:05.514  1494  1546 I PackageManager: Considering granting permission android.permission.GET_ACCOUNTS_PRIVILEGED to package com.android.providers.calendar
03-03 08:21:05.514  1494  1546 I PackageManager: Considering granting permission android.permission.USE_CREDENTIALS to package com.android.providers.calendar
03-03 08:21:05.514  1494  1546 I PackageManager: Considering granting permission android.permission.MANAGE_ACCOUNTS to package com.android.providers.calendar
03-03 08:21:05.514  1494  1546 I PackageManager: Considering granting permission android.permission.READ_SYNC_STATS to package com.android.providers.calendar
03-03 08:21:05.514  1494  1546 I PackageManager: Considering granting permission android.permission.READ_SYNC_SETTINGS to package com.android.providers.calendar
03-03 08:21:05.514  1494  1546 I PackageManager: Considering granting permission android.permission.WRITE_SYNC_SETTINGS to package com.android.providers.calendar
03-03 08:21:05.514  1494  1546 I PackageManager: Considering granting permission android.permission.INTERNET to package com.android.providers.calendar
03-03 08:21:05.514  1494  1546 I PackageManager: Considering granting permission android.permission.SUBSCRIBED_FEEDS_READ to package com.android.providers.calendar
03-03 08:21:05.514  1494  1546 I PackageManager: Considering granting permission android.permission.SUBSCRIBED_FEEDS_WRITE to package com.android.providers.calendar
03-03 08:21:05.514  1494  1546 I PackageManager: Considering granting permission android.permission.WAKE_LOCK to package com.android.providers.calendar
03-03 08:21:05.515  1494  1546 I PackageManager: Considering granting permission android.permission.WRITE_EXTERNAL_STORAGE to package com.android.providers.calendar
03-03 08:21:05.515  1494  1546 I PackageManager: Considering granting permission android.permission.UPDATE_APP_OPS_STATS to package com.android.providers.calendar
03-03 08:21:05.515  1494  1546 I PackageManager: Considering granting permission android.permission.USE_RESERVED_DISK to package com.android.providers.calendar
03-03 08:21:05.515  1494  1546 I PackageManager: Considering granting permission android.permission.MANAGE_USERS to package com.android.providers.calendar
03-03 08:21:05.515  1494  1546 I PackageManager: Considering granting permission android.permission.INTERACT_ACROSS_USERS to package com.android.providers.calendar
03-03 08:21:05.515  1494  1546 I PackageManager: Considering granting permission android.permission.READ_EXTERNAL_STORAGE to package com.android.providers.calendar
03-03 08:21:05.515  1494  1546 I PackageManager: Considering granting permission android.permission.RECEIVE_BOOT_COMPLETED to package com.android.providers.media
03-03 08:21:05.515  1494  1546 I PackageManager: Considering granting permission android.permission.RECEIVE_DEVICE_CUSTOMIZATION_READY to package com.android.providers.media
03-03 08:21:05.515  1494  1546 I PackageManager: Considering granting permission android.permission.WRITE_SETTINGS to package com.android.providers.media
03-03 08:21:05.515  1494  1546 I PackageManager: Considering granting permission android.permission.WAKE_LOCK to package com.android.providers.media
03-03 08:21:05.515  1494  1546 I PackageManager: Considering granting permission android.permission.WRITE_EXTERNAL_STORAGE to package com.android.providers.media
03-03 08:21:05.515  1494  1546 I PackageManager: Considering granting permission android.permission.WRITE_MEDIA_STORAGE to package com.android.providers.media
03-03 08:21:05.515  1494  1546 I PackageManager: Considering granting permission android.permission.ACCESS_MTP to package com.android.providers.media
03-03 08:21:05.515  1494  1546 I PackageManager: Considering granting permission android.permission.MANAGE_USERS to package com.android.providers.media
03-03 08:21:05.515  1494  1546 I PackageManager: Considering granting permission android.permission.INTERACT_ACROSS_USERS to package com.android.providers.media
03-03 08:21:05.515  1494  1546 I PackageManager: Considering granting permission android.permission.USE_RESERVED_DISK to package com.android.providers.media
03-03 08:21:05.515  1494  1546 I PackageManager: Considering granting permission android.permission.WATCH_APPOPS to package com.android.providers.media
03-03 08:21:05.515  1494  1546 I PackageManager: Considering granting permission android.permission.UPDATE_DEVICE_STATS to package com.android.providers.media
03-03 08:21:05.515  1494  1546 I PackageManager: Considering granting permission android.permission.READ_EXTERNAL_STORAGE to package com.android.providers.media
03-03 08:21:05.515  1494  1546 I PackageManager: Considering granting permission android.permission.WRITE_SETTINGS to package com.logitech.platform.upgrade
03-03 08:21:05.515  1494  1546 I PackageManager: Considering granting permission android.permission.WRITE_SECURE_SETTINGS to package com.logitech.platform.upgrade
03-03 08:21:05.515  1494  1546 I PackageManager: Considering granting permission android.permission.MANAGE_USERS to package com.logitech.platform.upgrade
03-03 08:21:05.515  1494  1546 I PackageManager: Considering granting permission android.permission.CHANGE_COMPONENT_ENABLED_STATE to package com.logitech.platform.upgrade
03-03 08:21:05.515  1494  1546 I PackageManager: Considering granting permission android.permission.INTERNET to package com.logitech.vc.synctestapp
03-03 08:21:05.515  1494  1546 I PackageManager: Considering granting permission android.permission.ACCESS_NETWORK_STATE to package com.logitech.vc.synctestapp
03-03 08:21:05.515  1494  1546 I PackageManager: Considering granting permission android.permission.SET_TIME to package com.logitech.vc.synctestapp
03-03 08:21:05.515  1494  1546 I PackageManager: Considering granting permission android.permission.SET_TIME_ZONE to package com.logitech.vc.synctestapp
03-03 08:21:05.515  1494  1546 I PackageManager: Considering granting permission android.permission.READ_EXTERNAL_STORAGE to package com.logitech.vc.synctestapp
03-03 08:21:05.515  1494  1546 I PackageManager: Considering granting permission android.permission.WRITE_EXTERNAL_STORAGE to package com.logitech.vc.synctestapp
03-03 08:21:05.515  1494  1546 I PackageManager: Considering granting permission com.logitech.vc.permission.analytics.collector.SEND_MESSAGE to package com.logitech.vc.synctestapp
03-03 08:21:05.515  1494  1546 I PackageManager: Considering granting permission com.logitech.vc.permission.attestation.ATTEST to package com.logitech.vc.synctestapp
03-03 08:21:05.515  1494  1546 I PackageManager: Considering granting permission android.permission.INTERNET to package com.logitech.systemapplication
03-03 08:21:05.515  1494  1546 I PackageManager: Considering granting permission com.logitech.vc.permission.attestation.ATTEST to package com.logitech.systemapplication
03-03 08:21:05.515  1494  1546 I PackageManager: Considering granting permission android.permission.WRITE_SETTINGS to package com.logitech.platform.provision
03-03 08:21:05.515  1494  1546 I PackageManager: Considering granting permission android.permission.WRITE_SECURE_SETTINGS to package com.logitech.platform.provision
03-03 08:21:05.515  1494  1546 I PackageManager: Considering granting permission android.permission.FORCE_STOP_PACKAGES to package com.logitech.platform.provision
03-03 08:21:05.515  1494  1546 I PackageManager: Considering granting permission android.permission.CHANGE_COMPONENT_ENABLED_STATE to package com.logitech.platform.provision
03-03 08:21:05.515  1494  1546 I PackageManager: Considering granting permission android.permission.READ_EXTERNAL_STORAGE to package com.android.externalstorage
03-03 08:21:05.515  1494  1546 I PackageManager: Considering granting permission android.permission.WRITE_EXTERNAL_STORAGE to package com.android.externalstorage
03-03 08:21:05.515  1494  1546 I PackageManager: Considering granting permission android.permission.WRITE_MEDIA_STORAGE to package com.android.externalstorage
03-03 08:21:05.516  1494  1546 I PackageManager: Considering granting permission android.permission.MOUNT_UNMOUNT_FILESYSTEMS to package com.android.externalstorage
03-03 08:21:05.516  1494  1546 I PackageManager: Considering granting permission android.permission.READ_PHONE_STATE to package com.qualcomm.uimremoteclient
03-03 08:21:05.516  1494  1546 I PackageManager: Considering granting permission android.permission.SYSTEM_ALERT_WINDOW to package us.zoom.zrc
03-03 08:21:05.516  1494  1546 I PackageManager: Considering granting permission android.permission.READ_PHONE_STATE to package us.zoom.zrc
03-03 08:21:05.516  1494  1546 I PackageManager: Considering granting permission android.permission.WRITE_EXTERNAL_STORAGE to package us.zoom.zrc
03-03 08:21:05.516  1494  1546 I PackageManager: Considering granting permission android.permission.INTERNET to package us.zoom.zrc
03-03 08:21:05.516  1494  1546 I PackageManager: Considering granting permission android.permission.WAKE_LOCK to package us.zoom.zrc
03-03 08:21:05.516  1494  1546 I PackageManager: Considering granting permission android.permission.BLUETOOTH to package us.zoom.zrc
03-03 08:21:05.516  1494  1546 I PackageManager: Considering granting permission android.permission.BLUETOOTH_ADMIN to package us.zoom.zrc
03-03 08:21:05.516  1494  1546 I PackageManager: Considering granting permission android.permission.ACCESS_WIFI_STATE to package us.zoom.zrc
03-03 08:21:05.516  1494  1546 I PackageManager: Considering granting permission android.permission.ACCESS_NETWORK_STATE to package us.zoom.zrc
03-03 08:21:05.516  1494  1546 I PackageManager: Considering granting permission android.permission.RECORD_AUDIO to package us.zoom.zrc
03-03 08:21:05.516  1494  1546 I PackageManager: Considering granting permission android.permission.READ_EXTERNAL_STORAGE to package us.zoom.zrc
03-03 08:21:05.516  1494  1546 I PackageManager: Considering granting permission android.permission.RECEIVE_BOOT_COMPLETED to package com.qualcomm.qti.uceShimService
03-03 08:21:05.516  1494  1546 I PackageManager: Considering granting permission android.permission.BROADCAST_STICKY to package com.qualcomm.qti.uceShimService
03-03 08:21:05.516  1494  1546 I PackageManager: Considering granting permission android.permission.BLUETOOTH to package com.android.companiondevicemanager
03-03 08:21:05.516  1494  1546 I PackageManager: Considering granting permission android.permission.BLUETOOTH_ADMIN to package com.android.companiondevicemanager
03-03 08:21:05.516  1494  1546 I PackageManager: Considering granting permission android.permission.ACCESS_FINE_LOCATION to package com.android.companiondevicemanager
03-03 08:21:05.516  1494  1546 I PackageManager: Considering granting permission android.permission.ACCESS_BACKGROUND_LOCATION to package com.android.companiondevicemanager
03-03 08:21:05.516  1494  1546 I PackageManager: Considering granting permission android.permission.ACCESS_WIFI_STATE to package com.android.companiondevicemanager
03-03 08:21:05.516  1494  1546 I PackageManager: Considering granting permission android.permission.CHANGE_WIFI_STATE to package com.android.companiondevicemanager
03-03 08:21:05.516  1494  1546 I PackageManager: Considering granting permission android.permission.ACCESS_COARSE_LOCATION to package com.android.companiondevicemanager
03-03 08:21:05.516  1494  1546 I PackageManager: Considering granting permission android.permission.INTERNET to package com.qualcomm.qti.qms.service.connectionsecurity
03-03 08:21:05.516  1494  1546 I PackageManager: Considering granting permission android.permission.ACCESS_WIFI_STATE to package com.qualcomm.qti.qms.service.connectionsecurity
03-03 08:21:05.516  1494  1546 I PackageManager: Considering granting permission android.permission.CHANGE_WIFI_STATE to package com.qualcomm.qti.qms.service.connectionsecurity
03-03 08:21:05.516  1494  1546 I PackageManager: Considering granting permission android.permission.ACCESS_NETWORK_STATE to package com.qualcomm.qti.qms.service.connectionsecurity
03-03 08:21:05.516  1494  1546 I PackageManager: Considering granting permission android.permission.WAKE_LOCK to package com.qualcomm.qti.qms.service.connectionsecurity
03-03 08:21:05.516  1494  1546 I PackageManager: Considering granting permission android.permission.RECEIVE_BOOT_COMPLETED to package com.qualcomm.qti.qms.service.connectionsecurity
03-03 08:21:05.516  1494  1546 I PackageManager: Considering granting permission android.permission.RECEIVE_BOOT_COMPLETED to package com.android.providers.downloads
03-03 08:21:05.516  1494  1546 I PackageManager: Considering granting permission android.permission.ACCESS_DOWNLOAD_MANAGER to package com.android.providers.downloads
03-03 08:21:05.516  1494  1546 I PackageManager: Considering granting permission android.permission.ACCESS_CACHE_FILESYSTEM to package com.android.providers.downloads
03-03 08:21:05.516  1494  1546 I PackageManager: Considering granting permission android.permission.SEND_DOWNLOAD_COMPLETED_INTENTS to package com.android.providers.downloads
03-03 08:21:05.516  1494  1546 I PackageManager: Considering granting permission android.permission.ACCESS_NETWORK_STATE to package com.android.providers.downloads
03-03 08:21:05.516  1494  1546 I PackageManager: Considering granting permission android.permission.INTERNET to package com.android.providers.downloads
03-03 08:21:05.516  1494  1546 I PackageManager: Considering granting permission android.permission.WRITE_EXTERNAL_STORAGE to package com.android.providers.downloads
03-03 08:21:05.516  1494  1546 I PackageManager: Considering granting permission android.permission.ACCESS_ALL_DOWNLOADS to package com.android.providers.downloads
03-03 08:21:05.516  1494  1546 I PackageManager: Considering granting permission android.permission.UPDATE_DEVICE_STATS to package com.android.providers.downloads
03-03 08:21:05.516  1494  1546 I PackageManager: Considering granting permission android.permission.CONNECTIVITY_INTERNAL to package com.android.providers.downloads
03-03 08:21:05.516  1494  1546 I PackageManager: Considering granting permission android.permission.CLEAR_APP_CACHE to package com.android.providers.downloads
03-03 08:21:05.516  1494  1546 I PackageManager: Considering granting permission android.permission.WAKE_LOCK to package com.android.providers.downloads
03-03 08:21:05.516  1494  1546 I PackageManager: Considering granting permission android.permission.UPDATE_APP_OPS_STATS to package com.android.providers.downloads
03-03 08:21:05.516  1494  1546 I PackageManager: Considering granting permission android.permission.START_ACTIVITIES_FROM_BACKGROUND to package com.android.providers.downloads
03-03 08:21:05.516  1494  1546 I PackageManager: Considering granting permission android.permission.READ_EXTERNAL_STORAGE to package com.android.providers.downloads
03-03 08:21:05.516  1494  1546 I PackageManager: Considering granting permission android.permission.RECEIVE_BOOT_COMPLETED to package vendor.qti.hardware.cacert.server
03-03 08:21:05.517  1494  1546 I PackageManager: Considering granting permission android.permission.RECEIVE_BOOT_COMPLETED to package com.logitech.platform.zoom.zdm
03-03 08:21:05.517  1494  1546 I PackageManager: Considering granting permission android.permission.WRITE_EXTERNAL_STORAGE to package com.logitech.platform.zoom.zdm
03-03 08:21:05.517  1494  1546 I PackageManager: Considering granting permission android.permission.READ_EXTERNAL_STORAGE to package com.logitech.platform.zoom.zdm
03-03 08:21:05.517  1494  1546 I PackageManager: Considering granting permission android.permission.INTERNET to package com.logitech.platform.zoom.zdm
03-03 08:21:05.517  1494  1546 I PackageManager: Considering granting permission android.permission.WRITE_SECURE_SETTINGS to package com.logitech.platform.zoom.zdm
03-03 08:21:05.517  1494  1546 I PackageManager: Considering granting permission android.permission.BROADCAST_STICKY to package com.logitech.platform.zoom.zdm
03-03 08:21:05.517  1494  1546 I PackageManager: Considering granting permission android.permission.ACCESS_NETWORK_STATE to package com.logitech.platform.zoom.zdm
03-03 08:21:05.517  1494  1546 I PackageManager: Considering granting permission com.logitech.vc.permission.analytics.collector.SEND_MESSAGE to package com.logitech.platform.zoom.zdm
03-03 08:21:05.517  1494  1546 I PackageManager: Considering granting permission android.permission.WAKE_LOCK to package com.logitech.bugreporter
03-03 08:21:05.517  1494  1546 I PackageManager: Considering granting permission android.permission.ACCESS_NETWORK_STATE to package com.logitech.bugreporter
03-03 08:21:05.517  1494  1546 I PackageManager: Considering granting permission android.permission.RECEIVE_BOOT_COMPLETED to package com.logitech.bugreporter
03-03 08:21:05.517  1494  1546 I PackageManager: Considering granting permission android.permission.FOREGROUND_SERVICE to package com.logitech.bugreporter
03-03 08:21:05.517  1494  1546 I PackageManager: Considering granting permission android.permission.WAKE_LOCK to package vendor.qti.iwlan
03-03 08:21:05.517  1494  1546 I PackageManager: Considering granting permission android.permission.READ_PHONE_STATE to package com.qualcomm.uimremoteserver
03-03 08:21:05.517  1494  1546 I PackageManager: Considering granting permission android.permission.INTERNET to package com.android.pacprocessor
03-03 08:21:05.517  1494  1546 I PackageManager: Considering granting permission android.permission.CAMERA to package com.android.uvccamera
03-03 08:21:05.517  1494  1546 I PackageManager: Considering granting permission android.permission.READ_EXTERNAL_STORAGE to package com.android.uvccamera
03-03 08:21:05.517  1494  1546 I PackageManager: Considering granting permission android.permission.WRITE_EXTERNAL_STORAGE to package com.android.uvccamera
03-03 08:21:05.517  1494  1546 I PackageManager: Considering granting permission android.permission.WAKE_LOCK to package com.android.uvccamera
03-03 08:21:05.517  1494  1546 I PackageManager: Considering granting permission android.permission.SYSTEM_ALERT_WINDOW to package com.android.uvccamera
03-03 08:21:05.517  1494  1546 I PackageManager: Considering granting permission android.permission.CHANGE_WIFI_STATE to package com.android.certinstaller
03-03 08:21:05.517  1494  1546 I PackageManager: Considering granting permission android.permission.ACCESS_WIFI_STATE to package com.android.certinstaller
03-03 08:21:05.517  1494  1546 I PackageManager: Considering granting permission android.permission.MANAGE_USERS to package com.android.certinstaller
03-03 08:21:05.517  1494  1546 I PackageManager: Considering granting permission android.permission.ACCESS_ALL_DOWNLOADS to package com.android.certinstaller
03-03 08:21:05.517  1494  1546 I PackageManager: Considering granting permission android.permission.ACCESS_NOTIFICATION_POLICY to package us.zoom.zoompresence
03-03 08:21:05.517  1494  1546 I PackageManager: Considering granting permission android.permission.WRITE_EXTERNAL_STORAGE to package us.zoom.zoompresence
03-03 08:21:05.517  1494  1546 I PackageManager: Considering granting permission android.permission.READ_EXTERNAL_STORAGE to package us.zoom.zoompresence
03-03 08:21:05.517  1494  1546 I PackageManager: Considering granting permission android.permission.INTERNET to package us.zoom.zoompresence
03-03 08:21:05.517  1494  1546 I PackageManager: Considering granting permission android.permission.ACCESS_NETWORK_STATE to package us.zoom.zoompresence
03-03 08:21:05.517  1494  1546 I PackageManager: Considering granting permission android.permission.ACCESS_WIFI_STATE to package us.zoom.zoompresence
03-03 08:21:05.517  1494  1546 I PackageManager: Considering granting permission android.permission.MODIFY_AUDIO_SETTINGS to package us.zoom.zoompresence
03-03 08:21:05.517  1494  1546 I PackageManager: Considering granting permission android.permission.RECORD_AUDIO to package us.zoom.zoompresence
03-03 08:21:05.517  1494  1546 I PackageManager: Considering granting permission android.permission.FOREGROUND_SERVICE to package us.zoom.zoompresence
03-03 08:21:05.517  1494  1546 I PackageManager: Considering granting permission android.permission.CAMERA to package us.zoom.zoompresence
03-03 08:21:05.517  1494  1546 I PackageManager: Considering granting permission android.permission.BLUETOOTH to package us.zoom.zoompresence
03-03 08:21:05.517  1494  1546 I PackageManager: Considering granting permission android.permission.WAKE_LOCK to package us.zoom.zoompresence
03-03 08:21:05.517  1494  1546 I PackageManager: Considering granting permission android.permission.REQUEST_IGNORE_BATTERY_OPTIMIZATIONS to package us.zoom.zoompresence
03-03 08:21:05.517  1494  1546 I PackageManager: Considering granting permission android.permission.ACCESS_MEDIA_LOCATION to package us.zoom.zoompresence
03-03 08:21:05.518  1494  1546 I PackageManager: Considering granting permission android.permission.BLUETOOTH to package org.codeaurora.bluetooth
03-03 08:21:05.518  1494  1546 I PackageManager: Considering granting permission android.permission.BLUETOOTH_ADMIN to package org.codeaurora.bluetooth
03-03 08:21:05.518  1494  1546 I PackageManager: Considering granting permission android.permission.WAKE_LOCK to package org.codeaurora.bluetooth
