03-03 08:00:06.687  1494  1530 I am_proc_start: [0,2428,10026,com.android.inputmethod.leanback,service,{com.android.inputmethod.leanback/com.android.inputmethod.latin.LatinIME}]
03-03 08:00:06.693  1494  2040 I am_proc_bound: [0,2377,com.logitech.service.systemservice:LogiUsbServiceProcess]
03-03 08:00:06.697   574   574 I auditd  : avc:  denied  { find } for interface=vendor.qti.hardware.servicetracker::IServicetracker sid=u:r:system_server:s0 pid=1494 scontext=u:r:system_server:s0 tcontext=u:object_r:default_android_hwservice:s0 tclass=hwservice_manager permissive=0
03-03 08:00:06.703     0     0 I msm_vidc: info: Opening video instance: ffffffd1b31f8000, 0
03-03 08:00:06.711  1494  2040 I am_proc_bound: [0,2401,com.logitech.service.systemservice:DummyServiceProcess]
03-03 08:00:06.711     0     0 I msm_vidc: info: Closed video instance: ffffffd1b31f8000
03-03 08:00:06.714   574   574 I auditd  : avc:  denied  { find } for interface=vendor.qti.hardware.servicetracker::IServicetracker sid=u:r:system_server:s0 pid=1494 scontext=u:r:system_server:s0 tcontext=u:object_r:default_android_hwservice:s0 tclass=hwservice_manager permissive=0
03-03 08:00:06.734     0     0 I msm_vidc: info: Opening video instance: ffffffd1b324c000, 0
03-03 08:00:06.736  1494  2040 I am_proc_bound: [0,2428,com.android.inputmethod.leanback]
03-03 08:00:06.740  1494  2040 I am_uid_active: 10026
03-03 08:00:06.741   574   574 I auditd  : avc:  denied  { find } for interface=vendor.qti.hardware.servicetracker::IServicetracker sid=u:r:system_server:s0 pid=1494 scontext=u:r:system_server:s0 tcontext=u:object_r:default_android_hwservice:s0 tclass=hwservice_manager permissive=0
03-03 08:00:06.756     0     0 I msm_vidc: info: Closed video instance: ffffffd1b324c000
03-03 08:00:06.789  1686  1686 W CarrierConfigManager: Error getting config for subId -1 ICarrierConfigLoader is null
03-03 08:00:06.821  1494  1515 I commit_sys_config_file: [input-subtypes,6]
03-03 08:00:07.255     0     0 I         : read descriptors
03-03 08:00:07.255     0     0 I         : read strings
03-03 08:00:07.709   574   574 I auditd  : avc:  denied  { find } for interface=vendor.qti.hardware.servicetracker::IServicetracker sid=u:r:system_server:s0 pid=1494 scontext=u:r:system_server:s0 tcontext=u:object_r:default_android_hwservice:s0 tclass=hwservice_manager permissive=0
03-03 08:00:07.712   574   574 I auditd  : avc:  denied  { find } for interface=vendor.qti.hardware.servicetracker::IServicetracker sid=u:r:system_server:s0 pid=1494 scontext=u:r:system_server:s0 tcontext=u:object_r:default_android_hwservice:s0 tclass=hwservice_manager permissive=0
03-03 08:00:07.937     0     0 I r8168   : eth0: link up
03-03 08:00:07.937     0     0 I IPv6    : ADDRCONF(NETDEV_CHANGE): eth0: link becomes ready
03-03 08:00:07.937     0     0 I [kworke][737628358][08:00:07.937879] wlan: [413:E:HDD] __hdd_validate_adapter: 874: bad adapter magic (via __wlan_hdd_ipv6_changed)
03-03 08:00:07.941     0     0 I [Binder][737692946][08:00:07.941243] wlan: [1719:E:HDD] __hdd_validate_adapter: 874: bad adapter magic (via __wlan_hdd_ipv6_changed)
03-03 08:00:07.948     0     0 I [Binder][737828864][08:00:07.948322] wlan: [1719:E:HDD] __hdd_validate_adapter: 874: bad adapter magic (via __wlan_hdd_ipv6_changed)
03-03 08:00:08.295     0     0 I         : read descriptors
03-03 08:00:08.295     0     0 I         : read strings
03-03 08:00:08.818     0     0 I CAM_INFO: CAM-SENSOR: LT6911UXC_read_fw_version: 1179 byte_1: 0xc0
03-03 08:00:08.819     0     0 I CAM_INFO: CAM-SENSOR: LT6911UXC_read_fw_version: 1186 byte_2: 0x4
03-03 08:00:08.819     0     0 I CAM_INFO: CAM-SENSOR: LT6911UXC_read_fw_version: 1193 byte_3: 0x38
03-03 08:00:08.819     0     0 I CAM_INFO: CAM-SENSOR: LT6911UXC_read_fw_version: 1200 byte_4: 0x4
03-03 08:00:08.823     0     0 I CAM_INFO: CAM-SENSOR: LT6911UXC_read_fw_version: 1212 output buf = c0043804
03-03 08:00:08.831     0     0 I CAM_INFO: CAM-SENSOR: LT6911UXC_read_fw_version_1: 1248 byte_1: 0x14
03-03 08:00:08.831     0     0 I CAM_INFO: CAM-SENSOR: LT6911UXC_read_fw_version_1: 1255 byte_2: 0x14
03-03 08:00:08.831     0     0 I CAM_INFO: CAM-SENSOR: LT6911UXC_read_fw_version_1: 1262 byte_3: 0x5
03-03 08:00:08.831     0     0 I CAM_INFO: CAM-SENSOR: LT6911UXC_read_fw_version_1: 1269 byte_4: 0x1f
03-03 08:00:08.835     0     0 I CAM_INFO: CAM-SENSOR: LT6911UXC_read_fw_version_1: 1281 output buf = 1414051f
03-03 08:00:08.835     0     0 I CAM_INFO: CAM-SENSOR: LT6911UXC_auto_fw_upgrade: 751 No need to update HDMI-IN fw(1414051f)
03-03 08:00:08.950     0     0 I [Binder][757076779][08:00:08.950817] wlan: [1719:E:HDD] __hdd_validate_adapter: 874: bad adapter magic (via __wlan_hdd_ipv4_changed)
03-03 08:00:08.965  1494  1635 I netstats_mobile_sample: [0,0,0,0,0,0,0,0,0,0,0,0,1614758408965]
03-03 08:00:08.965  1494  1635 I netstats_wifi_sample: [0,0,0,0,0,0,0,0,0,0,0,0,1614758408965]
03-03 08:00:08.967     0     0 I init    : processing action (sys.sysctl.tcp_def_init_rwnd=*) from (/init.rc:833)
03-03 08:00:08.971  1494  1635 I netstats_mobile_sample: [0,0,0,0,0,0,0,0,0,0,0,0,1614758408971]
03-03 08:00:08.971  1494  1635 I netstats_wifi_sample: [0,0,0,0,0,0,0,0,0,0,0,0,1614758408971]
03-03 08:00:09.075  1494  1766 I ntp_success: [time.android.com/216.239.35.12,87,223]
03-03 08:00:09.300  1494  1529 I am_uid_running: 10049
03-03 08:00:09.309   574   574 I auditd  : avc:  denied  { find } for interface=vendor.qti.hardware.servicetracker::IServicetracker sid=u:r:system_server:s0 pid=1494 scontext=u:r:system_server:s0 tcontext=u:object_r:default_android_hwservice:s0 tclass=hwservice_manager permissive=0
03-03 08:00:09.310   574   574 I auditd  : avc:  denied  { find } for interface=vendor.qti.hardware.servicetracker::IServicetracker sid=u:r:system_server:s0 pid=1494 scontext=u:r:system_server:s0 tcontext=u:object_r:default_android_hwservice:s0 tclass=hwservice_manager permissive=0
03-03 08:00:09.322  1494  1530 I am_proc_start: [0,2631,10049,com.qualcomm.timeservice,broadcast,{com.qualcomm.timeservice/com.qualcomm.timeservice.TimeServiceBroadcastReceiver}]
03-03 08:00:09.327  1494  2040 I am_proc_bound: [0,2631,com.qualcomm.timeservice]
03-03 08:00:09.335     0     0 I         : read descriptors
03-03 08:00:09.335     0     0 I         : read strings
03-03 08:00:10.115     0     0 E lt9611_getHdmiStatus_fih: lt9611_getHdmiStatus_fih: DSI0 (max_hor, max_ver) = 00, 00, DSI1 (max_hor, max_ver) = 00, 00
03-03 08:00:10.116     0     0 E lt9611_getHdmiStatus_fih: lt9611_getHdmiStatus_fih: DSI0 (max_hor, max_ver) = 00, 00, DSI1 (max_hor, max_ver) = 00, 00
03-03 08:00:10.118     0     0 E CAM_ERR : CAM-SENSOR: hdmi_state_show: 296 show g_hdmi_state=0
03-03 08:00:10.328   778   778 I auditd  : type=1400 audit(0.0:14): avc: denied { write } for comm="hdmi@1.0-servic" name="hdmi_enable" dev="sysfs" ino=57959 scontext=u:r:hal_logitech_hdmi_default:s0 tcontext=u:object_r:sysfs:s0 tclass=file permissive=0
03-03 08:00:10.336  2161  2161 I dvm_lock_sample: [com.logitech.service.systemservi,1,main,1019,FWUpdateService.java,-1,com.logitech.service.models.update.FWUpdateReturnCode com.logitech.service.fwupdate.FWUpdateService.startPeriodicVersionCheck(),BaseService.java,-1,boolean com.logitech.service.baseservice.BaseService.start(),100]
03-03 08:00:10.348  2098  2098 I auditd  : type=1400 audit(0.0:15): avc: denied { search } for comm="RenderThread" name="gpu" dev="sda11" ino=3145776 scontext=u:r:kong_mode_srv:s0 tcontext=u:object_r:system_gles_data_file:s0 tclass=dir permissive=0
03-03 08:00:10.348  2098  2098 I chatty  : uid=1000(system) com.logitech.service.systemservice:ModeServiceProcess identical 8 lines
03-03 08:00:10.348  2098  2098 I auditd  : type=1400 audit(0.0:24): avc: denied { search } for comm="RenderThread" name="gpu" dev="sda11" ino=3145776 scontext=u:r:kong_mode_srv:s0 tcontext=u:object_r:system_gles_data_file:s0 tclass=dir permissive=0
03-03 08:00:10.375     0     0 I         : read descriptors
03-03 08:00:10.375     0     0 I         : read strings
03-03 08:00:10.560     0     0 I CAM_INFO: CAM-SENSOR: cam_sensor_driver_cmd: 1519 CAM_ACQUIRE_DEV,  sensor_state 0 +
03-03 08:00:10.595     0     0 I CAM_INFO: CAM-SENSOR: cam_sensor_driver_cmd: 1600 CAM_ACQUIRE_DEV Success, sensor_id:0x8000,sensor_slave_addr:0x34
03-03 08:00:10.614     0     0 I CAM_INFO: CAM-ICP: cam_icp_mgr_hw_open: 3209 FW download done successfully
03-03 08:00:10.614     0     0 I CAM_INFO: CAM-ICP: cam_icp_mgr_process_dbg_buf: 2042 FW_DBG:CICP_FW_E : HFI  :QC_IMAGE_VERSION_STRING=CICP.FW.2.1-00008,OEM_IMAGE_VERSION_STRING=CRM,BUILD_TIME: Oct 23 2019 14:14:13,CACHE_ENABLED at icphostinterface.c:636 QC_IMAGE_VERSION_STRING=CICP.FW.2.1-00008 OEM_IMAGE_VERSION_STRING=CRM
03-03 08:00:10.614     0     0 I CAM_INFO: CAM-ICP: cam_icp_mgr_process_dbg_buf: 2042 FW_DBG:CICP_FW_E : HFI  :ELF variant: CACHE-ENABLED:API_V1::USE_CDM_1_0: , API version: 0x1000034 at icphostinterface.c:637 QC_IMAGE_VERSION_STRING=CICP.FW.2.1-00008 OEM_IMAGE_VERSION_STRING=CRM
03-03 08:00:10.628   574   574 I auditd  : avc:  denied  { find } for interface=vendor.qti.hardware.servicetracker::IServicetracker sid=u:r:system_server:s0 pid=1494 scontext=u:r:system_server:s0 tcontext=u:object_r:default_android_hwservice:s0 tclass=hwservice_manager permissive=0
03-03 08:00:10.650  1494  1530 I am_proc_start: [0,2673,1000,com.logitech.service.systemservice:CVEngineServiceProcess,service,{com.logitech.service.systemservice/com.logitech.service.cvengineservice.CVEngineService}]
03-03 08:00:10.656  1494  2040 I am_proc_bound: [0,2673,com.logitech.service.systemservice:CVEngineServiceProcess]
03-03 08:00:10.658   574   574 I auditd  : avc:  denied  { find } for interface=vendor.qti.hardware.servicetracker::IServicetracker sid=u:r:system_server:s0 pid=1494 scontext=u:r:system_server:s0 tcontext=u:object_r:default_android_hwservice:s0 tclass=hwservice_manager permissive=0
03-03 08:00:11.355   574   574 I chatty  : uid=1000(system) hwservicemanage identical 1 line
03-03 08:00:11.355   574   574 I auditd  : avc:  denied  { find } for interface=vendor.qti.hardware.servicetracker::IServicetracker sid=u:r:system_server:s0 pid=1494 scontext=u:r:system_server:s0 tcontext=u:object_r:default_android_hwservice:s0 tclass=hwservice_manager permissive=0
03-03 08:00:11.415     0     0 I         : read descriptors
03-03 08:00:11.415     0     0 I         : read strings
03-03 08:00:11.458  2673  2673 I auditd  : type=1400 audit(0.0:25): avc: denied { search } for comm="Binder:2673_3" name="gpu" dev="sda11" ino=3145776 scontext=u:r:kong_cvengine_srv:s0 tcontext=u:object_r:system_gles_data_file:s0 tclass=dir permissive=0
03-03 08:00:11.458  2673  2673 I auditd  : type=1400 audit(0.0:26): avc: denied { search } for comm="Binder:2673_3" name="gpu" dev="sda11" ino=3145776 scontext=u:r:kong_cvengine_srv:s0 tcontext=u:object_r:system_gles_data_file:s0 tclass=dir permissive=0
03-03 08:00:11.672     0     0 I ueventd : firmware: loading 'CAMERA_ICP.elf' for '/devices/platform/soc/ac00000.qcom,a5/firmware/CAMERA_ICP.elf'
03-03 08:00:11.674     0     0 I ueventd : loading /devices/platform/soc/ac00000.qcom,a5/firmware/CAMERA_ICP.elf took 2ms
03-03 08:00:11.685     0     0 I CAM_INFO: CAM-ICP: cam_icp_mgr_process_dbg_buf: 2042 FW_DBG:CICP_FW_E : HFI  :QC_IMAGE_VERSION_STRING=CICP.FW.2.1-00008,OEM_IMAGE_VERSION_STRING=CRM,BUILD_TIME: Oct 23 2019 14:14:13,CACHE_ENABLED at icphostinterface.c:636 QC_IMAGE_VERSION_STRING=CICP.FW.2.1-00008 OEM_IMAGE_VERSION_STRING=CRM
03-03 08:00:11.685     0     0 I CAM_INFO: CAM-ICP: cam_icp_mgr_process_dbg_buf: 2042 FW_DBG:CICP_FW_E : HFI  :ELF variant: CACHE-ENABLED:API_V1::USE_CDM_1_0: , API version: 0x1000034 at icphostinterface.c:637 QC_IMAGE_VERSION_STRING=CICP.FW.2.1-00008 OEM_IMAGE_VERSION_STRING=CRM
03-03 08:00:11.685     0     0 I CAM_INFO: CAM-ICP: cam_icp_mgr_hw_open: 3209 FW download done successfully
03-03 08:00:11.726     0     0 I CAM_INFO: CAM-CORE: cam_node_handle_ioctl: 756 Acquire HW successful
03-03 08:00:11.739     0     0 I CAM_INFO: CAM-SENSOR: cam_sensor_driver_cmd: 1673 CAM_START_DEV,  sensor_state 2 +
03-03 08:00:11.740     0     0 I CAM_INFO: CAM-SENSOR: cam_sensor_driver_cmd: 1697 CAM_START_DEV Success, sensor_id:0x8000,sensor_slave_addr:0x34
03-03 08:00:12.164  1494  1742 I service_manager_stats: [138,31,6423]
03-03 08:00:12.465     0     0 I         : read descriptors
03-03 08:00:12.465     0     0 I         : read strings
03-03 08:00:13.515     0     0 I         : read descriptors
03-03 08:00:13.515     0     0 I         : read strings
03-03 08:00:14.555     0     0 I         : read descriptors
03-03 08:00:14.555     0     0 I         : read strings
03-03 08:00:15.184     0     0 I init    : Received control message 'stop' for 'idmap2d' from pid: 1494 (system_server)
03-03 08:00:15.184     0     0 I init    : Sending signal 9 to service 'idmap2d' (pid 1272) process group...
03-03 08:00:15.189     0     0 I libprocessgroup: Successfully killed process cgroup uid 1000 pid 1272 in 5ms
03-03 08:00:15.191     0     0 I init    : Service 'idmap2d' (pid 1272) received signal 9
03-03 08:00:15.615     0     0 I         : read descriptors
03-03 08:00:15.615     0     0 I         : read strings
03-03 08:00:15.639   574   574 I auditd  : avc:  denied  { find } for interface=vendor.qti.hardware.servicetracker::IServicetracker sid=u:r:system_server:s0 pid=1494 scontext=u:r:system_server:s0 tcontext=u:object_r:default_android_hwservice:s0 tclass=hwservice_manager permissive=0
03-03 08:00:15.640   574   574 I auditd  : avc:  denied  { find } for interface=vendor.qti.hardware.servicetracker::IServicetracker sid=u:r:system_server:s0 pid=1494 scontext=u:r:system_server:s0 tcontext=u:object_r:default_android_hwservice:s0 tclass=hwservice_manager permissive=0
03-03 08:00:15.906  1494  1713 I commit_sys_config_file: [appops,17]
03-03 08:00:15.981  1494  1606 I commit_sys_config_file: [settings-2-0,3]
03-03 08:00:16.128     0     0 I init    : Service 'bootanim' (pid 1061) exited with status 0
03-03 08:00:16.340     0     0 I init    : processing action (sys.usb.config=none && sys.usb.configfs=1) from (/vendor/etc/init/hw/init.msm.usb.configfs.rc:30)
03-03 08:00:16.340     0     0 I init    : processing action (sys.usb.config=none && sys.usb.configfs=1) from (/init.usb.configfs.rc:1)
03-03 08:00:16.340     0     0 I init    : processing action (sys.usb.config=none && sys.usb.configfs=1 && vendor.uvc.state=4) from (/init.usb.configfs.rc:4)
03-03 08:00:16.341     0     0 W         : [configfs] unregister_gadget()
03-03 08:00:16.341     0     0 I init    : Command 'write /config/usb_gadget/g1/UDC none' action=sys.usb.config=none && sys.usb.configfs=1 && vendor.uvc.state=4 (/init.usb.configfs.rc:5) took 0ms and failed: Unable to write to file '/config/usb_gadget/g1/UDC': Unable to write file contents: No such device
03-03 08:00:16.341     0     0 I init    : Sending signal 9 to service 'adbd' (pid 914) process group...
03-03 08:00:16.348     0     0 I         : sdcardfs version 2.0
03-03 08:00:16.348     0     0 I sdcardfs: dev_name -> /data/media
03-03 08:00:16.348     0     0 I sdcardfs: options -> fsuid=1023,fsgid=1023,multiuser,derive_gid,default_normal,unshared_obb,mask=6,userid=0,gid=1015
03-03 08:00:16.348     0     0 I sdcardfs: mnt -> ffffffd1a39074a0
03-03 08:00:16.348     0     0 I sdcardfs: mounted on top of /data/media type ext4
03-03 08:00:16.348     0     0 I         : Remount options were mask=23,gid=9997 for vfsmnt ffffffd2130f74a0.
03-03 08:00:16.348     0     0 I sdcardfs: options - debug:1
03-03 08:00:16.348     0     0 I sdcardfs: options - gid:9997
03-03 08:00:16.348     0     0 I sdcardfs: options - mask:23
03-03 08:00:16.348     0     0 I         : Remount options were mask=7,gid=9997 for vfsmnt ffffffd21305a6a0.
03-03 08:00:16.348     0     0 I sdcardfs: options - debug:1
03-03 08:00:16.348     0     0 I sdcardfs: options - gid:9997
03-03 08:00:16.348     0     0 I sdcardfs: options - mask:7
03-03 08:00:16.348     0     0 I         : Remount options were mask=7,gid=9997 for vfsmnt ffffffd2160cd8a0.
03-03 08:00:16.348     0     0 I sdcardfs: options - debug:1
03-03 08:00:16.348     0     0 I sdcardfs: options - gid:9997
03-03 08:00:16.348     0     0 I sdcardfs: options - mask:7
03-03 08:00:16.456     0     0 I         : Boot completed
03-03 08:00:16.485     0     0 I [kworke][901740086][08:00:16.707903] wlan: [413:I:HDD] hdd_psoc_idle_timeout_callback: 10104: Psoc idle timeout elapsed; starting psoc shutdown
03-03 08:00:16.485     0     0 I [schedu][901749078][08:00:16.708371] wlan: [1997:E:SYS] Processing SYS MC STOP
03-03 08:00:16.500     0     0 I [kworke][902028367][08:00:16.722917] wlan: [1376:I:WMI] WMI Stop
03-03 08:00:16.500     0     0 I [kworke][902028483][08:00:16.722923] wlan: [1376:I:HTC] htc_stop: endpoints cleanup
03-03 08:00:16.500     0     0 I [kworke][902028603][08:00:16.722930] wlan: [1376:I:HTC] htc_stop: stopping hif layer
03-03 08:00:16.504     0     0 I [kworke][902106235][08:00:16.726974] wlan: [1376:I:HTC] htc_stop: flush endpoints Tx lookup queue
03-03 08:00:16.504     0     0 I [kworke][902106607][08:00:16.726992] wlan: [1376:I:HTC] htc_stop: resetting endpoints state
03-03 08:00:16.519     0     0 I [kworke][902402526][08:00:16.742406] wlan: [1376:I:HTT] max pool size 64 pool filled 0
03-03 08:00:16.521     0     0 I init    : wait for '/sys/class/net/usb0/iflink' took 0ms
03-03 08:00:16.524     0     0 I [kworke][902482034][08:00:16.746546] wlan: [1376:E:HDD] hdd_wlan_stop_modules: 12339: WBUFF de-init unsuccessful; status: 4
03-03 08:00:16.524     0     0 I [kworke][902483240][08:00:16.746609] wlan: [1376:I:OBJMGR] wlan_objmgr_pdev_obj_delete: 248: Logically deleting pdev 0
03-03 08:00:16.524     0     0 I [kworke][902483914][08:00:16.746645] wlan: [1376:I:OBJMGR] wlan_objmgr_pdev_obj_destroy: 198: Physically deleting pdev 0
03-03 08:00:16.524     0     0 I target_if_spectral_detach: 1886: spectral detach
03-03 08:00:16.548   839  1543 I sf_stop_bootanim: 25280
03-03 08:00:16.549  1494  1522 I wm_boot_animation_done: 25281
03-03 08:00:16.558  1494  1528 I am_pss  : [1890,1000,com.android.settings,65509376,53882880,0,180621312,0,2,3]
03-03 08:00:16.563  1494  1522 I am_user_state_changed: [0,1]
03-03 08:00:16.564  1494  1522 I sysui_multi_action: [757,804,799,framework_locked_boot_completed,801,25,802,1]
03-03 08:00:16.569     0     0 I         : read descriptors
03-03 08:00:16.569     0     0 I         : read strings
03-03 08:00:16.571     0     0 W         : [f_uvc] uvc_alloc()
03-03 08:00:16.571     0     0 W         : [configfs] configfs_composite_bind()
03-03 08:00:16.571     0     0 W         : [core] usb_gadget_deactivate()
03-03 08:00:16.571     0     0 W [composite] usb_function_deactivate(): :cdev->deactivations = 1 | status = 0 - Exit
03-03 08:00:16.574     0     0 W         : [core] usb_gadget_connect()
03-03 08:00:16.575     0     0 W         : [configfs] android_work()
03-03 08:00:16.575     0     0 I android_work: did not send uevent (0 0 0000000000000000)
03-03 08:00:16.581   574   574 I auditd  : avc:  denied  { find } for interface=vendor.qti.hardware.servicetracker::IServicetracker sid=u:r:system_server:s0 pid=1494 scontext=u:r:system_server:s0 tcontext=u:object_r:default_android_hwservice:s0 tclass=hwservice_manager permissive=0
03-03 08:00:16.586   574   574 I chatty  : uid=1000(system) hwservicemanage identical 1 line
03-03 08:00:16.587     0     0 I [ifconf][903697931][08:00:16.809874] wlan: [2798:E:HDD] __hdd_validate_adapter: 874: bad adapter magic (via __wlan_hdd_ipv4_changed)
03-03 08:00:16.588  1824  1824 I auditd  : type=1400 audit(0.0:27): avc: denied { ioctl } for comm="qtidataservices" path="socket:[42449]" dev="sockfs" ino=42449 ioctlcmd=0xc304 scontext=u:r:qtidataservices_app:s0 tcontext=u:r:qtidataservices_app:s0 tclass=socket permissive=0
03-03 08:00:16.589     0     0 I [ifconf][903738130][08:00:16.811968] wlan: [2798:E:HDD] __hdd_validate_adapter: 874: bad adapter magic (via __wlan_hdd_ipv6_changed)
03-03 08:00:16.590  1494  2040 D TelephonyRegistry: listen oscl: mHasNotifySubscriptionInfoChangedOccurred==false no callback
03-03 08:00:16.590  1494  1515 D TelephonyRegistry: listen oscl: mHasNotifySubscriptionInfoChangedOccurred==false no callback
03-03 08:00:16.590     0     0 I [kworke][903765403][08:00:16.813388] wlan: [1376:E:QDF] cds_get_context: 1286: Module ID 66 context is Null
03-03 08:00:16.595     0     0 I [ifconf][903850529][08:00:16.817822] wlan: [2798:E:HDD] __hdd_validate_adapter: 874: bad adapter magic (via __wlan_hdd_ipv4_changed)
03-03 08:00:16.595   574   574 I auditd  : avc:  denied  { find } for interface=vendor.qti.hardware.servicetracker::IServicetracker sid=u:r:system_server:s0 pid=1494 scontext=u:r:system_server:s0 tcontext=u:object_r:default_android_hwservice:s0 tclass=hwservice_manager permissive=0
03-03 08:00:16.596     0     0 I [ifconf][903881147][08:00:16.819416] wlan: [2798:E:HDD] __hdd_validate_adapter: 874: bad adapter magic (via __wlan_hdd_ipv4_changed)
03-03 08:00:16.699  1494  1528 I am_meminfo: [1005486080,2935496704,12288,227704832,569075712]
03-03 08:00:16.703  1494  1528 I am_pss  : [2161,1000,com.logitech.service.systemservice:FWUpdateServiceProcess,12440576,6877184,0,118284288,2,0,2]
03-03 08:00:16.709  1494  1528 I am_pss  : [2673,1000,com.logitech.service.systemservice:CVEngineServiceProcess,238777344,234156032,0,338833408,2,7,5]
03-03 08:00:16.712  1494  1528 I am_pss  : [2631,10049,com.qualcomm.timeservice,5986304,2846720,0,86130688,2,20,3]
03-03 08:00:16.715  1494  1528 I am_pss  : [1666,1002,com.android.bluetooth,21988352,16117760,0,121028608,2,0,3]
03-03 08:00:16.719  1494  1528 I am_pss  : [2428,10026,com.android.inputmethod.leanback,13855744,7532544,0,113700864,2,8,3]
03-03 08:00:16.722  1494  1528 I am_pss  : [2401,1000,com.logitech.service.systemservice:DummyServiceProcess,7778304,3895296,0,103981056,2,0,3]
03-03 08:00:16.725  1494  1528 I am_pss  : [2377,1000,com.logitech.service.systemservice:LogiUsbServiceProcess,7817216,3764224,0,105373696,2,0,3]
03-03 08:00:16.728  2771  2771 I auditd  : type=1400 audit(0.0:28): avc: denied { dac_override } for comm="init.qcom.post_" capability=1 scontext=u:r:qti_init_shell:s0 tcontext=u:r:qti_init_shell:s0 tclass=capability permissive=0
03-03 08:00:16.729  1494  1528 I am_pss  : [2353,1000,com.logitech.service.systemservice:HouseKeepingServiceProcess,8909824,4476928,0,109080576,2,0,3]
03-03 08:00:16.732  1494  1528 I am_pss  : [2318,1000,com.logitech.service.systemservice:AICVServiceProcess,8241152,4243456,0,105033728,2,0,2]
03-03 08:00:16.735  1494  1528 I am_pss  : [2291,1000,com.logitech.service.systemservice:RemoteServiceProcess,8225792,4173824,0,106512384,2,0,2]
03-03 08:00:16.739  1494  1528 I am_pss  : [2246,1000,com.logitech.service.systemservice:ConfigServiceProcess,9454592,4726784,0,112390144,2,0,2]
03-03 08:00:16.739  2773  2773 I sysui_multi_action: [757,1098,758,4,1099,<EMPTY>]
03-03 08:00:16.744  1494  1528 I am_pss  : [2217,1000,com.logitech.service.systemservice:AudioServiceProcess,8974336,4698112,0,107642880,2,0,2]
03-03 08:00:16.745  2773  2773 I sysui_multi_action: [757,804,799,factory_reset_current_time,801,1614758416,802,1]
03-03 08:00:16.747  2773  2773 I sysui_multi_action: [757,804,799,boottime.bootloader.total,801,0,802,1]
03-03 08:00:16.747  2773  2773 I sysui_multi_action: [757,804,799,ro.boottime.init.cold_boot_wait,801,1197,802,1]
03-03 08:00:16.747  2773  2773 I sysui_multi_action: [757,804,799,ro.boottime.init.selinux,801,1048,802,1]
03-03 08:00:16.747  2773  2773 I sysui_multi_action: [757,804,799,factory_reset_boot_complete_post_decrypt,801,14,802,1]
03-03 08:00:16.747  2773  2773 I sysui_multi_action: [757,804,799,boot_reason,801,0,802,1]
03-03 08:00:16.747  2773  2773 I sysui_multi_action: [757,804,799,build_date,801,1614696887,802,1]
03-03 08:00:16.747  1494  1528 I am_pss  : [2184,1000,com.logitech.service.systemservice:HDMIServiceProcess,12104704,5705728,0,119275520,2,0,3]
03-03 08:00:16.747  2773  2773 I sysui_multi_action: [757,804,799,post_decrypt_time_elapsed,801,11,802,1]
03-03 08:00:16.747  2773  2773 I sysui_multi_action: [757,804,799,boot_decryption_complete,801,25,802,1]
03-03 08:00:16.747  2773  2773 I sysui_multi_action: [757,804,799,absolute_boot_time,801,25,802,1]
03-03 08:00:16.747  2773  2773 I sysui_multi_action: [757,804,799,last_boot_time_utc,801,1614758416,802,1]
03-03 08:00:16.747  2773  2773 I sysui_multi_action: [757,804,799,factory_reset_boot_complete,801,25,802,1]
03-03 08:00:16.747  2773  2773 I sysui_multi_action: [757,804,799,factory_reset_current_time,801,1614758416,802,1]
03-03 08:00:16.747  2773  2773 I sysui_multi_action: [757,804,799,ro.boottime.init,801,5112,802,1]
03-03 08:00:16.747  2773  2773 I sysui_multi_action: [757,804,799,system_boot_reason,801,64,802,1]
03-03 08:00:16.747  2773  2773 I sysui_multi_action: [757,804,799,factory_reset,801,1614758416,802,1]
03-03 08:00:16.750  1494  1528 I am_pss  : [2122,1000,com.logitech.service.systemservice:UVCServiceProcess,8606720,4304896,0,107016192,2,0,3]
03-03 08:00:16.754  1494  1528 I am_pss  : [2098,1000,com.logitech.service.systemservice:ModeServiceProcess,28420096,18948096,0,149061632,2,0,4]
03-03 08:00:16.758  1494  1528 I am_pss  : [2072,1000,com.logitech.service.systemservice:LEDServiceProcess,8846336,4444160,0,108765184,2,0,3]
03-03 08:00:16.761  1494  1528 I am_pss  : [2049,1000,com.logitech.service.systemservice:PTZFServiceProcess,8123392,4005888,0,106086400,2,0,3]
03-03 08:00:16.765  1494  1528 I am_pss  : [1907,10021,android.ext.services,8074240,3751936,0,95039488,2,6,3]
03-03 08:00:16.768  1494  1528 I am_pss  : [1866,1000,com.logitech.service.systemservice,9262080,5066752,0,108445696,2,0,3]
03-03 08:00:16.771  1494  1528 I am_pss  : [1838,1000,com.logitech.platform.service2,6660096,3321856,0,93962240,2,0,3]
03-03 08:00:16.775  1494  1528 I am_pss  : [1824,1001,.qtidataservices,9001984,4943872,0,102428672,2,0,3]
03-03 08:00:16.778  1494  1528 I am_pss  : [1791,1001,.dataservices,7345152,3657728,0,97660928,2,0,3]
03-03 08:00:16.782  1494  1528 I am_pss  : [1686,10055,com.android.systemui,63029248,51298304,0,186179584,2,0,4]
03-03 08:00:16.788  1494  1528 I am_pss  : [1494,1000,system,116641792,100376576,0,263925760,2,0,5]
03-03 08:00:16.730     0     0 D logd    : logdr: UID=1036 GID=1007 PID=2792 b tail=0 logMask=ff pid=0 start=1614758357133649000ns timeout=0ns
03-03 08:00:16.994  1494  1519 I am_user_state_changed: [0,2]
03-03 08:00:17.008  2846  2846 I auditd  : type=1400 audit(0.0:29): avc: denied { read } for comm="getprop" name="u:object_r:default_prop:s0" dev="tmpfs" ino=14406 scontext=u:r:qti_init_shell:s0 tcontext=u:object_r:default_prop:s0 tclass=file permissive=0
03-03 08:00:17.032  1494  1529 I am_user_state_changed: [0,3]
03-03 08:00:17.034  1494  1529 I am_uid_running: 10043
03-03 08:00:17.035  1494  1529 I am_uid_running: 10058
03-03 08:00:17.044  1494  1529 I sysui_multi_action: [757,804,799,framework_boot_completed,801,25,802,1]
03-03 08:00:17.062   574   574 I auditd  : avc:  denied  { find } for interface=vendor.qti.hardware.servicetracker::IServicetracker sid=u:r:system_server:s0 pid=1494 scontext=u:r:system_server:s0 tcontext=u:object_r:default_android_hwservice:s0 tclass=hwservice_manager permissive=0
03-03 08:00:17.063  1494  1635 I service_manager_slow: [13,android.security.keystore]
03-03 08:00:17.064   574   574 I auditd  : avc:  denied  { find } for interface=vendor.qti.hardware.servicetracker::IServicetracker sid=u:r:system_server:s0 pid=1494 scontext=u:r:system_server:s0 tcontext=u:object_r:default_android_hwservice:s0 tclass=hwservice_manager permissive=0
03-03 08:00:17.067  1494  1789 I am_finish_activity: [0,113041594,1,com.android.settings/.FallbackHome,app-request]
03-03 08:00:17.068  1494  1789 I am_pause_activity: [0,113041594,com.android.settings/.FallbackHome,userLeaving=false]
03-03 08:00:17.069  1494  1522 I sysui_multi_action: [757,803,799,window_time_0,802,12]
03-03 08:00:17.070  1890  1890 I am_on_top_resumed_lost_called: [0,com.android.settings.FallbackHome,topStateChangedWhenResumed]
03-03 08:00:17.071  1890  1890 I am_on_paused_called: [0,com.android.settings.FallbackHome,performPause]
03-03 08:00:17.073   574   574 I auditd  : avc:  denied  { find } for interface=vendor.qti.hardware.servicetracker::IServicetracker sid=u:r:system_server:s0 pid=1494 scontext=u:r:system_server:s0 tcontext=u:object_r:default_android_hwservice:s0 tclass=hwservice_manager permissive=0
03-03 08:00:17.078  1494  1515 I wm_task_created: [2,0]
03-03 08:00:17.079  1494  1515 I wm_task_moved: [2,0,2147483647]
03-03 08:00:17.079  1494  1515 I am_create_task: [0,2]
03-03 08:00:17.079  1494  1515 I am_create_activity: [0,29576471,2,com.logitech.frogger.logidesktop/.launcher.LauncherActivity,android.intent.action.MAIN,NULL,NULL,268435712]
03-03 08:00:17.080  1494  1515 I wm_task_moved: [2,0,2147483647]
03-03 08:00:17.088   574   574 I auditd  : avc:  denied  { find } for interface=vendor.qti.hardware.servicetracker::IServicetracker sid=u:r:system_server:s0 pid=1494 scontext=u:r:system_server:s0 tcontext=u:object_r:default_android_hwservice:s0 tclass=hwservice_manager permissive=0
03-03 08:00:17.094  1494  1530 I am_proc_start: [0,2857,10043,com.logitech.platform.zoom.zdm,added application,com.logitech.platform.zoom.zdm]
03-03 08:00:17.105   574   574 I auditd  : avc:  denied  { find } for interface=vendor.qti.hardware.servicetracker::IServicetracker sid=u:r:system_server:s0 pid=1494 scontext=u:r:system_server:s0 tcontext=u:object_r:default_android_hwservice:s0 tclass=hwservice_manager permissive=0
03-03 08:00:17.115  1494  1822 I dvm_lock_sample: [system_server,1,Binder:1494_8,18,ActivityManagerService.java,6574,java.lang.String com.android.server.am.ActivityManagerService.checkContentProviderAccess(java.lang.String, int),-,14652,void com.android.server.am.ActivityManagerService.unregisterReceiver(android.content.IIntentReceiver),3]
03-03 08:00:17.117  1494  2040 I am_proc_bound: [0,2857,com.logitech.platform.zoom.zdm]
03-03 08:00:17.122  1494  2040 I am_uid_active: 10043
03-03 08:00:17.124  1494  1530 I am_proc_start: [0,2887,10058,com.qualcomm.qti.services.systemhelper:systemhelper_service,added application,com.qualcomm.qti.services.systemhelper:systemhelper_service]
03-03 08:00:17.127  1494  1522 I sysui_multi_action: [757,803,799,window_time_0,802,0]
03-03 08:00:17.137  1494  2040 I am_proc_bound: [0,2887,com.qualcomm.qti.services.systemhelper:systemhelper_service]
03-03 08:00:17.139  1494  2040 I am_uid_active: 10058
03-03 08:00:17.149  1494  1530 I am_proc_start: [0,2914,1000,com.logitech.platform.service,added application,com.logitech.platform.service]
03-03 08:00:17.153   573   573 I auditd  : avc:  denied  { find } for service=vendor.perfservice pid=2857 uid=10043 scontext=u:r:zdmservice_app:s0 tcontext=u:object_r:vendor_perf_service:s0 tclass=service_manager permissive=0
03-03 08:00:17.176  1494  1822 I am_proc_bound: [0,2914,com.logitech.platform.service]
03-03 08:00:17.178  1494  1530 I am_proc_start: [0,2940,1000,com.qualcomm.qti.workloadclassifier,added application,com.qualcomm.qti.workloadclassifier]
03-03 08:00:17.201  1494  1530 I am_proc_start: [0,2962,1000,com.qualcomm.qti.services.secureui:sui_service,added application,com.qualcomm.qti.services.secureui:sui_service]
03-03 08:00:17.211  1494  1822 I am_proc_bound: [0,2940,com.qualcomm.qti.workloadclassifier]
03-03 08:00:17.221  1494  1530 I am_proc_start: [0,2978,1000,com.logitech.vc.sync,added application,com.logitech.vc.sync]
03-03 08:00:17.227  1494  1822 I am_proc_bound: [0,2962,com.qualcomm.qti.services.secureui:sui_service]
03-03 08:00:17.243  1494  1530 I am_proc_start: [0,3003,1000,com.logitech.platform.zoom.internal,added application,com.logitech.platform.zoom.internal]
03-03 08:00:17.259  2978  2978 I service_manager_slow: [15,activity]
03-03 08:00:17.263  1494  1822 I am_proc_bound: [0,3003,com.logitech.platform.zoom.internal]
03-03 08:00:17.267  1494  1540 I am_proc_bound: [0,2978,com.logitech.vc.sync]
03-03 08:00:17.274  1494  1530 I am_proc_start: [0,3026,1000,com.android.keychain,service,{com.android.keychain/com.android.keychain.KeyChainService}]
03-03 08:00:17.297  1494  1530 I am_proc_start: [0,3042,1000,com.qualcomm.qti.qmmi,broadcast,{com.qualcomm.qti.qmmi/com.qualcomm.qti.qmmi.framework.QmmiReceiver}]
03-03 08:00:17.309  1494  1822 I am_proc_bound: [0,3026,com.android.keychain]
03-03 08:00:17.315   574   574 I auditd  : avc:  denied  { find } for interface=vendor.qti.hardware.servicetracker::IServicetracker sid=u:r:system_server:s0 pid=1494 scontext=u:r:system_server:s0 tcontext=u:object_r:default_android_hwservice:s0 tclass=hwservice_manager permissive=0
03-03 08:00:17.320  1494  1530 I am_proc_start: [0,3060,1000,com.logitech.frogger.logidesktop,activity,{com.logitech.frogger.logidesktop/com.logitech.frogger.logidesktop.launcher.LauncherActivity}]
03-03 08:00:17.337  1494  1540 I am_proc_bound: [0,3042,com.qualcomm.qti.qmmi]
03-03 08:00:17.343  1494  1822 I am_proc_bound: [0,3060,com.logitech.frogger.logidesktop]
03-03 08:00:17.345  1494  1822 I am_restart_activity: [0,29576471,2,com.logitech.frogger.logidesktop/.launcher.LauncherActivity]
03-03 08:00:17.345  1494  1822 I am_set_resumed_activity: [0,com.logitech.frogger.logidesktop/.launcher.LauncherActivity,minimalResumeActivityLocked]
03-03 08:00:17.354   574   574 I auditd  : avc:  denied  { find } for interface=vendor.qti.hardware.servicetracker::IServicetracker sid=u:r:system_server:s0 pid=1494 scontext=u:r:system_server:s0 tcontext=u:object_r:default_android_hwservice:s0 tclass=hwservice_manager permissive=0
03-03 08:00:17.168     0     0 W         : [core] usb_gadget_activate()
03-03 08:00:17.168     0     0 W         : [core] usb_gadget_connect()
03-03 08:00:17.172     0     0 W [composite] usb_function_activate(): :cdev->deactivations = 0 | status = 0 - Exit
03-03 08:00:17.409   574   574 I chatty  : uid=1000(system) hwservicemanage identical 2 lines
03-03 08:00:17.422   574   574 I auditd  : avc:  denied  { find } for interface=vendor.qti.hardware.servicetracker::IServicetracker sid=u:r:system_server:s0 pid=1494 scontext=u:r:system_server:s0 tcontext=u:object_r:default_android_hwservice:s0 tclass=hwservice_manager permissive=0
03-03 08:00:17.427  1494  3102 I sysui_multi_action: [757,804,799,boot_mount_all_duration_default,801,54,802,1]
03-03 08:00:17.428  1494  3102 I sysui_multi_action: [757,804,799,boot_fs_stat_dsp_a,801,3,802,1]
03-03 08:00:17.429  1494  3102 I sysui_multi_action: [757,804,799,boot_fs_stat_persist,801,75,802,1]
03-03 08:00:17.429  1494  3102 I sysui_multi_action: [757,804,799,boot_fs_stat_calib,801,3,802,1]
03-03 08:00:17.432   574   574 I auditd  : avc:  denied  { find } for interface=vendor.qti.hardware.servicetracker::IServicetracker sid=u:r:system_server:s0 pid=1494 scontext=u:r:system_server:s0 tcontext=u:object_r:default_android_hwservice:s0 tclass=hwservice_manager permissive=0
03-03 08:00:17.436  1494  3102 I dropbox_file_copy: [/dev/fscklogs/log,-98304,SYSTEM_FSCK]
03-03 08:00:17.435  3060  3060 I am_on_create_called: [0,com.logitech.frogger.logidesktop.launcher.LauncherActivity,performCreate]
03-03 08:00:17.438  3060  3060 I am_on_start_called: [0,com.logitech.frogger.logidesktop.launcher.LauncherActivity,handleStartActivity]
03-03 08:00:17.441  1494  3102 I sysui_multi_action: [757,804,799,shutdown_activity_manager,801,136,802,1]
03-03 08:00:17.442  1494  3102 I sysui_multi_action: [757,804,799,shutdown_radios,801,1,802,1]
03-03 08:00:17.443  1494  3102 I sysui_multi_action: [757,804,799,shutdown_send_shutdown_broadcast,801,103,802,1]
03-03 08:00:17.444  1494  3102 I sysui_multi_action: [757,804,799,shutdown_system_server,801,263,802,1]
03-03 08:00:17.444   574   574 I auditd  : avc:  denied  { find } for interface=vendor.qti.hardware.servicetracker::IServicetracker sid=u:r:system_server:s0 pid=1494 scontext=u:r:system_server:s0 tcontext=u:object_r:default_android_hwservice:s0 tclass=hwservice_manager permissive=0
03-03 08:00:17.445  1494  3102 I sysui_multi_action: [757,804,799,shutdown_package_manager,801,18,802,1]
03-03 08:00:17.452  1494  3102 I commit_sys_config_file: [log-files,5]
03-03 08:00:17.452  1494  1494 I notification_cancel_all: [1000,1494,com.logitech.videocollaboration.froggeroobe,0,0,0,5,NULL]
03-03 08:00:17.453  1494  1522 I am_destroy_activity: [0,113041594,1,com.android.settings/.FallbackHome,finish-idle]
03-03 08:00:17.455  1494  1540 I am_mem_factor: [2,3]
03-03 08:00:17.456  1494  3102 I am_uid_running: 10013
03-03 08:00:17.457  1494  1530 I am_proc_start: [0,3112,1000,com.qti.diagservices,broadcast,{com.qti.diagservices/com.qti.diagservices.Diag_OnBoot}]
03-03 08:00:17.460  1494  1494 I notification_cancel_all: [1000,1494,com.logitech.videocollaboration.froggeroobe,0,0,0,5,NULL]
03-03 08:00:17.471  1494  1494 I notification_cancel_all: [1000,1494,com.logitech.videocollaboration.froggersettings,0,0,0,5,NULL]
03-03 08:00:17.476  1890  1890 I am_on_stop_called: [0,com.android.settings.FallbackHome,LIFECYCLER_STOP_ACTIVITY]
03-03 08:00:17.478  1494  1530 I am_proc_start: [0,3132,1000,com.logitech.vc.analytics,service,{com.logitech.vc.analytics/com.logitech.vc.analytics.collector.CollectorService}]
03-03 08:00:17.478  1494  1516 I wm_stack_created: 1
03-03 08:00:17.479  1494  1516 I wm_task_created: [3,1]
03-03 08:00:17.480  1494  1516 I wm_task_moved: [3,0,2147483647]
03-03 08:00:17.480  1494  1516 I am_focused_stack: [0,0,1,0,reuseOrNewTask]
03-03 08:00:17.481  1494  1516 I am_create_task: [0,3]
03-03 08:00:17.481  1494  1516 I am_create_activity: [0,210054141,3,com.logitech.videocollaboration.froggerscreenshare/.MainActivity,android.intent.action.MAIN,NULL,NULL,276824064]
03-03 08:00:17.482  1494  1516 I wm_task_moved: [3,0,2147483647]
03-03 08:00:17.259     0     0 I CPU4    : update max cpu_capacity 967
03-03 08:00:17.484  1494  1516 I am_pause_activity: [0,29576471,com.logitech.frogger.logidesktop/.launcher.LauncherActivity,userLeaving=true]
03-03 08:00:17.485  3060  3060 I am_on_resume_called: [0,com.logitech.frogger.logidesktop.launcher.LauncherActivity,RESUME_ACTIVITY]
03-03 08:00:17.485  1494  1822 I am_proc_bound: [0,3112,com.qti.diagservices]
03-03 08:00:17.487  1494  1822 I am_add_to_stopping: [0,29576471,com.logitech.frogger.logidesktop/.launcher.LauncherActivity,makeInvisible]
03-03 08:00:17.490  1890  1890 I am_on_destroy_called: [0,com.android.settings.FallbackHome,performDestroy]
03-03 08:00:17.496  3060  3060 I am_on_top_resumed_gained_called: [0,com.logitech.frogger.logidesktop.launcher.LauncherActivity,topStateChangedWhenResumed]
03-03 08:00:17.478  1494  1494 I auditd  : type=1400 audit(0.0:30): avc: denied { getattr } for comm="android.anim" path="/data/data/com.logitech.videocollaboration.froggerscreenshare" dev="sda11" ino=655675 scontext=u:r:system_server:s0 tcontext=u:object_r:screenshare_app_data_file:s0 tclass=dir permissive=0
03-03 08:00:17.502  1494  1516 I wm_task_removed: [1,removeAppToken: last token]
03-03 08:00:17.502  1494  1516 I am_remove_task: [1,0]
03-03 08:00:17.502  1494  1516 I wm_task_removed: [1,removeTask]
03-03 08:00:17.503  3060  3060 I am_on_top_resumed_lost_called: [0,com.logitech.frogger.logidesktop.launcher.LauncherActivity,topStateChangedWhenResumed]
03-03 08:00:17.503  3060  3060 I am_on_paused_called: [0,com.logitech.frogger.logidesktop.launcher.LauncherActivity,performPause]
03-03 08:00:17.478  1494  1494 I auditd  : type=1400 audit(0.0:31): avc: denied { getattr } for comm="android.anim" path="/data/data/com.logitech.videocollaboration.froggerscreenshare" dev="sda11" ino=655675 scontext=u:r:system_server:s0 tcontext=u:object_r:screenshare_app_data_file:s0 tclass=dir permissive=0
03-03 08:00:17.511  1494  1522 I sysui_multi_action: [757,803,799,window_time_0,802,1]
03-03 08:00:17.512  1494  1530 I am_proc_start: [0,3158,10013,android.process.media,content provider,{com.android.providers.downloads/com.android.providers.downloads.DownloadProvider}]
03-03 08:00:17.517  1494  1516 I am_proc_bound: [0,3132,com.logitech.vc.analytics]
03-03 08:00:17.525   574   574 I auditd  : avc:  denied  { find } for interface=vendor.qti.hardware.servicetracker::IServicetracker sid=u:r:system_server:s0 pid=1494 scontext=u:r:system_server:s0 tcontext=u:object_r:default_android_hwservice:s0 tclass=hwservice_manager permissive=0
03-03 08:00:17.543  1494  1816 I am_proc_bound: [0,3158,android.process.media]
03-03 08:00:17.545  1494  1816 I am_uid_active: 10013
03-03 08:00:17.556  1494  1530 I am_proc_start: [0,3183,1000,com.logitech.videocollaboration.froggerscreenshare,activity,{com.logitech.videocollaboration.froggerscreenshare/com.logitech.videocollaboration.froggerscreenshare.MainActivity}]
03-03 08:00:17.558   574   574 I auditd  : avc:  denied  { find } for interface=vendor.qti.hardware.servicetracker::IServicetracker sid=u:r:system_server:s0 pid=1494 scontext=u:r:system_server:s0 tcontext=u:object_r:default_android_hwservice:s0 tclass=hwservice_manager permissive=0
03-03 08:00:17.340     0     0 E apexd   : Can't open /product/apex for reading : No such file or directory
03-03 08:00:17.570  1494  1816 I am_proc_bound: [0,3183,com.logitech.videocollaboration.froggerscreenshare]
03-03 08:00:17.573  1494  1816 I am_restart_activity: [0,210054141,3,com.logitech.videocollaboration.froggerscreenshare/.MainActivity]
03-03 08:00:17.573   574   574 I auditd  : avc:  denied  { find } for interface=vendor.qti.hardware.perf::IPerf sid=u:r:mediaprovider:s0:c512,c768 pid=3158 scontext=u:r:mediaprovider:s0:c512,c768 tcontext=u:object_r:hal_perf_hwservice:s0 tclass=hwservice_manager permissive=0
03-03 08:00:17.573   574   574 I auditd  : avc:  denied  { find } for interface=vendor.qti.hardware.perf::IPerf sid=u:r:mediaprovider:s0:c512,c768 pid=3158 scontext=u:r:mediaprovider:s0:c512,c768 tcontext=u:object_r:hal_perf_hwservice:s0 tclass=hwservice_manager permissive=0
03-03 08:00:17.573  1494  1816 I am_set_resumed_activity: [0,com.logitech.videocollaboration.froggerscreenshare/.MainActivity,minimalResumeActivityLocked]
03-03 08:00:17.583   574   574 I auditd  : avc:  denied  { find } for interface=vendor.qti.hardware.servicetracker::IServicetracker sid=u:r:system_server:s0 pid=1494 scontext=u:r:system_server:s0 tcontext=u:object_r:default_android_hwservice:s0 tclass=hwservice_manager permissive=0
03-03 08:00:17.584  1494  1528 I sysui_multi_action: [319,506,321,471,322,489,325,25,757,761,758,7,759,1,806,com.logitech.videocollaboration.froggerscreenshare,871,com.logitech.videocollaboration.froggerscreenshare.MainActivity,904,com.logitech.frogger.logidesktop,905,0,945,499,1320,5,1321,1]
03-03 08:00:17.585  1494  1528 I am_activity_launch_time: [0,210054141,com.logitech.videocollaboration.froggerscreenshare/.MainActivity,489]
03-03 08:00:17.587   574   574 I auditd  : avc:  denied  { find } for interface=vendor.qti.hardware.servicetracker::IServicetracker sid=u:r:system_server:s0 pid=1494 scontext=u:r:system_server:s0 tcontext=u:object_r:default_android_hwservice:s0 tclass=hwservice_manager permissive=0
03-03 08:00:17.591   574   574 I auditd  : avc:  denied  { find } for interface=vendor.qti.hardware.servicetracker::IServicetracker sid=u:r:system_server:s0 pid=1494 scontext=u:r:system_server:s0 tcontext=u:object_r:default_android_hwservice:s0 tclass=hwservice_manager permissive=0
03-03 08:00:17.578  2857  2857 I auditd  : type=1400 audit(0.0:32): avc: denied { read } for comm="atform.zoom.zdm" name="u:object_r:camera_prop:s0" dev="tmpfs" ino=14370 scontext=u:r:zdmservice_app:s0 tcontext=u:object_r:camera_prop:s0 tclass=file permissive=0 app=com.logitech.platform.zoom.zdm
03-03 08:00:17.595   574   574 I auditd  : avc:  denied  { find } for interface=vendor.qti.hardware.servicetracker::IServicetracker sid=u:r:system_server:s0 pid=1494 scontext=u:r:system_server:s0 tcontext=u:object_r:default_android_hwservice:s0 tclass=hwservice_manager permissive=0
03-03 08:00:17.599   574   574 I auditd  : avc:  denied  { find } for interface=vendor.qti.hardware.servicetracker::IServicetracker sid=u:r:system_server:s0 pid=1494 scontext=u:r:system_server:s0 tcontext=u:object_r:default_android_hwservice:s0 tclass=hwservice_manager permissive=0
03-03 08:00:17.598  3003  3003 I auditd  : type=1400 audit(0.0:33): avc: denied { read } for comm="m.zoom.internal" name="u:object_r:camera_prop:s0" dev="tmpfs" ino=14370 scontext=u:r:zoomvendorservice_app:s0 tcontext=u:object_r:camera_prop:s0 tclass=file permissive=0
03-03 08:00:17.621  1494  1530 I am_proc_start: [0,3224,1000,com.microsoft.teams.ipphone.partner.agent,broadcast,{com.microsoft.teams.ipphone.partner.agent/com.microsoft.teams.ipphone.partner.agent.PABootReceiver}]
03-03 08:00:17.641   574   574 I auditd  : avc:  denied  { find } for interface=vendor.qti.hardware.perf::IPerf sid=u:r:mediaprovider:s0:c512,c768 pid=3158 scontext=u:r:mediaprovider:s0:c512,c768 tcontext=u:object_r:hal_perf_hwservice:s0 tclass=hwservice_manager permissive=0
03-03 08:00:17.628  3183  3183 I auditd  : type=1400 audit(0.0:34): avc: denied { search } for comm="RenderThread" name="gpu" dev="sda11" ino=3145776 scontext=u:r:screenshare_app:s0 tcontext=u:object_r:system_gles_data_file:s0 tclass=dir permissive=0
03-03 08:00:17.628  3183  3183 I auditd  : type=1400 audit(0.0:35): avc: denied { search } for comm="RenderThread" name="gpu" dev="sda11" ino=3145776 scontext=u:r:screenshare_app:s0 tcontext=u:object_r:system_gles_data_file:s0 tclass=dir permissive=0
03-03 08:00:17.642  1494  1515 I am_proc_bound: [0,3224,com.microsoft.teams.ipphone.partner.agent]
03-03 08:00:17.649  2161  2198 I dvm_lock_sample: [com.logitech.service.systemservi,1,Binder:2161_1,2006,FWUpdateService.java,-1,java.lang.String com.logitech.service.fwupdate.FWUpdateService.getSubsystemCurrentVersion(com.logitech.service.models.update.FWUpdateSubsystem),-,-1,com.logitech.service.models.update.FWUpdateReturnCode com.logitech.service.fwupdate.FWUpdateService.startPeriodicVersionCheck(),100]
03-03 08:00:17.649   574   574 I auditd  : avc:  denied  { find } for interface=vendor.qti.hardware.servicetracker::IServicetracker sid=u:r:system_server:s0 pid=1494 scontext=u:r:system_server:s0 tcontext=u:object_r:default_android_hwservice:s0 tclass=hwservice_manager permissive=0
03-03 08:00:17.650   574   574 I auditd  : avc:  denied  { find } for interface=vendor.qti.hardware.servicetracker::IServicetracker sid=u:r:system_server:s0 pid=1494 scontext=u:r:system_server:s0 tcontext=u:object_r:default_android_hwservice:s0 tclass=hwservice_manager permissive=0
03-03 08:00:17.657  3183  3183 I am_on_create_called: [0,com.logitech.videocollaboration.froggerscreenshare.MainActivity,performCreate]
03-03 08:00:17.662  3183  3183 I am_on_start_called: [0,com.logitech.videocollaboration.froggerscreenshare.MainActivity,handleStartActivity]
03-03 08:00:17.663  3183  3183 I am_on_resume_called: [0,com.logitech.videocollaboration.froggerscreenshare.MainActivity,RESUME_ACTIVITY]
03-03 08:00:17.670  3183  3183 I am_on_top_resumed_gained_called: [0,com.logitech.videocollaboration.froggerscreenshare.MainActivity,topStateChangedWhenResumed]
03-03 08:00:17.668  3183  3183 I auditd  : type=1400 audit(0.0:36): avc: denied { search } for comm="RenderThread" name="gpu" dev="sda11" ino=3145776 scontext=u:r:screenshare_app:s0 tcontext=u:object_r:system_gles_data_file:s0 tclass=dir permissive=0
03-03 08:00:17.462     0     0 W audit   : audit_lost=1 audit_rate_limit=5 audit_backlog_limit=64
03-03 08:00:17.462     0     0 E audit   : rate limit exceeded
03-03 08:00:17.464     0     0 W bimc-bwmon: Zone thres larger than hw limit: hi:72090 med:0 lo:0
03-03 08:00:17.470     0     0 I msm-dwc3 a600000.ssusb: Avail curr from USB = 100
03-03 08:00:17.707   574   574 I auditd  : avc:  denied  { find } for interface=vendor.qti.hardware.servicetracker::IServicetracker sid=u:r:system_server:s0 pid=1494 scontext=u:r:system_server:s0 tcontext=u:object_r:default_android_hwservice:s0 tclass=hwservice_manager permissive=0
03-03 08:00:17.720   574   574 I auditd  : avc:  denied  { find } for interface=vendor.qti.hardware.servicetracker::IServicetracker sid=u:r:system_server:s0 pid=1494 scontext=u:r:system_server:s0 tcontext=u:object_r:default_android_hwservice:s0 tclass=hwservice_manager permissive=0
03-03 08:00:17.721  1494  1822 I am_uid_running: 10027
03-03 08:00:17.745  1494  1530 I am_proc_start: [0,3273,1000,com.android.dynsystem,broadcast,{com.android.dynsystem/com.android.dynsystem.BootCompletedReceiver}]
03-03 08:00:17.549     0     0 W         : [configfs] android_work()
03-03 08:00:17.775  1494  1822 I am_proc_bound: [0,3273,com.android.dynsystem]
03-03 08:00:17.550     0     0 I android_work: sent uevent USB_STATE=CONNECTED
03-03 08:00:17.782  1494  1530 I am_proc_start: [0,3293,10027,com.logitech.crashanalytics,service,{com.logitech.crashanalytics/com.logitech.crashanalytics.uploader.CrashAnalyticsUploadService}]
03-03 08:00:17.783  1494  1494 I notification_enqueue: [1000,1494,android,26,NULL,-1,Notification(channel=DEVELOPER pri=0 contentView=null vibrate=null sound=null tick defaults=0x0 flags=0x2 color=0xff607d8b vis=PUBLIC),0]
03-03 08:00:17.577     0     0 W         : [configfs] android_disconnect()
03-03 08:00:17.578     0     0 W         : [configfs] android_work()
03-03 08:00:17.578     0     0 I android_work: sent uevent USB_STATE=DISCONNECTED
03-03 08:00:17.807  1494  1816 I am_proc_bound: [0,3293,com.logitech.crashanalytics]
03-03 08:00:17.810  1494  1816 I am_uid_active: 10027
03-03 08:00:17.811   574   574 I auditd  : avc:  denied  { find } for interface=vendor.qti.hardware.servicetracker::IServicetracker sid=u:r:system_server:s0 pid=1494 scontext=u:r:system_server:s0 tcontext=u:object_r:default_android_hwservice:s0 tclass=hwservice_manager permissive=0
