03-03 01:01:18.764     0     0 I init    : starting service 'logitech_dumpstatez'...
03-03 01:01:18.766     0     0 I init    : Created socket '/dev/socket/dumpstate', mode 660, user 0, group 0
03-03 01:01:19.854     0     0 D logd    : logdr: UID=2000 GID=2000 PID=32632 n tail=0 logMask=80 pid=0 start=0ns timeout=0ns
03-03 01:01:19.898     0     0 D logd    : logdr: UID=2000 GID=2000 PID=32634 n tail=0 logMask=19 pid=0 start=0ns timeout=0ns
03-03 01:01:19.912     0     0 D logd    : logdr: UID=2000 GID=2000 PID=32636 n tail=0 logMask=4 pid=0 start=0ns timeout=0ns
03-03 01:01:19.952     0     0 D logd    : logdr: UID=2000 GID=2000 PID=32638 n tail=0 logMask=20 pid=0 start=0ns timeout=0ns
03-03 01:01:19.963     0     0 D logd    : logdr: UID=2000 GID=2000 PID=32640 n tail=0 logMask=2 pid=0 start=0ns timeout=0ns
03-03 01:01:25.240     0     0 I binder  : 32629:32665 transaction failed 29201/-1, size 40-8 line 3144
03-03 01:01:25.244     0     0 I binder  : 32629:32670 transaction failed 29201/-1, size 40-8 line 3425
03-03 01:01:25.457     0     0 I binder  : 32629:569 transaction failed 29201/-1, size 40-8 line 3425
03-03 01:01:36.261     0     0 I binder  : 32629:953 transaction failed 29201/-1, size 40-8 line 3425
03-03 01:01:36.318     0     0 D logd    : logdr: UID=1000 GID=1000 PID=1007 n tail=127 logMask=19 pid=0 start=0ns timeout=0ns
03-03 01:01:36.605     0     0 W         : [configfs] android_disconnect()
03-03 01:01:36.608     0     0 W         : [configfs] android_work()
03-03 01:01:36.609     0     0 I android_work: sent uevent USB_STATE=DISCONNECTED
03-03 01:01:36.658     0     0 I usbpd0  : USB Type-C disconnect
03-03 01:01:36.658     0     0 W         : [configfs] android_disconnect()
03-03 01:01:36.658     0     0 W         : [configfs] android_work()
03-03 01:01:36.658     0     0 I android_work: did not send uevent (0 0 0000000000000000)
03-03 01:01:36.659     0     0 W healthd : battery l=50 v=4160 t=30.0 h=2 st=3 c=-594 fc=0 cc=0 chg=
03-03 01:01:36.660     0     0 I msm-dwc3 a600000.ssusb: DWC3 in low power mode
03-03 01:01:36.729     0     0 W healthd : battery l=50 v=4160 t=30.0 h=2 st=3 c=-594 fc=0 cc=0 chg=
03-03 01:01:36.808     0     0 W         : [configfs] unregister_gadget()
03-03 01:01:36.808     0     0 W         : [core] usb_gadget_disconnect()
03-03 01:01:36.808     0     0 W         : [configfs] android_disconnect()
03-03 01:01:36.808     0     0 W         : [configfs] configfs_composite_unbind()
03-03 01:01:36.808     0     0 W         : [f_uvc] uvc_unbind()
03-03 01:01:36.811     0     0 W         : [core] usb_gadget_deactivate()
03-03 01:01:36.811     0     0 W [composite] usb_function_deactivate(): :cdev->deactivations = 1 | status = 0 - Exit
03-03 01:01:37.809     0     0 I         : read descriptors
03-03 01:01:37.809     0     0 I         : read strings
03-03 01:01:37.811     0     0 I init    : processing action (ro.boot.hwmodel=KAD && sys.usb.config=uvc,adb,upd,sync && sys.usb.configfs=1 && sys.usb.ffs.ready=1) from (/init.usb.configfs.rc:351)
03-03 01:01:37.812     0     0 W         : [f_uvc] uvc_free()
03-03 01:01:37.814     0     0 W         : [f_uvc] uvc_alloc()
03-03 01:01:37.814     0     0 W         : [configfs] configfs_composite_bind()
03-03 01:01:37.814     0     0 W         : [core] usb_gadget_deactivate()
03-03 01:01:37.814     0     0 W [composite] usb_function_deactivate(): :cdev->deactivations = 1 | status = 0 - Exit
03-03 01:01:37.817     0     0 W         : [core] usb_gadget_connect()
03-03 01:01:37.817     0     0 W         : [configfs] android_work()
03-03 01:01:37.817     0     0 I android_work: did not send uevent (0 0 0000000000000000)
03-03 01:01:38.812     0     0 W         : [core] usb_gadget_activate()
03-03 01:01:38.812     0     0 W         : [core] usb_gadget_connect()
03-03 01:01:38.812     0     0 W [composite] usb_function_activate(): :cdev->deactivations = 0 | status = 0 - Exit
03-03 01:01:43.354     0     0 W audit   : audit_lost=25 audit_rate_limit=5 audit_backlog_limit=64
03-03 01:01:43.354     0     0 E audit   : rate limit exceeded
03-03 01:01:44.981     0     0 I init    : Service 'logitech_dumpstatez' (pid 32629) exited with status 0
03-03 01:01:44.999     0     0 I init    : Received control message 'stop' for 'logitech_dumpstatez' from pid: 32624 (/system/bin/DumpstateRunner)
03-03 01:01:45.000     0     0 I init    : Service 'dumpstate_runner' (pid 32624) exited with status 0
03-03 01:01:46.459     0     0 I msm_vidc: info: Opening video instance: ffffffd17744c000, 1
03-03 01:01:48.816     0     0 I msm_vidc: info: Opening video instance: ffffffd1d8950000, 0
03-03 01:02:06.723     0     0 I input   : RallyBarRem as /devices/virtual/misc/uhid/0005:046D:08D5.0002/input/input2
03-03 01:02:06.723     0     0 I hid-generic 0005: 046D:08D5.0002: input,hidraw1: BLUETOOTH HID v1.01 Keyboard [RallyBarRem] on
03-03 01:02:06.773  1686  1686 W CarrierConfigManager: Error getting config for subId -1 ICarrierConfigLoader is null
03-03 01:02:06.821     0     0 I msm_vidc: info: Closed video instance: ffffffd17744c000
03-03 01:02:06.894     0     0 I msm_vidc: info: Opening video instance: ffffffd1dcb4c000, 1
03-03 01:02:08.155     0     0 I msm_vidc: info: Closed video instance: ffffffd1dcb4c000
03-03 01:02:17.180     0     0 I msm_vidc: info: Opening video instance: ffffffd17744c000, 1
03-03 01:02:27.144     0     0 I msm_vidc: info: Closed video instance: ffffffd17744c000
03-03 01:03:16.312     0     0 I msm_vidc: info: Opening video instance: ffffffd1ec6e4000, 1
03-03 01:03:17.853     0     0 E binder_alloc: 2008: binder_alloc_buf, no vma
03-03 01:03:17.853     0     0 I binder  : 1494:1540 transaction failed 29189/-3, size 60-0 line 3282
03-03 01:03:17.871     0     0 I msm_vidc: info: Closed video instance: ffffffd1ec6e4000
03-03 01:03:17.966     0     0 I binder  : undelivered transaction 16239543, process died.
03-03 01:03:19.059     0     0 W audit   : audit_lost=30 audit_rate_limit=5 audit_backlog_limit=64
03-03 01:03:19.059     0     0 E audit   : rate limit exceeded
03-03 01:03:24.406     0     0 I         : snd_pcm_hw_constraint_integer failed
03-03 01:03:24.406     0     0 I msm_pcm_open: C buffer bytes minmax constraint ret 1
03-03 01:03:24.819     0     0 I         : snd_pcm_hw_constraint_integer failed
03-03 01:03:24.819     0     0 I msm_pcm_open: P buffer bytes minmax constraint ret 1
03-03 01:03:24.826     0     0 E msm_set_pinctrl: pinctrl_info->pinctrl is NULL
03-03 01:03:24.826     0     0 E msm_mi2s_snd_startup: MI2S TLMM pinctrl set failed with -22
03-03 01:03:25.091     0     0 I msm_mi2s_snd_shutdown(): substream = subdevice #0  stream = 0 did not shutdown
03-03 01:03:25.341     0     0 I msm_mi2s_snd_shutdown(): substream = subdevice #0  stream = 1 did not shutdown
03-03 01:03:25.478     0     0 I         : snd_pcm_hw_constraint_integer failed
03-03 01:03:25.478     0     0 I msm_pcm_open: P buffer bytes minmax constraint ret 1
03-03 01:03:25.642     0     0 I msm_mi2s_snd_shutdown(): substream = subdevice #0  stream = 0 did not shutdown
03-03 01:03:26.435     0     0 W audit   : audit_lost=35 audit_rate_limit=5 audit_backlog_limit=64
03-03 01:03:26.435     0     0 E audit   : rate limit exceeded
03-03 01:03:39.722     0     0 I         : snd_pcm_hw_constraint_integer failed
03-03 01:03:39.722     0     0 I msm_pcm_open: P buffer bytes minmax constraint ret 1
03-03 01:03:39.887     0     0 I msm_mi2s_snd_shutdown(): substream = subdevice #0  stream = 0 did not shutdown
03-03 01:03:51.721     0     0 I         : snd_pcm_hw_constraint_integer failed
03-03 01:03:51.721     0     0 I msm_pcm_open: P buffer bytes minmax constraint ret 1
03-03 01:03:51.884     0     0 I msm_mi2s_snd_shutdown(): substream = subdevice #0  stream = 0 did not shutdown
03-03 01:04:09.721     0     0 I         : snd_pcm_hw_constraint_integer failed
03-03 01:04:09.721     0     0 I msm_pcm_open: P buffer bytes minmax constraint ret 1
03-03 01:04:09.883     0     0 I msm_mi2s_snd_shutdown(): substream = subdevice #0  stream = 0 did not shutdown
03-03 01:04:39.571     0     0 I         : snd_pcm_hw_constraint_integer failed
03-03 01:04:39.571     0     0 I msm_pcm_open: P buffer bytes minmax constraint ret 1
03-03 01:04:39.747     0     0 I msm_mi2s_snd_shutdown(): substream = subdevice #0  stream = 0 did not shutdown
03-03 01:05:10.893     0     0 D logd    : logdr: UID=0 GID=0 PID=3905 b tail=0 logMask=19 pid=0 start=0ns timeout=0ns
03-03 01:05:13.345  1686  1686 W CarrierConfigManager: Error getting config for subId -1 ICarrierConfigLoader is null
03-03 01:05:14.845     0     0 I binder  : undelivered TRANSACTION_COMPLETE
03-03 01:05:14.845     0     0 I binder  : undelivered transaction 16287746, process died.
03-03 01:05:15.111     0     0 I sdcardfs: removing com.logitech.integration.test.test
03-03 01:05:15.227     0     0 I perf    : interrupt took too long (5021 > 4953), lowering kernel.perf_event_max_sample_rate to 39800
03-03 01:05:15.272     0     0 I sdcardfs: removing com.logitech.integration.test
03-03 01:05:15.537     0     0 E bt_ioctl: BT_CMD_PWR_CTRL pwr_cntrl:0
03-03 01:05:15.537     0     0 E qcom,rpmh-regulator soc: rpmh-regulator-ldoa7: TCS Busy, retrying RPMH message send
03-03 01:05:16.249     0     0 E bt_ioctl: BT_CMD_PWR_CTRL pwr_cntrl:0
03-03 01:05:16.249     0     0 E bt_ioctl: BT chip state is already :0 no change d
03-03 01:05:16.249     0     0 E bt_ioctl: BT_CMD_PWR_CTRL pwr_cntrl:1
03-03 01:05:16.497     0     0 E bt_ioctl: BT_CMD_CHIP_VERS soc_version:40010214
03-03 01:05:18.975     0     0 I input   : RallyBarRem as /devices/virtual/misc/uhid/0005:046D:08D5.0003/input/input3
03-03 01:05:18.975     0     0 I hid-generic 0005: 046D:08D5.0003: input,hidraw1: BLUETOOTH HID v1.01 Keyboard [RallyBarRem] on
03-03 01:05:33.719     0     0 I         : snd_pcm_hw_constraint_integer failed
03-03 01:05:33.719     0     0 I msm_pcm_open: P buffer bytes minmax constraint ret 1
03-03 01:05:33.884     0     0 I msm_mi2s_snd_shutdown(): substream = subdevice #0  stream = 0 did not shutdown
03-03 01:05:59.221     0     0 I binder  : undelivered TRANSACTION_COMPLETE
03-03 01:05:59.221     0     0 I binder  : undelivered transaction 16301943, process died.
03-03 01:05:59.489     0     0 I sdcardfs: removing com.logitech.integration.test.test
03-03 01:05:59.689     0     0 I sdcardfs: removing com.logitech.integration.test
03-03 01:05:59.885     0     0 E bt_ioctl: BT_CMD_PWR_CTRL pwr_cntrl:0
03-03 01:05:59.885     0     0 E qcom,rpmh-regulator soc: rpmh-regulator-ldoa7: TCS Busy, retrying RPMH message send
03-03 01:06:00.593     0     0 E bt_ioctl: BT_CMD_PWR_CTRL pwr_cntrl:0
03-03 01:06:00.593     0     0 E bt_ioctl: BT chip state is already :0 no change d
03-03 01:06:00.593     0     0 E bt_ioctl: BT_CMD_PWR_CTRL pwr_cntrl:1
03-03 01:06:00.841     0     0 E bt_ioctl: BT_CMD_CHIP_VERS soc_version:40010214
03-03 01:06:03.282     0     0 I input   : RallyBarRem as /devices/virtual/misc/uhid/0005:046D:08D5.0004/input/input4
03-03 01:06:03.283     0     0 I hid-generic 0005: 046D:08D5.0004: input,hidraw1: BLUETOOTH HID v1.01 Keyboard [RallyBarRem] on
03-03 01:07:15.422     0     0 I         : snd_pcm_hw_constraint_integer failed
03-03 01:07:15.422     0     0 I msm_pcm_open: P buffer bytes minmax constraint ret 1
03-03 01:07:15.596     0     0 I msm_mi2s_snd_shutdown(): substream = subdevice #0  stream = 0 did not shutdown
03-03 01:10:00.241     0     0 W healthd : battery l=50 v=4171 t=30.0 h=2 st=3 c=-339 fc=0 cc=0 chg=
03-03 01:10:34.020     0     0 I         : snd_pcm_hw_constraint_integer failed
03-03 01:10:34.020     0     0 I msm_pcm_open: P buffer bytes minmax constraint ret 1
03-03 01:10:34.197     0     0 I msm_mi2s_snd_shutdown(): substream = subdevice #0  stream = 0 did not shutdown
03-03 01:11:11.256     0     0 D logd    : logdr: UID=0 GID=0 PID=4677 b tail=0 logMask=19 pid=0 start=0ns timeout=0ns
03-03 01:11:25.392     0     0 I binder  : undelivered TRANSACTION_COMPLETE
03-03 01:11:25.392     0     0 I binder  : undelivered transaction 16336754, process died.
03-03 01:11:25.649     0     0 I sdcardfs: removing com.logitech.integration.test.test
03-03 01:11:25.808     0     0 I sdcardfs: removing com.logitech.integration.test
03-03 01:11:28.870     0     0 D logd    : logdr: UID=0 GID=0 PID=4852 b tail=0 logMask=19 pid=0 start=0ns timeout=0ns
03-03 01:05:57.724  1686  1686 I chatty  : uid=10055(com.android.systemui) identical 2 lines
03-03 01:06:03.324  1686  1686 W CarrierConfigManager: Error getting config for subId -1 ICarrierConfigLoader is null
03-03 01:12:03.282  1686  1686 W CarrierConfigManager: Error getting config for subId -1 ICarrierConfigLoader is null
03-03 01:12:05.664     0     0 E bt_ioctl: BT_CMD_PWR_CTRL pwr_cntrl:0
03-03 01:12:06.066     0     0 D logd    : logdr: UID=0 GID=0 PID=5004 b tail=0 logMask=19 pid=0 start=0ns timeout=0ns
03-03 01:12:06.486     0     0 E bt_ioctl: BT_CMD_PWR_CTRL pwr_cntrl:0
03-03 01:12:06.486     0     0 E bt_ioctl: BT chip state is already :0 no change d
03-03 01:12:06.486     0     0 E bt_ioctl: BT_CMD_PWR_CTRL pwr_cntrl:1
03-03 01:12:06.733     0     0 E bt_ioctl: BT_CMD_CHIP_VERS soc_version:40010214
03-03 01:12:07.427     0     0 I binder  : undelivered TRANSACTION_COMPLETE
03-03 01:12:07.427     0     0 I binder  : undelivered transaction 16346328, process died.
03-03 01:12:07.683     0     0 I sdcardfs: removing com.logitech.integration.test.test
03-03 01:12:07.851     0     0 I sdcardfs: removing com.logitech.integration.test
03-03 01:12:09.128     0     0 I input   : RallyBarRem as /devices/virtual/misc/uhid/0005:046D:08D5.0005/input/input5
03-03 01:12:09.128     0     0 I hid-generic 0005: 046D:08D5.0005: input,hidraw1: BLUETOOTH HID v1.01 Keyboard [RallyBarRem] on
03-03 01:12:09.169  1686  1686 W CarrierConfigManager: Error getting config for subId -1 ICarrierConfigLoader is null
03-03 01:13:47.732  1686  1686 W CarrierConfigManager: Error getting config for subId -1 ICarrierConfigLoader is null
03-03 01:13:50.024     0     0 E bt_ioctl: BT_CMD_PWR_CTRL pwr_cntrl:0
03-03 01:13:50.612     0     0 I binder  : undelivered TRANSACTION_COMPLETE
03-03 01:13:50.612     0     0 I binder  : undelivered transaction 16363300, process died.
03-03 01:13:50.868     0     0 I sdcardfs: removing com.logitech.integration.test.test
03-03 01:13:51.011     0     0 I sdcardfs: removing com.logitech.integration.test
03-03 01:14:16.207     0     0 D logd    : logdr: UID=0 GID=0 PID=5405 b tail=0 logMask=19 pid=0 start=0ns timeout=0ns
03-03 01:14:26.951     0     0 E bt_ioctl: BT_CMD_PWR_CTRL pwr_cntrl:0
03-03 01:14:26.951     0     0 E bt_ioctl: BT chip state is already :0 no change d
03-03 01:14:26.951     0     0 E bt_ioctl: BT_CMD_PWR_CTRL pwr_cntrl:1
03-03 01:14:27.198     0     0 E bt_ioctl: BT_CMD_CHIP_VERS soc_version:40010214
03-03 01:14:29.569     0     0 I input   : RallyBarRem as /devices/virtual/misc/uhid/0005:046D:08D5.0006/input/input6
03-03 01:14:29.570     0     0 I hid-generic 0005: 046D:08D5.0006: input,hidraw1: BLUETOOTH HID v1.01 Keyboard [RallyBarRem] on
03-03 01:14:30.743     0     0 I binder  : undelivered TRANSACTION_COMPLETE
03-03 01:14:30.743     0     0 I binder  : undelivered transaction 16374487, process died.
03-03 01:14:30.989     0     0 I sdcardfs: removing com.logitech.integration.test.test
03-03 01:14:31.150     0     0 I sdcardfs: removing com.logitech.integration.test
03-03 01:16:01.224     0     0 D logd    : logdr: UID=0 GID=0 PID=5716 b tail=0 logMask=19 pid=0 start=0ns timeout=0ns
03-03 01:14:29.603  1686  1686 W CarrierConfigManager: Error getting config for subId -1 ICarrierConfigLoader is null
03-03 01:16:17.816  1686  1686 W CarrierConfigManager: Error getting config for subId -1 ICarrierConfigLoader is null
03-03 01:16:20.078     0     0 E bt_ioctl: BT_CMD_PWR_CTRL pwr_cntrl:0
03-03 01:16:20.078     0     0 E qcom,rpmh-regulator soc: rpmh-regulator-ldoa7: TCS Busy, retrying RPMH message send
03-03 01:16:20.683     0     0 E bt_ioctl: BT_CMD_PWR_CTRL pwr_cntrl:0
03-03 01:16:20.683     0     0 E bt_ioctl: BT chip state is already :0 no change d
03-03 01:16:20.684     0     0 E bt_ioctl: BT_CMD_PWR_CTRL pwr_cntrl:1
03-03 01:16:20.930     0     0 E bt_ioctl: BT_CMD_CHIP_VERS soc_version:40010214
03-03 01:16:21.969     0     0 I binder  : undelivered TRANSACTION_COMPLETE
03-03 01:16:21.969     0     0 I binder  : undelivered transaction 16389325, process died.
03-03 01:16:22.188     0     0 I sdcardfs: removing com.logitech.integration.test.test
03-03 01:16:22.340     0     0 I sdcardfs: removing com.logitech.integration.test
03-03 01:16:23.291     0     0 I input   : RallyBarRem as /devices/virtual/misc/uhid/0005:046D:08D5.0007/input/input7
03-03 01:16:23.291     0     0 I hid-generic 0005: 046D:08D5.0007: input,hidraw1: BLUETOOTH HID v1.01 Keyboard [RallyBarRem] on
03-03 01:17:04.621     0     0 I         : snd_pcm_hw_constraint_integer failed
03-03 01:17:04.621     0     0 I msm_pcm_open: P buffer bytes minmax constraint ret 1
03-03 01:17:04.797     0     0 I msm_mi2s_snd_shutdown(): substream = subdevice #0  stream = 0 did not shutdown
03-03 01:19:05.257     0     0 D logd    : logdr: UID=0 GID=0 PID=6083 b tail=0 logMask=19 pid=0 start=0ns timeout=0ns
03-03 01:16:23.329  1686  1686 W CarrierConfigManager: Error getting config for subId -1 ICarrierConfigLoader is null
03-03 01:19:15.144  1686  1686 W CarrierConfigManager: Error getting config for subId -1 ICarrierConfigLoader is null
03-03 01:19:17.370     0     0 E bt_ioctl: BT_CMD_PWR_CTRL pwr_cntrl:0
03-03 01:19:20.486     0     0 E bt_ioctl: BT_CMD_PWR_CTRL pwr_cntrl:0
03-03 01:19:20.486     0     0 E bt_ioctl: BT chip state is already :0 no change d
03-03 01:19:20.486     0     0 E bt_ioctl: BT_CMD_PWR_CTRL pwr_cntrl:1
03-03 01:19:20.733     0     0 E bt_ioctl: BT_CMD_CHIP_VERS soc_version:40010214
03-03 01:19:23.128     0     0 I input   : RallyBarRem as /devices/virtual/misc/uhid/0005:046D:08D5.0008/input/input8
03-03 01:19:23.128     0     0 I hid-generic 0005: 046D:08D5.0008: input,hidraw1: BLUETOOTH HID v1.01 Keyboard [RallyBarRem] on
03-03 01:19:29.284     0     0 I binder  : undelivered TRANSACTION_COMPLETE
03-03 01:19:29.284     0     0 I binder  : undelivered transaction 16417741, process died.
03-03 01:19:29.571     0     0 I sdcardfs: removing com.logitech.integration.test.test
03-03 01:19:29.721     0     0 I sdcardfs: removing com.logitech.integration.test
03-03 01:20:00.241     0     0 W healthd : battery l=50 v=4171 t=30.0 h=2 st=3 c=-339 fc=0 cc=0 chg=
03-03 01:20:22.436     0     0 D logd    : logdr: UID=0 GID=0 PID=6416 b tail=0 logMask=19 pid=0 start=0ns timeout=0ns
03-03 01:19:23.167  1686  1686 W CarrierConfigManager: Error getting config for subId -1 ICarrierConfigLoader is null
03-03 01:20:31.544  1686  1686 W CarrierConfigManager: Error getting config for subId -1 ICarrierConfigLoader is null
03-03 01:20:33.671     0     0 E bt_ioctl: BT_CMD_PWR_CTRL pwr_cntrl:0
03-03 01:20:36.883     0     0 E bt_ioctl: BT_CMD_PWR_CTRL pwr_cntrl:0
03-03 01:20:36.883     0     0 E bt_ioctl: BT chip state is already :0 no change d
03-03 01:20:36.883     0     0 E bt_ioctl: BT_CMD_PWR_CTRL pwr_cntrl:1
03-03 01:20:37.129     0     0 E bt_ioctl: BT_CMD_CHIP_VERS soc_version:40010214
03-03 01:20:39.479     0     0 I input   : RallyBarRem as /devices/virtual/misc/uhid/0005:046D:08D5.0009/input/input9
03-03 01:20:39.480     0     0 I hid-generic 0005: 046D:08D5.0009: input,hidraw1: BLUETOOTH HID v1.01 Keyboard [RallyBarRem] on
03-03 01:20:40.669     0     0 I binder  : undelivered TRANSACTION_COMPLETE
03-03 01:20:40.669     0     0 I binder  : undelivered transaction 16433084, process died.
03-03 01:20:40.936     0     0 I sdcardfs: removing com.logitech.integration.test.test
03-03 01:20:41.124     0     0 I sdcardfs: removing com.logitech.integration.test
03-03 01:21:25.149     0     0 D logd    : logdr: UID=0 GID=0 PID=6739 b tail=0 logMask=19 pid=0 start=0ns timeout=0ns
03-03 01:21:36.572     0     0 E bt_ioctl: BT_CMD_PWR_CTRL pwr_cntrl:0
03-03 01:21:39.551     0     0 E bt_ioctl: BT_CMD_PWR_CTRL pwr_cntrl:0
03-03 01:21:39.551     0     0 E bt_ioctl: BT chip state is already :0 no change d
03-03 01:21:39.551     0     0 E bt_ioctl: BT_CMD_PWR_CTRL pwr_cntrl:1
03-03 01:21:39.798     0     0 E bt_ioctl: BT_CMD_CHIP_VERS soc_version:40010214
03-03 01:21:40.708     0     0 I binder  : undelivered TRANSACTION_COMPLETE
03-03 01:21:40.708     0     0 I binder  : undelivered transaction 16443902, process died.
03-03 01:21:40.956     0     0 I sdcardfs: removing com.logitech.integration.test.test
03-03 01:21:41.129     0     0 I sdcardfs: removing com.logitech.integration.test
03-03 01:21:42.306     0     0 I input   : RallyBarRem as /devices/virtual/misc/uhid/0005:046D:08D5.000A/input/input10
03-03 01:21:42.306     0     0 I hid-generic 0005: 046D:08D5.000A: input,hidraw1: BLUETOOTH HID v1.01 Keyboard [RallyBarRem] on
03-03 01:22:33.092     0     0 D logd    : logdr: UID=0 GID=0 PID=7054 b tail=0 logMask=19 pid=0 start=0ns timeout=0ns
03-03 01:22:44.279     0     0 E bt_ioctl: BT_CMD_PWR_CTRL pwr_cntrl:0
03-03 01:22:44.872     0     0 E bt_ioctl: BT_CMD_PWR_CTRL pwr_cntrl:0
03-03 01:22:44.872     0     0 E bt_ioctl: BT chip state is already :0 no change d
03-03 01:22:44.872     0     0 E bt_ioctl: BT_CMD_PWR_CTRL pwr_cntrl:1
03-03 01:22:45.119     0     0 E bt_ioctl: BT_CMD_CHIP_VERS soc_version:40010214
03-03 01:22:47.559     0     0 I input   : RallyBarRem as /devices/virtual/misc/uhid/0005:046D:08D5.000B/input/input11
03-03 01:22:47.559     0     0 I hid-generic 0005: 046D:08D5.000B: input,hidraw1: BLUETOOTH HID v1.01 Keyboard [RallyBarRem] on
03-03 01:22:48.249     0     0 I binder  : undelivered TRANSACTION_COMPLETE
03-03 01:22:48.249     0     0 I binder  : undelivered transaction 16462393, process died.
03-03 01:22:48.491     0     0 I sdcardfs: removing com.logitech.integration.test.test
03-03 01:22:48.671     0     0 I sdcardfs: removing com.logitech.integration.test
03-03 01:24:47.578     0     0 D logd    : logdr: UID=0 GID=0 PID=7377 b tail=0 logMask=19 pid=0 start=0ns timeout=0ns
--------- beginning of events
03-03 01:24:54.755  1494  1546 I chatty  : uid=1000(system) PackageManager expire 17 lines
03-03 01:24:54.755  1494  1546 I liblog  : 1
03-03 01:24:54.842  1494  1546 I commit_sys_config_file: [package-user-0,2]
03-03 01:24:54.842  1494  1546 I commit_sys_config_file: [package,86]
03-03 01:24:54.848  1494  1546 I sysui_multi_action: [757,1243,758,4,806,com.logitech.integration.test,1241,android.permission.CAMERA]
03-03 01:24:54.848  1494  1546 I sysui_multi_action: [757,1243,758,4,806,com.logitech.integration.test,1241,android.permission.WRITE_EXTERNAL_STORAGE]
03-03 01:24:54.858  1494  1546 I sysui_multi_action: [757,1243,758,4,806,com.logitech.integration.test,1241,android.permission.READ_EXTERNAL_STORAGE]
03-03 01:24:54.863  1494  1546 I sysui_multi_action: [757,1243,758,4,806,com.logitech.integration.test,1241,android.permission.RECORD_AUDIO]
03-03 01:24:54.865  1494  1546 I unknown_sources_enabled: 1
03-03 01:24:54.868  1494  1494 I notification_cancel_all: [1000,1494,com.logitech.integration.test,0,0,0,5,NULL]
03-03 01:24:54.870  1494  1590 I commit_sys_config_file: [package-session,4]
03-03 01:24:54.874   574   574 I auditd  : avc:  denied  { find } for interface=vendor.qti.hardware.servicetracker::IServicetracker sid=u:r:system_server:s0 pid=1494 scontext=u:r:system_server:s0 tcontext=u:object_r:default_android_hwservice:s0 tclass=hwservice_manager permissive=0
03-03 01:24:54.875  1494  1519 I am_uid_active: 10016
03-03 01:24:54.876   574   574 I auditd  : avc:  denied  { find } for interface=vendor.qti.hardware.servicetracker::IServicetracker sid=u:r:system_server:s0 pid=1494 scontext=u:r:system_server:s0 tcontext=u:object_r:default_android_hwservice:s0 tclass=hwservice_manager permissive=0
03-03 01:24:55.097  1494  1528 I commit_sys_config_file: [roles-0,8]
03-03 01:24:55.175  1494  1528 I commit_sys_config_file: [package-perms-0,8]
03-03 01:24:55.287  1494  1521 I commit_sys_config_file: [package-session,5]
03-03 01:24:55.293  1494  1521 I commit_sys_config_file: [package-session,5]
03-03 01:24:55.313  1494  4492 I commit_sys_config_file: [package-session,5]
03-03 01:24:55.349  1494  1546 I liblog  : 1
03-03 01:24:55.349  1494  1546 I chatty  : uid=1000(system) PackageManager identical 3 lines
03-03 01:24:55.349  1494  1546 I liblog  : 1
03-03 01:24:55.389  1494  1546 I commit_sys_config_file: [package-user-0,3]
03-03 01:24:55.390  1494  1546 I commit_sys_config_file: [package,40]
03-03 01:24:55.394  1494  1546 I sysui_multi_action: [757,1243,758,4,806,com.logitech.integration.test.test,1241,android.permission.WRITE_EXTERNAL_STORAGE]
03-03 01:24:55.401  1494  1546 I sysui_multi_action: [757,1243,758,4,806,com.logitech.integration.test.test,1241,android.permission.READ_EXTERNAL_STORAGE]
03-03 01:24:55.410  1494  1546 I unknown_sources_enabled: 1
03-03 01:24:55.416  1494  1494 I notification_cancel_all: [1000,1494,com.logitech.integration.test.test,0,0,0,5,NULL]
03-03 01:24:55.418  1494  1590 I commit_sys_config_file: [package-session,7]
03-03 01:24:55.648  1494  1528 I commit_sys_config_file: [roles-0,7]
03-03 01:24:55.680  1494  1528 I commit_sys_config_file: [package-perms-0,6]
03-03 01:24:55.747  1494  2371 I am_uid_active: 10013
03-03 01:24:56.272  1494  2371 I am_uid_running: 10101
03-03 01:24:56.294  1494  1530 I am_proc_start: [0,7448,10101,com.logitech.integration.test,added application,com.logitech.integration.test]
03-03 01:24:56.321  1494  2371 I am_proc_bound: [0,7448,com.logitech.integration.test]
03-03 01:24:56.322  1494  2371 I am_uid_active: 10101
03-03 01:24:58.168   574   574 I auditd  : avc:  denied  { find } for interface=vendor.qti.hardware.servicetracker::IServicetracker sid=u:r:system_server:s0 pid=1494 scontext=u:r:system_server:s0 tcontext=u:object_r:default_android_hwservice:s0 tclass=hwservice_manager permissive=0
03-03 01:24:58.172  1494  1618 I configuration_changed: 48
03-03 01:24:58.174   574   574 I auditd  : avc:  denied  { find } for interface=vendor.qti.hardware.servicetracker::IServicetracker sid=u:r:system_server:s0 pid=1494 scontext=u:r:system_server:s0 tcontext=u:object_r:default_android_hwservice:s0 tclass=hwservice_manager permissive=0
03-03 01:24:58.175  1494  1494 I sysui_multi_action: [757,128,758,5,759,8,793,130601,794,0,795,130601,796,19,806,android,857,PHYSICAL_KEYBOARD,858,3,947,0,1500,130499,1688,1]
03-03 01:24:58.175  1494  1494 I notification_canceled: [-1|android|19|null|1000,8,130601,130601,0,-1,-1,NULL]
03-03 01:22:42.005  1686  1686 I chatty  : uid=10055(com.android.systemui) identical 4 lines
03-03 01:22:47.600  1686  1686 W CarrierConfigManager: Error getting config for subId -1 ICarrierConfigLoader is null
03-03 01:24:58.205  1686  1686 W CarrierConfigManager: Error getting config for subId -1 ICarrierConfigLoader is null
03-03 01:24:58.223  1494  1618 I am_relaunch_resume_activity: [0,159745936,94,com.logitech.videocollaboration.froggersettings/.NetworkConnectionActivity]
03-03 01:24:58.224  3599  3599 I am_on_top_resumed_lost_called: [0,com.logitech.videocollaboration.froggersettings.NetworkConnectionActivity,pausing]
03-03 01:24:58.227  3599  3599 I am_on_paused_called: [0,com.logitech.videocollaboration.froggersettings.NetworkConnectionActivity,performPause]
03-03 01:24:58.231  1494  4492 I dvm_lock_sample: [system_server,1,Binder:1494_B,54,ActivityManagerService.java,15638,int com.android.server.am.ActivityManagerService.broadcastIntent(android.app.IApplicationThread, android.content.Intent, java.lang.String, android.content.IIntentReceiver, int, java.lang.String, android.os.Bundle, java.lang.String[], int, android.os.Bundle, boolean, boolean, int),-,14155,boolean com.android.server.am.ActivityManagerService.unbindService(android.app.IServiceConnection),10]
03-03 01:24:58.239  3599  3599 I am_on_stop_called: [0,com.logitech.videocollaboration.froggersettings.NetworkConnectionActivity,handleRelaunchActivity]
03-03 01:24:58.240  3599  3599 I am_on_destroy_called: [0,com.logitech.videocollaboration.froggersettings.NetworkConnectionActivity,performDestroy]
03-03 01:24:58.259  3599  3599 I am_on_create_called: [0,com.logitech.videocollaboration.froggersettings.NetworkConnectionActivity,performCreate]
03-03 01:24:58.265  3599  3599 I am_on_start_called: [0,com.logitech.videocollaboration.froggersettings.NetworkConnectionActivity,handleStartActivity]
03-03 01:24:58.275  3599  3599 I am_on_resume_called: [0,com.logitech.videocollaboration.froggersettings.NetworkConnectionActivity,RESUME_ACTIVITY]
03-03 01:24:58.275  3599  3599 I am_on_top_resumed_gained_called: [0,com.logitech.videocollaboration.froggersettings.NetworkConnectionActivity,topWhenResuming]
03-03 01:24:58.404  1494  1606 I commit_sys_config_file: [settings-0-0,5]
03-03 01:24:58.408  1494  1606 I commit_sys_config_file: [settings-2-0,4]
03-03 01:24:58.848  2865  2865 I auditd  : type=1400 audit(0.0:999): avc: denied { ioctl } for comm="Thread-5" path="socket:[456650]" dev="sockfs" ino=456650 ioctlcmd=0x8927 scontext=u:r:untrusted_app_27:s0:c40,c256,c512,c768 tcontext=u:r:untrusted_app_27:s0:c40,c256,c512,c768 tclass=udp_socket permissive=0 app=us.zoom.zoompresence
03-03 01:25:00.507     0     0 E bt_ioctl: BT_CMD_PWR_CTRL pwr_cntrl:0
03-03 01:25:00.507     0     0 E qcom,rpmh-regulator soc: rpmh-regulator-ldoa7: TCS Busy, retrying RPMH message send
03-03 01:24:58.848  2865  2865 I chatty  : uid=10040(us.zoom.zoompresence) identical 1 line
03-03 01:24:58.848  2865  2865 I auditd  : type=1400 audit(0.0:1001): avc: denied { ioctl } for comm="Thread-5" path="socket:[456650]" dev="sockfs" ino=456650 ioctlcmd=0x8927 scontext=u:r:untrusted_app_27:s0:c40,c256,c512,c768 tcontext=u:r:untrusted_app_27:s0:c40,c256,c512,c768 tclass=udp_socket permissive=0 app=us.zoom.zoompresence
03-03 01:25:00.529   574   574 I auditd  : avc:  denied  { find } for interface=vendor.qti.hardware.servicetracker::IServicetracker sid=u:r:system_server:s0 pid=1494 scontext=u:r:system_server:s0 tcontext=u:object_r:default_android_hwservice:s0 tclass=hwservice_manager permissive=0
03-03 01:25:00.531   574   574 I chatty  : uid=1000(system) hwservicemanage identical 2 lines
03-03 01:25:00.532   574   574 I auditd  : avc:  denied  { find } for interface=vendor.qti.hardware.servicetracker::IServicetracker sid=u:r:system_server:s0 pid=1494 scontext=u:r:system_server:s0 tcontext=u:object_r:default_android_hwservice:s0 tclass=hwservice_manager permissive=0
03-03 01:25:00.602  1494  4512 I am_proc_died: [0,7180,com.android.bluetooth,0,11]
03-03 01:25:00.603   574   574 I auditd  : avc:  denied  { find } for interface=vendor.qti.hardware.servicetracker::IServicetracker sid=u:r:system_server:s0 pid=1494 scontext=u:r:system_server:s0 tcontext=u:object_r:default_android_hwservice:s0 tclass=hwservice_manager permissive=0
03-03 01:25:00.603  1494  4512 I am_uid_stopped: 1002
03-03 01:25:00.937   574   574 I auditd  : avc:  denied  { find } for interface=vendor.qti.hardware.servicetracker::IServicetracker sid=u:r:system_server:s0 pid=1494 scontext=u:r:system_server:s0 tcontext=u:object_r:default_android_hwservice:s0 tclass=hwservice_manager permissive=0
03-03 01:25:00.937  1494  1521 I am_uid_running: 1002
03-03 01:25:00.960  1494  1530 I am_proc_start: [0,7512,1002,com.android.bluetooth,service,{com.android.bluetooth/com.android.bluetooth.btservice.AdapterService}]
03-03 01:25:00.969  1494  1789 I am_proc_bound: [0,7512,com.android.bluetooth]
03-03 01:25:00.971  1494  1789 I am_uid_active: 1002
03-03 01:25:00.972   574   574 I auditd  : avc:  denied  { find } for interface=vendor.qti.hardware.servicetracker::IServicetracker sid=u:r:system_server:s0 pid=1494 scontext=u:r:system_server:s0 tcontext=u:object_r:default_android_hwservice:s0 tclass=hwservice_manager permissive=0
03-03 01:25:01.021  7512  7541 I bt_config_source: 1
03-03 01:25:01.053   574   574 I auditd  : avc:  denied  { find } for interface=vendor.qti.hardware.servicetracker::IServicetracker sid=u:r:system_server:s0 pid=1494 scontext=u:r:system_server:s0 tcontext=u:object_r:default_android_hwservice:s0 tclass=hwservice_manager permissive=0
03-03 01:25:01.065     0     0 E bt_ioctl: BT_CMD_PWR_CTRL pwr_cntrl:0
03-03 01:25:01.065     0     0 E bt_ioctl: BT chip state is already :0 no change d
03-03 01:25:01.065     0     0 E bt_ioctl: BT_CMD_PWR_CTRL pwr_cntrl:1
03-03 01:25:01.312     0     0 E bt_ioctl: BT_CMD_CHIP_VERS soc_version:40010214
03-03 01:25:02.482   574   574 I chatty  : uid=1000(system) hwservicemanage identical 2 lines
03-03 01:25:02.488   574   574 I auditd  : avc:  denied  { find } for interface=vendor.qti.hardware.servicetracker::IServicetracker sid=u:r:system_server:s0 pid=1494 scontext=u:r:system_server:s0 tcontext=u:object_r:default_android_hwservice:s0 tclass=hwservice_manager permissive=0
03-03 01:25:02.505  1494  1494 I service_manager_stats: [100,31,261288]
03-03 01:25:02.516  1494  4478 I dvm_lock_sample: [system_server,1,Binder:1494_1C,14,BluetoothManagerService.java,1199,boolean com.android.server.BluetoothManagerService.bindBluetoothProfileService(int, android.bluetooth.IBluetoothProfileServiceConnection),-,1199,boolean com.android.server.BluetoothManagerService.bindBluetoothProfileService(int, android.bluetooth.IBluetoothProfileServiceConnection),2]
03-03 01:25:02.726  1494  1606 I commit_sys_config_file: [settings-0-0,8]
03-03 01:25:02.731  1494  1606 I commit_sys_config_file: [settings-2-0,5]
03-03 01:25:03.764     0     0 I input   : RallyBarRem as /devices/virtual/misc/uhid/0005:046D:08D5.000C/input/input12
03-03 01:25:03.765     0     0 I hid-generic 0005: 046D:08D5.000C: input,hidraw1: BLUETOOTH HID v1.01 Keyboard [RallyBarRem] on
03-03 01:25:03.773  1494  1618 I configuration_changed: 48
03-03 01:25:03.776  1494  1494 I notification_enqueue: [1000,1494,android,19,NULL,-1,Notification(channel=PHYSICAL_KEYBOARD pri=0 contentView=null vibrate=null sound=null defaults=0x0 flags=0x0 color=0xff607d8b vis=PRIVATE),0]
03-03 01:25:03.824  1494  1618 I am_relaunch_resume_activity: [0,159745936,94,com.logitech.videocollaboration.froggersettings/.NetworkConnectionActivity]
03-03 01:25:03.825  3599  3599 I am_on_top_resumed_lost_called: [0,com.logitech.videocollaboration.froggersettings.NetworkConnectionActivity,pausing]
03-03 01:25:03.825  1494  1523 I dvm_lock_sample: [system_server,1,android.anim,29,WindowAnimator.java,96,void com.android.server.wm.WindowAnimator.lambda$new$1$WindowAnimator(long),ActivityTaskManagerService.java,4441,boolean com.android.server.wm.ActivityTaskManagerService.updateDisplayOverrideConfiguration(android.content.res.Configuration, int),5]
03-03 01:25:03.827  3599  3599 I am_on_paused_called: [0,com.logitech.videocollaboration.froggersettings.NetworkConnectionActivity,performPause]
03-03 01:25:03.818  2865  2865 I auditd  : type=1400 audit(0.0:1002): avc: denied { ioctl } for comm="Thread-5" path="socket:[459862]" dev="sockfs" ino=459862 ioctlcmd=0x8927 scontext=u:r:untrusted_app_27:s0:c40,c256,c512,c768 tcontext=u:r:untrusted_app_27:s0:c40,c256,c512,c768 tclass=udp_socket permissive=0 app=us.zoom.zoompresence
03-03 01:25:03.818  2865  2865 I auditd  : type=1400 audit(0.0:1003): avc: denied { ioctl } for comm="Thread-5" path="socket:[459862]" dev="sockfs" ino=459862 ioctlcmd=0x8927 scontext=u:r:untrusted_app_27:s0:c40,c256,c512,c768 tcontext=u:r:untrusted_app_27:s0:c40,c256,c512,c768 tclass=udp_socket permissive=0 app=us.zoom.zoompresence
03-03 01:25:03.830  3599  3599 I am_on_stop_called: [0,com.logitech.videocollaboration.froggersettings.NetworkConnectionActivity,handleRelaunchActivity]
03-03 01:25:03.818  2865  2865 I auditd  : type=1400 audit(0.0:1004): avc: denied { ioctl } for comm="Thread-5" path="socket:[459862]" dev="sockfs" ino=459862 ioctlcmd=0x8927 scontext=u:r:untrusted_app_27:s0:c40,c256,c512,c768 tcontext=u:r:untrusted_app_27:s0:c40,c256,c512,c768 tclass=udp_socket permissive=0 app=us.zoom.zoompresence
03-03 01:25:03.831  3599  3599 I am_on_destroy_called: [0,com.logitech.videocollaboration.froggersettings.NetworkConnectionActivity,performDestroy]
03-03 01:25:03.851  3599  3599 I am_on_create_called: [0,com.logitech.videocollaboration.froggersettings.NetworkConnectionActivity,performCreate]
03-03 01:25:03.857  3599  3599 I am_on_start_called: [0,com.logitech.videocollaboration.froggersettings.NetworkConnectionActivity,handleStartActivity]
03-03 01:25:03.867  3599  3599 I am_on_resume_called: [0,com.logitech.videocollaboration.froggersettings.NetworkConnectionActivity,RESUME_ACTIVITY]
03-03 01:25:03.867  3599  3599 I am_on_top_resumed_gained_called: [0,com.logitech.videocollaboration.froggersettings.NetworkConnectionActivity,topWhenResuming]
03-03 01:25:03.878  1494  1494 I sysui_multi_action: [757,1501,758,1,793,102,794,0,795,102,796,19,806,android,857,PHYSICAL_KEYBOARD,858,3,947,0,1500,0]
03-03 01:25:03.878  1494  1494 I sysui_multi_action: [757,804,799,note_interruptive,801,0,802,1]
03-03 01:25:03.879  1494  1494 I sysui_multi_action: [757,1501,758,1,793,103,794,0,795,103,796,19,806,android,857,PHYSICAL_KEYBOARD,858,3,947,0,1500,0,1688,1]
03-03 01:25:03.879  1494  1494 I sysui_multi_action: [757,804,799,note_interruptive,801,0,802,1]
03-03 01:25:03.879  1494  1494 I sysui_multi_action: [757,199,758,1,759,2,793,103,794,0,795,103,796,19,806,android,857,PHYSICAL_KEYBOARD,858,3,947,0,1500,0,1688,1]
03-03 01:25:03.879  1494  1494 I notification_alert: [-1|android|19|null|1000,0,1,0]
03-03 01:25:04.434  1494 16046 I am_uid_stopped: 10101
03-03 01:25:04.437  1494 16046 I am_kill : [0,7448,com.logitech.integration.test,0,stop com.logitech.integration.test]
03-03 01:25:04.438   574   574 I auditd  : avc:  denied  { find } for interface=vendor.qti.hardware.servicetracker::IServicetracker sid=u:r:system_server:s0 pid=1494 scontext=u:r:system_server:s0 tcontext=u:object_r:default_android_hwservice:s0 tclass=hwservice_manager permissive=0
03-03 01:25:04.457     0     0 I binder  : undelivered TRANSACTION_COMPLETE
03-03 01:25:04.457     0     0 I binder  : undelivered transaction 16482315, process died.
03-03 01:25:04.687     0     0 I sdcardfs: removing com.logitech.integration.test.test
03-03 01:25:04.699  1494  1546 I commit_sys_config_file: [package-user-0,4]
03-03 01:25:04.699  1494  1546 I commit_sys_config_file: [package,46]
03-03 01:25:04.779   574   574 I auditd  : avc:  denied  { find } for interface=vendor.qti.hardware.servicetracker::IServicetracker sid=u:r:system_server:s0 pid=1494 scontext=u:r:system_server:s0 tcontext=u:object_r:default_android_hwservice:s0 tclass=hwservice_manager permissive=0
03-03 01:25:04.784  1494  1494 I notification_cancel_all: [1000,1494,com.logitech.integration.test.test,0,0,0,5,NULL]
03-03 01:25:04.787   574   574 I auditd  : avc:  denied  { find } for interface=vendor.qti.hardware.servicetracker::IServicetracker sid=u:r:system_server:s0 pid=1494 scontext=u:r:system_server:s0 tcontext=u:object_r:default_android_hwservice:s0 tclass=hwservice_manager permissive=0
03-03 01:25:04.788   574   574 I chatty  : uid=1000(system) hwservicemanage identical 1 line
03-03 01:25:04.801   574   574 I auditd  : avc:  denied  { find } for interface=vendor.qti.hardware.servicetracker::IServicetracker sid=u:r:system_server:s0 pid=1494 scontext=u:r:system_server:s0 tcontext=u:object_r:default_android_hwservice:s0 tclass=hwservice_manager permissive=0
03-03 01:25:04.822  1494  1627 I commit_sys_config_file: [net-policy,49]
03-03 01:25:04.824  1494  1521 I commit_sys_config_file: [notification-policy,35]
03-03 01:25:04.837  1494  1521 I commit_sys_config_file: [notification-policy,13]
03-03 01:25:04.839  1494  1626 I netstats_mobile_sample: [0,0,0,0,0,0,0,0,0,0,0,0,1614770704840]
03-03 01:25:04.839  1494  1626 I netstats_wifi_sample: [0,0,0,0,0,0,0,0,0,0,0,0,1614770704840]
03-03 01:25:04.845     0     0 I sdcardfs: removing com.logitech.integration.test
03-03 01:25:04.853  1494  1546 I commit_sys_config_file: [package-user-0,2]
03-03 01:25:04.853  1494  1546 I commit_sys_config_file: [package,29]
03-03 01:25:04.920   574   574 I auditd  : avc:  denied  { find } for interface=vendor.qti.hardware.servicetracker::IServicetracker sid=u:r:system_server:s0 pid=1494 scontext=u:r:system_server:s0 tcontext=u:object_r:default_android_hwservice:s0 tclass=hwservice_manager permissive=0
03-03 01:25:04.922  1494  1626 I netstats_mobile_sample: [0,0,0,0,0,0,0,0,0,0,0,0,1614770704923]
03-03 01:25:04.922  1494  1626 I netstats_wifi_sample: [0,0,0,0,0,0,0,0,0,0,0,0,1614770704923]
03-03 01:25:04.923  1494  1627 I commit_sys_config_file: [net-policy,6]
03-03 01:25:04.924  1494  1494 I notification_cancel_all: [1000,1494,com.logitech.integration.test,0,0,0,5,NULL]
03-03 01:25:04.927   574   574 I auditd  : avc:  denied  { find } for interface=vendor.qti.hardware.servicetracker::IServicetracker sid=u:r:system_server:s0 pid=1494 scontext=u:r:system_server:s0 tcontext=u:object_r:default_android_hwservice:s0 tclass=hwservice_manager permissive=0
03-03 01:25:04.932  1494  1521 I commit_sys_config_file: [notification-policy,5]
03-03 01:25:04.933   574   574 I auditd  : avc:  denied  { find } for interface=vendor.qti.hardware.servicetracker::IServicetracker sid=u:r:system_server:s0 pid=1494 scontext=u:r:system_server:s0 tcontext=u:object_r:default_android_hwservice:s0 tclass=hwservice_manager permissive=0
03-03 01:25:04.936   574   574 I auditd  : avc:  denied  { find } for interface=vendor.qti.hardware.servicetracker::IServicetracker sid=u:r:system_server:s0 pid=1494 scontext=u:r:system_server:s0 tcontext=u:object_r:default_android_hwservice:s0 tclass=hwservice_manager permissive=0
03-03 01:25:04.938  1494  1521 I commit_sys_config_file: [notification-policy,5]
03-03 01:25:04.994  1494  1528 I commit_sys_config_file: [roles-0,4]
03-03 01:25:05.100  1494  1528 I commit_sys_config_file: [package-perms-0,6]
03-03 01:25:06.320  1494  1546 I commit_sys_config_file: [package-user-0,6]
03-03 01:25:07.957  1494  1528 I sysui_multi_action: [757,1717,758,1,759,0]
03-03 01:25:07.958  1494  1528 I sysui_multi_action: [757,1717,758,2,759,0]
03-03 01:25:07.958  1494  1528 I sysui_multi_action: [757,1717,758,3,759,0]
03-03 01:25:08.818  2865  2865 I auditd  : type=1400 audit(0.0:1005): avc: denied { ioctl } for comm="Thread-5" path="socket:[459935]" dev="sockfs" ino=459935 ioctlcmd=0x8927 scontext=u:r:untrusted_app_27:s0:c40,c256,c512,c768 tcontext=u:r:untrusted_app_27:s0:c40,c256,c512,c768 tclass=udp_socket permissive=0 app=us.zoom.zoompresence
03-03 01:25:08.818  2865  2865 I chatty  : uid=10040(us.zoom.zoompresence) identical 1 line
03-03 01:25:08.818  2865  2865 I auditd  : type=1400 audit(0.0:1007): avc: denied { ioctl } for comm="Thread-5" path="socket:[459935]" dev="sockfs" ino=459935 ioctlcmd=0x8927 scontext=u:r:untrusted_app_27:s0:c40,c256,c512,c768 tcontext=u:r:untrusted_app_27:s0:c40,c256,c512,c768 tclass=udp_socket permissive=0 app=us.zoom.zoompresence
03-03 01:25:12.100   574   574 I auditd  : avc:  denied  { find } for interface=vendor.qti.hardware.servicetracker::IServicetracker sid=u:r:system_server:s0 pid=1494 scontext=u:r:system_server:s0 tcontext=u:object_r:default_android_hwservice:s0 tclass=hwservice_manager permissive=0
03-03 01:25:13.808  2865  2865 I auditd  : type=1400 audit(0.0:1008): avc: denied { ioctl } for comm="Thread-5" path="socket:[461003]" dev="sockfs" ino=461003 ioctlcmd=0x8927 scontext=u:r:untrusted_app_27:s0:c40,c256,c512,c768 tcontext=u:r:untrusted_app_27:s0:c40,c256,c512,c768 tclass=udp_socket permissive=0 app=us.zoom.zoompresence
03-03 01:25:13.808  2865  2865 I chatty  : uid=10040(us.zoom.zoompresence) identical 1 line
03-03 01:25:13.808  2865  2865 I auditd  : type=1400 audit(0.0:1010): avc: denied { ioctl } for comm="Thread-5" path="socket:[461003]" dev="sockfs" ino=461003 ioctlcmd=0x8927 scontext=u:r:untrusted_app_27:s0:c40,c256,c512,c768 tcontext=u:r:untrusted_app_27:s0:c40,c256,c512,c768 tclass=udp_socket permissive=0 app=us.zoom.zoompresence
03-03 01:25:13.858   574   574 I auditd  : avc:  denied  { find } for interface=vendor.qti.hardware.servicetracker::IServicetracker sid=u:r:system_server:s0 pid=1494 scontext=u:r:system_server:s0 tcontext=u:object_r:default_android_hwservice:s0 tclass=hwservice_manager permissive=0
03-03 01:25:14.786  1494  1713 I commit_sys_config_file: [appops,7]
03-03 01:25:14.928  1494  1522 I commit_sys_config_file: [warnings-config,6]
03-03 01:25:18.768  2865  2865 I auditd  : type=1400 audit(0.0:1011): avc: denied { ioctl } for comm="Thread-5" path="socket:[461005]" dev="sockfs" ino=461005 ioctlcmd=0x8927 scontext=u:r:untrusted_app_27:s0:c40,c256,c512,c768 tcontext=u:r:untrusted_app_27:s0:c40,c256,c512,c768 tclass=udp_socket permissive=0 app=us.zoom.zoompresence
03-03 01:25:18.768  2865  2865 I chatty  : uid=10040(us.zoom.zoompresence) identical 1 line
03-03 01:25:18.768  2865  2865 I auditd  : type=1400 audit(0.0:1013): avc: denied { ioctl } for comm="Thread-5" path="socket:[461005]" dev="sockfs" ino=461005 ioctlcmd=0x8927 scontext=u:r:untrusted_app_27:s0:c40,c256,c512,c768 tcontext=u:r:untrusted_app_27:s0:c40,c256,c512,c768 tclass=udp_socket permissive=0 app=us.zoom.zoompresence
03-03 01:25:19.926   574   574 I auditd  : avc:  denied  { find } for interface=vendor.qti.hardware.servicetracker::IServicetracker sid=u:r:system_server:s0 pid=1494 scontext=u:r:system_server:s0 tcontext=u:object_r:default_android_hwservice:s0 tclass=hwservice_manager permissive=0
03-03 01:25:19.928   574   574 I auditd  : avc:  denied  { find } for interface=vendor.qti.hardware.servicetracker::IServicetracker sid=u:r:system_server:s0 pid=1494 scontext=u:r:system_server:s0 tcontext=u:object_r:default_android_hwservice:s0 tclass=hwservice_manager permissive=0
03-03 01:25:23.758  2865  2865 I auditd  : type=1400 audit(0.0:1014): avc: denied { ioctl } for comm="Thread-5" path="socket:[461006]" dev="sockfs" ino=461006 ioctlcmd=0x8927 scontext=u:r:untrusted_app_27:s0:c40,c256,c512,c768 tcontext=u:r:untrusted_app_27:s0:c40,c256,c512,c768 tclass=udp_socket permissive=0 app=us.zoom.zoompresence
03-03 01:25:23.758  2865  2865 I chatty  : uid=10040(us.zoom.zoompresence) identical 1 line
03-03 01:25:23.758  2865  2865 I auditd  : type=1400 audit(0.0:1016): avc: denied { ioctl } for comm="Thread-5" path="socket:[461006]" dev="sockfs" ino=461006 ioctlcmd=0x8927 scontext=u:r:untrusted_app_27:s0:c40,c256,c512,c768 tcontext=u:r:untrusted_app_27:s0:c40,c256,c512,c768 tclass=udp_socket permissive=0 app=us.zoom.zoompresence
03-03 01:25:28.738  2865  2865 I auditd  : type=1400 audit(0.0:1017): avc: denied { ioctl } for comm="Thread-5" path="socket:[461008]" dev="sockfs" ino=461008 ioctlcmd=0x8927 scontext=u:r:untrusted_app_27:s0:c40,c256,c512,c768 tcontext=u:r:untrusted_app_27:s0:c40,c256,c512,c768 tclass=udp_socket permissive=0 app=us.zoom.zoompresence
03-03 01:25:28.738  2865  2865 I chatty  : uid=10040(us.zoom.zoompresence) identical 1 line
03-03 01:25:28.738  2865  2865 I auditd  : type=1400 audit(0.0:1019): avc: denied { ioctl } for comm="Thread-5" path="socket:[461008]" dev="sockfs" ino=461008 ioctlcmd=0x8927 scontext=u:r:untrusted_app_27:s0:c40,c256,c512,c768 tcontext=u:r:untrusted_app_27:s0:c40,c256,c512,c768 tclass=udp_socket permissive=0 app=us.zoom.zoompresence
03-03 01:25:33.718  2865  2865 I auditd  : type=1400 audit(0.0:1020): avc: denied { ioctl } for comm="Thread-5" path="socket:[461009]" dev="sockfs" ino=461009 ioctlcmd=0x8927 scontext=u:r:untrusted_app_27:s0:c40,c256,c512,c768 tcontext=u:r:untrusted_app_27:s0:c40,c256,c512,c768 tclass=udp_socket permissive=0 app=us.zoom.zoompresence
03-03 01:25:33.718  2865  2865 I chatty  : uid=10040(us.zoom.zoompresence) identical 1 line
03-03 01:25:33.718  2865  2865 I auditd  : type=1400 audit(0.0:1022): avc: denied { ioctl } for comm="Thread-5" path="socket:[461009]" dev="sockfs" ino=461009 ioctlcmd=0x8927 scontext=u:r:untrusted_app_27:s0:c40,c256,c512,c768 tcontext=u:r:untrusted_app_27:s0:c40,c256,c512,c768 tclass=udp_socket permissive=0 app=us.zoom.zoompresence
03-03 01:25:34.975  1494  1528 I am_pss  : [7512,1002,com.android.bluetooth,20398080,17006592,0,108691456,0,0,14]
03-03 01:25:38.688  2865  2865 I auditd  : type=1400 audit(0.0:1023): avc: denied { ioctl } for comm="Thread-5" path="socket:[458597]" dev="sockfs" ino=458597 ioctlcmd=0x8927 scontext=u:r:untrusted_app_27:s0:c40,c256,c512,c768 tcontext=u:r:untrusted_app_27:s0:c40,c256,c512,c768 tclass=udp_socket permissive=0 app=us.zoom.zoompresence
03-03 01:25:38.688  2865  2865 I chatty  : uid=10040(us.zoom.zoompresence) identical 1 line
03-03 01:25:38.688  2865  2865 I auditd  : type=1400 audit(0.0:1025): avc: denied { ioctl } for comm="Thread-5" path="socket:[458597]" dev="sockfs" ino=458597 ioctlcmd=0x8927 scontext=u:r:untrusted_app_27:s0:c40,c256,c512,c768 tcontext=u:r:untrusted_app_27:s0:c40,c256,c512,c768 tclass=udp_socket permissive=0 app=us.zoom.zoompresence
03-03 01:25:43.678  2865  2865 I auditd  : type=1400 audit(0.0:1026): avc: denied { ioctl } for comm="Thread-5" path="socket:[462885]" dev="sockfs" ino=462885 ioctlcmd=0x8927 scontext=u:r:untrusted_app_27:s0:c40,c256,c512,c768 tcontext=u:r:untrusted_app_27:s0:c40,c256,c512,c768 tclass=udp_socket permissive=0 app=us.zoom.zoompresence
03-03 01:25:43.678  2865  2865 I chatty  : uid=10040(us.zoom.zoompresence) identical 1 line
03-03 01:25:43.678  2865  2865 I auditd  : type=1400 audit(0.0:1028): avc: denied { ioctl } for comm="Thread-5" path="socket:[462885]" dev="sockfs" ino=462885 ioctlcmd=0x8927 scontext=u:r:untrusted_app_27:s0:c40,c256,c512,c768 tcontext=u:r:untrusted_app_27:s0:c40,c256,c512,c768 tclass=udp_socket permissive=0 app=us.zoom.zoompresence
