03-03 01:21:19.688  2865  2865 I auditd  : type=1400 audit(0.0:867): avc: denied { ioctl } for comm="Thread-5" path="socket:[450671]" dev="sockfs" ino=450671 ioctlcmd=0x8927 scontext=u:r:untrusted_app_27:s0:c40,c256,c512,c768 tcontext=u:r:untrusted_app_27:s0:c40,c256,c512,c768 tclass=udp_socket permissive=0 app=us.zoom.zoompresence
03-03 01:21:19.688  2865  2865 I chatty  : uid=10040(us.zoom.zoompresence) identical 1 line
03-03 01:21:19.688  2865  2865 I auditd  : type=1400 audit(0.0:869): avc: denied { ioctl } for comm="Thread-5" path="socket:[450671]" dev="sockfs" ino=450671 ioctlcmd=0x8927 scontext=u:r:untrusted_app_27:s0:c40,c256,c512,c768 tcontext=u:r:untrusted_app_27:s0:c40,c256,c512,c768 tclass=udp_socket permissive=0 app=us.zoom.zoompresence
03-03 01:21:24.708  2865  2865 I auditd  : type=1400 audit(0.0:870): avc: denied { ioctl } for comm="Thread-5" path="socket:[451709]" dev="sockfs" ino=451709 ioctlcmd=0x8927 scontext=u:r:untrusted_app_27:s0:c40,c256,c512,c768 tcontext=u:r:untrusted_app_27:s0:c40,c256,c512,c768 tclass=udp_socket permissive=0 app=us.zoom.zoompresence
03-03 01:21:25.149     0     0 D logd    : logdr: UID=0 GID=0 PID=6739 b tail=0 logMask=19 pid=0 start=0ns timeout=0ns
03-03 01:21:24.708  2865  2865 I chatty  : uid=10040(us.zoom.zoompresence) identical 1 line
03-03 01:21:24.708  2865  2865 I auditd  : type=1400 audit(0.0:872): avc: denied { ioctl } for comm="Thread-5" path="socket:[451709]" dev="sockfs" ino=451709 ioctlcmd=0x8927 scontext=u:r:untrusted_app_27:s0:c40,c256,c512,c768 tcontext=u:r:untrusted_app_27:s0:c40,c256,c512,c768 tclass=udp_socket permissive=0 app=us.zoom.zoompresence
03-03 01:21:29.118  1494  1529 I am_uid_idle: 10013
03-03 01:21:29.698  2865  2865 I auditd  : type=1400 audit(0.0:873): avc: denied { ioctl } for comm="Thread-5" path="socket:[450674]" dev="sockfs" ino=450674 ioctlcmd=0x8927 scontext=u:r:untrusted_app_27:s0:c40,c256,c512,c768 tcontext=u:r:untrusted_app_27:s0:c40,c256,c512,c768 tclass=udp_socket permissive=0 app=us.zoom.zoompresence
03-03 01:21:29.698  2865  2865 I chatty  : uid=10040(us.zoom.zoompresence) identical 1 line
03-03 01:21:29.698  2865  2865 I auditd  : type=1400 audit(0.0:875): avc: denied { ioctl } for comm="Thread-5" path="socket:[450674]" dev="sockfs" ino=450674 ioctlcmd=0x8927 scontext=u:r:untrusted_app_27:s0:c40,c256,c512,c768 tcontext=u:r:untrusted_app_27:s0:c40,c256,c512,c768 tclass=udp_socket permissive=0 app=us.zoom.zoompresence
03-03 01:21:30.737  1494  1521 I commit_sys_config_file: [package-session,3]
03-03 01:21:30.741  1494  1521 I commit_sys_config_file: [package-session,3]
03-03 01:21:30.792  1494  2371 I commit_sys_config_file: [package-session,4]
03-03 01:21:30.829  1494  1546 I liblog  : 1
03-03 01:21:30.832  1494  1546 I liblog  : 66
03-03 01:21:30.871  1494  1546 I commit_sys_config_file: [package-user-0,4]
03-03 01:21:30.871  1494  1546 I commit_sys_config_file: [package,38]
03-03 01:21:30.879  1494  1546 I sysui_multi_action: [757,1243,758,4,806,com.logitech.integration.test,1241,android.permission.CAMERA]
03-03 01:21:30.879  1494  1546 I sysui_multi_action: [757,1243,758,4,806,com.logitech.integration.test,1241,android.permission.WRITE_EXTERNAL_STORAGE]
03-03 01:21:30.890  1494  1546 I sysui_multi_action: [757,1243,758,4,806,com.logitech.integration.test,1241,android.permission.READ_EXTERNAL_STORAGE]
03-03 01:21:30.894  1494  1546 I sysui_multi_action: [757,1243,758,4,806,com.logitech.integration.test,1241,android.permission.RECORD_AUDIO]
03-03 01:21:30.896  1494  1546 I unknown_sources_enabled: 1
03-03 01:21:30.900  1494  1494 I notification_cancel_all: [1000,1494,com.logitech.integration.test,0,0,0,5,NULL]
03-03 01:21:30.901   574   574 I auditd  : avc:  denied  { find } for interface=vendor.qti.hardware.servicetracker::IServicetracker sid=u:r:system_server:s0 pid=1494 scontext=u:r:system_server:s0 tcontext=u:object_r:default_android_hwservice:s0 tclass=hwservice_manager permissive=0
03-03 01:21:30.902  1494  1590 I commit_sys_config_file: [package-session,4]
03-03 01:21:30.907   574   574 I auditd  : avc:  denied  { find } for interface=vendor.qti.hardware.servicetracker::IServicetracker sid=u:r:system_server:s0 pid=1494 scontext=u:r:system_server:s0 tcontext=u:object_r:default_android_hwservice:s0 tclass=hwservice_manager permissive=0
03-03 01:21:30.908  1494  1520 I dvm_lock_sample: [system_server,1,android.ui,6,ActivityManagerService.java,3333,void com.android.server.am.ActivityManagerService.dispatchUidsChanged(),-,14142,int com.android.server.am.ActivityManagerService.bindIsolatedService(android.app.IApplicationThread, android.os.IBinder, android.content.Intent, java.lang.String, android.app.IServiceConnection, int, java.lang.String, java.lang.String, int),1]
03-03 01:21:31.187  1494  1528 I commit_sys_config_file: [roles-0,25]
03-03 01:21:31.193  1494  1528 I commit_sys_config_file: [package-perms-0,4]
03-03 01:21:31.320  1494  1521 I commit_sys_config_file: [package-session,4]
03-03 01:21:31.324  1494  1521 I commit_sys_config_file: [package-session,3]
03-03 01:21:31.342  1494  5975 I commit_sys_config_file: [package-session,3]
03-03 01:21:31.419  1494  1546 I commit_sys_config_file: [package-user-0,2]
03-03 01:21:31.419  1494  1546 I commit_sys_config_file: [package,38]
03-03 01:21:31.426  1494  1546 I sysui_multi_action: [757,1243,758,4,806,com.logitech.integration.test.test,1241,android.permission.WRITE_EXTERNAL_STORAGE]
03-03 01:21:31.437  1494  1546 I sysui_multi_action: [757,1243,758,4,806,com.logitech.integration.test.test,1241,android.permission.READ_EXTERNAL_STORAGE]
03-03 01:21:31.443  1494  1546 I unknown_sources_enabled: 1
03-03 01:21:31.449  1494  1494 I notification_cancel_all: [1000,1494,com.logitech.integration.test.test,0,0,0,5,NULL]
03-03 01:21:31.450  1494  1590 I commit_sys_config_file: [package-session,5]
03-03 01:21:31.684  1494  1528 I commit_sys_config_file: [roles-0,6]
03-03 01:21:31.743  1494  1528 I commit_sys_config_file: [package-perms-0,4]
03-03 01:21:31.787  1494  5975 I am_uid_active: 10013
03-03 01:21:32.289  1494  5975 I am_uid_running: 10097
03-03 01:21:32.310  1494  1530 I am_proc_start: [0,6811,10097,com.logitech.integration.test,added application,com.logitech.integration.test]
03-03 01:21:32.338  1494  5975 I am_proc_bound: [0,6811,com.logitech.integration.test]
03-03 01:21:32.340  1494  5975 I am_uid_active: 10097
03-03 01:21:32.388  1494  1626 I netstats_mobile_sample: [0,0,0,0,0,0,0,0,0,0,0,0,1614770492390]
03-03 01:21:32.389  1494  1626 I netstats_wifi_sample: [0,0,0,0,0,0,0,0,0,0,0,0,1614770492390]
03-03 01:21:34.177   574   574 I auditd  : avc:  denied  { find } for interface=vendor.qti.hardware.servicetracker::IServicetracker sid=u:r:system_server:s0 pid=1494 scontext=u:r:system_server:s0 tcontext=u:object_r:default_android_hwservice:s0 tclass=hwservice_manager permissive=0
03-03 01:21:34.178   574   574 I auditd  : avc:  denied  { find } for interface=vendor.qti.hardware.servicetracker::IServicetracker sid=u:r:system_server:s0 pid=1494 scontext=u:r:system_server:s0 tcontext=u:object_r:default_android_hwservice:s0 tclass=hwservice_manager permissive=0
03-03 01:21:34.180  1494  1618 I configuration_changed: 48
03-03 01:21:34.181  1494  1494 I sysui_multi_action: [757,128,758,5,759,8,793,54686,794,0,795,54686,796,19,806,android,857,PHYSICAL_KEYBOARD,858,3,947,0,1500,54584,1688,1]
03-03 01:21:34.182  1494  1494 I notification_canceled: [-1|android|19|null|1000,8,54686,54686,0,-1,-1,NULL]
03-03 01:21:34.222  1494  1618 I am_relaunch_resume_activity: [0,159745936,94,com.logitech.videocollaboration.froggersettings/.NetworkConnectionActivity]
03-03 01:21:34.223  3599  3599 I am_on_top_resumed_lost_called: [0,com.logitech.videocollaboration.froggersettings.NetworkConnectionActivity,pausing]
03-03 01:21:34.225  1494  2371 I dvm_lock_sample: [system_server,1,Binder:1494_17,42,ActivityManagerService.java,15638,int com.android.server.am.ActivityManagerService.broadcastIntent(android.app.IApplicationThread, android.content.Intent, java.lang.String, android.content.IIntentReceiver, int, java.lang.String, android.os.Bundle, java.lang.String[], int, android.os.Bundle, boolean, boolean, int),-,14186,void com.android.server.am.ActivityManagerService.serviceDoneExecuting(android.os.IBinder, int, int, int),8]
03-03 01:21:34.227  3599  3599 I am_on_paused_called: [0,com.logitech.videocollaboration.froggersettings.NetworkConnectionActivity,performPause]
03-03 01:21:34.233  3599  3599 I am_on_stop_called: [0,com.logitech.videocollaboration.froggersettings.NetworkConnectionActivity,handleRelaunchActivity]
03-03 01:21:34.235  3599  3599 I am_on_destroy_called: [0,com.logitech.videocollaboration.froggersettings.NetworkConnectionActivity,performDestroy]
03-03 01:21:34.264  3599  3599 I am_on_create_called: [0,com.logitech.videocollaboration.froggersettings.NetworkConnectionActivity,performCreate]
03-03 01:21:34.269  3599  3599 I am_on_start_called: [0,com.logitech.videocollaboration.froggersettings.NetworkConnectionActivity,handleStartActivity]
03-03 01:21:34.280  3599  3599 I am_on_resume_called: [0,com.logitech.videocollaboration.froggersettings.NetworkConnectionActivity,RESUME_ACTIVITY]
03-03 01:21:34.281  3599  3599 I am_on_top_resumed_gained_called: [0,com.logitech.videocollaboration.froggersettings.NetworkConnectionActivity,topWhenResuming]
03-03 01:21:34.522  1494  1606 I commit_sys_config_file: [settings-0-0,111]
03-03 01:21:34.526  1494  1606 I commit_sys_config_file: [settings-2-0,4]
03-03 01:21:34.668  2865  2865 I auditd  : type=1400 audit(0.0:876): avc: denied { ioctl } for comm="Thread-5" path="socket:[451927]" dev="sockfs" ino=451927 ioctlcmd=0x8927 scontext=u:r:untrusted_app_27:s0:c40,c256,c512,c768 tcontext=u:r:untrusted_app_27:s0:c40,c256,c512,c768 tclass=udp_socket permissive=0 app=us.zoom.zoompresence
03-03 01:21:36.572     0     0 E bt_ioctl: BT_CMD_PWR_CTRL pwr_cntrl:0
03-03 01:21:34.668  2865  2865 I chatty  : uid=10040(us.zoom.zoompresence) identical 1 line
03-03 01:21:34.668  2865  2865 I auditd  : type=1400 audit(0.0:878): avc: denied { ioctl } for comm="Thread-5" path="socket:[451927]" dev="sockfs" ino=451927 ioctlcmd=0x8927 scontext=u:r:untrusted_app_27:s0:c40,c256,c512,c768 tcontext=u:r:untrusted_app_27:s0:c40,c256,c512,c768 tclass=udp_socket permissive=0 app=us.zoom.zoompresence
03-03 01:21:36.584   574   574 I auditd  : avc:  denied  { find } for interface=vendor.qti.hardware.servicetracker::IServicetracker sid=u:r:system_server:s0 pid=1494 scontext=u:r:system_server:s0 tcontext=u:object_r:default_android_hwservice:s0 tclass=hwservice_manager permissive=0
03-03 01:21:36.585   574   574 I chatty  : uid=1000(system) hwservicemanage identical 2 lines
03-03 01:21:36.586   574   574 I auditd  : avc:  denied  { find } for interface=vendor.qti.hardware.servicetracker::IServicetracker sid=u:r:system_server:s0 pid=1494 scontext=u:r:system_server:s0 tcontext=u:object_r:default_android_hwservice:s0 tclass=hwservice_manager permissive=0
03-03 01:21:36.660  1494  5234 I am_proc_died: [0,6551,com.android.bluetooth,0,11]
03-03 01:21:36.661   574   574 I auditd  : avc:  denied  { find } for interface=vendor.qti.hardware.servicetracker::IServicetracker sid=u:r:system_server:s0 pid=1494 scontext=u:r:system_server:s0 tcontext=u:object_r:default_android_hwservice:s0 tclass=hwservice_manager permissive=0
03-03 01:21:36.662  1494  5234 I am_uid_stopped: 1002
03-03 01:21:39.429   574   574 I auditd  : avc:  denied  { find } for interface=vendor.qti.hardware.servicetracker::IServicetracker sid=u:r:system_server:s0 pid=1494 scontext=u:r:system_server:s0 tcontext=u:object_r:default_android_hwservice:s0 tclass=hwservice_manager permissive=0
03-03 01:21:39.430  1494  1521 I am_uid_running: 1002
03-03 01:21:39.449  1494  1530 I am_proc_start: [0,6867,1002,com.android.bluetooth,service,{com.android.bluetooth/com.android.bluetooth.btservice.AdapterService}]
03-03 01:21:39.458  1494  5234 I am_proc_bound: [0,6867,com.android.bluetooth]
03-03 01:21:39.460  1494  5234 I am_uid_active: 1002
03-03 01:21:39.461   574   574 I auditd  : avc:  denied  { find } for interface=vendor.qti.hardware.servicetracker::IServicetracker sid=u:r:system_server:s0 pid=1494 scontext=u:r:system_server:s0 tcontext=u:object_r:default_android_hwservice:s0 tclass=hwservice_manager permissive=0
03-03 01:21:39.510  6867  6894 I bt_config_source: 1
03-03 01:21:39.540   574   574 I auditd  : avc:  denied  { find } for interface=vendor.qti.hardware.servicetracker::IServicetracker sid=u:r:system_server:s0 pid=1494 scontext=u:r:system_server:s0 tcontext=u:object_r:default_android_hwservice:s0 tclass=hwservice_manager permissive=0
03-03 01:21:39.551     0     0 E bt_ioctl: BT_CMD_PWR_CTRL pwr_cntrl:0
03-03 01:21:39.551     0     0 E bt_ioctl: BT chip state is already :0 no change d
03-03 01:21:39.551     0     0 E bt_ioctl: BT_CMD_PWR_CTRL pwr_cntrl:1
03-03 01:21:39.668  2865  2865 I auditd  : type=1400 audit(0.0:879): avc: denied { ioctl } for comm="Thread-5" path="socket:[451282]" dev="sockfs" ino=451282 ioctlcmd=0x8927 scontext=u:r:untrusted_app_27:s0:c40,c256,c512,c768 tcontext=u:r:untrusted_app_27:s0:c40,c256,c512,c768 tclass=udp_socket permissive=0 app=us.zoom.zoompresence
03-03 01:21:39.798     0     0 E bt_ioctl: BT_CMD_CHIP_VERS soc_version:40010214
03-03 01:21:39.668  2865  2865 I chatty  : uid=10040(us.zoom.zoompresence) identical 1 line
03-03 01:21:39.668  2865  2865 I auditd  : type=1400 audit(0.0:881): avc: denied { ioctl } for comm="Thread-5" path="socket:[451282]" dev="sockfs" ino=451282 ioctlcmd=0x8927 scontext=u:r:untrusted_app_27:s0:c40,c256,c512,c768 tcontext=u:r:untrusted_app_27:s0:c40,c256,c512,c768 tclass=udp_socket permissive=0 app=us.zoom.zoompresence
03-03 01:21:40.692  1494  5234 I am_uid_stopped: 10097
03-03 01:21:40.693  1494  5234 I am_kill : [0,6811,com.logitech.integration.test,0,stop com.logitech.integration.test]
03-03 01:21:40.694   574   574 I auditd  : avc:  denied  { find } for interface=vendor.qti.hardware.servicetracker::IServicetracker sid=u:r:system_server:s0 pid=1494 scontext=u:r:system_server:s0 tcontext=u:object_r:default_android_hwservice:s0 tclass=hwservice_manager permissive=0
03-03 01:21:40.708     0     0 I binder  : undelivered TRANSACTION_COMPLETE
03-03 01:21:40.708     0     0 I binder  : undelivered transaction 16443902, process died.
03-03 01:21:40.956     0     0 I sdcardfs: removing com.logitech.integration.test.test
03-03 01:21:40.967  1494  1546 I commit_sys_config_file: [package-user-0,3]
03-03 01:21:40.967  1494  1546 I commit_sys_config_file: [package,45]
03-03 01:21:40.978   574   574 I auditd  : avc:  denied  { find } for interface=vendor.qti.hardware.servicetracker::IServicetracker sid=u:r:system_server:s0 pid=1494 scontext=u:r:system_server:s0 tcontext=u:object_r:default_android_hwservice:s0 tclass=hwservice_manager permissive=0
03-03 01:21:40.982   574   574 I chatty  : uid=1000(system) hwservicemanage identical 1 line
03-03 01:21:40.990   574   574 I auditd  : avc:  denied  { find } for interface=vendor.qti.hardware.servicetracker::IServicetracker sid=u:r:system_server:s0 pid=1494 scontext=u:r:system_server:s0 tcontext=u:object_r:default_android_hwservice:s0 tclass=hwservice_manager permissive=0
03-03 01:21:41.018  1494  1817 I dvm_lock_sample: [system_server,1,Binder:1494_7,16,BluetoothManagerService.java,1199,boolean com.android.server.BluetoothManagerService.bindBluetoothProfileService(int, android.bluetooth.IBluetoothProfileServiceConnection),-,1199,boolean com.android.server.BluetoothManagerService.bindBluetoothProfileService(int, android.bluetooth.IBluetoothProfileServiceConnection),3]
03-03 01:21:41.042   574   574 I auditd  : avc:  denied  { find } for interface=vendor.qti.hardware.servicetracker::IServicetracker sid=u:r:system_server:s0 pid=1494 scontext=u:r:system_server:s0 tcontext=u:object_r:default_android_hwservice:s0 tclass=hwservice_manager permissive=0
03-03 01:21:41.044  1494  1494 I notification_cancel_all: [1000,1494,com.logitech.integration.test.test,0,0,0,5,NULL]
03-03 01:21:41.049   574   574 I auditd  : avc:  denied  { find } for interface=vendor.qti.hardware.servicetracker::IServicetracker sid=u:r:system_server:s0 pid=1494 scontext=u:r:system_server:s0 tcontext=u:object_r:default_android_hwservice:s0 tclass=hwservice_manager permissive=0
03-03 01:21:41.050   574   574 I auditd  : avc:  denied  { find } for interface=vendor.qti.hardware.servicetracker::IServicetracker sid=u:r:system_server:s0 pid=1494 scontext=u:r:system_server:s0 tcontext=u:object_r:default_android_hwservice:s0 tclass=hwservice_manager permissive=0
03-03 01:21:41.054  1494  1627 I commit_sys_config_file: [net-policy,15]
03-03 01:21:41.056  1494  1521 I commit_sys_config_file: [notification-policy,6]
03-03 01:21:41.056  1494  1626 I netstats_mobile_sample: [0,0,0,0,0,0,0,0,0,0,0,0,1614770501057]
03-03 01:21:41.056  1494  1626 I netstats_wifi_sample: [0,0,0,0,0,0,0,0,0,0,0,0,1614770501057]
03-03 01:21:41.059   574   574 I auditd  : avc:  denied  { find } for interface=vendor.qti.hardware.servicetracker::IServicetracker sid=u:r:system_server:s0 pid=1494 scontext=u:r:system_server:s0 tcontext=u:object_r:default_android_hwservice:s0 tclass=hwservice_manager permissive=0
03-03 01:21:41.061  1494  1521 I commit_sys_config_file: [notification-policy,5]
03-03 01:21:41.129     0     0 I sdcardfs: removing com.logitech.integration.test
03-03 01:21:41.139  1494  1546 I commit_sys_config_file: [package-user-0,4]
03-03 01:21:41.139  1494  1546 I commit_sys_config_file: [package,45]
03-03 01:21:41.212   574   574 I auditd  : avc:  denied  { find } for interface=vendor.qti.hardware.servicetracker::IServicetracker sid=u:r:system_server:s0 pid=1494 scontext=u:r:system_server:s0 tcontext=u:object_r:default_android_hwservice:s0 tclass=hwservice_manager permissive=0
03-03 01:21:41.215  1494  1494 I notification_cancel_all: [1000,1494,com.logitech.integration.test,0,0,0,5,NULL]
03-03 01:21:41.218  1494  1626 I netstats_mobile_sample: [0,0,0,0,0,0,0,0,0,0,0,0,1614770501220]
03-03 01:21:41.219  1494  1626 I netstats_wifi_sample: [0,0,0,0,0,0,0,0,0,0,0,0,1614770501220]
03-03 01:21:41.223  1494  1627 I commit_sys_config_file: [net-policy,8]
03-03 01:21:41.223   574   574 I auditd  : avc:  denied  { find } for interface=vendor.qti.hardware.servicetracker::IServicetracker sid=u:r:system_server:s0 pid=1494 scontext=u:r:system_server:s0 tcontext=u:object_r:default_android_hwservice:s0 tclass=hwservice_manager permissive=0
03-03 01:21:41.225  1494  1606 I commit_sys_config_file: [settings-0-0,7]
03-03 01:21:41.226   574   574 I auditd  : avc:  denied  { find } for interface=vendor.qti.hardware.servicetracker::IServicetracker sid=u:r:system_server:s0 pid=1494 scontext=u:r:system_server:s0 tcontext=u:object_r:default_android_hwservice:s0 tclass=hwservice_manager permissive=0
03-03 01:21:41.226  1494  1521 I commit_sys_config_file: [notification-policy,4]
03-03 01:21:41.231  1494  1606 I commit_sys_config_file: [settings-2-0,6]
03-03 01:21:41.231  1494  1521 I commit_sys_config_file: [notification-policy,4]
03-03 01:21:41.231   574   574 I auditd  : avc:  denied  { find } for interface=vendor.qti.hardware.servicetracker::IServicetracker sid=u:r:system_server:s0 pid=1494 scontext=u:r:system_server:s0 tcontext=u:object_r:default_android_hwservice:s0 tclass=hwservice_manager permissive=0
03-03 01:21:41.259  1494  1528 I commit_sys_config_file: [roles-0,4]
03-03 01:21:41.365  1494  1528 I commit_sys_config_file: [package-perms-0,8]
03-03 01:21:42.306     0     0 I input   : RallyBarRem as /devices/virtual/misc/uhid/0005:046D:08D5.000A/input/input10
03-03 01:21:42.306     0     0 I hid-generic 0005: 046D:08D5.000A: input,hidraw1: BLUETOOTH HID v1.01 Keyboard [RallyBarRem] on
03-03 01:21:42.313  1494  1618 I configuration_changed: 48
03-03 01:21:42.313  1494  1494 I notification_enqueue: [1000,1494,android,19,NULL,-1,Notification(channel=PHYSICAL_KEYBOARD pri=0 contentView=null vibrate=null sound=null defaults=0x0 flags=0x0 color=0xff607d8b vis=PRIVATE),0]
03-03 01:21:42.342  1494  1546 I commit_sys_config_file: [package-user-0,12]
03-03 01:21:42.357  1494  1618 I am_relaunch_resume_activity: [0,159745936,94,com.logitech.videocollaboration.froggersettings/.NetworkConnectionActivity]
03-03 01:21:42.357  3599  3599 I am_on_top_resumed_lost_called: [0,com.logitech.videocollaboration.froggersettings.NetworkConnectionActivity,pausing]
03-03 01:21:42.360  3599  3599 I am_on_paused_called: [0,com.logitech.videocollaboration.froggersettings.NetworkConnectionActivity,performPause]
03-03 01:21:42.362  3599  3599 I am_on_stop_called: [0,com.logitech.videocollaboration.froggersettings.NetworkConnectionActivity,handleRelaunchActivity]
03-03 01:21:42.364  3599  3599 I am_on_destroy_called: [0,com.logitech.videocollaboration.froggersettings.NetworkConnectionActivity,performDestroy]
03-03 01:21:42.384  3599  3599 I am_on_create_called: [0,com.logitech.videocollaboration.froggersettings.NetworkConnectionActivity,performCreate]
03-03 01:21:42.389  3599  3599 I am_on_start_called: [0,com.logitech.videocollaboration.froggersettings.NetworkConnectionActivity,handleStartActivity]
03-03 01:21:42.399  3599  3599 I am_on_resume_called: [0,com.logitech.videocollaboration.froggersettings.NetworkConnectionActivity,RESUME_ACTIVITY]
03-03 01:21:42.399  3599  3599 I am_on_top_resumed_gained_called: [0,com.logitech.videocollaboration.froggersettings.NetworkConnectionActivity,topWhenResuming]
03-03 01:21:42.414  1494  1494 I sysui_multi_action: [757,1501,758,1,793,101,794,0,795,101,796,19,806,android,857,PHYSICAL_KEYBOARD,858,3,947,0,1500,0]
03-03 01:21:42.414  1494  1494 I sysui_multi_action: [757,804,799,note_interruptive,801,0,802,1]
03-03 01:21:42.415  1494  1494 I sysui_multi_action: [757,1501,758,1,793,102,794,0,795,102,796,19,806,android,857,PHYSICAL_KEYBOARD,858,3,947,0,1500,0,1688,1]
03-03 01:21:42.415  1494  1494 I sysui_multi_action: [757,804,799,note_interruptive,801,0,802,1]
03-03 01:21:42.415  1494  1494 I sysui_multi_action: [757,199,758,1,759,2,793,102,794,0,795,102,796,19,806,android,857,PHYSICAL_KEYBOARD,858,3,947,0,1500,0,1688,1]
03-03 01:21:42.415  1494  1494 I notification_alert: [-1|android|19|null|1000,0,1,0]
03-03 01:21:44.242  1494  1528 I sysui_multi_action: [757,1717,758,1,759,0]
03-03 01:21:44.243  1494  1528 I sysui_multi_action: [757,1717,758,2,759,0]
03-03 01:21:44.243  1494  1528 I sysui_multi_action: [757,1717,758,3,759,0]
03-03 01:21:44.628  2865  2865 I auditd  : type=1400 audit(0.0:882): avc: denied { ioctl } for comm="Thread-5" path="socket:[451393]" dev="sockfs" ino=451393 ioctlcmd=0x8927 scontext=u:r:untrusted_app_27:s0:c40,c256,c512,c768 tcontext=u:r:untrusted_app_27:s0:c40,c256,c512,c768 tclass=udp_socket permissive=0 app=us.zoom.zoompresence
03-03 01:21:44.628  2865  2865 I chatty  : uid=10040(us.zoom.zoompresence) identical 1 line
03-03 01:21:44.628  2865  2865 I auditd  : type=1400 audit(0.0:884): avc: denied { ioctl } for comm="Thread-5" path="socket:[451393]" dev="sockfs" ino=451393 ioctlcmd=0x8927 scontext=u:r:untrusted_app_27:s0:c40,c256,c512,c768 tcontext=u:r:untrusted_app_27:s0:c40,c256,c512,c768 tclass=udp_socket permissive=0 app=us.zoom.zoompresence
03-03 01:21:49.628  2865  2865 I auditd  : type=1400 audit(0.0:885): avc: denied { ioctl } for comm="Thread-5" path="socket:[450504]" dev="sockfs" ino=450504 ioctlcmd=0x8927 scontext=u:r:untrusted_app_27:s0:c40,c256,c512,c768 tcontext=u:r:untrusted_app_27:s0:c40,c256,c512,c768 tclass=udp_socket permissive=0 app=us.zoom.zoompresence
03-03 01:21:49.628  2865  2865 I chatty  : uid=10040(us.zoom.zoompresence) identical 1 line
03-03 01:21:49.628  2865  2865 I auditd  : type=1400 audit(0.0:887): avc: denied { ioctl } for comm="Thread-5" path="socket:[450504]" dev="sockfs" ino=450504 ioctlcmd=0x8927 scontext=u:r:untrusted_app_27:s0:c40,c256,c512,c768 tcontext=u:r:untrusted_app_27:s0:c40,c256,c512,c768 tclass=udp_socket permissive=0 app=us.zoom.zoompresence
03-03 01:21:51.049  1494  1713 I commit_sys_config_file: [appops,6]
03-03 01:21:51.216  1494  1522 I commit_sys_config_file: [warnings-config,5]
03-03 01:21:54.588  2865  2865 I auditd  : type=1400 audit(0.0:888): avc: denied { ioctl } for comm="Thread-5" path="socket:[452056]" dev="sockfs" ino=452056 ioctlcmd=0x8927 scontext=u:r:untrusted_app_27:s0:c40,c256,c512,c768 tcontext=u:r:untrusted_app_27:s0:c40,c256,c512,c768 tclass=udp_socket permissive=0 app=us.zoom.zoompresence
03-03 01:21:54.588  2865  2865 I chatty  : uid=10040(us.zoom.zoompresence) identical 1 line
03-03 01:21:54.588  2865  2865 I auditd  : type=1400 audit(0.0:890): avc: denied { ioctl } for comm="Thread-5" path="socket:[452056]" dev="sockfs" ino=452056 ioctlcmd=0x8927 scontext=u:r:untrusted_app_27:s0:c40,c256,c512,c768 tcontext=u:r:untrusted_app_27:s0:c40,c256,c512,c768 tclass=udp_socket permissive=0 app=us.zoom.zoompresence
03-03 01:21:56.219   574   574 I auditd  : avc:  denied  { find } for interface=vendor.qti.hardware.servicetracker::IServicetracker sid=u:r:system_server:s0 pid=1494 scontext=u:r:system_server:s0 tcontext=u:object_r:default_android_hwservice:s0 tclass=hwservice_manager permissive=0
03-03 01:21:56.221   574   574 I auditd  : avc:  denied  { find } for interface=vendor.qti.hardware.servicetracker::IServicetracker sid=u:r:system_server:s0 pid=1494 scontext=u:r:system_server:s0 tcontext=u:object_r:default_android_hwservice:s0 tclass=hwservice_manager permissive=0
03-03 01:21:59.578  2865  2865 I auditd  : type=1400 audit(0.0:891): avc: denied { ioctl } for comm="Thread-5" path="socket:[450508]" dev="sockfs" ino=450508 ioctlcmd=0x8927 scontext=u:r:untrusted_app_27:s0:c40,c256,c512,c768 tcontext=u:r:untrusted_app_27:s0:c40,c256,c512,c768 tclass=udp_socket permissive=0 app=us.zoom.zoompresence
03-03 01:21:59.578  2865  2865 I chatty  : uid=10040(us.zoom.zoompresence) identical 1 line
03-03 01:21:59.578  2865  2865 I auditd  : type=1400 audit(0.0:893): avc: denied { ioctl } for comm="Thread-5" path="socket:[450508]" dev="sockfs" ino=450508 ioctlcmd=0x8927 scontext=u:r:untrusted_app_27:s0:c40,c256,c512,c768 tcontext=u:r:untrusted_app_27:s0:c40,c256,c512,c768 tclass=udp_socket permissive=0 app=us.zoom.zoompresence
03-03 01:22:04.518  2865  2865 I auditd  : type=1400 audit(0.0:894): avc: denied { ioctl } for comm="Thread-5" path="socket:[452059]" dev="sockfs" ino=452059 ioctlcmd=0x8927 scontext=u:r:untrusted_app_27:s0:c40,c256,c512,c768 tcontext=u:r:untrusted_app_27:s0:c40,c256,c512,c768 tclass=udp_socket permissive=0 app=us.zoom.zoompresence
03-03 01:22:04.518  2865  2865 I chatty  : uid=10040(us.zoom.zoompresence) identical 1 line
03-03 01:22:04.518  2865  2865 I auditd  : type=1400 audit(0.0:896): avc: denied { ioctl } for comm="Thread-5" path="socket:[452059]" dev="sockfs" ino=452059 ioctlcmd=0x8927 scontext=u:r:untrusted_app_27:s0:c40,c256,c512,c768 tcontext=u:r:untrusted_app_27:s0:c40,c256,c512,c768 tclass=udp_socket permissive=0 app=us.zoom.zoompresence
03-03 01:22:08.501   574   574 I auditd  : avc:  denied  { find } for interface=vendor.qti.hardware.servicetracker::IServicetracker sid=u:r:system_server:s0 pid=1494 scontext=u:r:system_server:s0 tcontext=u:object_r:default_android_hwservice:s0 tclass=hwservice_manager permissive=0
03-03 01:22:09.538  2865  2865 I auditd  : type=1400 audit(0.0:897): avc: denied { ioctl } for comm="Thread-5" path="socket:[452060]" dev="sockfs" ino=452060 ioctlcmd=0x8927 scontext=u:r:untrusted_app_27:s0:c40,c256,c512,c768 tcontext=u:r:untrusted_app_27:s0:c40,c256,c512,c768 tclass=udp_socket permissive=0 app=us.zoom.zoompresence
03-03 01:22:09.538  2865  2865 I chatty  : uid=10040(us.zoom.zoompresence) identical 1 line
03-03 01:22:09.538  2865  2865 I auditd  : type=1400 audit(0.0:899): avc: denied { ioctl } for comm="Thread-5" path="socket:[452060]" dev="sockfs" ino=452060 ioctlcmd=0x8927 scontext=u:r:untrusted_app_27:s0:c40,c256,c512,c768 tcontext=u:r:untrusted_app_27:s0:c40,c256,c512,c768 tclass=udp_socket permissive=0 app=us.zoom.zoompresence
03-03 01:22:10.284   574   574 I auditd  : avc:  denied  { find } for interface=vendor.qti.hardware.servicetracker::IServicetracker sid=u:r:system_server:s0 pid=1494 scontext=u:r:system_server:s0 tcontext=u:object_r:default_android_hwservice:s0 tclass=hwservice_manager permissive=0
03-03 01:22:11.266  1494  1528 I am_pss  : [6867,1002,com.android.bluetooth,20360192,16961536,0,108642304,0,0,13]
03-03 01:22:14.508  2865  2865 I auditd  : type=1400 audit(0.0:900): avc: denied { ioctl } for comm="Thread-5" path="socket:[450513]" dev="sockfs" ino=450513 ioctlcmd=0x8927 scontext=u:r:untrusted_app_27:s0:c40,c256,c512,c768 tcontext=u:r:untrusted_app_27:s0:c40,c256,c512,c768 tclass=udp_socket permissive=0 app=us.zoom.zoompresence
03-03 01:22:14.508  2865  2865 I chatty  : uid=10040(us.zoom.zoompresence) identical 1 line
03-03 01:22:14.508  2865  2865 I auditd  : type=1400 audit(0.0:902): avc: denied { ioctl } for comm="Thread-5" path="socket:[450513]" dev="sockfs" ino=450513 ioctlcmd=0x8927 scontext=u:r:untrusted_app_27:s0:c40,c256,c512,c768 tcontext=u:r:untrusted_app_27:s0:c40,c256,c512,c768 tclass=udp_socket permissive=0 app=us.zoom.zoompresence
03-03 01:22:19.498  2865  2865 I auditd  : type=1400 audit(0.0:903): avc: denied { ioctl } for comm="Thread-5" path="socket:[451406]" dev="sockfs" ino=451406 ioctlcmd=0x8927 scontext=u:r:untrusted_app_27:s0:c40,c256,c512,c768 tcontext=u:r:untrusted_app_27:s0:c40,c256,c512,c768 tclass=udp_socket permissive=0 app=us.zoom.zoompresence
03-03 01:22:19.498  2865  2865 I chatty  : uid=10040(us.zoom.zoompresence) identical 1 line
03-03 01:22:19.498  2865  2865 I auditd  : type=1400 audit(0.0:905): avc: denied { ioctl } for comm="Thread-5" path="socket:[451406]" dev="sockfs" ino=451406 ioctlcmd=0x8927 scontext=u:r:untrusted_app_27:s0:c40,c256,c512,c768 tcontext=u:r:untrusted_app_27:s0:c40,c256,c512,c768 tclass=udp_socket permissive=0 app=us.zoom.zoompresence
03-03 01:22:24.458  2865  2865 I auditd  : type=1400 audit(0.0:906): avc: denied { ioctl } for comm="Thread-5" path="socket:[454583]" dev="sockfs" ino=454583 ioctlcmd=0x8927 scontext=u:r:untrusted_app_27:s0:c40,c256,c512,c768 tcontext=u:r:untrusted_app_27:s0:c40,c256,c512,c768 tclass=udp_socket permissive=0 app=us.zoom.zoompresence
03-03 01:22:24.458  2865  2865 I chatty  : uid=10040(us.zoom.zoompresence) identical 1 line
03-03 01:22:24.458  2865  2865 I auditd  : type=1400 audit(0.0:908): avc: denied { ioctl } for comm="Thread-5" path="socket:[454583]" dev="sockfs" ino=454583 ioctlcmd=0x8927 scontext=u:r:untrusted_app_27:s0:c40,c256,c512,c768 tcontext=u:r:untrusted_app_27:s0:c40,c256,c512,c768 tclass=udp_socket permissive=0 app=us.zoom.zoompresence
03-03 01:22:29.458  2865  2865 I auditd  : type=1400 audit(0.0:909): avc: denied { ioctl } for comm="Thread-5" path="socket:[454584]" dev="sockfs" ino=454584 ioctlcmd=0x8927 scontext=u:r:untrusted_app_27:s0:c40,c256,c512,c768 tcontext=u:r:untrusted_app_27:s0:c40,c256,c512,c768 tclass=udp_socket permissive=0 app=us.zoom.zoompresence
03-03 01:22:29.458  2865  2865 I chatty  : uid=10040(us.zoom.zoompresence) identical 1 line
03-03 01:22:29.458  2865  2865 I auditd  : type=1400 audit(0.0:911): avc: denied { ioctl } for comm="Thread-5" path="socket:[454584]" dev="sockfs" ino=454584 ioctlcmd=0x8927 scontext=u:r:untrusted_app_27:s0:c40,c256,c512,c768 tcontext=u:r:untrusted_app_27:s0:c40,c256,c512,c768 tclass=udp_socket permissive=0 app=us.zoom.zoompresence
03-03 01:22:31.811  1494  1529 I am_uid_idle: 10013
03-03 01:22:33.092     0     0 D logd    : logdr: UID=0 GID=0 PID=7054 b tail=0 logMask=19 pid=0 start=0ns timeout=0ns
03-03 01:22:34.418  2865  2865 I auditd  : type=1400 audit(0.0:912): avc: denied { ioctl } for comm="Thread-5" path="socket:[450519]" dev="sockfs" ino=450519 ioctlcmd=0x8927 scontext=u:r:untrusted_app_27:s0:c40,c256,c512,c768 tcontext=u:r:untrusted_app_27:s0:c40,c256,c512,c768 tclass=udp_socket permissive=0 app=us.zoom.zoompresence
03-03 01:22:34.418  2865  2865 I chatty  : uid=10040(us.zoom.zoompresence) identical 1 line
03-03 01:22:34.418  2865  2865 I auditd  : type=1400 audit(0.0:914): avc: denied { ioctl } for comm="Thread-5" path="socket:[450519]" dev="sockfs" ino=450519 ioctlcmd=0x8927 scontext=u:r:untrusted_app_27:s0:c40,c256,c512,c768 tcontext=u:r:untrusted_app_27:s0:c40,c256,c512,c768 tclass=udp_socket permissive=0 app=us.zoom.zoompresence
03-03 01:22:38.463  1494  1521 I commit_sys_config_file: [package-session,5]
03-03 01:22:38.468  1494  1521 I commit_sys_config_file: [package-session,5]
03-03 01:22:38.517  1494 12268 I commit_sys_config_file: [package-session,4]
03-03 01:22:38.550  1494  1546 I liblog  : 1
03-03 01:22:38.613  1494  1546 I liblog  : 247
03-03 01:22:38.613  1494  1546 I commit_sys_config_file: [package-user-0,5]
03-03 01:22:38.613  1494  1546 I commit_sys_config_file: [package,54]
03-03 01:22:38.621  1494  1546 I sysui_multi_action: [757,1243,758,4,806,com.logitech.integration.test,1241,android.permission.CAMERA]
03-03 01:22:38.621  1494  1546 I sysui_multi_action: [757,1243,758,4,806,com.logitech.integration.test,1241,android.permission.WRITE_EXTERNAL_STORAGE]
03-03 01:22:38.633  1494  1546 I sysui_multi_action: [757,1243,758,4,806,com.logitech.integration.test,1241,android.permission.READ_EXTERNAL_STORAGE]
03-03 01:22:38.637  1494  1546 I sysui_multi_action: [757,1243,758,4,806,com.logitech.integration.test,1241,android.permission.RECORD_AUDIO]
03-03 01:22:38.639  1494  1546 I unknown_sources_enabled: 1
03-03 01:22:38.642  1494  1494 I notification_cancel_all: [1000,1494,com.logitech.integration.test,0,0,0,5,NULL]
03-03 01:22:38.645   574   574 I auditd  : avc:  denied  { find } for interface=vendor.qti.hardware.servicetracker::IServicetracker sid=u:r:system_server:s0 pid=1494 scontext=u:r:system_server:s0 tcontext=u:object_r:default_android_hwservice:s0 tclass=hwservice_manager permissive=0
03-03 01:22:38.647  1494  1590 I commit_sys_config_file: [package-session,7]
03-03 01:22:38.648   574   574 I auditd  : avc:  denied  { find } for interface=vendor.qti.hardware.servicetracker::IServicetracker sid=u:r:system_server:s0 pid=1494 scontext=u:r:system_server:s0 tcontext=u:object_r:default_android_hwservice:s0 tclass=hwservice_manager permissive=0
03-03 01:22:38.889  1494  1528 I commit_sys_config_file: [roles-0,11]
03-03 01:22:38.946  1494  1528 I commit_sys_config_file: [package-perms-0,6]
03-03 01:22:39.078  1494  1521 I commit_sys_config_file: [package-session,5]
03-03 01:22:39.083  1494  1521 I commit_sys_config_file: [package-session,4]
03-03 01:22:39.104  1494  1969 I commit_sys_config_file: [package-session,5]
03-03 01:22:39.137  1494  1546 I liblog  : 2
03-03 01:22:39.144  1494  1546 I liblog  : 218
03-03 01:22:39.185  1494  1546 I commit_sys_config_file: [package-user-0,3]
03-03 01:22:39.185  1494  1546 I commit_sys_config_file: [package,40]
03-03 01:22:39.191  1494  1546 I sysui_multi_action: [757,1243,758,4,806,com.logitech.integration.test.test,1241,android.permission.WRITE_EXTERNAL_STORAGE]
03-03 01:22:39.203  1494  1546 I sysui_multi_action: [757,1243,758,4,806,com.logitech.integration.test.test,1241,android.permission.READ_EXTERNAL_STORAGE]
03-03 01:22:39.208  1494  1546 I unknown_sources_enabled: 1
03-03 01:22:39.216  1494  1590 I commit_sys_config_file: [package-session,7]
03-03 01:22:39.217  1494  1494 I notification_cancel_all: [1000,1494,com.logitech.integration.test.test,0,0,0,5,NULL]
03-03 01:22:39.408  2865  2865 I auditd  : type=1400 audit(0.0:915): avc: denied { ioctl } for comm="Thread-5" path="socket:[454634]" dev="sockfs" ino=454634 ioctlcmd=0x8927 scontext=u:r:untrusted_app_27:s0:c40,c256,c512,c768 tcontext=u:r:untrusted_app_27:s0:c40,c256,c512,c768 tclass=udp_socket permissive=0 app=us.zoom.zoompresence
03-03 01:22:39.408  2865  2865 I chatty  : uid=10040(us.zoom.zoompresence) identical 1 line
03-03 01:22:39.408  2865  2865 I auditd  : type=1400 audit(0.0:917): avc: denied { ioctl } for comm="Thread-5" path="socket:[454634]" dev="sockfs" ino=454634 ioctlcmd=0x8927 scontext=u:r:untrusted_app_27:s0:c40,c256,c512,c768 tcontext=u:r:untrusted_app_27:s0:c40,c256,c512,c768 tclass=udp_socket permissive=0 app=us.zoom.zoompresence
03-03 01:22:39.439  1494  1528 I commit_sys_config_file: [roles-0,12]
03-03 01:22:39.507  1494  1528 I commit_sys_config_file: [package-perms-0,5]
03-03 01:22:39.531  1494  1969 I am_uid_active: 10013
03-03 01:22:40.065  1494  1969 I am_uid_running: 10099
03-03 01:22:40.087  1494  1530 I am_proc_start: [0,7124,10099,com.logitech.integration.test,added application,com.logitech.integration.test]
03-03 01:22:40.114  1494  1969 I am_proc_bound: [0,7124,com.logitech.integration.test]
03-03 01:22:40.116  1494  1969 I am_uid_active: 10099
03-03 01:22:41.967   574   574 I auditd  : avc:  denied  { find } for interface=vendor.qti.hardware.servicetracker::IServicetracker sid=u:r:system_server:s0 pid=1494 scontext=u:r:system_server:s0 tcontext=u:object_r:default_android_hwservice:s0 tclass=hwservice_manager permissive=0
03-03 01:22:41.971   574   574 I auditd  : avc:  denied  { find } for interface=vendor.qti.hardware.servicetracker::IServicetracker sid=u:r:system_server:s0 pid=1494 scontext=u:r:system_server:s0 tcontext=u:object_r:default_android_hwservice:s0 tclass=hwservice_manager permissive=0
03-03 01:22:41.971  1494  1618 I configuration_changed: 48
03-03 01:22:41.971  1494  1494 I sysui_multi_action: [757,128,758,5,759,8,793,59658,794,0,795,59658,796,19,806,android,857,PHYSICAL_KEYBOARD,858,3,947,0,1500,59556,1688,1]
03-03 01:22:41.972  1494  1494 I notification_canceled: [-1|android|19|null|1000,8,59658,59658,0,-1,-1,NULL]
03-03 01:22:42.021  1494  1618 I am_relaunch_resume_activity: [0,159745936,94,com.logitech.videocollaboration.froggersettings/.NetworkConnectionActivity]
03-03 01:22:42.022  3599  3599 I am_on_top_resumed_lost_called: [0,com.logitech.videocollaboration.froggersettings.NetworkConnectionActivity,pausing]
03-03 01:22:42.023  1494  6547 I dvm_lock_sample: [system_server,1,Binder:1494_12,16,WindowManagerService.java,6678,void com.android.server.wm.WindowManagerService.getStableInsets(int, android.graphics.Rect),ActivityTaskManagerService.java,4441,boolean com.android.server.wm.ActivityTaskManagerService.updateDisplayOverrideConfiguration(android.content.res.Configuration, int),3]
03-03 01:22:42.025  3599  3599 I am_on_paused_called: [0,com.logitech.videocollaboration.froggersettings.NetworkConnectionActivity,performPause]
03-03 01:22:42.026  1494  1969 I dvm_lock_sample: [system_server,1,Binder:1494_9,52,ActivityManagerService.java,15638,int com.android.server.am.ActivityManagerService.broadcastIntent(android.app.IApplicationThread, android.content.Intent, java.lang.String, android.content.IIntentReceiver, int, java.lang.String, android.os.Bundle, java.lang.String[], int, android.os.Bundle, boolean, boolean, int),-,14155,boolean com.android.server.am.ActivityManagerService.unbindService(android.app.IServiceConnection),10]
03-03 01:22:42.027  1494  1528 I am_pss  : [6867,1002,com.android.bluetooth,19994624,16822272,0,108675072,0,0,7]
03-03 01:22:42.032  3599  3599 I am_on_stop_called: [0,com.logitech.videocollaboration.froggersettings.NetworkConnectionActivity,handleRelaunchActivity]
03-03 01:22:42.034  3599  3599 I am_on_destroy_called: [0,com.logitech.videocollaboration.froggersettings.NetworkConnectionActivity,performDestroy]
03-03 01:22:42.052  3599  3599 I am_on_create_called: [0,com.logitech.videocollaboration.froggersettings.NetworkConnectionActivity,performCreate]
03-03 01:22:42.056  3599  3599 I am_on_start_called: [0,com.logitech.videocollaboration.froggersettings.NetworkConnectionActivity,handleStartActivity]
03-03 01:22:42.067  3599  3599 I am_on_resume_called: [0,com.logitech.videocollaboration.froggersettings.NetworkConnectionActivity,RESUME_ACTIVITY]
03-03 01:22:42.068  3599  3599 I am_on_top_resumed_gained_called: [0,com.logitech.videocollaboration.froggersettings.NetworkConnectionActivity,topWhenResuming]
03-03 01:22:42.201  1494  1606 I commit_sys_config_file: [settings-0-0,3]
03-03 01:22:42.205  1494  1606 I commit_sys_config_file: [settings-2-0,4]
03-03 01:22:44.279     0     0 E bt_ioctl: BT_CMD_PWR_CTRL pwr_cntrl:0
03-03 01:22:44.333   574   574 I auditd  : avc:  denied  { find } for interface=vendor.qti.hardware.servicetracker::IServicetracker sid=u:r:system_server:s0 pid=1494 scontext=u:r:system_server:s0 tcontext=u:object_r:default_android_hwservice:s0 tclass=hwservice_manager permissive=0
03-03 01:22:44.335   574   574 I chatty  : uid=1000(system) hwservicemanage identical 2 lines
03-03 01:22:44.336   574   574 I auditd  : avc:  denied  { find } for interface=vendor.qti.hardware.servicetracker::IServicetracker sid=u:r:system_server:s0 pid=1494 scontext=u:r:system_server:s0 tcontext=u:object_r:default_android_hwservice:s0 tclass=hwservice_manager permissive=0
03-03 01:22:44.378  2865  2865 I auditd  : type=1400 audit(0.0:918): avc: denied { ioctl } for comm="Thread-5" path="socket:[451584]" dev="sockfs" ino=451584 ioctlcmd=0x8927 scontext=u:r:untrusted_app_27:s0:c40,c256,c512,c768 tcontext=u:r:untrusted_app_27:s0:c40,c256,c512,c768 tclass=udp_socket permissive=0 app=us.zoom.zoompresence
03-03 01:22:44.378  2865  2865 I chatty  : uid=10040(us.zoom.zoompresence) identical 1 line
03-03 01:22:44.378  2865  2865 I auditd  : type=1400 audit(0.0:920): avc: denied { ioctl } for comm="Thread-5" path="socket:[451584]" dev="sockfs" ino=451584 ioctlcmd=0x8927 scontext=u:r:untrusted_app_27:s0:c40,c256,c512,c768 tcontext=u:r:untrusted_app_27:s0:c40,c256,c512,c768 tclass=udp_socket permissive=0 app=us.zoom.zoompresence
03-03 01:22:44.398  1494  1969 I am_proc_died: [0,6867,com.android.bluetooth,0,11]
03-03 01:22:44.399   574   574 I auditd  : avc:  denied  { find } for interface=vendor.qti.hardware.servicetracker::IServicetracker sid=u:r:system_server:s0 pid=1494 scontext=u:r:system_server:s0 tcontext=u:object_r:default_android_hwservice:s0 tclass=hwservice_manager permissive=0
03-03 01:22:44.400  1494  1969 I am_uid_stopped: 1002
03-03 01:22:44.741   574   574 I auditd  : avc:  denied  { find } for interface=vendor.qti.hardware.servicetracker::IServicetracker sid=u:r:system_server:s0 pid=1494 scontext=u:r:system_server:s0 tcontext=u:object_r:default_android_hwservice:s0 tclass=hwservice_manager permissive=0
03-03 01:22:44.741  1494  1521 I am_uid_running: 1002
03-03 01:22:44.766  1494  1530 I am_proc_start: [0,7180,1002,com.android.bluetooth,service,{com.android.bluetooth/com.android.bluetooth.btservice.AdapterService}]
03-03 01:22:44.775  1494  6547 I am_proc_bound: [0,7180,com.android.bluetooth]
03-03 01:22:44.777  1494  6547 I am_uid_active: 1002
03-03 01:22:44.778   574   574 I auditd  : avc:  denied  { find } for interface=vendor.qti.hardware.servicetracker::IServicetracker sid=u:r:system_server:s0 pid=1494 scontext=u:r:system_server:s0 tcontext=u:object_r:default_android_hwservice:s0 tclass=hwservice_manager permissive=0
03-03 01:22:44.828  7180  7207 I bt_config_source: 1
03-03 01:22:44.859   574   574 I auditd  : avc:  denied  { find } for interface=vendor.qti.hardware.servicetracker::IServicetracker sid=u:r:system_server:s0 pid=1494 scontext=u:r:system_server:s0 tcontext=u:object_r:default_android_hwservice:s0 tclass=hwservice_manager permissive=0
03-03 01:22:44.872     0     0 E bt_ioctl: BT_CMD_PWR_CTRL pwr_cntrl:0
03-03 01:22:44.872     0     0 E bt_ioctl: BT chip state is already :0 no change d
03-03 01:22:44.872     0     0 E bt_ioctl: BT_CMD_PWR_CTRL pwr_cntrl:1
03-03 01:22:45.119     0     0 E bt_ioctl: BT_CMD_CHIP_VERS soc_version:40010214
03-03 01:22:46.293   574   574 I chatty  : uid=1000(system) hwservicemanage identical 2 lines
03-03 01:22:46.299   574   574 I auditd  : avc:  denied  { find } for interface=vendor.qti.hardware.servicetracker::IServicetracker sid=u:r:system_server:s0 pid=1494 scontext=u:r:system_server:s0 tcontext=u:object_r:default_android_hwservice:s0 tclass=hwservice_manager permissive=0
03-03 01:22:46.531  1494  1606 I commit_sys_config_file: [settings-0-0,6]
03-03 01:22:46.534  1494  1606 I commit_sys_config_file: [settings-2-0,4]
03-03 01:22:47.559     0     0 I input   : RallyBarRem as /devices/virtual/misc/uhid/0005:046D:08D5.000B/input/input11
03-03 01:22:47.559     0     0 I hid-generic 0005: 046D:08D5.000B: input,hidraw1: BLUETOOTH HID v1.01 Keyboard [RallyBarRem] on
03-03 01:22:47.571  1494  1618 I configuration_changed: 48
03-03 01:22:47.575  1494  1494 I notification_enqueue: [1000,1494,android,19,NULL,-1,Notification(channel=PHYSICAL_KEYBOARD pri=0 contentView=null vibrate=null sound=null defaults=0x0 flags=0x0 color=0xff607d8b vis=PRIVATE),0]
03-03 01:22:47.606  1494  1618 I am_relaunch_resume_activity: [0,159745936,94,com.logitech.videocollaboration.froggersettings/.NetworkConnectionActivity]
03-03 01:22:47.607  3599  3599 I am_on_top_resumed_lost_called: [0,com.logitech.videocollaboration.froggersettings.NetworkConnectionActivity,pausing]
03-03 01:22:47.610  3599  3599 I am_on_paused_called: [0,com.logitech.videocollaboration.froggersettings.NetworkConnectionActivity,performPause]
03-03 01:22:47.612  3599  3599 I am_on_stop_called: [0,com.logitech.videocollaboration.froggersettings.NetworkConnectionActivity,handleRelaunchActivity]
03-03 01:22:47.614  3599  3599 I am_on_destroy_called: [0,com.logitech.videocollaboration.froggersettings.NetworkConnectionActivity,performDestroy]
03-03 01:22:47.635  3599  3599 I am_on_create_called: [0,com.logitech.videocollaboration.froggersettings.NetworkConnectionActivity,performCreate]
03-03 01:22:47.640  3599  3599 I am_on_start_called: [0,com.logitech.videocollaboration.froggersettings.NetworkConnectionActivity,handleStartActivity]
03-03 01:22:47.652  3599  3599 I am_on_resume_called: [0,com.logitech.videocollaboration.froggersettings.NetworkConnectionActivity,RESUME_ACTIVITY]
03-03 01:22:47.652  3599  3599 I am_on_top_resumed_gained_called: [0,com.logitech.videocollaboration.froggersettings.NetworkConnectionActivity,topWhenResuming]
03-03 01:22:47.676  1494  1494 I sysui_multi_action: [757,1501,758,1,793,102,794,0,795,102,796,19,806,android,857,PHYSICAL_KEYBOARD,858,3,947,0,1500,0]
03-03 01:22:47.676  1494  1494 I sysui_multi_action: [757,804,799,note_interruptive,801,0,802,1]
03-03 01:22:47.676  1494  1494 I sysui_multi_action: [757,1501,758,1,793,102,794,0,795,102,796,19,806,android,857,PHYSICAL_KEYBOARD,858,3,947,0,1500,0,1688,1]
03-03 01:22:47.676  1494  1494 I sysui_multi_action: [757,804,799,note_interruptive,801,0,802,1]
03-03 01:22:47.677  1494  1494 I sysui_multi_action: [757,199,758,1,759,2,793,103,794,0,795,103,796,19,806,android,857,PHYSICAL_KEYBOARD,858,3,947,0,1500,1,1688,1]
03-03 01:22:47.677  1494  1494 I notification_alert: [-1|android|19|null|1000,0,1,0]
03-03 01:22:48.234  1494  5368 I am_uid_stopped: 10099
03-03 01:22:48.234  1494  5368 I am_kill : [0,7124,com.logitech.integration.test,0,stop com.logitech.integration.test]
03-03 01:22:48.236   574   574 I auditd  : avc:  denied  { find } for interface=vendor.qti.hardware.servicetracker::IServicetracker sid=u:r:system_server:s0 pid=1494 scontext=u:r:system_server:s0 tcontext=u:object_r:default_android_hwservice:s0 tclass=hwservice_manager permissive=0
03-03 01:22:48.249     0     0 I binder  : undelivered TRANSACTION_COMPLETE
03-03 01:22:48.249     0     0 I binder  : undelivered transaction 16462393, process died.
03-03 01:22:48.491     0     0 I sdcardfs: removing com.logitech.integration.test.test
03-03 01:22:48.510  1494  1546 I commit_sys_config_file: [package-user-0,4]
03-03 01:22:48.511  1494  1546 I commit_sys_config_file: [package,55]
03-03 01:22:48.593   574   574 I auditd  : avc:  denied  { find } for interface=vendor.qti.hardware.servicetracker::IServicetracker sid=u:r:system_server:s0 pid=1494 scontext=u:r:system_server:s0 tcontext=u:object_r:default_android_hwservice:s0 tclass=hwservice_manager permissive=0
03-03 01:22:48.594  1494  1494 I notification_cancel_all: [1000,1494,com.logitech.integration.test.test,0,0,0,5,NULL]
03-03 01:22:48.595   574   574 I auditd  : avc:  denied  { find } for interface=vendor.qti.hardware.servicetracker::IServicetracker sid=u:r:system_server:s0 pid=1494 scontext=u:r:system_server:s0 tcontext=u:object_r:default_android_hwservice:s0 tclass=hwservice_manager permissive=0
03-03 01:22:48.597  1494  1627 I commit_sys_config_file: [net-policy,13]
03-03 01:22:48.598   574   574 I auditd  : avc:  denied  { find } for interface=vendor.qti.hardware.servicetracker::IServicetracker sid=u:r:system_server:s0 pid=1494 scontext=u:r:system_server:s0 tcontext=u:object_r:default_android_hwservice:s0 tclass=hwservice_manager permissive=0
03-03 01:22:48.608   574   574 I auditd  : avc:  denied  { find } for interface=vendor.qti.hardware.servicetracker::IServicetracker sid=u:r:system_server:s0 pid=1494 scontext=u:r:system_server:s0 tcontext=u:object_r:default_android_hwservice:s0 tclass=hwservice_manager permissive=0
03-03 01:22:48.609  1494  1521 I commit_sys_config_file: [notification-policy,11]
03-03 01:22:48.613  1494  1521 I commit_sys_config_file: [notification-policy,3]
03-03 01:22:48.615  1494  1626 I netstats_mobile_sample: [0,0,0,0,0,0,0,0,0,0,0,0,1614770568616]
03-03 01:22:48.615  1494  1626 I netstats_wifi_sample: [0,0,0,0,0,0,0,0,0,0,0,0,1614770568616]
03-03 01:22:48.671     0     0 I sdcardfs: removing com.logitech.integration.test
03-03 01:22:48.680  1494  1546 I commit_sys_config_file: [package-user-0,3]
03-03 01:22:48.680  1494  1546 I commit_sys_config_file: [package,43]
03-03 01:22:48.748   574   574 I auditd  : avc:  denied  { find } for interface=vendor.qti.hardware.servicetracker::IServicetracker sid=u:r:system_server:s0 pid=1494 scontext=u:r:system_server:s0 tcontext=u:object_r:default_android_hwservice:s0 tclass=hwservice_manager permissive=0
03-03 01:22:48.752  1494  1494 I notification_cancel_all: [1000,1494,com.logitech.integration.test,0,0,0,5,NULL]
