03-03 01:14:30.743     0     0 I binder  : undelivered transaction 16374487, process died.
03-03 01:14:30.989     0     0 I sdcardfs: removing com.logitech.integration.test.test
03-03 01:14:31.150     0     0 I sdcardfs: removing com.logitech.integration.test
03-03 01:16:01.224     0     0 D logd    : logdr: UID=0 GID=0 PID=5716 b tail=0 logMask=19 pid=0 start=0ns timeout=0ns
03-03 01:14:29.603  1686  1686 W CarrierConfigManager: Error getting config for subId -1 ICarrierConfigLoader is null
03-03 01:16:17.816  1686  1686 W CarrierConfigManager: Error getting config for subId -1 ICarrierConfigLoader is null
03-03 01:16:20.078     0     0 E bt_ioctl: BT_CMD_PWR_CTRL pwr_cntrl:0
03-03 01:16:20.078     0     0 E qcom,rpmh-regulator soc: rpmh-regulator-ldoa7: TCS Busy, retrying RPMH message send
03-03 01:16:20.683     0     0 E bt_ioctl: BT_CMD_PWR_CTRL pwr_cntrl:0
03-03 01:16:20.683     0     0 E bt_ioctl: BT chip state is already :0 no change d
03-03 01:16:20.684     0     0 E bt_ioctl: BT_CMD_PWR_CTRL pwr_cntrl:1
03-03 01:16:20.930     0     0 E bt_ioctl: BT_CMD_CHIP_VERS soc_version:40010214
03-03 01:16:21.969     0     0 I binder  : undelivered TRANSACTION_COMPLETE
03-03 01:16:21.969     0     0 I binder  : undelivered transaction 16389325, process died.
03-03 01:16:22.188     0     0 I sdcardfs: removing com.logitech.integration.test.test
03-03 01:16:22.340     0     0 I sdcardfs: removing com.logitech.integration.test
03-03 01:16:23.291     0     0 I input   : RallyBarRem as /devices/virtual/misc/uhid/0005:046D:08D5.0007/input/input7
03-03 01:16:23.291     0     0 I hid-generic 0005: 046D:08D5.0007: input,hidraw1: BLUETOOTH HID v1.01 Keyboard [RallyBarRem] on
03-03 01:17:04.621     0     0 I         : snd_pcm_hw_constraint_integer failed
03-03 01:17:04.621     0     0 I msm_pcm_open: P buffer bytes minmax constraint ret 1
03-03 01:17:04.797     0     0 I msm_mi2s_snd_shutdown(): substream = subdevice #0  stream = 0 did not shutdown
03-03 01:19:05.257     0     0 D logd    : logdr: UID=0 GID=0 PID=6083 b tail=0 logMask=19 pid=0 start=0ns timeout=0ns
03-03 01:16:23.329  1686  1686 W CarrierConfigManager: Error getting config for subId -1 ICarrierConfigLoader is null
03-03 01:19:15.144  1686  1686 W CarrierConfigManager: Error getting config for subId -1 ICarrierConfigLoader is null
03-03 01:19:17.370     0     0 E bt_ioctl: BT_CMD_PWR_CTRL pwr_cntrl:0
03-03 01:19:20.486     0     0 E bt_ioctl: BT_CMD_PWR_CTRL pwr_cntrl:0
03-03 01:19:20.486     0     0 E bt_ioctl: BT chip state is already :0 no change d
03-03 01:19:20.486     0     0 E bt_ioctl: BT_CMD_PWR_CTRL pwr_cntrl:1
03-03 01:19:20.733     0     0 E bt_ioctl: BT_CMD_CHIP_VERS soc_version:40010214
--------- beginning of events
03-03 01:19:21.908   574   574 I auditd  : avc:  denied  { find } for interface=vendor.qti.hardware.servicetracker::IServicetracker sid=u:r:system_server:s0 pid=1494 scontext=u:r:system_server:s0 tcontext=u:object_r:default_android_hwservice:s0 tclass=hwservice_manager permissive=0
03-03 01:19:22.144  1494  1606 I commit_sys_config_file: [settings-0-0,16]
03-03 01:19:22.149  1494  1606 I commit_sys_config_file: [settings-2-0,5]
03-03 01:19:23.128     0     0 I input   : RallyBarRem as /devices/virtual/misc/uhid/0005:046D:08D5.0008/input/input8
03-03 01:19:23.128     0     0 I hid-generic 0005: 046D:08D5.0008: input,hidraw1: BLUETOOTH HID v1.01 Keyboard [RallyBarRem] on
03-03 01:19:23.136  1494  1618 I configuration_changed: 48
03-03 01:19:23.140  1494  1494 I notification_enqueue: [1000,1494,android,19,NULL,-1,Notification(channel=PHYSICAL_KEYBOARD pri=0 contentView=null vibrate=null sound=null defaults=0x0 flags=0x0 color=0xff607d8b vis=PRIVATE),0]
03-03 01:19:23.174  1494  1618 I am_relaunch_resume_activity: [0,159745936,94,com.logitech.videocollaboration.froggersettings/.NetworkConnectionActivity]
03-03 01:19:23.174  3599  3599 I am_on_top_resumed_lost_called: [0,com.logitech.videocollaboration.froggersettings.NetworkConnectionActivity,pausing]
03-03 01:19:23.178  3599  3599 I am_on_paused_called: [0,com.logitech.videocollaboration.froggersettings.NetworkConnectionActivity,performPause]
03-03 01:19:23.182  3599  3599 I am_on_stop_called: [0,com.logitech.videocollaboration.froggersettings.NetworkConnectionActivity,handleRelaunchActivity]
03-03 01:19:23.183  3599  3599 I am_on_destroy_called: [0,com.logitech.videocollaboration.froggersettings.NetworkConnectionActivity,performDestroy]
03-03 01:19:23.203  3599  3599 I am_on_create_called: [0,com.logitech.videocollaboration.froggersettings.NetworkConnectionActivity,performCreate]
03-03 01:19:23.208  3599  3599 I am_on_start_called: [0,com.logitech.videocollaboration.froggersettings.NetworkConnectionActivity,handleStartActivity]
03-03 01:19:23.219  3599  3599 I am_on_resume_called: [0,com.logitech.videocollaboration.froggersettings.NetworkConnectionActivity,RESUME_ACTIVITY]
03-03 01:19:23.220  3599  3599 I am_on_top_resumed_gained_called: [0,com.logitech.videocollaboration.froggersettings.NetworkConnectionActivity,topWhenResuming]
03-03 01:19:23.241  1494  1494 I sysui_multi_action: [757,1501,758,1,793,101,794,0,795,101,796,19,806,android,857,PHYSICAL_KEYBOARD,858,3,947,0,1500,0]
03-03 01:19:23.241  1494  1494 I sysui_multi_action: [757,804,799,note_interruptive,801,0,802,1]
03-03 01:19:23.241  1494  1494 I sysui_multi_action: [757,1501,758,1,793,101,794,0,795,101,796,19,806,android,857,PHYSICAL_KEYBOARD,858,3,947,0,1500,0,1688,1]
03-03 01:19:23.241  1494  1494 I sysui_multi_action: [757,804,799,note_interruptive,801,0,802,1]
03-03 01:19:23.242  1494  1494 I sysui_multi_action: [757,199,758,1,759,2,793,102,794,0,795,102,796,19,806,android,857,PHYSICAL_KEYBOARD,858,3,947,0,1500,1,1688,1]
03-03 01:19:23.242  1494  1494 I notification_alert: [-1|android|19|null|1000,0,1,0]
03-03 01:19:23.284  1494  1546 I commit_sys_config_file: [package-user-0,5]
03-03 01:19:23.299  1494  1528 I am_pss  : [6155,10093,com.logitech.integration.test,83238912,80089088,0,159772672,0,5,8]
03-03 01:19:24.456  1494  1626 I netstats_mobile_sample: [0,0,0,0,0,0,0,0,0,0,0,0,1614770364457]
03-03 01:19:24.456  1494  1626 I netstats_wifi_sample: [0,0,0,0,0,0,0,0,0,0,0,0,1614770364457]
03-03 01:19:25.178  2865  2865 I auditd  : type=1400 audit(0.0:798): avc: denied { ioctl } for comm="Thread-5" path="socket:[447636]" dev="sockfs" ino=447636 ioctlcmd=0x8927 scontext=u:r:untrusted_app_27:s0:c40,c256,c512,c768 tcontext=u:r:untrusted_app_27:s0:c40,c256,c512,c768 tclass=udp_socket permissive=0 app=us.zoom.zoompresence
03-03 01:19:25.178  2865  2865 I chatty  : uid=10040(us.zoom.zoompresence) identical 1 line
03-03 01:19:25.178  2865  2865 I auditd  : type=1400 audit(0.0:800): avc: denied { ioctl } for comm="Thread-5" path="socket:[447636]" dev="sockfs" ino=447636 ioctlcmd=0x8927 scontext=u:r:untrusted_app_27:s0:c40,c256,c512,c768 tcontext=u:r:untrusted_app_27:s0:c40,c256,c512,c768 tclass=udp_socket permissive=0 app=us.zoom.zoompresence
03-03 01:19:27.405   574   574 I auditd  : avc:  denied  { find } for interface=vendor.qti.hardware.servicetracker::IServicetracker sid=u:r:system_server:s0 pid=1494 scontext=u:r:system_server:s0 tcontext=u:object_r:default_android_hwservice:s0 tclass=hwservice_manager permissive=0
03-03 01:19:27.407   574   574 I auditd  : avc:  denied  { find } for interface=vendor.qti.hardware.servicetracker::IServicetracker sid=u:r:system_server:s0 pid=1494 scontext=u:r:system_server:s0 tcontext=u:object_r:default_android_hwservice:s0 tclass=hwservice_manager permissive=0
03-03 01:19:29.269  1494  5975 I am_uid_stopped: 10093
03-03 01:19:29.269  1494  5975 I am_kill : [0,6155,com.logitech.integration.test,0,stop com.logitech.integration.test]
03-03 01:19:29.270   574   574 I auditd  : avc:  denied  { find } for interface=vendor.qti.hardware.servicetracker::IServicetracker sid=u:r:system_server:s0 pid=1494 scontext=u:r:system_server:s0 tcontext=u:object_r:default_android_hwservice:s0 tclass=hwservice_manager permissive=0
03-03 01:19:29.284     0     0 I binder  : undelivered TRANSACTION_COMPLETE
03-03 01:19:29.284     0     0 I binder  : undelivered transaction 16417741, process died.
03-03 01:19:29.571     0     0 I sdcardfs: removing com.logitech.integration.test.test
03-03 01:19:29.583  1494  1546 I commit_sys_config_file: [package-user-0,4]
03-03 01:19:29.583  1494  1546 I commit_sys_config_file: [package,49]
03-03 01:19:29.651   574   574 I auditd  : avc:  denied  { find } for interface=vendor.qti.hardware.servicetracker::IServicetracker sid=u:r:system_server:s0 pid=1494 scontext=u:r:system_server:s0 tcontext=u:object_r:default_android_hwservice:s0 tclass=hwservice_manager permissive=0
03-03 01:19:29.653   574   574 I chatty  : uid=1000(system) hwservicemanage identical 1 line
03-03 01:19:29.655   574   574 I auditd  : avc:  denied  { find } for interface=vendor.qti.hardware.servicetracker::IServicetracker sid=u:r:system_server:s0 pid=1494 scontext=u:r:system_server:s0 tcontext=u:object_r:default_android_hwservice:s0 tclass=hwservice_manager permissive=0
03-03 01:19:29.656  1494  1494 I notification_cancel_all: [1000,1494,com.logitech.integration.test.test,0,0,0,5,NULL]
03-03 01:19:29.663   574   574 I auditd  : avc:  denied  { find } for interface=vendor.qti.hardware.servicetracker::IServicetracker sid=u:r:system_server:s0 pid=1494 scontext=u:r:system_server:s0 tcontext=u:object_r:default_android_hwservice:s0 tclass=hwservice_manager permissive=0
03-03 01:19:29.671   574   574 I auditd  : avc:  denied  { find } for interface=vendor.qti.hardware.servicetracker::IServicetracker sid=u:r:system_server:s0 pid=1494 scontext=u:r:system_server:s0 tcontext=u:object_r:default_android_hwservice:s0 tclass=hwservice_manager permissive=0
03-03 01:19:29.677  1494  1627 I commit_sys_config_file: [net-policy,16]
03-03 01:19:29.677  1494  1521 I commit_sys_config_file: [notification-policy,17]
03-03 01:19:29.679  1494  1626 I netstats_mobile_sample: [0,0,0,0,0,0,0,0,0,0,0,0,1614770369680]
03-03 01:19:29.679  1494  1626 I netstats_wifi_sample: [0,0,0,0,0,0,0,0,0,0,0,0,1614770369680]
03-03 01:19:29.682   574   574 I auditd  : avc:  denied  { find } for interface=vendor.qti.hardware.servicetracker::IServicetracker sid=u:r:system_server:s0 pid=1494 scontext=u:r:system_server:s0 tcontext=u:object_r:default_android_hwservice:s0 tclass=hwservice_manager permissive=0
03-03 01:19:29.682  1494  1521 I commit_sys_config_file: [notification-policy,4]
03-03 01:19:29.721     0     0 I sdcardfs: removing com.logitech.integration.test
03-03 01:19:29.736  1494  1546 I commit_sys_config_file: [package-user-0,8]
03-03 01:19:29.736  1494  1546 I commit_sys_config_file: [package,50]
03-03 01:19:29.808   574   574 I auditd  : avc:  denied  { find } for interface=vendor.qti.hardware.servicetracker::IServicetracker sid=u:r:system_server:s0 pid=1494 scontext=u:r:system_server:s0 tcontext=u:object_r:default_android_hwservice:s0 tclass=hwservice_manager permissive=0
03-03 01:19:29.810  1494  1626 I netstats_mobile_sample: [0,0,0,0,0,0,0,0,0,0,0,0,1614770369811]
03-03 01:19:29.810  1494  1626 I netstats_wifi_sample: [0,0,0,0,0,0,0,0,0,0,0,0,1614770369811]
03-03 01:19:29.811  1494  1627 I commit_sys_config_file: [net-policy,8]
03-03 01:19:29.812  1494  1494 I notification_cancel_all: [1000,1494,com.logitech.integration.test,0,0,0,5,NULL]
03-03 01:19:29.816   574   574 I auditd  : avc:  denied  { find } for interface=vendor.qti.hardware.servicetracker::IServicetracker sid=u:r:system_server:s0 pid=1494 scontext=u:r:system_server:s0 tcontext=u:object_r:default_android_hwservice:s0 tclass=hwservice_manager permissive=0
03-03 01:19:29.817  1494  1521 I commit_sys_config_file: [notification-policy,4]
03-03 01:19:29.818   574   574 I auditd  : avc:  denied  { find } for interface=vendor.qti.hardware.servicetracker::IServicetracker sid=u:r:system_server:s0 pid=1494 scontext=u:r:system_server:s0 tcontext=u:object_r:default_android_hwservice:s0 tclass=hwservice_manager permissive=0
03-03 01:19:29.822   574   574 I auditd  : avc:  denied  { find } for interface=vendor.qti.hardware.servicetracker::IServicetracker sid=u:r:system_server:s0 pid=1494 scontext=u:r:system_server:s0 tcontext=u:object_r:default_android_hwservice:s0 tclass=hwservice_manager permissive=0
03-03 01:19:29.823  1494  1521 I commit_sys_config_file: [notification-policy,5]
03-03 01:19:29.886  1494  1528 I commit_sys_config_file: [roles-0,6]
03-03 01:19:29.984  1494  1528 I commit_sys_config_file: [package-perms-0,7]
03-03 01:19:30.178  2865  2865 I auditd  : type=1400 audit(0.0:801): avc: denied { ioctl } for comm="Thread-5" path="socket:[446307]" dev="sockfs" ino=446307 ioctlcmd=0x8927 scontext=u:r:untrusted_app_27:s0:c40,c256,c512,c768 tcontext=u:r:untrusted_app_27:s0:c40,c256,c512,c768 tclass=udp_socket permissive=0 app=us.zoom.zoompresence
03-03 01:19:30.178  2865  2865 I chatty  : uid=10040(us.zoom.zoompresence) identical 1 line
03-03 01:19:30.178  2865  2865 I auditd  : type=1400 audit(0.0:803): avc: denied { ioctl } for comm="Thread-5" path="socket:[446307]" dev="sockfs" ino=446307 ioctlcmd=0x8927 scontext=u:r:untrusted_app_27:s0:c40,c256,c512,c768 tcontext=u:r:untrusted_app_27:s0:c40,c256,c512,c768 tclass=udp_socket permissive=0 app=us.zoom.zoompresence
03-03 01:19:32.851  1494  1528 I sysui_multi_action: [757,1717,758,1,759,0]
03-03 01:19:32.851  1494  1528 I sysui_multi_action: [757,1717,758,2,759,0]
03-03 01:19:32.851  1494  1528 I sysui_multi_action: [757,1717,758,3,759,0]
03-03 01:19:35.108  2865  2865 I auditd  : type=1400 audit(0.0:804): avc: denied { ioctl } for comm="Thread-5" path="socket:[446931]" dev="sockfs" ino=446931 ioctlcmd=0x8927 scontext=u:r:untrusted_app_27:s0:c40,c256,c512,c768 tcontext=u:r:untrusted_app_27:s0:c40,c256,c512,c768 tclass=udp_socket permissive=0 app=us.zoom.zoompresence
03-03 01:19:35.108  2865  2865 I chatty  : uid=10040(us.zoom.zoompresence) identical 1 line
03-03 01:19:35.108  2865  2865 I auditd  : type=1400 audit(0.0:806): avc: denied { ioctl } for comm="Thread-5" path="socket:[446931]" dev="sockfs" ino=446931 ioctlcmd=0x8927 scontext=u:r:untrusted_app_27:s0:c40,c256,c512,c768 tcontext=u:r:untrusted_app_27:s0:c40,c256,c512,c768 tclass=udp_socket permissive=0 app=us.zoom.zoompresence
03-03 01:19:39.582  1494  1546 I commit_sys_config_file: [package-user-0,5]
03-03 01:19:39.663  1494  1713 I commit_sys_config_file: [appops,7]
03-03 01:19:39.809  1494  1522 I commit_sys_config_file: [warnings-config,5]
03-03 01:19:40.138  2865  2865 I auditd  : type=1400 audit(0.0:807): avc: denied { ioctl } for comm="Thread-5" path="socket:[449537]" dev="sockfs" ino=449537 ioctlcmd=0x8927 scontext=u:r:untrusted_app_27:s0:c40,c256,c512,c768 tcontext=u:r:untrusted_app_27:s0:c40,c256,c512,c768 tclass=udp_socket permissive=0 app=us.zoom.zoompresence
03-03 01:19:40.138  2865  2865 I chatty  : uid=10040(us.zoom.zoompresence) identical 1 line
03-03 01:19:40.138  2865  2865 I auditd  : type=1400 audit(0.0:809): avc: denied { ioctl } for comm="Thread-5" path="socket:[449537]" dev="sockfs" ino=449537 ioctlcmd=0x8927 scontext=u:r:untrusted_app_27:s0:c40,c256,c512,c768 tcontext=u:r:untrusted_app_27:s0:c40,c256,c512,c768 tclass=udp_socket permissive=0 app=us.zoom.zoompresence
03-03 01:19:44.813   574   574 I auditd  : avc:  denied  { find } for interface=vendor.qti.hardware.servicetracker::IServicetracker sid=u:r:system_server:s0 pid=1494 scontext=u:r:system_server:s0 tcontext=u:object_r:default_android_hwservice:s0 tclass=hwservice_manager permissive=0
03-03 01:19:44.815   574   574 I auditd  : avc:  denied  { find } for interface=vendor.qti.hardware.servicetracker::IServicetracker sid=u:r:system_server:s0 pid=1494 scontext=u:r:system_server:s0 tcontext=u:object_r:default_android_hwservice:s0 tclass=hwservice_manager permissive=0
03-03 01:19:45.098  2865  2865 I auditd  : type=1400 audit(0.0:810): avc: denied { ioctl } for comm="Thread-5" path="socket:[447816]" dev="sockfs" ino=447816 ioctlcmd=0x8927 scontext=u:r:untrusted_app_27:s0:c40,c256,c512,c768 tcontext=u:r:untrusted_app_27:s0:c40,c256,c512,c768 tclass=udp_socket permissive=0 app=us.zoom.zoompresence
03-03 01:19:45.098  2865  2865 I chatty  : uid=10040(us.zoom.zoompresence) identical 1 line
03-03 01:19:45.098  2865  2865 I auditd  : type=1400 audit(0.0:812): avc: denied { ioctl } for comm="Thread-5" path="socket:[447816]" dev="sockfs" ino=447816 ioctlcmd=0x8927 scontext=u:r:untrusted_app_27:s0:c40,c256,c512,c768 tcontext=u:r:untrusted_app_27:s0:c40,c256,c512,c768 tclass=udp_socket permissive=0 app=us.zoom.zoompresence
03-03 01:19:50.088  2865  2865 I auditd  : type=1400 audit(0.0:813): avc: denied { ioctl } for comm="Thread-5" path="socket:[447817]" dev="sockfs" ino=447817 ioctlcmd=0x8927 scontext=u:r:untrusted_app_27:s0:c40,c256,c512,c768 tcontext=u:r:untrusted_app_27:s0:c40,c256,c512,c768 tclass=udp_socket permissive=0 app=us.zoom.zoompresence
03-03 01:19:50.088  2865  2865 I chatty  : uid=10040(us.zoom.zoompresence) identical 1 line
03-03 01:19:50.088  2865  2865 I auditd  : type=1400 audit(0.0:815): avc: denied { ioctl } for comm="Thread-5" path="socket:[447817]" dev="sockfs" ino=447817 ioctlcmd=0x8927 scontext=u:r:untrusted_app_27:s0:c40,c256,c512,c768 tcontext=u:r:untrusted_app_27:s0:c40,c256,c512,c768 tclass=udp_socket permissive=0 app=us.zoom.zoompresence
03-03 01:19:55.068  2865  2865 I auditd  : type=1400 audit(0.0:816): avc: denied { ioctl } for comm="Thread-5" path="socket:[449541]" dev="sockfs" ino=449541 ioctlcmd=0x8927 scontext=u:r:untrusted_app_27:s0:c40,c256,c512,c768 tcontext=u:r:untrusted_app_27:s0:c40,c256,c512,c768 tclass=udp_socket permissive=0 app=us.zoom.zoompresence
03-03 01:19:55.068  2865  2865 I chatty  : uid=10040(us.zoom.zoompresence) identical 1 line
03-03 01:19:55.068  2865  2865 I auditd  : type=1400 audit(0.0:818): avc: denied { ioctl } for comm="Thread-5" path="socket:[449541]" dev="sockfs" ino=449541 ioctlcmd=0x8927 scontext=u:r:untrusted_app_27:s0:c40,c256,c512,c768 tcontext=u:r:untrusted_app_27:s0:c40,c256,c512,c768 tclass=udp_socket permissive=0 app=us.zoom.zoompresence
03-03 01:19:59.862  1494  1528 I am_pss  : [6227,1002,com.android.bluetooth,20439040,17047552,0,108732416,0,0,12]
03-03 01:20:00.048  2865  2865 I auditd  : type=1400 audit(0.0:819): avc: denied { ioctl } for comm="Thread-5" path="socket:[447820]" dev="sockfs" ino=447820 ioctlcmd=0x8927 scontext=u:r:untrusted_app_27:s0:c40,c256,c512,c768 tcontext=u:r:untrusted_app_27:s0:c40,c256,c512,c768 tclass=udp_socket permissive=0 app=us.zoom.zoompresence
03-03 01:20:00.241     0     0 W healthd : battery l=50 v=4171 t=30.0 h=2 st=3 c=-339 fc=0 cc=0 chg=
03-03 01:20:00.048  2865  2865 I chatty  : uid=10040(us.zoom.zoompresence) identical 1 line
03-03 01:20:00.048  2865  2865 I auditd  : type=1400 audit(0.0:821): avc: denied { ioctl } for comm="Thread-5" path="socket:[447820]" dev="sockfs" ino=447820 ioctlcmd=0x8927 scontext=u:r:untrusted_app_27:s0:c40,c256,c512,c768 tcontext=u:r:untrusted_app_27:s0:c40,c256,c512,c768 tclass=udp_socket permissive=0 app=us.zoom.zoompresence
03-03 01:20:04.813   574   574 I auditd  : avc:  denied  { find } for interface=vendor.qti.hardware.servicetracker::IServicetracker sid=u:r:system_server:s0 pid=1494 scontext=u:r:system_server:s0 tcontext=u:object_r:default_android_hwservice:s0 tclass=hwservice_manager permissive=0
03-03 01:20:05.018  2865  2865 I auditd  : type=1400 audit(0.0:822): avc: denied { ioctl } for comm="Thread-5" path="socket:[446313]" dev="sockfs" ino=446313 ioctlcmd=0x8927 scontext=u:r:untrusted_app_27:s0:c40,c256,c512,c768 tcontext=u:r:untrusted_app_27:s0:c40,c256,c512,c768 tclass=udp_socket permissive=0 app=us.zoom.zoompresence
03-03 01:20:05.018  2865  2865 I chatty  : uid=10040(us.zoom.zoompresence) identical 1 line
03-03 01:20:05.018  2865  2865 I auditd  : type=1400 audit(0.0:824): avc: denied { ioctl } for comm="Thread-5" path="socket:[446313]" dev="sockfs" ino=446313 ioctlcmd=0x8927 scontext=u:r:untrusted_app_27:s0:c40,c256,c512,c768 tcontext=u:r:untrusted_app_27:s0:c40,c256,c512,c768 tclass=udp_socket permissive=0 app=us.zoom.zoompresence
03-03 01:20:06.716   574   574 I auditd  : avc:  denied  { find } for interface=vendor.qti.hardware.servicetracker::IServicetracker sid=u:r:system_server:s0 pid=1494 scontext=u:r:system_server:s0 tcontext=u:object_r:default_android_hwservice:s0 tclass=hwservice_manager permissive=0
03-03 01:20:10.018  2865  2865 I auditd  : type=1400 audit(0.0:825): avc: denied { ioctl } for comm="Thread-5" path="socket:[449545]" dev="sockfs" ino=449545 ioctlcmd=0x8927 scontext=u:r:untrusted_app_27:s0:c40,c256,c512,c768 tcontext=u:r:untrusted_app_27:s0:c40,c256,c512,c768 tclass=udp_socket permissive=0 app=us.zoom.zoompresence
03-03 01:20:10.018  2865  2865 I chatty  : uid=10040(us.zoom.zoompresence) identical 1 line
03-03 01:20:10.018  2865  2865 I auditd  : type=1400 audit(0.0:827): avc: denied { ioctl } for comm="Thread-5" path="socket:[449545]" dev="sockfs" ino=449545 ioctlcmd=0x8927 scontext=u:r:untrusted_app_27:s0:c40,c256,c512,c768 tcontext=u:r:untrusted_app_27:s0:c40,c256,c512,c768 tclass=udp_socket permissive=0 app=us.zoom.zoompresence
03-03 01:20:12.729  1494  1529 I am_uid_idle: 10013
03-03 01:20:15.008  2865  2865 I auditd  : type=1400 audit(0.0:828): avc: denied { ioctl } for comm="Thread-5" path="socket:[447821]" dev="sockfs" ino=447821 ioctlcmd=0x8927 scontext=u:r:untrusted_app_27:s0:c40,c256,c512,c768 tcontext=u:r:untrusted_app_27:s0:c40,c256,c512,c768 tclass=udp_socket permissive=0 app=us.zoom.zoompresence
03-03 01:20:15.008  2865  2865 I chatty  : uid=10040(us.zoom.zoompresence) identical 1 line
03-03 01:20:15.008  2865  2865 I auditd  : type=1400 audit(0.0:830): avc: denied { ioctl } for comm="Thread-5" path="socket:[447821]" dev="sockfs" ino=447821 ioctlcmd=0x8927 scontext=u:r:untrusted_app_27:s0:c40,c256,c512,c768 tcontext=u:r:untrusted_app_27:s0:c40,c256,c512,c768 tclass=udp_socket permissive=0 app=us.zoom.zoompresence
03-03 01:20:19.948  2865  2865 I auditd  : type=1400 audit(0.0:831): avc: denied { ioctl } for comm="Thread-5" path="socket:[446939]" dev="sockfs" ino=446939 ioctlcmd=0x8927 scontext=u:r:untrusted_app_27:s0:c40,c256,c512,c768 tcontext=u:r:untrusted_app_27:s0:c40,c256,c512,c768 tclass=udp_socket permissive=0 app=us.zoom.zoompresence
03-03 01:20:22.436     0     0 D logd    : logdr: UID=0 GID=0 PID=6416 b tail=0 logMask=19 pid=0 start=0ns timeout=0ns
03-03 01:20:19.948  2865  2865 I chatty  : uid=10040(us.zoom.zoompresence) identical 1 line
03-03 01:20:19.948  2865  2865 I auditd  : type=1400 audit(0.0:833): avc: denied { ioctl } for comm="Thread-5" path="socket:[446939]" dev="sockfs" ino=446939 ioctlcmd=0x8927 scontext=u:r:untrusted_app_27:s0:c40,c256,c512,c768 tcontext=u:r:untrusted_app_27:s0:c40,c256,c512,c768 tclass=udp_socket permissive=0 app=us.zoom.zoompresence
03-03 01:20:24.968  2865  2865 I auditd  : type=1400 audit(0.0:834): avc: denied { ioctl } for comm="Thread-5" path="socket:[446954]" dev="sockfs" ino=446954 ioctlcmd=0x8927 scontext=u:r:untrusted_app_27:s0:c40,c256,c512,c768 tcontext=u:r:untrusted_app_27:s0:c40,c256,c512,c768 tclass=udp_socket permissive=0 app=us.zoom.zoompresence
03-03 01:20:24.968  2865  2865 I chatty  : uid=10040(us.zoom.zoompresence) identical 1 line
03-03 01:20:24.968  2865  2865 I auditd  : type=1400 audit(0.0:836): avc: denied { ioctl } for comm="Thread-5" path="socket:[446954]" dev="sockfs" ino=446954 ioctlcmd=0x8927 scontext=u:r:untrusted_app_27:s0:c40,c256,c512,c768 tcontext=u:r:untrusted_app_27:s0:c40,c256,c512,c768 tclass=udp_socket permissive=0 app=us.zoom.zoompresence
03-03 01:20:28.045  1494  1521 I commit_sys_config_file: [package-session,5]
03-03 01:20:28.050  1494  1521 I commit_sys_config_file: [package-session,4]
03-03 01:20:28.100  1494  1540 I commit_sys_config_file: [package-session,5]
03-03 01:20:28.134  1494  1546 I liblog  : 1
03-03 01:20:28.138  1494  1546 I chatty  : uid=1000(system) PackageManager identical 56 lines
03-03 01:20:28.139  1494  1546 I liblog  : 1
03-03 01:20:28.223  1494  1546 I commit_sys_config_file: [package-user-0,4]
03-03 01:20:28.224  1494  1546 I commit_sys_config_file: [package,85]
03-03 01:20:28.231  1494  1546 I sysui_multi_action: [757,1243,758,4,806,com.logitech.integration.test,1241,android.permission.CAMERA]
03-03 01:20:28.231  1494  1546 I sysui_multi_action: [757,1243,758,4,806,com.logitech.integration.test,1241,android.permission.WRITE_EXTERNAL_STORAGE]
03-03 01:20:28.242  1494  1546 I sysui_multi_action: [757,1243,758,4,806,com.logitech.integration.test,1241,android.permission.READ_EXTERNAL_STORAGE]
03-03 01:20:28.247  1494  1546 I sysui_multi_action: [757,1243,758,4,806,com.logitech.integration.test,1241,android.permission.RECORD_AUDIO]
03-03 01:20:28.248  1494  1546 I unknown_sources_enabled: 1
03-03 01:20:28.253  1494  1494 I notification_cancel_all: [1000,1494,com.logitech.integration.test,0,0,0,5,NULL]
03-03 01:20:28.254  1494  1590 I commit_sys_config_file: [package-session,4]
03-03 01:20:28.254   574   574 I auditd  : avc:  denied  { find } for interface=vendor.qti.hardware.servicetracker::IServicetracker sid=u:r:system_server:s0 pid=1494 scontext=u:r:system_server:s0 tcontext=u:object_r:default_android_hwservice:s0 tclass=hwservice_manager permissive=0
03-03 01:20:28.256   574   574 I auditd  : avc:  denied  { find } for interface=vendor.qti.hardware.servicetracker::IServicetracker sid=u:r:system_server:s0 pid=1494 scontext=u:r:system_server:s0 tcontext=u:object_r:default_android_hwservice:s0 tclass=hwservice_manager permissive=0
03-03 01:20:28.516  1494  1528 I commit_sys_config_file: [roles-0,47]
03-03 01:20:28.522  1494  1528 I commit_sys_config_file: [package-perms-0,5]
03-03 01:20:28.670  1494  1521 I commit_sys_config_file: [package-session,4]
03-03 01:20:28.674  1494  1521 I commit_sys_config_file: [package-session,3]
03-03 01:20:28.693  1494 16046 I commit_sys_config_file: [package-session,4]
03-03 01:20:28.728  1494  1546 I liblog  : 1
03-03 01:20:28.729  1494  1546 I chatty  : uid=1000(system) PackageManager identical 18 lines
03-03 01:20:28.729  1494  1546 I liblog  : 2
03-03 01:20:28.761  1494  1546 I commit_sys_config_file: [package-user-0,3]
03-03 01:20:28.761  1494  1546 I commit_sys_config_file: [package,31]
03-03 01:20:28.766  1494  1546 I sysui_multi_action: [757,1243,758,4,806,com.logitech.integration.test.test,1241,android.permission.WRITE_EXTERNAL_STORAGE]
03-03 01:20:28.777  1494  1546 I sysui_multi_action: [757,1243,758,4,806,com.logitech.integration.test.test,1241,android.permission.READ_EXTERNAL_STORAGE]
03-03 01:20:28.783  1494  1546 I unknown_sources_enabled: 1
03-03 01:20:28.790  1494  1590 I commit_sys_config_file: [package-session,5]
03-03 01:20:28.791  1494  1494 I notification_cancel_all: [1000,1494,com.logitech.integration.test.test,0,0,0,5,NULL]
03-03 01:20:29.024  1494  1528 I commit_sys_config_file: [roles-0,7]
03-03 01:20:29.084  1494  1528 I commit_sys_config_file: [package-perms-0,9]
03-03 01:20:29.106  1494  1540 I am_uid_active: 10013
03-03 01:20:29.612  1494  1540 I am_uid_running: 10095
03-03 01:20:29.634  1494  1530 I am_proc_start: [0,6489,10095,com.logitech.integration.test,added application,com.logitech.integration.test]
03-03 01:20:29.661  1494  1540 I am_proc_bound: [0,6489,com.logitech.integration.test]
03-03 01:20:29.662  1494  1540 I am_uid_active: 10095
03-03 01:20:29.928  2865  2865 I auditd  : type=1400 audit(0.0:837): avc: denied { ioctl } for comm="Thread-5" path="socket:[448237]" dev="sockfs" ino=448237 ioctlcmd=0x8927 scontext=u:r:untrusted_app_27:s0:c40,c256,c512,c768 tcontext=u:r:untrusted_app_27:s0:c40,c256,c512,c768 tclass=udp_socket permissive=0 app=us.zoom.zoompresence
03-03 01:20:29.928  2865  2865 I chatty  : uid=10040(us.zoom.zoompresence) identical 1 line
03-03 01:20:29.928  2865  2865 I auditd  : type=1400 audit(0.0:839): avc: denied { ioctl } for comm="Thread-5" path="socket:[448237]" dev="sockfs" ino=448237 ioctlcmd=0x8927 scontext=u:r:untrusted_app_27:s0:c40,c256,c512,c768 tcontext=u:r:untrusted_app_27:s0:c40,c256,c512,c768 tclass=udp_socket permissive=0 app=us.zoom.zoompresence
03-03 01:20:31.506   574   574 I auditd  : avc:  denied  { find } for interface=vendor.qti.hardware.servicetracker::IServicetracker sid=u:r:system_server:s0 pid=1494 scontext=u:r:system_server:s0 tcontext=u:object_r:default_android_hwservice:s0 tclass=hwservice_manager permissive=0
03-03 01:20:31.511  1494  1618 I configuration_changed: 48
03-03 01:20:31.513  1494  1494 I sysui_multi_action: [757,128,758,5,759,8,793,68373,794,0,795,68373,796,19,806,android,857,PHYSICAL_KEYBOARD,858,3,947,0,1500,68272,1688,1]
03-03 01:20:31.513  1494  1494 I notification_canceled: [-1|android|19|null|1000,8,68373,68373,0,-1,-1,NULL]
03-03 01:20:31.514  1494  1528 I am_pss  : [6227,1002,com.android.bluetooth,20106240,16924672,0,108793856,0,0,6]
03-03 01:20:31.516   574   574 I auditd  : avc:  denied  { find } for interface=vendor.qti.hardware.servicetracker::IServicetracker sid=u:r:system_server:s0 pid=1494 scontext=u:r:system_server:s0 tcontext=u:object_r:default_android_hwservice:s0 tclass=hwservice_manager permissive=0
03-03 01:19:23.167  1686  1686 W CarrierConfigManager: Error getting config for subId -1 ICarrierConfigLoader is null
03-03 01:20:31.544  1686  1686 W CarrierConfigManager: Error getting config for subId -1 ICarrierConfigLoader is null
03-03 01:20:31.557  1494  1618 I am_relaunch_resume_activity: [0,159745936,94,com.logitech.videocollaboration.froggersettings/.NetworkConnectionActivity]
03-03 01:20:31.558  3599  3599 I am_on_top_resumed_lost_called: [0,com.logitech.videocollaboration.froggersettings.NetworkConnectionActivity,pausing]
03-03 01:20:31.561  3599  3599 I am_on_paused_called: [0,com.logitech.videocollaboration.froggersettings.NetworkConnectionActivity,performPause]
03-03 01:20:31.563  3599  3599 I am_on_stop_called: [0,com.logitech.videocollaboration.froggersettings.NetworkConnectionActivity,handleRelaunchActivity]
03-03 01:20:31.565  3599  3599 I am_on_destroy_called: [0,com.logitech.videocollaboration.froggersettings.NetworkConnectionActivity,performDestroy]
03-03 01:20:31.588  3599  3599 I am_on_create_called: [0,com.logitech.videocollaboration.froggersettings.NetworkConnectionActivity,performCreate]
03-03 01:20:31.594  3599  3599 I am_on_start_called: [0,com.logitech.videocollaboration.froggersettings.NetworkConnectionActivity,handleStartActivity]
03-03 01:20:31.604  3599  3599 I am_on_resume_called: [0,com.logitech.videocollaboration.froggersettings.NetworkConnectionActivity,RESUME_ACTIVITY]
03-03 01:20:31.605  3599  3599 I am_on_top_resumed_gained_called: [0,com.logitech.videocollaboration.froggersettings.NetworkConnectionActivity,topWhenResuming]
03-03 01:20:31.818  1494  1606 I commit_sys_config_file: [settings-0-0,80]
03-03 01:20:31.823  1494  1606 I commit_sys_config_file: [settings-2-0,5]
03-03 01:20:33.671     0     0 E bt_ioctl: BT_CMD_PWR_CTRL pwr_cntrl:0
03-03 01:20:33.681   574   574 I auditd  : avc:  denied  { find } for interface=vendor.qti.hardware.servicetracker::IServicetracker sid=u:r:system_server:s0 pid=1494 scontext=u:r:system_server:s0 tcontext=u:object_r:default_android_hwservice:s0 tclass=hwservice_manager permissive=0
03-03 01:20:33.682   574   574 I chatty  : uid=1000(system) hwservicemanage identical 2 lines
03-03 01:20:33.683   574   574 I auditd  : avc:  denied  { find } for interface=vendor.qti.hardware.servicetracker::IServicetracker sid=u:r:system_server:s0 pid=1494 scontext=u:r:system_server:s0 tcontext=u:object_r:default_android_hwservice:s0 tclass=hwservice_manager permissive=0
03-03 01:20:33.741  1494 16046 I am_proc_died: [0,6227,com.android.bluetooth,0,11]
03-03 01:20:33.741   574   574 I auditd  : avc:  denied  { find } for interface=vendor.qti.hardware.servicetracker::IServicetracker sid=u:r:system_server:s0 pid=1494 scontext=u:r:system_server:s0 tcontext=u:object_r:default_android_hwservice:s0 tclass=hwservice_manager permissive=0
03-03 01:20:33.742  1494 16046 I am_uid_stopped: 1002
03-03 01:20:34.918  2865  2865 I auditd  : type=1400 audit(0.0:840): avc: denied { ioctl } for comm="Thread-5" path="socket:[448423]" dev="sockfs" ino=448423 ioctlcmd=0x8927 scontext=u:r:untrusted_app_27:s0:c40,c256,c512,c768 tcontext=u:r:untrusted_app_27:s0:c40,c256,c512,c768 tclass=udp_socket permissive=0 app=us.zoom.zoompresence
03-03 01:20:34.918  2865  2865 I chatty  : uid=10040(us.zoom.zoompresence) identical 1 line
03-03 01:20:34.918  2865  2865 I auditd  : type=1400 audit(0.0:842): avc: denied { ioctl } for comm="Thread-5" path="socket:[448423]" dev="sockfs" ino=448423 ioctlcmd=0x8927 scontext=u:r:untrusted_app_27:s0:c40,c256,c512,c768 tcontext=u:r:untrusted_app_27:s0:c40,c256,c512,c768 tclass=udp_socket permissive=0 app=us.zoom.zoompresence
03-03 01:20:36.759   574   574 I auditd  : avc:  denied  { find } for interface=vendor.qti.hardware.servicetracker::IServicetracker sid=u:r:system_server:s0 pid=1494 scontext=u:r:system_server:s0 tcontext=u:object_r:default_android_hwservice:s0 tclass=hwservice_manager permissive=0
03-03 01:20:36.760  1494  1521 I am_uid_running: 1002
03-03 01:20:36.781  1494  1530 I am_proc_start: [0,6551,1002,com.android.bluetooth,service,{com.android.bluetooth/com.android.bluetooth.btservice.AdapterService}]
03-03 01:20:36.789  1494  2834 I am_proc_bound: [0,6551,com.android.bluetooth]
03-03 01:20:36.791  1494  2834 I am_uid_active: 1002
03-03 01:20:36.792   574   574 I auditd  : avc:  denied  { find } for interface=vendor.qti.hardware.servicetracker::IServicetracker sid=u:r:system_server:s0 pid=1494 scontext=u:r:system_server:s0 tcontext=u:object_r:default_android_hwservice:s0 tclass=hwservice_manager permissive=0
03-03 01:20:36.841  6551  6578 I bt_config_source: 1
03-03 01:20:36.872   574   574 I auditd  : avc:  denied  { find } for interface=vendor.qti.hardware.servicetracker::IServicetracker sid=u:r:system_server:s0 pid=1494 scontext=u:r:system_server:s0 tcontext=u:object_r:default_android_hwservice:s0 tclass=hwservice_manager permissive=0
03-03 01:20:36.883     0     0 E bt_ioctl: BT_CMD_PWR_CTRL pwr_cntrl:0
03-03 01:20:36.883     0     0 E bt_ioctl: BT chip state is already :0 no change d
03-03 01:20:36.883     0     0 E bt_ioctl: BT_CMD_PWR_CTRL pwr_cntrl:1
03-03 01:20:37.129     0     0 E bt_ioctl: BT_CMD_CHIP_VERS soc_version:40010214
03-03 01:20:38.300   574   574 I chatty  : uid=1000(system) hwservicemanage identical 2 lines
03-03 01:20:38.305   574   574 I auditd  : avc:  denied  { find } for interface=vendor.qti.hardware.servicetracker::IServicetracker sid=u:r:system_server:s0 pid=1494 scontext=u:r:system_server:s0 tcontext=u:object_r:default_android_hwservice:s0 tclass=hwservice_manager permissive=0
03-03 01:20:38.539  1494  1606 I commit_sys_config_file: [settings-0-0,8]
03-03 01:20:38.543  1494  1606 I commit_sys_config_file: [settings-2-0,5]
03-03 01:20:39.479     0     0 I input   : RallyBarRem as /devices/virtual/misc/uhid/0005:046D:08D5.0009/input/input9
03-03 01:20:39.480     0     0 I hid-generic 0005: 046D:08D5.0009: input,hidraw1: BLUETOOTH HID v1.01 Keyboard [RallyBarRem] on
03-03 01:20:39.492  1494  1618 I configuration_changed: 48
03-03 01:20:39.496  1494  1494 I notification_enqueue: [1000,1494,android,19,NULL,-1,Notification(channel=PHYSICAL_KEYBOARD pri=0 contentView=null vibrate=null sound=null defaults=0x0 flags=0x0 color=0xff607d8b vis=PRIVATE),0]
03-03 01:20:39.539  1494  1618 I am_relaunch_resume_activity: [0,159745936,94,com.logitech.videocollaboration.froggersettings/.NetworkConnectionActivity]
03-03 01:20:39.540  3599  3599 I am_on_top_resumed_lost_called: [0,com.logitech.videocollaboration.froggersettings.NetworkConnectionActivity,pausing]
03-03 01:20:39.543  3599  3599 I am_on_paused_called: [0,com.logitech.videocollaboration.froggersettings.NetworkConnectionActivity,performPause]
03-03 01:20:39.544  3599  3599 I am_on_stop_called: [0,com.logitech.videocollaboration.froggersettings.NetworkConnectionActivity,handleRelaunchActivity]
03-03 01:20:39.546  3599  3599 I am_on_destroy_called: [0,com.logitech.videocollaboration.froggersettings.NetworkConnectionActivity,performDestroy]
03-03 01:20:39.564  3599  3599 I am_on_create_called: [0,com.logitech.videocollaboration.froggersettings.NetworkConnectionActivity,performCreate]
03-03 01:20:39.569  3599  3599 I am_on_start_called: [0,com.logitech.videocollaboration.froggersettings.NetworkConnectionActivity,handleStartActivity]
03-03 01:20:39.582  3599  3599 I am_on_resume_called: [0,com.logitech.videocollaboration.froggersettings.NetworkConnectionActivity,RESUME_ACTIVITY]
03-03 01:20:39.582  3599  3599 I am_on_top_resumed_gained_called: [0,com.logitech.videocollaboration.froggersettings.NetworkConnectionActivity,topWhenResuming]
03-03 01:20:39.596  1494  1494 I sysui_multi_action: [757,1501,758,1,793,101,794,0,795,101,796,19,806,android,857,PHYSICAL_KEYBOARD,858,3,947,0,1500,0]
03-03 01:20:39.596  1494  1494 I sysui_multi_action: [757,804,799,note_interruptive,801,0,802,1]
03-03 01:20:39.597  1494  1494 I sysui_multi_action: [757,1501,758,1,793,102,794,0,795,102,796,19,806,android,857,PHYSICAL_KEYBOARD,858,3,947,0,1500,0,1688,1]
03-03 01:20:39.597  1494  1494 I sysui_multi_action: [757,804,799,note_interruptive,801,0,802,1]
03-03 01:20:39.597  1494  1494 I sysui_multi_action: [757,199,758,1,759,2,793,102,794,0,795,102,796,19,806,android,857,PHYSICAL_KEYBOARD,858,3,947,0,1500,0,1688,1]
03-03 01:20:39.597  1494  1494 I notification_alert: [-1|android|19|null|1000,0,1,0]
03-03 01:20:39.661  1494  1546 I commit_sys_config_file: [package-user-0,4]
03-03 01:20:39.878  2865  2865 I auditd  : type=1400 audit(0.0:843): avc: denied { ioctl } for comm="Thread-5" path="socket:[450598]" dev="sockfs" ino=450598 ioctlcmd=0x8927 scontext=u:r:untrusted_app_27:s0:c40,c256,c512,c768 tcontext=u:r:untrusted_app_27:s0:c40,c256,c512,c768 tclass=udp_socket permissive=0 app=us.zoom.zoompresence
03-03 01:20:39.878  2865  2865 I chatty  : uid=10040(us.zoom.zoompresence) identical 1 line
03-03 01:20:39.878  2865  2865 I auditd  : type=1400 audit(0.0:845): avc: denied { ioctl } for comm="Thread-5" path="socket:[450598]" dev="sockfs" ino=450598 ioctlcmd=0x8927 scontext=u:r:untrusted_app_27:s0:c40,c256,c512,c768 tcontext=u:r:untrusted_app_27:s0:c40,c256,c512,c768 tclass=udp_socket permissive=0 app=us.zoom.zoompresence
03-03 01:20:40.655  1494  4512 I am_uid_stopped: 10095
03-03 01:20:40.656  1494  4512 I am_kill : [0,6489,com.logitech.integration.test,0,stop com.logitech.integration.test]
03-03 01:20:40.658   574   574 I auditd  : avc:  denied  { find } for interface=vendor.qti.hardware.servicetracker::IServicetracker sid=u:r:system_server:s0 pid=1494 scontext=u:r:system_server:s0 tcontext=u:object_r:default_android_hwservice:s0 tclass=hwservice_manager permissive=0
03-03 01:20:40.669     0     0 I binder  : undelivered TRANSACTION_COMPLETE
03-03 01:20:40.669     0     0 I binder  : undelivered transaction 16433084, process died.
03-03 01:20:40.936     0     0 I sdcardfs: removing com.logitech.integration.test.test
03-03 01:20:40.981  1494  1546 I commit_sys_config_file: [package-user-0,4]
03-03 01:20:40.981  1494  1546 I commit_sys_config_file: [package,79]
03-03 01:20:41.058   574   574 I auditd  : avc:  denied  { find } for interface=vendor.qti.hardware.servicetracker::IServicetracker sid=u:r:system_server:s0 pid=1494 scontext=u:r:system_server:s0 tcontext=u:object_r:default_android_hwservice:s0 tclass=hwservice_manager permissive=0
03-03 01:20:41.061  1494  1494 I notification_cancel_all: [1000,1494,com.logitech.integration.test.test,0,0,0,5,NULL]
03-03 01:20:41.065   574   574 I auditd  : avc:  denied  { find } for interface=vendor.qti.hardware.servicetracker::IServicetracker sid=u:r:system_server:s0 pid=1494 scontext=u:r:system_server:s0 tcontext=u:object_r:default_android_hwservice:s0 tclass=hwservice_manager permissive=0
03-03 01:20:41.066   574   574 I auditd  : avc:  denied  { find } for interface=vendor.qti.hardware.servicetracker::IServicetracker sid=u:r:system_server:s0 pid=1494 scontext=u:r:system_server:s0 tcontext=u:object_r:default_android_hwservice:s0 tclass=hwservice_manager permissive=0
03-03 01:20:41.068  1494  1627 I commit_sys_config_file: [net-policy,14]
03-03 01:20:41.069  1494  1521 I commit_sys_config_file: [notification-policy,7]
03-03 01:20:41.076  1494  1521 I commit_sys_config_file: [notification-policy,6]
03-03 01:20:41.077   574   574 I auditd  : avc:  denied  { find } for interface=vendor.qti.hardware.servicetracker::IServicetracker sid=u:r:system_server:s0 pid=1494 scontext=u:r:system_server:s0 tcontext=u:object_r:default_android_hwservice:s0 tclass=hwservice_manager permissive=0
03-03 01:20:41.078  1494  1626 I netstats_mobile_sample: [0,0,0,0,0,0,0,0,0,0,0,0,1614770441080]
03-03 01:20:41.078  1494  1626 I netstats_wifi_sample: [0,0,0,0,0,0,0,0,0,0,0,0,1614770441080]
03-03 01:20:41.124     0     0 I sdcardfs: removing com.logitech.integration.test
03-03 01:20:41.132  1494  1546 I commit_sys_config_file: [package-user-0,3]
03-03 01:20:41.132  1494  1546 I commit_sys_config_file: [package,32]
03-03 01:20:41.197   574   574 I auditd  : avc:  denied  { find } for interface=vendor.qti.hardware.servicetracker::IServicetracker sid=u:r:system_server:s0 pid=1494 scontext=u:r:system_server:s0 tcontext=u:object_r:default_android_hwservice:s0 tclass=hwservice_manager permissive=0
03-03 01:20:41.199  1494  1494 I notification_cancel_all: [1000,1494,com.logitech.integration.test,0,0,0,5,NULL]
03-03 01:20:41.206  1494  1521 I commit_sys_config_file: [notification-policy,6]
03-03 01:20:41.206   574   574 I auditd  : avc:  denied  { find } for interface=vendor.qti.hardware.servicetracker::IServicetracker sid=u:r:system_server:s0 pid=1494 scontext=u:r:system_server:s0 tcontext=u:object_r:default_android_hwservice:s0 tclass=hwservice_manager permissive=0
03-03 01:20:41.208  1494  1626 I netstats_mobile_sample: [0,0,0,0,0,0,0,0,0,0,0,0,1614770441209]
03-03 01:20:41.208  1494  1626 I netstats_wifi_sample: [0,0,0,0,0,0,0,0,0,0,0,0,1614770441209]
03-03 01:20:41.208  1494  1627 I commit_sys_config_file: [net-policy,4]
03-03 01:20:41.212   574   574 I auditd  : avc:  denied  { find } for interface=vendor.qti.hardware.servicetracker::IServicetracker sid=u:r:system_server:s0 pid=1494 scontext=u:r:system_server:s0 tcontext=u:object_r:default_android_hwservice:s0 tclass=hwservice_manager permissive=0
03-03 01:20:41.215   574   574 I auditd  : avc:  denied  { find } for interface=vendor.qti.hardware.servicetracker::IServicetracker sid=u:r:system_server:s0 pid=1494 scontext=u:r:system_server:s0 tcontext=u:object_r:default_android_hwservice:s0 tclass=hwservice_manager permissive=0
03-03 01:20:41.217  1494  1630 I service_manager_stats: [100,28,258943]
03-03 01:20:41.285  1494  1528 I commit_sys_config_file: [roles-0,5]
03-03 01:20:41.381  1494  1528 I commit_sys_config_file: [package-perms-0,7]
03-03 01:20:44.243  1494  1528 I sysui_multi_action: [757,1717,758,1,759,0]
03-03 01:20:44.244  1494  1528 I sysui_multi_action: [757,1717,758,2,759,0]
03-03 01:20:44.244  1494  1528 I sysui_multi_action: [757,1717,758,3,759,0]
03-03 01:20:44.888  2865  2865 I auditd  : type=1400 audit(0.0:846): avc: denied { ioctl } for comm="Thread-5" path="socket:[451682]" dev="sockfs" ino=451682 ioctlcmd=0x8927 scontext=u:r:untrusted_app_27:s0:c40,c256,c512,c768 tcontext=u:r:untrusted_app_27:s0:c40,c256,c512,c768 tclass=udp_socket permissive=0 app=us.zoom.zoompresence
03-03 01:20:44.888  2865  2865 I chatty  : uid=10040(us.zoom.zoompresence) identical 1 line
03-03 01:20:44.888  2865  2865 I auditd  : type=1400 audit(0.0:848): avc: denied { ioctl } for comm="Thread-5" path="socket:[451682]" dev="sockfs" ino=451682 ioctlcmd=0x8927 scontext=u:r:untrusted_app_27:s0:c40,c256,c512,c768 tcontext=u:r:untrusted_app_27:s0:c40,c256,c512,c768 tclass=udp_socket permissive=0 app=us.zoom.zoompresence
03-03 01:20:49.818  2865  2865 I auditd  : type=1400 audit(0.0:849): avc: denied { ioctl } for comm="Thread-5" path="socket:[453828]" dev="sockfs" ino=453828 ioctlcmd=0x8927 scontext=u:r:untrusted_app_27:s0:c40,c256,c512,c768 tcontext=u:r:untrusted_app_27:s0:c40,c256,c512,c768 tclass=udp_socket permissive=0 app=us.zoom.zoompresence
03-03 01:20:49.818  2865  2865 I chatty  : uid=10040(us.zoom.zoompresence) identical 1 line
03-03 01:20:49.818  2865  2865 I auditd  : type=1400 audit(0.0:851): avc: denied { ioctl } for comm="Thread-5" path="socket:[453828]" dev="sockfs" ino=453828 ioctlcmd=0x8927 scontext=u:r:untrusted_app_27:s0:c40,c256,c512,c768 tcontext=u:r:untrusted_app_27:s0:c40,c256,c512,c768 tclass=udp_socket permissive=0 app=us.zoom.zoompresence
03-03 01:20:50.954  1494  1546 I commit_sys_config_file: [package-user-0,7]
03-03 01:20:51.060  1494  1713 I commit_sys_config_file: [appops,6]
03-03 01:20:51.204  1494  1522 I commit_sys_config_file: [warnings-config,4]
03-03 01:20:54.848  2865  2865 I auditd  : type=1400 audit(0.0:852): avc: denied { ioctl } for comm="Thread-5" path="socket:[451684]" dev="sockfs" ino=451684 ioctlcmd=0x8927 scontext=u:r:untrusted_app_27:s0:c40,c256,c512,c768 tcontext=u:r:untrusted_app_27:s0:c40,c256,c512,c768 tclass=udp_socket permissive=0 app=us.zoom.zoompresence
03-03 01:20:54.848  2865  2865 I chatty  : uid=10040(us.zoom.zoompresence) identical 1 line
03-03 01:20:54.848  2865  2865 I auditd  : type=1400 audit(0.0:854): avc: denied { ioctl } for comm="Thread-5" path="socket:[451684]" dev="sockfs" ino=451684 ioctlcmd=0x8927 scontext=u:r:untrusted_app_27:s0:c40,c256,c512,c768 tcontext=u:r:untrusted_app_27:s0:c40,c256,c512,c768 tclass=udp_socket permissive=0 app=us.zoom.zoompresence
03-03 01:20:56.205   574   574 I auditd  : avc:  denied  { find } for interface=vendor.qti.hardware.servicetracker::IServicetracker sid=u:r:system_server:s0 pid=1494 scontext=u:r:system_server:s0 tcontext=u:object_r:default_android_hwservice:s0 tclass=hwservice_manager permissive=0
03-03 01:20:56.206   574   574 I auditd  : avc:  denied  { find } for interface=vendor.qti.hardware.servicetracker::IServicetracker sid=u:r:system_server:s0 pid=1494 scontext=u:r:system_server:s0 tcontext=u:object_r:default_android_hwservice:s0 tclass=hwservice_manager permissive=0
03-03 01:20:59.808  2865  2865 I auditd  : type=1400 audit(0.0:855): avc: denied { ioctl } for comm="Thread-5" path="socket:[453829]" dev="sockfs" ino=453829 ioctlcmd=0x8927 scontext=u:r:untrusted_app_27:s0:c40,c256,c512,c768 tcontext=u:r:untrusted_app_27:s0:c40,c256,c512,c768 tclass=udp_socket permissive=0 app=us.zoom.zoompresence
03-03 01:20:59.808  2865  2865 I chatty  : uid=10040(us.zoom.zoompresence) identical 1 line
03-03 01:20:59.808  2865  2865 I auditd  : type=1400 audit(0.0:857): avc: denied { ioctl } for comm="Thread-5" path="socket:[453829]" dev="sockfs" ino=453829 ioctlcmd=0x8927 scontext=u:r:untrusted_app_27:s0:c40,c256,c512,c768 tcontext=u:r:untrusted_app_27:s0:c40,c256,c512,c768 tclass=udp_socket permissive=0 app=us.zoom.zoompresence
03-03 01:21:04.788  2865  2865 I auditd  : type=1400 audit(0.0:858): avc: denied { ioctl } for comm="Thread-5" path="socket:[450005]" dev="sockfs" ino=450005 ioctlcmd=0x8927 scontext=u:r:untrusted_app_27:s0:c40,c256,c512,c768 tcontext=u:r:untrusted_app_27:s0:c40,c256,c512,c768 tclass=udp_socket permissive=0 app=us.zoom.zoompresence
03-03 01:21:04.788  2865  2865 I chatty  : uid=10040(us.zoom.zoompresence) identical 1 line
03-03 01:21:04.788  2865  2865 I auditd  : type=1400 audit(0.0:860): avc: denied { ioctl } for comm="Thread-5" path="socket:[450005]" dev="sockfs" ino=450005 ioctlcmd=0x8927 scontext=u:r:untrusted_app_27:s0:c40,c256,c512,c768 tcontext=u:r:untrusted_app_27:s0:c40,c256,c512,c768 tclass=udp_socket permissive=0 app=us.zoom.zoompresence
03-03 01:21:06.712   574   574 I auditd  : avc:  denied  { find } for interface=vendor.qti.hardware.servicetracker::IServicetracker sid=u:r:system_server:s0 pid=1494 scontext=u:r:system_server:s0 tcontext=u:object_r:default_android_hwservice:s0 tclass=hwservice_manager permissive=0
03-03 01:21:08.511   574   574 I auditd  : avc:  denied  { find } for interface=vendor.qti.hardware.servicetracker::IServicetracker sid=u:r:system_server:s0 pid=1494 scontext=u:r:system_server:s0 tcontext=u:object_r:default_android_hwservice:s0 tclass=hwservice_manager permissive=0
03-03 01:21:09.768  2865  2865 I auditd  : type=1400 audit(0.0:861): avc: denied { ioctl } for comm="Thread-5" path="socket:[450009]" dev="sockfs" ino=450009 ioctlcmd=0x8927 scontext=u:r:untrusted_app_27:s0:c40,c256,c512,c768 tcontext=u:r:untrusted_app_27:s0:c40,c256,c512,c768 tclass=udp_socket permissive=0 app=us.zoom.zoompresence
03-03 01:21:09.768  2865  2865 I chatty  : uid=10040(us.zoom.zoompresence) identical 1 line
03-03 01:21:09.768  2865  2865 I auditd  : type=1400 audit(0.0:863): avc: denied { ioctl } for comm="Thread-5" path="socket:[450009]" dev="sockfs" ino=450009 ioctlcmd=0x8927 scontext=u:r:untrusted_app_27:s0:c40,c256,c512,c768 tcontext=u:r:untrusted_app_27:s0:c40,c256,c512,c768 tclass=udp_socket permissive=0 app=us.zoom.zoompresence
03-03 01:21:11.251  1494  1528 I am_pss  : [6551,1002,com.android.bluetooth,20449280,17063936,0,108732416,0,0,11]
03-03 01:21:14.718  2865  2865 I auditd  : type=1400 audit(0.0:864): avc: denied { ioctl } for comm="Thread-5" path="socket:[450011]" dev="sockfs" ino=450011 ioctlcmd=0x8927 scontext=u:r:untrusted_app_27:s0:c40,c256,c512,c768 tcontext=u:r:untrusted_app_27:s0:c40,c256,c512,c768 tclass=udp_socket permissive=0 app=us.zoom.zoompresence
03-03 01:21:14.718  2865  2865 I chatty  : uid=10040(us.zoom.zoompresence) identical 1 line
03-03 01:21:14.718  2865  2865 I auditd  : type=1400 audit(0.0:866): avc: denied { ioctl } for comm="Thread-5" path="socket:[450011]" dev="sockfs" ino=450011 ioctlcmd=0x8927 scontext=u:r:untrusted_app_27:s0:c40,c256,c512,c768 tcontext=u:r:untrusted_app_27:s0:c40,c256,c512,c768 tclass=udp_socket permissive=0 app=us.zoom.zoompresence
