03-03 01:25:48.648  2865  2865 I auditd  : type=1400 audit(0.0:1029): avc: denied { ioctl } for comm="Thread-5" path="socket:[462886]" dev="sockfs" ino=462886 ioctlcmd=0x8927 scontext=u:r:untrusted_app_27:s0:c40,c256,c512,c768 tcontext=u:r:untrusted_app_27:s0:c40,c256,c512,c768 tclass=udp_socket permissive=0 app=us.zoom.zoompresence
03-03 01:25:48.648  2865  2865 I chatty  : uid=10040(us.zoom.zoompresence) identical 1 line
03-03 01:25:48.648  2865  2865 I auditd  : type=1400 audit(0.0:1031): avc: denied { ioctl } for comm="Thread-5" path="socket:[462886]" dev="sockfs" ino=462886 ioctlcmd=0x8927 scontext=u:r:untrusted_app_27:s0:c40,c256,c512,c768 tcontext=u:r:untrusted_app_27:s0:c40,c256,c512,c768 tclass=udp_socket permissive=0 app=us.zoom.zoompresence
03-03 01:25:53.638  2865  2865 I auditd  : type=1400 audit(0.0:1032): avc: denied { ioctl } for comm="Thread-5" path="socket:[458598]" dev="sockfs" ino=458598 ioctlcmd=0x8927 scontext=u:r:untrusted_app_27:s0:c40,c256,c512,c768 tcontext=u:r:untrusted_app_27:s0:c40,c256,c512,c768 tclass=udp_socket permissive=0 app=us.zoom.zoompresence
03-03 01:25:53.638  2865  2865 I chatty  : uid=10040(us.zoom.zoompresence) identical 1 line
03-03 01:25:53.638  2865  2865 I auditd  : type=1400 audit(0.0:1034): avc: denied { ioctl } for comm="Thread-5" path="socket:[458598]" dev="sockfs" ino=458598 ioctlcmd=0x8927 scontext=u:r:untrusted_app_27:s0:c40,c256,c512,c768 tcontext=u:r:untrusted_app_27:s0:c40,c256,c512,c768 tclass=udp_socket permissive=0 app=us.zoom.zoompresence
03-03 01:25:55.755  1494  1529 I am_uid_idle: 10013
03-03 01:25:58.608  2865  2865 I auditd  : type=1400 audit(0.0:1035): avc: denied { ioctl } for comm="Thread-5" path="socket:[458600]" dev="sockfs" ino=458600 ioctlcmd=0x8927 scontext=u:r:untrusted_app_27:s0:c40,c256,c512,c768 tcontext=u:r:untrusted_app_27:s0:c40,c256,c512,c768 tclass=udp_socket permissive=0 app=us.zoom.zoompresence
03-03 01:25:58.608  2865  2865 I chatty  : uid=10040(us.zoom.zoompresence) identical 1 line
03-03 01:25:58.608  2865  2865 I auditd  : type=1400 audit(0.0:1037): avc: denied { ioctl } for comm="Thread-5" path="socket:[458600]" dev="sockfs" ino=458600 ioctlcmd=0x8927 scontext=u:r:untrusted_app_27:s0:c40,c256,c512,c768 tcontext=u:r:untrusted_app_27:s0:c40,c256,c512,c768 tclass=udp_socket permissive=0 app=us.zoom.zoompresence
03-03 01:26:03.598  2865  2865 I auditd  : type=1400 audit(0.0:1038): avc: denied { ioctl } for comm="Thread-5" path="socket:[458601]" dev="sockfs" ino=458601 ioctlcmd=0x8927 scontext=u:r:untrusted_app_27:s0:c40,c256,c512,c768 tcontext=u:r:untrusted_app_27:s0:c40,c256,c512,c768 tclass=udp_socket permissive=0 app=us.zoom.zoompresence
03-03 01:26:03.598  2865  2865 I chatty  : uid=10040(us.zoom.zoompresence) identical 1 line
03-03 01:26:03.598  2865  2865 I auditd  : type=1400 audit(0.0:1040): avc: denied { ioctl } for comm="Thread-5" path="socket:[458601]" dev="sockfs" ino=458601 ioctlcmd=0x8927 scontext=u:r:untrusted_app_27:s0:c40,c256,c512,c768 tcontext=u:r:untrusted_app_27:s0:c40,c256,c512,c768 tclass=udp_socket permissive=0 app=us.zoom.zoompresence
03-03 01:26:08.568  2865  2865 I auditd  : type=1400 audit(0.0:1041): avc: denied { ioctl } for comm="Thread-5" path="socket:[462888]" dev="sockfs" ino=462888 ioctlcmd=0x8927 scontext=u:r:untrusted_app_27:s0:c40,c256,c512,c768 tcontext=u:r:untrusted_app_27:s0:c40,c256,c512,c768 tclass=udp_socket permissive=0 app=us.zoom.zoompresence
03-03 01:26:08.568  2865  2865 I chatty  : uid=10040(us.zoom.zoompresence) identical 1 line
03-03 01:26:08.568  2865  2865 I auditd  : type=1400 audit(0.0:1043): avc: denied { ioctl } for comm="Thread-5" path="socket:[462888]" dev="sockfs" ino=462888 ioctlcmd=0x8927 scontext=u:r:untrusted_app_27:s0:c40,c256,c512,c768 tcontext=u:r:untrusted_app_27:s0:c40,c256,c512,c768 tclass=udp_socket permissive=0 app=us.zoom.zoompresence
03-03 01:26:13.558  2865  2865 I auditd  : type=1400 audit(0.0:1044): avc: denied { ioctl } for comm="Thread-5" path="socket:[459942]" dev="sockfs" ino=459942 ioctlcmd=0x8927 scontext=u:r:untrusted_app_27:s0:c40,c256,c512,c768 tcontext=u:r:untrusted_app_27:s0:c40,c256,c512,c768 tclass=udp_socket permissive=0 app=us.zoom.zoompresence
03-03 01:26:13.558  2865  2865 I chatty  : uid=10040(us.zoom.zoompresence) identical 1 line
03-03 01:26:13.558  2865  2865 I auditd  : type=1400 audit(0.0:1046): avc: denied { ioctl } for comm="Thread-5" path="socket:[459942]" dev="sockfs" ino=459942 ioctlcmd=0x8927 scontext=u:r:untrusted_app_27:s0:c40,c256,c512,c768 tcontext=u:r:untrusted_app_27:s0:c40,c256,c512,c768 tclass=udp_socket permissive=0 app=us.zoom.zoompresence
03-03 01:26:13.855   574   574 I auditd  : avc:  denied  { find } for interface=vendor.qti.hardware.servicetracker::IServicetracker sid=u:r:system_server:s0 pid=1494 scontext=u:r:system_server:s0 tcontext=u:object_r:default_android_hwservice:s0 tclass=hwservice_manager permissive=0
03-03 01:26:13.865   574   574 I auditd  : avc:  denied  { find } for interface=vendor.qti.hardware.servicetracker::IServicetracker sid=u:r:system_server:s0 pid=1494 scontext=u:r:system_server:s0 tcontext=u:object_r:default_android_hwservice:s0 tclass=hwservice_manager permissive=0
03-03 01:26:13.871  1494  1528 I am_pss  : [2865,10040,us.zoom.zoompresence,96491520,75948032,0,236179456,0,5,14]
03-03 01:26:13.880  1494  1528 I am_pss  : [7512,1002,com.android.bluetooth,20398080,17006592,0,108691456,0,0,8]
03-03 01:26:13.893  1494  1528 I am_pss  : [3037,10040,us.zoom.zoompresence:stb,13926400,6426624,0,119955456,0,5,12]
03-03 01:26:18.538  2865  2865 I auditd  : type=1400 audit(0.0:1047): avc: denied { ioctl } for comm="Thread-5" path="socket:[461013]" dev="sockfs" ino=461013 ioctlcmd=0x8927 scontext=u:r:untrusted_app_27:s0:c40,c256,c512,c768 tcontext=u:r:untrusted_app_27:s0:c40,c256,c512,c768 tclass=udp_socket permissive=0 app=us.zoom.zoompresence
03-03 01:26:18.538  2865  2865 I chatty  : uid=10040(us.zoom.zoompresence) identical 1 line
03-03 01:26:18.538  2865  2865 I auditd  : type=1400 audit(0.0:1049): avc: denied { ioctl } for comm="Thread-5" path="socket:[461013]" dev="sockfs" ino=461013 ioctlcmd=0x8927 scontext=u:r:untrusted_app_27:s0:c40,c256,c512,c768 tcontext=u:r:untrusted_app_27:s0:c40,c256,c512,c768 tclass=udp_socket permissive=0 app=us.zoom.zoompresence
03-03 01:26:19.941  1494  1529 I am_uid_idle: 10016
03-03 01:26:23.488  2865  2865 I auditd  : type=1400 audit(0.0:1050): avc: denied { ioctl } for comm="Thread-5" path="socket:[462896]" dev="sockfs" ino=462896 ioctlcmd=0x8927 scontext=u:r:untrusted_app_27:s0:c40,c256,c512,c768 tcontext=u:r:untrusted_app_27:s0:c40,c256,c512,c768 tclass=udp_socket permissive=0 app=us.zoom.zoompresence
03-03 01:26:23.488  2865  2865 I chatty  : uid=10040(us.zoom.zoompresence) identical 1 line
03-03 01:26:23.488  2865  2865 I auditd  : type=1400 audit(0.0:1052): avc: denied { ioctl } for comm="Thread-5" path="socket:[462896]" dev="sockfs" ino=462896 ioctlcmd=0x8927 scontext=u:r:untrusted_app_27:s0:c40,c256,c512,c768 tcontext=u:r:untrusted_app_27:s0:c40,c256,c512,c768 tclass=udp_socket permissive=0 app=us.zoom.zoompresence
03-03 01:26:28.508  2865  2865 I auditd  : type=1400 audit(0.0:1053): avc: denied { ioctl } for comm="Thread-5" path="socket:[458615]" dev="sockfs" ino=458615 ioctlcmd=0x8927 scontext=u:r:untrusted_app_27:s0:c40,c256,c512,c768 tcontext=u:r:untrusted_app_27:s0:c40,c256,c512,c768 tclass=udp_socket permissive=0 app=us.zoom.zoompresence
03-03 01:26:28.508  2865  2865 I chatty  : uid=10040(us.zoom.zoompresence) identical 1 line
03-03 01:26:28.508  2865  2865 I auditd  : type=1400 audit(0.0:1055): avc: denied { ioctl } for comm="Thread-5" path="socket:[458615]" dev="sockfs" ino=458615 ioctlcmd=0x8927 scontext=u:r:untrusted_app_27:s0:c40,c256,c512,c768 tcontext=u:r:untrusted_app_27:s0:c40,c256,c512,c768 tclass=udp_socket permissive=0 app=us.zoom.zoompresence
03-03 01:26:33.468  2865  2865 I auditd  : type=1400 audit(0.0:1056): avc: denied { ioctl } for comm="Thread-5" path="socket:[461014]" dev="sockfs" ino=461014 ioctlcmd=0x8927 scontext=u:r:untrusted_app_27:s0:c40,c256,c512,c768 tcontext=u:r:untrusted_app_27:s0:c40,c256,c512,c768 tclass=udp_socket permissive=0 app=us.zoom.zoompresence
03-03 01:26:33.468  2865  2865 I chatty  : uid=10040(us.zoom.zoompresence) identical 1 line
03-03 01:26:33.468  2865  2865 I auditd  : type=1400 audit(0.0:1058): avc: denied { ioctl } for comm="Thread-5" path="socket:[461014]" dev="sockfs" ino=461014 ioctlcmd=0x8927 scontext=u:r:untrusted_app_27:s0:c40,c256,c512,c768 tcontext=u:r:untrusted_app_27:s0:c40,c256,c512,c768 tclass=udp_socket permissive=0 app=us.zoom.zoompresence
03-03 01:26:38.468  2865  2865 I auditd  : type=1400 audit(0.0:1059): avc: denied { ioctl } for comm="Thread-5" path="socket:[461015]" dev="sockfs" ino=461015 ioctlcmd=0x8927 scontext=u:r:untrusted_app_27:s0:c40,c256,c512,c768 tcontext=u:r:untrusted_app_27:s0:c40,c256,c512,c768 tclass=udp_socket permissive=0 app=us.zoom.zoompresence
03-03 01:26:38.468  2865  2865 I chatty  : uid=10040(us.zoom.zoompresence) identical 1 line
03-03 01:26:38.468  2865  2865 I auditd  : type=1400 audit(0.0:1061): avc: denied { ioctl } for comm="Thread-5" path="socket:[461015]" dev="sockfs" ino=461015 ioctlcmd=0x8927 scontext=u:r:untrusted_app_27:s0:c40,c256,c512,c768 tcontext=u:r:untrusted_app_27:s0:c40,c256,c512,c768 tclass=udp_socket permissive=0 app=us.zoom.zoompresence
03-03 01:26:43.418  2865  2865 I auditd  : type=1400 audit(0.0:1062): avc: denied { ioctl } for comm="Thread-5" path="socket:[461018]" dev="sockfs" ino=461018 ioctlcmd=0x8927 scontext=u:r:untrusted_app_27:s0:c40,c256,c512,c768 tcontext=u:r:untrusted_app_27:s0:c40,c256,c512,c768 tclass=udp_socket permissive=0 app=us.zoom.zoompresence
03-03 01:26:43.418  2865  2865 I chatty  : uid=10040(us.zoom.zoompresence) identical 1 line
03-03 01:26:43.418  2865  2865 I auditd  : type=1400 audit(0.0:1064): avc: denied { ioctl } for comm="Thread-5" path="socket:[461018]" dev="sockfs" ino=461018 ioctlcmd=0x8927 scontext=u:r:untrusted_app_27:s0:c40,c256,c512,c768 tcontext=u:r:untrusted_app_27:s0:c40,c256,c512,c768 tclass=udp_socket permissive=0 app=us.zoom.zoompresence
03-03 01:26:48.418  2865  2865 I auditd  : type=1400 audit(0.0:1065): avc: denied { ioctl } for comm="Thread-5" path="socket:[458617]" dev="sockfs" ino=458617 ioctlcmd=0x8927 scontext=u:r:untrusted_app_27:s0:c40,c256,c512,c768 tcontext=u:r:untrusted_app_27:s0:c40,c256,c512,c768 tclass=udp_socket permissive=0 app=us.zoom.zoompresence
03-03 01:26:48.418  2865  2865 I chatty  : uid=10040(us.zoom.zoompresence) identical 1 line
03-03 01:26:48.418  2865  2865 I auditd  : type=1400 audit(0.0:1067): avc: denied { ioctl } for comm="Thread-5" path="socket:[458617]" dev="sockfs" ino=458617 ioctlcmd=0x8927 scontext=u:r:untrusted_app_27:s0:c40,c256,c512,c768 tcontext=u:r:untrusted_app_27:s0:c40,c256,c512,c768 tclass=udp_socket permissive=0 app=us.zoom.zoompresence
03-03 01:26:53.388  2865  2865 I auditd  : type=1400 audit(0.0:1068): avc: denied { ioctl } for comm="Thread-5" path="socket:[459943]" dev="sockfs" ino=459943 ioctlcmd=0x8927 scontext=u:r:untrusted_app_27:s0:c40,c256,c512,c768 tcontext=u:r:untrusted_app_27:s0:c40,c256,c512,c768 tclass=udp_socket permissive=0 app=us.zoom.zoompresence
03-03 01:26:53.388  2865  2865 I chatty  : uid=10040(us.zoom.zoompresence) identical 1 line
03-03 01:26:53.388  2865  2865 I auditd  : type=1400 audit(0.0:1070): avc: denied { ioctl } for comm="Thread-5" path="socket:[459943]" dev="sockfs" ino=459943 ioctlcmd=0x8927 scontext=u:r:untrusted_app_27:s0:c40,c256,c512,c768 tcontext=u:r:untrusted_app_27:s0:c40,c256,c512,c768 tclass=udp_socket permissive=0 app=us.zoom.zoompresence
03-03 01:26:58.378  2865  2865 I auditd  : type=1400 audit(0.0:1071): avc: denied { ioctl } for comm="Thread-5" path="socket:[459944]" dev="sockfs" ino=459944 ioctlcmd=0x8927 scontext=u:r:untrusted_app_27:s0:c40,c256,c512,c768 tcontext=u:r:untrusted_app_27:s0:c40,c256,c512,c768 tclass=udp_socket permissive=0 app=us.zoom.zoompresence
03-03 01:26:58.378  2865  2865 I chatty  : uid=10040(us.zoom.zoompresence) identical 1 line
03-03 01:26:58.378  2865  2865 I auditd  : type=1400 audit(0.0:1073): avc: denied { ioctl } for comm="Thread-5" path="socket:[459944]" dev="sockfs" ino=459944 ioctlcmd=0x8927 scontext=u:r:untrusted_app_27:s0:c40,c256,c512,c768 tcontext=u:r:untrusted_app_27:s0:c40,c256,c512,c768 tclass=udp_socket permissive=0 app=us.zoom.zoompresence
03-03 01:27:03.318  2865  2865 I auditd  : type=1400 audit(0.0:1074): avc: denied { ioctl } for comm="Thread-5" path="socket:[462901]" dev="sockfs" ino=462901 ioctlcmd=0x8927 scontext=u:r:untrusted_app_27:s0:c40,c256,c512,c768 tcontext=u:r:untrusted_app_27:s0:c40,c256,c512,c768 tclass=udp_socket permissive=0 app=us.zoom.zoompresence
03-03 01:27:03.318  2865  2865 I chatty  : uid=10040(us.zoom.zoompresence) identical 1 line
03-03 01:27:03.318  2865  2865 I auditd  : type=1400 audit(0.0:1076): avc: denied { ioctl } for comm="Thread-5" path="socket:[462901]" dev="sockfs" ino=462901 ioctlcmd=0x8927 scontext=u:r:untrusted_app_27:s0:c40,c256,c512,c768 tcontext=u:r:untrusted_app_27:s0:c40,c256,c512,c768 tclass=udp_socket permissive=0 app=us.zoom.zoompresence
03-03 01:27:08.308  2865  2865 I auditd  : type=1400 audit(0.0:1077): avc: denied { ioctl } for comm="Thread-5" path="socket:[461020]" dev="sockfs" ino=461020 ioctlcmd=0x8927 scontext=u:r:untrusted_app_27:s0:c40,c256,c512,c768 tcontext=u:r:untrusted_app_27:s0:c40,c256,c512,c768 tclass=udp_socket permissive=0 app=us.zoom.zoompresence
03-03 01:27:08.308  2865  2865 I chatty  : uid=10040(us.zoom.zoompresence) identical 1 line
03-03 01:27:08.308  2865  2865 I auditd  : type=1400 audit(0.0:1079): avc: denied { ioctl } for comm="Thread-5" path="socket:[461020]" dev="sockfs" ino=461020 ioctlcmd=0x8927 scontext=u:r:untrusted_app_27:s0:c40,c256,c512,c768 tcontext=u:r:untrusted_app_27:s0:c40,c256,c512,c768 tclass=udp_socket permissive=0 app=us.zoom.zoompresence
03-03 01:27:13.328  2865  2865 I auditd  : type=1400 audit(0.0:1080): avc: denied { ioctl } for comm="Thread-5" path="socket:[458620]" dev="sockfs" ino=458620 ioctlcmd=0x8927 scontext=u:r:untrusted_app_27:s0:c40,c256,c512,c768 tcontext=u:r:untrusted_app_27:s0:c40,c256,c512,c768 tclass=udp_socket permissive=0 app=us.zoom.zoompresence
03-03 01:27:13.328  2865  2865 I chatty  : uid=10040(us.zoom.zoompresence) identical 1 line
03-03 01:27:13.328  2865  2865 I auditd  : type=1400 audit(0.0:1082): avc: denied { ioctl } for comm="Thread-5" path="socket:[458620]" dev="sockfs" ino=458620 ioctlcmd=0x8927 scontext=u:r:untrusted_app_27:s0:c40,c256,c512,c768 tcontext=u:r:untrusted_app_27:s0:c40,c256,c512,c768 tclass=udp_socket permissive=0 app=us.zoom.zoompresence
03-03 01:27:13.863   574   574 I auditd  : avc:  denied  { find } for interface=vendor.qti.hardware.servicetracker::IServicetracker sid=u:r:system_server:s0 pid=1494 scontext=u:r:system_server:s0 tcontext=u:object_r:default_android_hwservice:s0 tclass=hwservice_manager permissive=0
03-03 01:27:13.874   574   574 I auditd  : avc:  denied  { find } for interface=vendor.qti.hardware.servicetracker::IServicetracker sid=u:r:system_server:s0 pid=1494 scontext=u:r:system_server:s0 tcontext=u:object_r:default_android_hwservice:s0 tclass=hwservice_manager permissive=0
03-03 01:27:13.879  1494  1528 I am_pss  : [3599,1000,com.logitech.videocollaboration.froggersettings,87220224,78028800,0,201728000,0,2,13]
03-03 01:27:13.901  1494  1528 I am_pss  : [3361,10040,us.zoom.zoompresence:conf,116889600,100417536,0,242434048,0,5,22]
03-03 01:27:13.913  1494  1528 I am_pss  : [3194,10040,us.zoom.zoompresence:logging,17371136,8183808,0,126287872,0,5,11]
03-03 01:27:13.922  1494  1528 I am_pss  : [4215,1000,com.logitech.vc.attestationservice,10981376,9220096,0,93310976,0,5,8]
03-03 01:27:18.298  2865  2865 I auditd  : type=1400 audit(0.0:1083): avc: denied { ioctl } for comm="Thread-5" path="socket:[459945]" dev="sockfs" ino=459945 ioctlcmd=0x8927 scontext=u:r:untrusted_app_27:s0:c40,c256,c512,c768 tcontext=u:r:untrusted_app_27:s0:c40,c256,c512,c768 tclass=udp_socket permissive=0 app=us.zoom.zoompresence
03-03 01:27:18.298  2865  2865 I chatty  : uid=10040(us.zoom.zoompresence) identical 1 line
03-03 01:27:18.298  2865  2865 I auditd  : type=1400 audit(0.0:1085): avc: denied { ioctl } for comm="Thread-5" path="socket:[459945]" dev="sockfs" ino=459945 ioctlcmd=0x8927 scontext=u:r:untrusted_app_27:s0:c40,c256,c512,c768 tcontext=u:r:untrusted_app_27:s0:c40,c256,c512,c768 tclass=udp_socket permissive=0 app=us.zoom.zoompresence
03-03 01:27:23.288  2865  2865 I auditd  : type=1400 audit(0.0:1086): avc: denied { ioctl } for comm="Thread-5" path="socket:[462913]" dev="sockfs" ino=462913 ioctlcmd=0x8927 scontext=u:r:untrusted_app_27:s0:c40,c256,c512,c768 tcontext=u:r:untrusted_app_27:s0:c40,c256,c512,c768 tclass=udp_socket permissive=0 app=us.zoom.zoompresence
03-03 01:27:23.288  2865  2865 I chatty  : uid=10040(us.zoom.zoompresence) identical 1 line
03-03 01:27:23.288  2865  2865 I auditd  : type=1400 audit(0.0:1088): avc: denied { ioctl } for comm="Thread-5" path="socket:[462913]" dev="sockfs" ino=462913 ioctlcmd=0x8927 scontext=u:r:untrusted_app_27:s0:c40,c256,c512,c768 tcontext=u:r:untrusted_app_27:s0:c40,c256,c512,c768 tclass=udp_socket permissive=0 app=us.zoom.zoompresence
03-03 01:27:28.248  2865  2865 I auditd  : type=1400 audit(0.0:1089): avc: denied { ioctl } for comm="Thread-5" path="socket:[461021]" dev="sockfs" ino=461021 ioctlcmd=0x8927 scontext=u:r:untrusted_app_27:s0:c40,c256,c512,c768 tcontext=u:r:untrusted_app_27:s0:c40,c256,c512,c768 tclass=udp_socket permissive=0 app=us.zoom.zoompresence
03-03 01:27:28.248  2865  2865 I chatty  : uid=10040(us.zoom.zoompresence) identical 1 line
03-03 01:27:28.248  2865  2865 I auditd  : type=1400 audit(0.0:1091): avc: denied { ioctl } for comm="Thread-5" path="socket:[461021]" dev="sockfs" ino=461021 ioctlcmd=0x8927 scontext=u:r:untrusted_app_27:s0:c40,c256,c512,c768 tcontext=u:r:untrusted_app_27:s0:c40,c256,c512,c768 tclass=udp_socket permissive=0 app=us.zoom.zoompresence
03-03 01:27:33.248  2865  2865 I auditd  : type=1400 audit(0.0:1092): avc: denied { ioctl } for comm="Thread-5" path="socket:[461022]" dev="sockfs" ino=461022 ioctlcmd=0x8927 scontext=u:r:untrusted_app_27:s0:c40,c256,c512,c768 tcontext=u:r:untrusted_app_27:s0:c40,c256,c512,c768 tclass=udp_socket permissive=0 app=us.zoom.zoompresence
03-03 01:27:33.248  2865  2865 I chatty  : uid=10040(us.zoom.zoompresence) identical 1 line
03-03 01:27:33.248  2865  2865 I auditd  : type=1400 audit(0.0:1094): avc: denied { ioctl } for comm="Thread-5" path="socket:[461022]" dev="sockfs" ino=461022 ioctlcmd=0x8927 scontext=u:r:untrusted_app_27:s0:c40,c256,c512,c768 tcontext=u:r:untrusted_app_27:s0:c40,c256,c512,c768 tclass=udp_socket permissive=0 app=us.zoom.zoompresence
03-03 01:27:38.208  2865  2865 I auditd  : type=1400 audit(0.0:1095): avc: denied { ioctl } for comm="Thread-5" path="socket:[461023]" dev="sockfs" ino=461023 ioctlcmd=0x8927 scontext=u:r:untrusted_app_27:s0:c40,c256,c512,c768 tcontext=u:r:untrusted_app_27:s0:c40,c256,c512,c768 tclass=udp_socket permissive=0 app=us.zoom.zoompresence
03-03 01:27:38.208  2865  2865 I chatty  : uid=10040(us.zoom.zoompresence) identical 1 line
03-03 01:27:38.208  2865  2865 I auditd  : type=1400 audit(0.0:1097): avc: denied { ioctl } for comm="Thread-5" path="socket:[461023]" dev="sockfs" ino=461023 ioctlcmd=0x8927 scontext=u:r:untrusted_app_27:s0:c40,c256,c512,c768 tcontext=u:r:untrusted_app_27:s0:c40,c256,c512,c768 tclass=udp_socket permissive=0 app=us.zoom.zoompresence
03-03 01:27:43.198  2865  2865 I auditd  : type=1400 audit(0.0:1098): avc: denied { ioctl } for comm="Thread-5" path="socket:[459946]" dev="sockfs" ino=459946 ioctlcmd=0x8927 scontext=u:r:untrusted_app_27:s0:c40,c256,c512,c768 tcontext=u:r:untrusted_app_27:s0:c40,c256,c512,c768 tclass=udp_socket permissive=0 app=us.zoom.zoompresence
03-03 01:27:43.198  2865  2865 I chatty  : uid=10040(us.zoom.zoompresence) identical 1 line
03-03 01:27:43.198  2865  2865 I auditd  : type=1400 audit(0.0:1100): avc: denied { ioctl } for comm="Thread-5" path="socket:[459946]" dev="sockfs" ino=459946 ioctlcmd=0x8927 scontext=u:r:untrusted_app_27:s0:c40,c256,c512,c768 tcontext=u:r:untrusted_app_27:s0:c40,c256,c512,c768 tclass=udp_socket permissive=0 app=us.zoom.zoompresence
03-03 01:27:48.168  2865  2865 I auditd  : type=1400 audit(0.0:1101): avc: denied { ioctl } for comm="Thread-5" path="socket:[462918]" dev="sockfs" ino=462918 ioctlcmd=0x8927 scontext=u:r:untrusted_app_27:s0:c40,c256,c512,c768 tcontext=u:r:untrusted_app_27:s0:c40,c256,c512,c768 tclass=udp_socket permissive=0 app=us.zoom.zoompresence
03-03 01:27:48.168  2865  2865 I chatty  : uid=10040(us.zoom.zoompresence) identical 1 line
03-03 01:27:48.168  2865  2865 I auditd  : type=1400 audit(0.0:1103): avc: denied { ioctl } for comm="Thread-5" path="socket:[462918]" dev="sockfs" ino=462918 ioctlcmd=0x8927 scontext=u:r:untrusted_app_27:s0:c40,c256,c512,c768 tcontext=u:r:untrusted_app_27:s0:c40,c256,c512,c768 tclass=udp_socket permissive=0 app=us.zoom.zoompresence
03-03 01:27:53.168  2865  2865 I auditd  : type=1400 audit(0.0:1104): avc: denied { ioctl } for comm="Thread-5" path="socket:[459947]" dev="sockfs" ino=459947 ioctlcmd=0x8927 scontext=u:r:untrusted_app_27:s0:c40,c256,c512,c768 tcontext=u:r:untrusted_app_27:s0:c40,c256,c512,c768 tclass=udp_socket permissive=0 app=us.zoom.zoompresence
03-03 01:27:53.168  2865  2865 I chatty  : uid=10040(us.zoom.zoompresence) identical 1 line
03-03 01:27:53.168  2865  2865 I auditd  : type=1400 audit(0.0:1106): avc: denied { ioctl } for comm="Thread-5" path="socket:[459947]" dev="sockfs" ino=459947 ioctlcmd=0x8927 scontext=u:r:untrusted_app_27:s0:c40,c256,c512,c768 tcontext=u:r:untrusted_app_27:s0:c40,c256,c512,c768 tclass=udp_socket permissive=0 app=us.zoom.zoompresence
03-03 01:27:58.128  2865  2865 I auditd  : type=1400 audit(0.0:1107): avc: denied { ioctl } for comm="Thread-5" path="socket:[462919]" dev="sockfs" ino=462919 ioctlcmd=0x8927 scontext=u:r:untrusted_app_27:s0:c40,c256,c512,c768 tcontext=u:r:untrusted_app_27:s0:c40,c256,c512,c768 tclass=udp_socket permissive=0 app=us.zoom.zoompresence
03-03 01:27:58.128  2865  2865 I chatty  : uid=10040(us.zoom.zoompresence) identical 1 line
03-03 01:27:58.128  2865  2865 I auditd  : type=1400 audit(0.0:1109): avc: denied { ioctl } for comm="Thread-5" path="socket:[462919]" dev="sockfs" ino=462919 ioctlcmd=0x8927 scontext=u:r:untrusted_app_27:s0:c40,c256,c512,c768 tcontext=u:r:untrusted_app_27:s0:c40,c256,c512,c768 tclass=udp_socket permissive=0 app=us.zoom.zoompresence
03-03 01:28:03.098  2865  2865 I auditd  : type=1400 audit(0.0:1110): avc: denied { ioctl } for comm="Thread-5" path="socket:[459949]" dev="sockfs" ino=459949 ioctlcmd=0x8927 scontext=u:r:untrusted_app_27:s0:c40,c256,c512,c768 tcontext=u:r:untrusted_app_27:s0:c40,c256,c512,c768 tclass=udp_socket permissive=0 app=us.zoom.zoompresence
03-03 01:28:03.098  2865  2865 I chatty  : uid=10040(us.zoom.zoompresence) identical 1 line
03-03 01:28:03.098  2865  2865 I auditd  : type=1400 audit(0.0:1112): avc: denied { ioctl } for comm="Thread-5" path="socket:[459949]" dev="sockfs" ino=459949 ioctlcmd=0x8927 scontext=u:r:untrusted_app_27:s0:c40,c256,c512,c768 tcontext=u:r:untrusted_app_27:s0:c40,c256,c512,c768 tclass=udp_socket permissive=0 app=us.zoom.zoompresence
03-03 01:28:08.088  2865  2865 I auditd  : type=1400 audit(0.0:1113): avc: denied { ioctl } for comm="Thread-5" path="socket:[459950]" dev="sockfs" ino=459950 ioctlcmd=0x8927 scontext=u:r:untrusted_app_27:s0:c40,c256,c512,c768 tcontext=u:r:untrusted_app_27:s0:c40,c256,c512,c768 tclass=udp_socket permissive=0 app=us.zoom.zoompresence
03-03 01:28:08.088  2865  2865 I chatty  : uid=10040(us.zoom.zoompresence) identical 1 line
03-03 01:28:08.088  2865  2865 I auditd  : type=1400 audit(0.0:1115): avc: denied { ioctl } for comm="Thread-5" path="socket:[459950]" dev="sockfs" ino=459950 ioctlcmd=0x8927 scontext=u:r:untrusted_app_27:s0:c40,c256,c512,c768 tcontext=u:r:untrusted_app_27:s0:c40,c256,c512,c768 tclass=udp_socket permissive=0 app=us.zoom.zoompresence
03-03 01:28:13.078  2865  2865 I auditd  : type=1400 audit(0.0:1116): avc: denied { ioctl } for comm="Thread-5" path="socket:[459951]" dev="sockfs" ino=459951 ioctlcmd=0x8927 scontext=u:r:untrusted_app_27:s0:c40,c256,c512,c768 tcontext=u:r:untrusted_app_27:s0:c40,c256,c512,c768 tclass=udp_socket permissive=0 app=us.zoom.zoompresence
03-03 01:28:13.289     0     0 D logd    : logdr: UID=0 GID=0 PID=7729 b tail=0 logMask=19 pid=0 start=0ns timeout=0ns
03-03 01:28:13.078  2865  2865 I chatty  : uid=10040(us.zoom.zoompresence) identical 1 line
03-03 01:28:13.078  2865  2865 I auditd  : type=1400 audit(0.0:1118): avc: denied { ioctl } for comm="Thread-5" path="socket:[459951]" dev="sockfs" ino=459951 ioctlcmd=0x8927 scontext=u:r:untrusted_app_27:s0:c40,c256,c512,c768 tcontext=u:r:untrusted_app_27:s0:c40,c256,c512,c768 tclass=udp_socket permissive=0 app=us.zoom.zoompresence
03-03 01:28:13.870   574   574 I auditd  : avc:  denied  { find } for interface=vendor.qti.hardware.servicetracker::IServicetracker sid=u:r:system_server:s0 pid=1494 scontext=u:r:system_server:s0 tcontext=u:object_r:default_android_hwservice:s0 tclass=hwservice_manager permissive=0
03-03 01:28:16.627     0     0 D logd    : logdr: UID=0 GID=0 PID=7735 b tail=0 logMask=19 pid=0 start=0ns timeout=0ns
03-03 01:28:13.879   574   574 I auditd  : avc:  denied  { find } for interface=vendor.qti.hardware.servicetracker::IServicetracker sid=u:r:system_server:s0 pid=1494 scontext=u:r:system_server:s0 tcontext=u:object_r:default_android_hwservice:s0 tclass=hwservice_manager permissive=0
03-03 01:28:18.038  2865  2865 I auditd  : type=1400 audit(0.0:1119): avc: denied { ioctl } for comm="Thread-5" path="socket:[458650]" dev="sockfs" ino=458650 ioctlcmd=0x8927 scontext=u:r:untrusted_app_27:s0:c40,c256,c512,c768 tcontext=u:r:untrusted_app_27:s0:c40,c256,c512,c768 tclass=udp_socket permissive=0 app=us.zoom.zoompresence
03-03 01:28:18.038  2865  2865 I chatty  : uid=10040(us.zoom.zoompresence) identical 1 line
03-03 01:28:18.038  2865  2865 I auditd  : type=1400 audit(0.0:1121): avc: denied { ioctl } for comm="Thread-5" path="socket:[458650]" dev="sockfs" ino=458650 ioctlcmd=0x8927 scontext=u:r:untrusted_app_27:s0:c40,c256,c512,c768 tcontext=u:r:untrusted_app_27:s0:c40,c256,c512,c768 tclass=udp_socket permissive=0 app=us.zoom.zoompresence
03-03 01:28:23.038  2865  2865 I auditd  : type=1400 audit(0.0:1122): avc: denied { ioctl } for comm="Thread-5" path="socket:[458654]" dev="sockfs" ino=458654 ioctlcmd=0x8927 scontext=u:r:untrusted_app_27:s0:c40,c256,c512,c768 tcontext=u:r:untrusted_app_27:s0:c40,c256,c512,c768 tclass=udp_socket permissive=0 app=us.zoom.zoompresence
03-03 01:28:23.038  2865  2865 I chatty  : uid=10040(us.zoom.zoompresence) identical 1 line
03-03 01:28:23.038  2865  2865 I auditd  : type=1400 audit(0.0:1124): avc: denied { ioctl } for comm="Thread-5" path="socket:[458654]" dev="sockfs" ino=458654 ioctlcmd=0x8927 scontext=u:r:untrusted_app_27:s0:c40,c256,c512,c768 tcontext=u:r:untrusted_app_27:s0:c40,c256,c512,c768 tclass=udp_socket permissive=0 app=us.zoom.zoompresence
03-03 01:28:28.028  2865  2865 I auditd  : type=1400 audit(0.0:1125): avc: denied { ioctl } for comm="Thread-5" path="socket:[458655]" dev="sockfs" ino=458655 ioctlcmd=0x8927 scontext=u:r:untrusted_app_27:s0:c40,c256,c512,c768 tcontext=u:r:untrusted_app_27:s0:c40,c256,c512,c768 tclass=udp_socket permissive=0 app=us.zoom.zoompresence
03-03 01:28:28.028  2865  2865 I chatty  : uid=10040(us.zoom.zoompresence) identical 1 line
03-03 01:28:28.028  2865  2865 I auditd  : type=1400 audit(0.0:1127): avc: denied { ioctl } for comm="Thread-5" path="socket:[458655]" dev="sockfs" ino=458655 ioctlcmd=0x8927 scontext=u:r:untrusted_app_27:s0:c40,c256,c512,c768 tcontext=u:r:untrusted_app_27:s0:c40,c256,c512,c768 tclass=udp_socket permissive=0 app=us.zoom.zoompresence
03-03 01:28:32.274  1494  1521 I commit_sys_config_file: [package-session,7]
03-03 01:28:32.279  1494  1521 I commit_sys_config_file: [package-session,5]
03-03 01:28:32.324  1494  1626 I netstats_mobile_sample: [0,0,0,0,0,0,0,0,0,0,0,0,1614770912325]
03-03 01:28:32.324  1494  1626 I netstats_wifi_sample: [0,0,0,0,0,0,0,0,0,0,0,0,1614770912325]
03-03 01:28:32.328  1494  6125 I commit_sys_config_file: [package-session,4]
03-03 01:28:32.365  1494  1546 I liblog  : 1
03-03 01:28:32.451  1494  1546 I liblog  : 55
03-03 01:28:32.451  1494  1546 I commit_sys_config_file: [package-user-0,5]
03-03 01:28:32.452  1494  1546 I commit_sys_config_file: [package,84]
03-03 01:28:32.459  1494  1546 I sysui_multi_action: [757,1243,758,4,806,com.logitech.integration.test,1241,android.permission.CAMERA]
03-03 01:28:32.459  1494  1546 I sysui_multi_action: [757,1243,758,4,806,com.logitech.integration.test,1241,android.permission.WRITE_EXTERNAL_STORAGE]
03-03 01:28:32.470  1494  1546 I sysui_multi_action: [757,1243,758,4,806,com.logitech.integration.test,1241,android.permission.READ_EXTERNAL_STORAGE]
03-03 01:28:32.474  1494  1546 I sysui_multi_action: [757,1243,758,4,806,com.logitech.integration.test,1241,android.permission.RECORD_AUDIO]
03-03 01:28:32.476  1494  1546 I unknown_sources_enabled: 1
03-03 01:28:32.480  1494  1494 I notification_cancel_all: [1000,1494,com.logitech.integration.test,0,0,0,5,NULL]
03-03 01:28:32.482   574   574 I auditd  : avc:  denied  { find } for interface=vendor.qti.hardware.servicetracker::IServicetracker sid=u:r:system_server:s0 pid=1494 scontext=u:r:system_server:s0 tcontext=u:object_r:default_android_hwservice:s0 tclass=hwservice_manager permissive=0
03-03 01:28:32.483  1494  1519 I am_uid_active: 10016
03-03 01:28:32.484   574   574 I auditd  : avc:  denied  { find } for interface=vendor.qti.hardware.servicetracker::IServicetracker sid=u:r:system_server:s0 pid=1494 scontext=u:r:system_server:s0 tcontext=u:object_r:default_android_hwservice:s0 tclass=hwservice_manager permissive=0
03-03 01:28:32.484  1494  1590 I commit_sys_config_file: [package-session,7]
03-03 01:28:32.870  1494  1528 I commit_sys_config_file: [roles-0,150]
03-03 01:28:32.881  1494  1528 I commit_sys_config_file: [package-perms-0,8]
03-03 01:28:32.911  1494  1521 I commit_sys_config_file: [package-session,4]
03-03 01:28:32.915  1494  1521 I commit_sys_config_file: [package-session,3]
03-03 01:28:32.933  1494  2501 I commit_sys_config_file: [package-session,3]
03-03 01:28:32.988  2865  2865 I auditd  : type=1400 audit(0.0:1128): avc: denied { ioctl } for comm="Thread-5" path="socket:[462952]" dev="sockfs" ino=462952 ioctlcmd=0x8927 scontext=u:r:untrusted_app_27:s0:c40,c256,c512,c768 tcontext=u:r:untrusted_app_27:s0:c40,c256,c512,c768 tclass=udp_socket permissive=0 app=us.zoom.zoompresence
03-03 01:28:32.988  2865  2865 I chatty  : uid=10040(us.zoom.zoompresence) identical 1 line
03-03 01:28:32.988  2865  2865 I auditd  : type=1400 audit(0.0:1130): avc: denied { ioctl } for comm="Thread-5" path="socket:[462952]" dev="sockfs" ino=462952 ioctlcmd=0x8927 scontext=u:r:untrusted_app_27:s0:c40,c256,c512,c768 tcontext=u:r:untrusted_app_27:s0:c40,c256,c512,c768 tclass=udp_socket permissive=0 app=us.zoom.zoompresence
03-03 01:28:33.018  1494  1546 I commit_sys_config_file: [package-user-0,2]
03-03 01:28:33.018  1494  1546 I commit_sys_config_file: [package,47]
03-03 01:28:33.023  1494  1546 I sysui_multi_action: [757,1243,758,4,806,com.logitech.integration.test.test,1241,android.permission.WRITE_EXTERNAL_STORAGE]
03-03 01:28:33.030  1494  1546 I sysui_multi_action: [757,1243,758,4,806,com.logitech.integration.test.test,1241,android.permission.READ_EXTERNAL_STORAGE]
03-03 01:28:33.040  1494  1546 I unknown_sources_enabled: 1
03-03 01:28:33.044  1494  1494 I notification_cancel_all: [1000,1494,com.logitech.integration.test.test,0,0,0,5,NULL]
03-03 01:28:33.045  1494  1590 I commit_sys_config_file: [package-session,4]
03-03 01:28:33.278  1494  1528 I commit_sys_config_file: [roles-0,6]
03-03 01:28:33.339  1494  1528 I commit_sys_config_file: [package-perms-0,7]
03-03 01:28:33.374  1494  6125 I am_uid_active: 10013
03-03 01:28:33.893  1494  6125 I am_uid_running: 10103
03-03 01:28:33.915  1494  1530 I am_proc_start: [0,7816,10103,com.logitech.integration.test,added application,com.logitech.integration.test]
03-03 01:28:33.942  1494  6125 I am_proc_bound: [0,7816,com.logitech.integration.test]
03-03 01:28:33.943  1494  6125 I am_uid_active: 10103
03-03 01:28:36.010  1494  1606 I commit_sys_config_file: [settings-2-0,7]
03-03 01:28:36.158  1494  2501 I wm_stack_created: 93
03-03 01:28:36.159  1494  2501 I wm_task_created: [95,93]
03-03 01:28:36.159  1494  2501 I wm_task_moved: [95,0,2147483647]
03-03 01:28:36.160  1494  2501 I am_focused_stack: [0,0,93,92,reuseOrNewTask]
03-03 01:28:36.160  1494  2501 I am_create_task: [0,95]
03-03 01:28:36.160  1494  2501 I am_create_activity: [0,256841760,95,com.logitech.integration.test.test/androidx.test.core.app.InstrumentationActivityInvoker$BootstrapActivity,android.intent.action.MAIN,NULL,NULL,268468224]
03-03 01:28:36.160  1494  2501 I wm_task_moved: [95,0,2147483647]
03-03 01:28:36.160  3599  3599 I am_on_top_resumed_lost_called: [0,com.logitech.videocollaboration.froggersettings.NetworkConnectionActivity,topStateChangedWhenResumed]
03-03 01:28:36.161  1494  2501 I am_pause_activity: [0,159745936,com.logitech.videocollaboration.froggersettings/.NetworkConnectionActivity,userLeaving=true]
03-03 01:28:36.163  1494  4512 I am_finish_activity: [0,256841760,95,com.logitech.integration.test.test/androidx.test.core.app.InstrumentationActivityInvoker$BootstrapActivity,clear-task-all]
03-03 01:28:36.163  1494  4512 I am_focused_stack: [0,0,92,93,finishActivity adjustFocus adjustFocusToNextFocusableStack]
03-03 01:28:36.163  1494  4512 I am_set_resumed_activity: [0,com.logitech.videocollaboration.froggersettings/.NetworkConnectionActivity,finishActivity]
03-03 01:28:36.163  1494  4512 I am_destroy_activity: [0,256841760,95,com.logitech.integration.test.test/androidx.test.core.app.InstrumentationActivityInvoker$BootstrapActivity,finish-imm:finishActivityLocked]
03-03 01:28:36.163  1494  4512 I wm_task_removed: [95,removeAppToken: last token]
03-03 01:28:36.164  1494  4512 I am_focused_stack: [0,0,93,92,reuseOrNewTask]
03-03 01:28:36.164  1494  4512 I am_create_task: [0,95]
03-03 01:28:36.164  1494  4512 I am_create_activity: [0,15255888,95,com.logitech.integration.test.test/androidx.test.core.app.InstrumentationActivityInvoker$BootstrapActivity,android.intent.action.MAIN,NULL,NULL,268468224]
03-03 01:28:36.164  1494  4512 I wm_task_moved: [95,0,2147483647]
03-03 01:28:36.167  1494  6125 I am_finish_activity: [0,15255888,95,com.logitech.integration.test.test/androidx.test.core.app.InstrumentationActivityInvoker$BootstrapActivity,clear-task-all]
03-03 01:28:36.167  1494  6125 I am_focused_stack: [0,0,92,93,finishActivity adjustFocus adjustFocusToNextFocusableStack]
03-03 01:28:36.167  1494  6125 I am_set_resumed_activity: [0,com.logitech.videocollaboration.froggersettings/.NetworkConnectionActivity,finishActivity]
03-03 01:28:36.167  1494  6125 I am_destroy_activity: [0,15255888,95,com.logitech.integration.test.test/androidx.test.core.app.InstrumentationActivityInvoker$BootstrapActivity,finish-imm:finishActivityLocked]
03-03 01:28:36.167  1494  6125 I wm_task_removed: [95,removeAppToken: last token]
03-03 01:28:36.167  1494  6125 I am_focused_stack: [0,0,93,92,reuseOrNewTask]
03-03 01:28:36.167  1494  6125 I am_create_task: [0,95]
03-03 01:28:36.167  1494  6125 I am_create_activity: [0,193019247,95,com.logitech.integration.test.test/androidx.test.core.app.InstrumentationActivityInvoker$BootstrapActivity,android.intent.action.MAIN,NULL,NULL,268468224]
03-03 01:28:36.167  1494  6125 I wm_task_moved: [95,0,2147483647]
03-03 01:28:36.170  1494  4136 I am_finish_activity: [0,193019247,95,com.logitech.integration.test.test/androidx.test.core.app.InstrumentationActivityInvoker$BootstrapActivity,clear-task-all]
03-03 01:28:36.170  1494  4136 I am_focused_stack: [0,0,92,93,finishActivity adjustFocus adjustFocusToNextFocusableStack]
03-03 01:28:36.170  1494  4136 I am_set_resumed_activity: [0,com.logitech.videocollaboration.froggersettings/.NetworkConnectionActivity,finishActivity]
03-03 01:28:36.170  1494  4136 I am_destroy_activity: [0,193019247,95,com.logitech.integration.test.test/androidx.test.core.app.InstrumentationActivityInvoker$BootstrapActivity,finish-imm:finishActivityLocked]
03-03 01:28:36.170  1494  4136 I wm_task_removed: [95,removeAppToken: last token]
03-03 01:28:36.170  1494  4136 I am_focused_stack: [0,0,93,92,reuseOrNewTask]
03-03 01:28:36.170  1494  4136 I am_create_task: [0,95]
03-03 01:28:36.170  1494  4136 I am_create_activity: [0,28646234,95,com.logitech.integration.test.test/androidx.test.core.app.InstrumentationActivityInvoker$BootstrapActivity,android.intent.action.MAIN,NULL,NULL,268468224]
03-03 01:28:36.170  1494  4136 I wm_task_moved: [95,0,2147483647]
03-03 01:28:36.173  1494  1816 I am_finish_activity: [0,28646234,95,com.logitech.integration.test.test/androidx.test.core.app.InstrumentationActivityInvoker$BootstrapActivity,clear-task-all]
03-03 01:28:36.173  1494  1816 I am_focused_stack: [0,0,92,93,finishActivity adjustFocus adjustFocusToNextFocusableStack]
03-03 01:28:36.173  1494  1816 I am_set_resumed_activity: [0,com.logitech.videocollaboration.froggersettings/.NetworkConnectionActivity,finishActivity]
03-03 01:28:36.173  1494  1816 I am_destroy_activity: [0,28646234,95,com.logitech.integration.test.test/androidx.test.core.app.InstrumentationActivityInvoker$BootstrapActivity,finish-imm:finishActivityLocked]
03-03 01:28:36.173  1494  1816 I wm_task_removed: [95,removeAppToken: last token]
03-03 01:28:36.173  1494  1816 I am_focused_stack: [0,0,93,92,reuseOrNewTask]
03-03 01:28:36.173  1494  1816 I am_create_task: [0,95]
03-03 01:28:36.173  1494  1816 I am_create_activity: [0,119051905,95,com.logitech.integration.test.test/androidx.test.core.app.InstrumentationActivityInvoker$BootstrapActivity,android.intent.action.MAIN,NULL,NULL,268468224]
03-03 01:28:36.173  1494  1816 I wm_task_moved: [95,0,2147483647]
03-03 01:28:36.175  1494 12268 I am_finish_activity: [0,119051905,95,com.logitech.integration.test.test/androidx.test.core.app.InstrumentationActivityInvoker$BootstrapActivity,clear-task-all]
03-03 01:28:36.175  1494 12268 I am_focused_stack: [0,0,92,93,finishActivity adjustFocus adjustFocusToNextFocusableStack]
03-03 01:28:36.176  1494 12268 I am_set_resumed_activity: [0,com.logitech.videocollaboration.froggersettings/.NetworkConnectionActivity,finishActivity]
03-03 01:28:36.176  1494 12268 I am_destroy_activity: [0,119051905,95,com.logitech.integration.test.test/androidx.test.core.app.InstrumentationActivityInvoker$BootstrapActivity,finish-imm:finishActivityLocked]
03-03 01:28:36.176  1494 12268 I wm_task_removed: [95,removeAppToken: last token]
03-03 01:28:36.176  1494 12268 I am_focused_stack: [0,0,93,92,reuseOrNewTask]
03-03 01:28:36.176  1494 12268 I am_create_task: [0,95]
03-03 01:28:36.176  1494 12268 I am_create_activity: [0,116018452,95,com.logitech.integration.test.test/androidx.test.core.app.InstrumentationActivityInvoker$BootstrapActivity,android.intent.action.MAIN,NULL,NULL,268468224]
03-03 01:28:36.176  1494 12268 I wm_task_moved: [95,0,2147483647]
03-03 01:28:36.179  1494 16046 I am_finish_activity: [0,116018452,95,com.logitech.integration.test.test/androidx.test.core.app.InstrumentationActivityInvoker$BootstrapActivity,clear-task-all]
03-03 01:28:36.179  1494 16046 I am_focused_stack: [0,0,92,93,finishActivity adjustFocus adjustFocusToNextFocusableStack]
03-03 01:28:36.179  1494 16046 I am_set_resumed_activity: [0,com.logitech.videocollaboration.froggersettings/.NetworkConnectionActivity,finishActivity]
03-03 01:28:36.179  1494 16046 I am_destroy_activity: [0,116018452,95,com.logitech.integration.test.test/androidx.test.core.app.InstrumentationActivityInvoker$BootstrapActivity,finish-imm:finishActivityLocked]
03-03 01:28:36.179  1494 16046 I wm_task_removed: [95,removeAppToken: last token]
03-03 01:28:36.179  1494 16046 I am_focused_stack: [0,0,93,92,reuseOrNewTask]
03-03 01:28:36.179  1494 16046 I am_create_task: [0,95]
03-03 01:28:36.180  1494 16046 I am_create_activity: [0,235624195,95,com.logitech.integration.test.test/androidx.test.core.app.InstrumentationActivityInvoker$BootstrapActivity,android.intent.action.MAIN,NULL,NULL,268468224]
03-03 01:28:36.180  1494 16046 I wm_task_moved: [95,0,2147483647]
03-03 01:28:36.182  1494  1516 I am_finish_activity: [0,235624195,95,com.logitech.integration.test.test/androidx.test.core.app.InstrumentationActivityInvoker$BootstrapActivity,clear-task-all]
03-03 01:28:36.182  1494  1516 I am_focused_stack: [0,0,92,93,finishActivity adjustFocus adjustFocusToNextFocusableStack]
03-03 01:28:36.183  1494  1516 I am_set_resumed_activity: [0,com.logitech.videocollaboration.froggersettings/.NetworkConnectionActivity,finishActivity]
03-03 01:28:36.183  1494  1516 I am_destroy_activity: [0,235624195,95,com.logitech.integration.test.test/androidx.test.core.app.InstrumentationActivityInvoker$BootstrapActivity,finish-imm:finishActivityLocked]
03-03 01:28:36.183  1494  1516 I wm_task_removed: [95,removeAppToken: last token]
03-03 01:28:36.183  1494  1516 I am_focused_stack: [0,0,93,92,reuseOrNewTask]
03-03 01:28:36.183  1494  1516 I am_create_task: [0,95]
03-03 01:28:36.183  1494  1516 I am_create_activity: [0,90562814,95,com.logitech.integration.test.test/androidx.test.core.app.InstrumentationActivityInvoker$BootstrapActivity,android.intent.action.MAIN,NULL,NULL,268468224]
03-03 01:28:36.183  1494  1516 I wm_task_moved: [95,0,2147483647]
03-03 01:28:36.186  1494  1522 I sysui_multi_action: [757,803,799,window_time_0,802,1505]
03-03 01:28:36.187  1494  1522 I sysui_multi_action: [757,803,799,window_time_0,802,0]
03-03 01:28:36.187  1494  1522 I chatty  : uid=1000(system) android.display identical 4 lines
03-03 01:28:36.188  1494  1522 I sysui_multi_action: [757,803,799,window_time_0,802,0]
03-03 01:28:36.188  3599  3599 I am_on_paused_called: [0,com.logitech.videocollaboration.froggersettings.NetworkConnectionActivity,performPause]
03-03 01:28:36.190  1494  5829 I am_add_to_stopping: [0,159745936,com.logitech.videocollaboration.froggersettings/.NetworkConnectionActivity,makeInvisible]
03-03 01:28:36.191  1494  1522 I am_uid_running: 10104
03-03 01:28:36.192  1494  1522 I sysui_multi_action: [757,803,799,window_time_0,802,0]
03-03 01:28:36.234  1494  1530 I am_proc_start: [0,7864,10104,com.logitech.integration.test.test,activity,{com.logitech.integration.test.test/androidx.test.core.app.InstrumentationActivityInvoker$BootstrapActivity}]
03-03 01:28:36.260  1494  5829 I am_proc_bound: [0,7864,com.logitech.integration.test.test]
03-03 01:28:36.263  1494  5829 I am_restart_activity: [0,90562814,95,com.logitech.integration.test.test/androidx.test.core.app.InstrumentationActivityInvoker$BootstrapActivity]
03-03 01:28:36.264  1494  5829 I am_set_resumed_activity: [0,com.logitech.integration.test.test/androidx.test.core.app.InstrumentationActivityInvoker$BootstrapActivity,minimalResumeActivityLocked]
03-03 01:28:36.277  1494  1522 I am_uid_active: 10104
03-03 01:28:36.403  7864  7864 I am_on_create_called: [0,androidx.test.core.app.InstrumentationActivityInvoker$BootstrapActivity,performCreate]
03-03 01:28:36.415  7864  7864 I am_on_start_called: [0,androidx.test.core.app.InstrumentationActivityInvoker$BootstrapActivity,handleStartActivity]
03-03 01:28:36.426  1494 12268 I am_create_activity: [0,111793638,95,com.logitech.integration.test/.MainActivity,NULL,NULL,NULL,0]
03-03 01:28:36.428  1494 12268 I am_pause_activity: [0,90562814,com.logitech.integration.test.test/androidx.test.core.app.InstrumentationActivityInvoker$BootstrapActivity,userLeaving=true]
03-03 01:28:36.429  7864  7864 I am_on_resume_called: [0,androidx.test.core.app.InstrumentationActivityInvoker$BootstrapActivity,RESUME_ACTIVITY]
03-03 01:28:36.430  7864  7864 I am_on_top_resumed_gained_called: [0,androidx.test.core.app.InstrumentationActivityInvoker$BootstrapActivity,topStateChangedWhenResumed]
03-03 01:28:36.431  7864  7864 I am_on_top_resumed_lost_called: [0,androidx.test.core.app.InstrumentationActivityInvoker$BootstrapActivity,topStateChangedWhenResumed]
03-03 01:28:36.431  7864  7864 I am_on_paused_called: [0,androidx.test.core.app.InstrumentationActivityInvoker$BootstrapActivity,performPause]
03-03 01:28:36.432  1494 12268 I am_add_to_stopping: [0,90562814,com.logitech.integration.test.test/androidx.test.core.app.InstrumentationActivityInvoker$BootstrapActivity,makeInvisible]
03-03 01:28:36.432  1494 12268 I am_restart_activity: [0,111793638,95,com.logitech.integration.test/.MainActivity]
03-03 01:28:36.433  1494 12268 I am_set_resumed_activity: [0,com.logitech.integration.test/.MainActivity,minimalResumeActivityLocked]
03-03 01:28:36.437  1494 12268 I am_stop_activity: [0,90562814,com.logitech.integration.test.test/androidx.test.core.app.InstrumentationActivityInvoker$BootstrapActivity]
03-03 01:28:36.438  7864  7864 I am_on_stop_called: [0,androidx.test.core.app.InstrumentationActivityInvoker$BootstrapActivity,STOP_ACTIVITY_ITEM]
03-03 01:28:36.439  1494  1522 I sysui_multi_action: [757,803,799,window_time_0,802,1]
03-03 01:28:36.570  7816  7816 I am_on_create_called: [0,com.logitech.integration.test.MainActivity,performCreate]
03-03 01:28:36.619  7816  7816 I am_on_start_called: [0,com.logitech.integration.test.MainActivity,handleStartActivity]
03-03 01:28:36.622  7816  7816 I am_on_resume_called: [0,com.logitech.integration.test.MainActivity,RESUME_ACTIVITY]
03-03 01:28:36.636  7816  7816 I am_on_top_resumed_gained_called: [0,com.logitech.integration.test.MainActivity,topStateChangedWhenResumed]
03-03 01:28:36.729  1494  1528 I sysui_multi_action: [319,118,321,60,322,574,325,12524,757,761,758,7,759,1,806,com.logitech.integration.test,871,com.logitech.integration.test.MainActivity,904,com.logitech.integration.test,905,0,945,107,1320,12,1321,1]
03-03 01:28:36.730  1494  1528 I am_activity_launch_time: [0,111793638,com.logitech.integration.test/.MainActivity,574]
03-03 01:28:36.753  1494  5829 I am_finish_activity: [0,111793638,95,com.logitech.integration.test/.MainActivity,app-request]
03-03 01:28:36.757  1494  5829 I am_pause_activity: [0,111793638,com.logitech.integration.test/.MainActivity,userLeaving=false]
03-03 01:28:36.758  1494  1522 I sysui_multi_action: [757,803,799,window_time_0,802,0]
03-03 01:28:36.773  7816  7816 I am_on_top_resumed_lost_called: [0,com.logitech.integration.test.MainActivity,topStateChangedWhenResumed]
03-03 01:28:36.774  7816  7816 I am_on_paused_called: [0,com.logitech.integration.test.MainActivity,performPause]
03-03 01:28:36.775  1494  5829 I am_add_to_stopping: [0,111793638,com.logitech.integration.test/.MainActivity,finishCurrentActivityLocked]
03-03 01:28:36.777  1494  5829 I am_set_resumed_activity: [0,com.logitech.integration.test.test/androidx.test.core.app.InstrumentationActivityInvoker$BootstrapActivity,resumeTopActivityInnerLocked]
03-03 01:28:36.777  1494  5829 I am_resume_activity: [0,90562814,95,com.logitech.integration.test.test/androidx.test.core.app.InstrumentationActivityInvoker$BootstrapActivity]
03-03 01:28:36.781  1494  1522 I sysui_multi_action: [757,803,799,window_time_0,802,0]
03-03 01:28:36.782  1494 12268 I am_finish_activity: [0,90562814,95,com.logitech.integration.test.test/androidx.test.core.app.InstrumentationActivityInvoker$BootstrapActivity,app-request]
03-03 01:28:36.782  1494 12268 I am_focused_stack: [0,0,92,93,finishActivity adjustFocus adjustFocusToNextFocusableStack]
03-03 01:28:36.783  1494 12268 I am_set_resumed_activity: [0,com.logitech.videocollaboration.froggersettings/.NetworkConnectionActivity,finishActivity]
03-03 01:28:36.792  1494 12268 I am_pause_activity: [0,90562814,com.logitech.integration.test.test/androidx.test.core.app.InstrumentationActivityInvoker$BootstrapActivity,userLeaving=false]
03-03 01:28:36.793  1494  1522 I sysui_multi_action: [757,803,799,window_time_0,802,0]
03-03 01:28:36.794  7864  7864 I am_on_activity_result_called: [0,androidx.test.core.app.InstrumentationActivityInvoker$BootstrapActivity,ACTIVITY_RESULT]
03-03 01:28:36.794  7864  7864 I am_on_restart_called: [0,androidx.test.core.app.InstrumentationActivityInvoker$BootstrapActivity,performRestartActivity]
03-03 01:28:36.794  1494 12268 I am_add_to_stopping: [0,90562814,com.logitech.integration.test.test/androidx.test.core.app.InstrumentationActivityInvoker$BootstrapActivity,finishCurrentActivityLocked]
03-03 01:28:36.795  1494 12268 I am_set_resumed_activity: [0,com.logitech.videocollaboration.froggersettings/.NetworkConnectionActivity,resumeTopActivityInnerLocked]
03-03 01:28:36.796  1494 12268 I am_resume_activity: [0,159745936,94,com.logitech.videocollaboration.froggersettings/.NetworkConnectionActivity]
03-03 01:28:36.802  1494  1522 I sysui_multi_action: [757,803,799,window_time_0,802,0]
03-03 01:28:36.818  3599  3599 I am_on_resume_called: [0,com.logitech.videocollaboration.froggersettings.NetworkConnectionActivity,RESUME_ACTIVITY]
03-03 01:28:36.819  3599  3599 I am_on_top_resumed_gained_called: [0,com.logitech.videocollaboration.froggersettings.NetworkConnectionActivity,topWhenResuming]
03-03 01:28:36.872  1494  1816 I am_destroy_activity: [0,90562814,95,com.logitech.integration.test.test/androidx.test.core.app.InstrumentationActivityInvoker$BootstrapActivity,finish-imm:activityIdleInternalLocked]
03-03 01:28:36.872  1494  1816 I am_destroy_activity: [0,111793638,95,com.logitech.integration.test/.MainActivity,finish-imm:activityIdleInternalLocked]
03-03 01:28:36.874  7864  7864 I am_on_destroy_called: [0,androidx.test.core.app.InstrumentationActivityInvoker$BootstrapActivity,performDestroy]
