03-03 01:31:18.734   574   574 I auditd  : avc:  denied  { find } for interface=vendor.qti.hardware.servicetracker::IServicetracker sid=u:r:system_server:s0 pid=1494 scontext=u:r:system_server:s0 tcontext=u:object_r:default_android_hwservice:s0 tclass=hwservice_manager permissive=0
03-03 01:31:18.741  1494  1626 I netstats_mobile_sample: [0,0,0,0,0,0,0,0,0,0,0,0,1614771078743]
03-03 01:31:18.742  1494  1626 I netstats_wifi_sample: [0,0,0,0,0,0,0,0,0,0,0,0,1614771078743]
03-03 01:31:18.742  1494  1528 I commit_sys_config_file: [procstats,6]
03-03 01:31:18.747  1494  1528 I commit_sys_config_file: [procstats,6]
03-03 01:31:18.752   574   574 I auditd  : avc:  denied  { find } for interface=vendor.qti.hardware.servicetracker::IServicetracker sid=u:r:system_server:s0 pid=1494 scontext=u:r:system_server:s0 tcontext=u:object_r:default_android_hwservice:s0 tclass=hwservice_manager permissive=0
03-03 01:31:18.752     0     0 I init    : Received control message 'start' for 'dumpstate_runner' from pid: 4548 (com.logitech.bugreporter)
03-03 01:31:18.752     0     0 I init    : starting service 'dumpstate_runner'...
03-03 01:31:18.788     0     0 I init    : Received control message 'start' for 'logitech_dumpstatez' from pid: 9374 (/system/bin/DumpstateRunner)
03-03 01:31:18.788     0     0 I init    : starting service 'logitech_dumpstatez'...
03-03 01:31:18.790     0     0 I init    : Created socket '/dev/socket/dumpstate', mode 660, user 0, group 0
03-03 01:31:20.649     0     0 D logd    : logdr: UID=2000 GID=2000 PID=9382 n tail=0 logMask=80 pid=0 start=0ns timeout=0ns
03-03 01:31:20.688     0     0 D logd    : logdr: UID=2000 GID=2000 PID=9384 n tail=0 logMask=19 pid=0 start=0ns timeout=0ns
03-03 01:31:20.754     0     0 D logd    : logdr: UID=2000 GID=2000 PID=9386 n tail=0 logMask=4 pid=0 start=0ns timeout=0ns
03-03 01:31:20.831     0     0 D logd    : logdr: UID=2000 GID=2000 PID=9388 n tail=0 logMask=20 pid=0 start=0ns timeout=0ns
03-03 01:31:20.843     0     0 D logd    : logdr: UID=2000 GID=2000 PID=9390 n tail=0 logMask=2 pid=0 start=0ns timeout=0ns
03-03 01:31:18.753   574   574 I auditd  : avc:  denied  { find } for interface=vendor.qti.hardware.servicetracker::IServicetracker sid=u:r:system_server:s0 pid=1494 scontext=u:r:system_server:s0 tcontext=u:object_r:default_android_hwservice:s0 tclass=hwservice_manager permissive=0
03-03 01:31:22.288  2865  2865 I auditd  : type=1400 audit(0.0:1236): avc: denied { ioctl } for comm="Thread-5" path="socket:[467488]" dev="sockfs" ino=467488 ioctlcmd=0x8927 scontext=u:r:untrusted_app_27:s0:c40,c256,c512,c768 tcontext=u:r:untrusted_app_27:s0:c40,c256,c512,c768 tclass=udp_socket permissive=0 app=us.zoom.zoompresence
03-03 01:31:26.426     0     0 I binder  : 9379:9413 transaction failed 29201/-1, size 40-8 line 3144
03-03 01:31:22.288  2865  2865 I chatty  : uid=10040(us.zoom.zoompresence) identical 1 line
03-03 01:31:22.288  2865  2865 I auditd  : type=1400 audit(0.0:1238): avc: denied { ioctl } for comm="Thread-5" path="socket:[467488]" dev="sockfs" ino=467488 ioctlcmd=0x8927 scontext=u:r:untrusted_app_27:s0:c40,c256,c512,c768 tcontext=u:r:untrusted_app_27:s0:c40,c256,c512,c768 tclass=udp_socket permissive=0 app=us.zoom.zoompresence
03-03 01:31:26.418  9379  9379 I auditd  : type=1400 audit(0.0:1239): avc: denied { use } for comm="dumpstate" path="pipe:[468855]" dev="pipefs" ino=468855 scontext=u:r:ashmemd:s0 tcontext=u:r:dumpstate:s0 tclass=fd permissive=0
03-03 01:31:26.430     0     0 I binder  : 9379:9418 transaction failed 29201/-1, size 40-8 line 3425
03-03 01:31:26.515  1494  5975 I commit_sys_config_file: [sync-status,4]
03-03 01:31:26.658  9379  9379 I auditd  : type=1400 audit(0.0:1240): avc: denied { use } for comm="dumpstate" path="pipe:[468907]" dev="pipefs" ino=468907 scontext=u:r:gpuservice:s0 tcontext=u:r:dumpstate:s0 tclass=fd permissive=0
03-03 01:31:26.673     0     0 I binder  : 9379:9592 transaction failed 29201/-1, size 40-8 line 3425
03-03 01:31:26.709  1494  5975 I service_manager_stats: [100,26,384204]
03-03 01:31:27.238  9379  9379 I auditd  : type=1400 audit(0.0:1241): avc: denied { use } for comm="dumpstate" path="pipe:[467629]" dev="pipefs" ino=467629 scontext=u:r:system_suspend:s0 tcontext=u:r:dumpstate:s0 tclass=fd permissive=0
03-03 01:31:27.254     0     0 I binder  : 9379:9667 transaction failed 29201/-1, size 40-8 line 3425
03-03 01:31:27.268  2865  2865 I auditd  : type=1400 audit(0.0:1242): avc: denied { ioctl } for comm="Thread-5" path="socket:[469435]" dev="sockfs" ino=469435 ioctlcmd=0x8927 scontext=u:r:untrusted_app_27:s0:c40,c256,c512,c768 tcontext=u:r:untrusted_app_27:s0:c40,c256,c512,c768 tclass=udp_socket permissive=0 app=us.zoom.zoompresence
03-03 01:31:27.325     0     0 D logd    : logdr: UID=1000 GID=1000 PID=9690 n tail=127 logMask=19 pid=0 start=0ns timeout=0ns
03-03 01:31:27.268  2865  2865 I chatty  : uid=10040(us.zoom.zoompresence) identical 1 line
03-03 01:31:27.268  2865  2865 I auditd  : type=1400 audit(0.0:1244): avc: denied { ioctl } for comm="Thread-5" path="socket:[469435]" dev="sockfs" ino=469435 ioctlcmd=0x8927 scontext=u:r:untrusted_app_27:s0:c40,c256,c512,c768 tcontext=u:r:untrusted_app_27:s0:c40,c256,c512,c768 tclass=udp_socket permissive=0 app=us.zoom.zoompresence
03-03 01:31:30.388  1274  1274 I auditd  : type=1400 audit(0.0:1245): avc: denied { search } for comm="Binder:1274_2" name="bms" dev="sysfs" ino=68492 scontext=u:r:incidentd:s0 tcontext=u:object_r:sysfs_battery_supply:s0 tclass=dir permissive=0
03-03 01:31:32.258  2865  2865 I auditd  : type=1400 audit(0.0:1246): avc: denied { ioctl } for comm="Thread-5" path="socket:[473125]" dev="sockfs" ino=473125 ioctlcmd=0x8927 scontext=u:r:untrusted_app_27:s0:c40,c256,c512,c768 tcontext=u:r:untrusted_app_27:s0:c40,c256,c512,c768 tclass=udp_socket permissive=0 app=us.zoom.zoompresence
03-03 01:31:32.258  2865  2865 I chatty  : uid=10040(us.zoom.zoompresence) identical 1 line
03-03 01:31:32.258  2865  2865 I auditd  : type=1400 audit(0.0:1248): avc: denied { ioctl } for comm="Thread-5" path="socket:[473125]" dev="sockfs" ino=473125 ioctlcmd=0x8927 scontext=u:r:untrusted_app_27:s0:c40,c256,c512,c768 tcontext=u:r:untrusted_app_27:s0:c40,c256,c512,c768 tclass=udp_socket permissive=0 app=us.zoom.zoompresence
03-03 01:31:35.317  1494  5975 I am_meminfo: [1013723136,1946923008,49152,278663168,684347392]
03-03 01:31:35.844     0     0 I init    : Service 'logitech_dumpstatez' (pid 9379) exited with status 0
03-03 01:31:35.857  3293  3293 I [40000000]: [bugreport,received]
03-03 01:31:35.863     0     0 I init    : Received control message 'stop' for 'logitech_dumpstatez' from pid: 9374 (/system/bin/DumpstateRunner)
03-03 01:31:35.864     0     0 I init    : Service 'dumpstate_runner' (pid 9374) exited with status 0
03-03 01:31:35.871   574   574 I auditd  : avc:  denied  { find } for interface=vendor.qti.hardware.servicetracker::IServicetracker sid=u:r:system_server:s0 pid=1494 scontext=u:r:system_server:s0 tcontext=u:object_r:default_android_hwservice:s0 tclass=hwservice_manager permissive=0
03-03 01:31:35.872   574   574 I auditd  : avc:  denied  { find } for interface=vendor.qti.hardware.servicetracker::IServicetracker sid=u:r:system_server:s0 pid=1494 scontext=u:r:system_server:s0 tcontext=u:object_r:default_android_hwservice:s0 tclass=hwservice_manager permissive=0
03-03 01:31:35.885  3293 29265 I [40000000]: [upload,start,0]
03-03 01:31:37.218  2865  2865 I auditd  : type=1400 audit(0.0:1249): avc: denied { ioctl } for comm="Thread-5" path="socket:[474237]" dev="sockfs" ino=474237 ioctlcmd=0x8927 scontext=u:r:untrusted_app_27:s0:c40,c256,c512,c768 tcontext=u:r:untrusted_app_27:s0:c40,c256,c512,c768 tclass=udp_socket permissive=0 app=us.zoom.zoompresence
03-03 01:31:37.218  2865  2865 I chatty  : uid=10040(us.zoom.zoompresence) identical 1 line
03-03 01:31:37.218  2865  2865 I auditd  : type=1400 audit(0.0:1251): avc: denied { ioctl } for comm="Thread-5" path="socket:[474237]" dev="sockfs" ino=474237 ioctlcmd=0x8927 scontext=u:r:untrusted_app_27:s0:c40,c256,c512,c768 tcontext=u:r:untrusted_app_27:s0:c40,c256,c512,c768 tclass=udp_socket permissive=0 app=us.zoom.zoompresence
03-03 01:31:38.342  1494  1626 I netstats_mobile_sample: [0,0,0,0,0,0,0,0,0,0,0,0,1614771098343]
03-03 01:31:38.342  1494  1626 I netstats_wifi_sample: [0,0,0,0,0,0,0,0,0,0,0,0,1614771098343]
03-03 01:31:39.208  3293 29265 I [40000000]: [upload,result,Success {mOutputData=Data {}}]
03-03 01:31:39.215   574   574 I auditd  : avc:  denied  { find } for interface=vendor.qti.hardware.servicetracker::IServicetracker sid=u:r:system_server:s0 pid=1494 scontext=u:r:system_server:s0 tcontext=u:object_r:default_android_hwservice:s0 tclass=hwservice_manager permissive=0
03-03 01:31:39.215   574   574 I auditd  : avc:  denied  { find } for interface=vendor.qti.hardware.servicetracker::IServicetracker sid=u:r:system_server:s0 pid=1494 scontext=u:r:system_server:s0 tcontext=u:object_r:default_android_hwservice:s0 tclass=hwservice_manager permissive=0
03-03 01:31:42.218  2865  2865 I auditd  : type=1400 audit(0.0:1252): avc: denied { ioctl } for comm="Thread-5" path="socket:[472261]" dev="sockfs" ino=472261 ioctlcmd=0x8927 scontext=u:r:untrusted_app_27:s0:c40,c256,c512,c768 tcontext=u:r:untrusted_app_27:s0:c40,c256,c512,c768 tclass=udp_socket permissive=0 app=us.zoom.zoompresence
03-03 01:31:42.218  2865  2865 I chatty  : uid=10040(us.zoom.zoompresence) identical 1 line
03-03 01:31:42.218  2865  2865 I auditd  : type=1400 audit(0.0:1254): avc: denied { ioctl } for comm="Thread-5" path="socket:[472261]" dev="sockfs" ino=472261 ioctlcmd=0x8927 scontext=u:r:untrusted_app_27:s0:c40,c256,c512,c768 tcontext=u:r:untrusted_app_27:s0:c40,c256,c512,c768 tclass=udp_socket permissive=0 app=us.zoom.zoompresence
03-03 01:31:47.178  2865  2865 I auditd  : type=1400 audit(0.0:1255): avc: denied { ioctl } for comm="Thread-5" path="socket:[469543]" dev="sockfs" ino=469543 ioctlcmd=0x8927 scontext=u:r:untrusted_app_27:s0:c40,c256,c512,c768 tcontext=u:r:untrusted_app_27:s0:c40,c256,c512,c768 tclass=udp_socket permissive=0 app=us.zoom.zoompresence
03-03 01:31:51.265     0     0 I msm_vidc: info: Opening video instance: ffffffd1d8db4000, 1
03-03 01:31:51.286     0     0 I msm_vidc: warn: Unknown control (992029, 32)
03-03 01:31:52.101     0     0 I msm_vidc: info: Closed video instance: ffffffd1d8db4000
03-03 01:31:47.178  2865  2865 I chatty  : uid=10040(us.zoom.zoompresence) identical 1 line
03-03 01:31:47.178  2865  2865 I auditd  : type=1400 audit(0.0:1257): avc: denied { ioctl } for comm="Thread-5" path="socket:[469543]" dev="sockfs" ino=469543 ioctlcmd=0x8927 scontext=u:r:untrusted_app_27:s0:c40,c256,c512,c768 tcontext=u:r:untrusted_app_27:s0:c40,c256,c512,c768 tclass=udp_socket permissive=0 app=us.zoom.zoompresence
03-03 01:31:52.178  2865  2865 I auditd  : type=1400 audit(0.0:1258): avc: denied { ioctl } for comm="Thread-5" path="socket:[472272]" dev="sockfs" ino=472272 ioctlcmd=0x8927 scontext=u:r:untrusted_app_27:s0:c40,c256,c512,c768 tcontext=u:r:untrusted_app_27:s0:c40,c256,c512,c768 tclass=udp_socket permissive=0 app=us.zoom.zoompresence
03-03 01:31:54.494     0     0 I msm_vidc: info: Opening video instance: ffffffd1c8ce0000, 1
03-03 01:31:54.516     0     0 I msm_vidc: warn: Unknown control (992029, 32)
03-03 01:31:55.336     0     0 I msm_vidc: info: Closed video instance: ffffffd1c8ce0000
03-03 01:31:52.178  2865  2865 I chatty  : uid=10040(us.zoom.zoompresence) identical 1 line
03-03 01:31:52.178  2865  2865 I auditd  : type=1400 audit(0.0:1260): avc: denied { ioctl } for comm="Thread-5" path="socket:[472272]" dev="sockfs" ino=472272 ioctlcmd=0x8927 scontext=u:r:untrusted_app_27:s0:c40,c256,c512,c768 tcontext=u:r:untrusted_app_27:s0:c40,c256,c512,c768 tclass=udp_socket permissive=0 app=us.zoom.zoompresence
03-03 01:31:56.824  1494  1626 I netstats_mobile_sample: [0,0,0,0,0,0,0,0,0,0,0,0,1614771116825]
03-03 01:31:56.824  1494  1626 I netstats_wifi_sample: [0,0,0,0,0,0,0,0,0,0,0,0,1614771116825]
03-03 01:31:57.138  2865  2865 I auditd  : type=1400 audit(0.0:1261): avc: denied { ioctl } for comm="Thread-5" path="socket:[473331]" dev="sockfs" ino=473331 ioctlcmd=0x8927 scontext=u:r:untrusted_app_27:s0:c40,c256,c512,c768 tcontext=u:r:untrusted_app_27:s0:c40,c256,c512,c768 tclass=udp_socket permissive=0 app=us.zoom.zoompresence
03-03 01:31:57.138  2865  2865 I chatty  : uid=10040(us.zoom.zoompresence) identical 1 line
03-03 01:31:57.138  2865  2865 I auditd  : type=1400 audit(0.0:1263): avc: denied { ioctl } for comm="Thread-5" path="socket:[473331]" dev="sockfs" ino=473331 ioctlcmd=0x8927 scontext=u:r:untrusted_app_27:s0:c40,c256,c512,c768 tcontext=u:r:untrusted_app_27:s0:c40,c256,c512,c768 tclass=udp_socket permissive=0 app=us.zoom.zoompresence
03-03 01:31:59.124  8041  8072 I liblog  : 1
03-03 01:32:00.835  8041  8072 I chatty  : uid=10105(u0_a105) com.logitech.integration.test identical 241 lines
03-03 01:32:00.835  8041  8072 I liblog  : 1
03-03 01:32:02.138  2865  2865 I auditd  : type=1400 audit(0.0:1264): avc: denied { ioctl } for comm="Thread-5" path="socket:[472441]" dev="sockfs" ino=472441 ioctlcmd=0x8927 scontext=u:r:untrusted_app_27:s0:c40,c256,c512,c768 tcontext=u:r:untrusted_app_27:s0:c40,c256,c512,c768 tclass=udp_socket permissive=0 app=us.zoom.zoompresence
03-03 01:32:02.138  2865  2865 I chatty  : uid=10040(us.zoom.zoompresence) identical 1 line
03-03 01:32:02.138  2865  2865 I auditd  : type=1400 audit(0.0:1266): avc: denied { ioctl } for comm="Thread-5" path="socket:[472441]" dev="sockfs" ino=472441 ioctlcmd=0x8927 scontext=u:r:untrusted_app_27:s0:c40,c256,c512,c768 tcontext=u:r:untrusted_app_27:s0:c40,c256,c512,c768 tclass=udp_socket permissive=0 app=us.zoom.zoompresence
03-03 01:32:05.488  1494  1626 I netstats_mobile_sample: [0,0,0,0,0,0,0,0,0,0,0,0,1614771125489]
03-03 01:32:05.488  1494  1626 I netstats_wifi_sample: [0,0,0,0,0,0,0,0,0,0,0,0,1614771125489]
03-03 01:32:06.821  8041  8072 I liblog  : 1
03-03 01:32:06.838  8041  8072 I liblog  : 228
03-03 01:32:06.840  8041  9991 I liblog  : 3
03-03 01:32:07.098  2865  2865 I auditd  : type=1400 audit(0.0:1267): avc: denied { ioctl } for comm="Thread-5" path="socket:[473393]" dev="sockfs" ino=473393 ioctlcmd=0x8927 scontext=u:r:untrusted_app_27:s0:c40,c256,c512,c768 tcontext=u:r:untrusted_app_27:s0:c40,c256,c512,c768 tclass=udp_socket permissive=0 app=us.zoom.zoompresence
03-03 01:32:07.098  2865  2865 I chatty  : uid=10040(us.zoom.zoompresence) identical 1 line
03-03 01:32:07.098  2865  2865 I auditd  : type=1400 audit(0.0:1269): avc: denied { ioctl } for comm="Thread-5" path="socket:[473393]" dev="sockfs" ino=473393 ioctlcmd=0x8927 scontext=u:r:untrusted_app_27:s0:c40,c256,c512,c768 tcontext=u:r:untrusted_app_27:s0:c40,c256,c512,c768 tclass=udp_socket permissive=0 app=us.zoom.zoompresence
03-03 01:32:08.527  8041  8072 I liblog  : 2
03-03 01:32:08.542  8041  8072 I liblog  : 162
03-03 01:32:08.545  8041  9997 I liblog  : 3
03-03 01:32:12.068  2865  2865 I auditd  : type=1400 audit(0.0:1270): avc: denied { ioctl } for comm="Thread-5" path="socket:[473412]" dev="sockfs" ino=473412 ioctlcmd=0x8927 scontext=u:r:untrusted_app_27:s0:c40,c256,c512,c768 tcontext=u:r:untrusted_app_27:s0:c40,c256,c512,c768 tclass=udp_socket permissive=0 app=us.zoom.zoompresence
03-03 01:32:12.846     0     0 I msm_vidc: info: Opening video instance: ffffffd1484c8000, 1
03-03 01:32:13.803     0     0 I msm_vidc: info: Closed video instance: ffffffd1484c8000
03-03 01:32:15.282     0     0 I msm_vidc: info: Opening video instance: ffffffd1c8cac000, 1
03-03 01:32:16.069     0     0 I msm_vidc: info: Closed video instance: ffffffd1c8cac000
03-03 01:32:12.068  2865  2865 I chatty  : uid=10040(us.zoom.zoompresence) identical 1 line
03-03 01:32:12.068  2865  2865 I auditd  : type=1400 audit(0.0:1272): avc: denied { ioctl } for comm="Thread-5" path="socket:[473412]" dev="sockfs" ino=473412 ioctlcmd=0x8927 scontext=u:r:untrusted_app_27:s0:c40,c256,c512,c768 tcontext=u:r:untrusted_app_27:s0:c40,c256,c512,c768 tclass=udp_socket permissive=0 app=us.zoom.zoompresence
03-03 01:32:16.998  1494  1626 I netstats_mobile_sample: [0,0,0,0,0,0,0,0,0,0,0,0,1614771136999]
03-03 01:32:16.998  1494  1626 I netstats_wifi_sample: [0,0,0,0,0,0,0,0,0,0,0,0,1614771136999]
03-03 01:32:17.098  2865  2865 I auditd  : type=1400 audit(0.0:1273): avc: denied { ioctl } for comm="Thread-5" path="socket:[469863]" dev="sockfs" ino=469863 ioctlcmd=0x8927 scontext=u:r:untrusted_app_27:s0:c40,c256,c512,c768 tcontext=u:r:untrusted_app_27:s0:c40,c256,c512,c768 tclass=udp_socket permissive=0 app=us.zoom.zoompresence
03-03 01:32:17.098  2865  2865 I chatty  : uid=10040(us.zoom.zoompresence) identical 1 line
03-03 01:32:17.098  2865  2865 I auditd  : type=1400 audit(0.0:1275): avc: denied { ioctl } for comm="Thread-5" path="socket:[469863]" dev="sockfs" ino=469863 ioctlcmd=0x8927 scontext=u:r:untrusted_app_27:s0:c40,c256,c512,c768 tcontext=u:r:untrusted_app_27:s0:c40,c256,c512,c768 tclass=udp_socket permissive=0 app=us.zoom.zoompresence
03-03 01:32:17.710   574   574 I auditd  : avc:  denied  { find } for interface=vendor.qti.hardware.servicetracker::IServicetracker sid=u:r:system_server:s0 pid=1494 scontext=u:r:system_server:s0 tcontext=u:object_r:default_android_hwservice:s0 tclass=hwservice_manager permissive=0
03-03 01:32:19.541   574   574 I auditd  : avc:  denied  { find } for interface=vendor.qti.hardware.servicetracker::IServicetracker sid=u:r:system_server:s0 pid=1494 scontext=u:r:system_server:s0 tcontext=u:object_r:default_android_hwservice:s0 tclass=hwservice_manager permissive=0
03-03 01:32:19.572  1494  1642 I storage_state: [41217664-9172-527a-b3d5-edabb50a7d69,0,0,52611121152,53087854592]
03-03 01:32:22.058  2865  2865 I auditd  : type=1400 audit(0.0:1276): avc: denied { ioctl } for comm="Thread-5" path="socket:[473497]" dev="sockfs" ino=473497 ioctlcmd=0x8927 scontext=u:r:untrusted_app_27:s0:c40,c256,c512,c768 tcontext=u:r:untrusted_app_27:s0:c40,c256,c512,c768 tclass=udp_socket permissive=0 app=us.zoom.zoompresence
03-03 01:32:22.058  2865  2865 I chatty  : uid=10040(us.zoom.zoompresence) identical 1 line
03-03 01:32:22.058  2865  2865 I auditd  : type=1400 audit(0.0:1278): avc: denied { ioctl } for comm="Thread-5" path="socket:[473497]" dev="sockfs" ino=473497 ioctlcmd=0x8927 scontext=u:r:untrusted_app_27:s0:c40,c256,c512,c768 tcontext=u:r:untrusted_app_27:s0:c40,c256,c512,c768 tclass=udp_socket permissive=0 app=us.zoom.zoompresence
03-03 01:32:27.028  2865  2865 I auditd  : type=1400 audit(0.0:1279): avc: denied { ioctl } for comm="Thread-5" path="socket:[469868]" dev="sockfs" ino=469868 ioctlcmd=0x8927 scontext=u:r:untrusted_app_27:s0:c40,c256,c512,c768 tcontext=u:r:untrusted_app_27:s0:c40,c256,c512,c768 tclass=udp_socket permissive=0 app=us.zoom.zoompresence
03-03 01:32:29.035     0     0 I msm_vidc: info: Opening video instance: ffffffd1d8db4000, 1
03-03 01:32:29.542     0     0 I msm_vidc: info: Closed video instance: ffffffd1d8db4000
03-03 01:32:27.028  2865  2865 I chatty  : uid=10040(us.zoom.zoompresence) identical 1 line
03-03 01:32:27.028  2865  2865 I auditd  : type=1400 audit(0.0:1281): avc: denied { ioctl } for comm="Thread-5" path="socket:[469868]" dev="sockfs" ino=469868 ioctlcmd=0x8927 scontext=u:r:untrusted_app_27:s0:c40,c256,c512,c768 tcontext=u:r:untrusted_app_27:s0:c40,c256,c512,c768 tclass=udp_socket permissive=0 app=us.zoom.zoompresence
03-03 01:32:32.028  2865  2865 I auditd  : type=1400 audit(0.0:1282): avc: denied { ioctl } for comm="Thread-5" path="socket:[448813]" dev="sockfs" ino=448813 ioctlcmd=0x8927 scontext=u:r:untrusted_app_27:s0:c40,c256,c512,c768 tcontext=u:r:untrusted_app_27:s0:c40,c256,c512,c768 tclass=udp_socket permissive=0 app=us.zoom.zoompresence
03-03 01:32:32.663     0     0 E platform soc: qcom,ion:qcom,ion-heap@27: Fail to allocate buffer
03-03 01:32:32.666     0     0 I chatty  : uid=0(root) logd identical 3 lines
03-03 01:32:33.179     0     0 E platform soc: qcom,ion:qcom,ion-heap@27: Fail to allocate buffer
03-03 01:32:35.604     0     0 I msm_vidc: info: Opening video instance: ffffffd1c8da8000, 1
03-03 01:32:36.462     0     0 I msm_vidc: info: Closed video instance: ffffffd1c8da8000
03-03 01:32:36.483     0     0 E platform soc: qcom,ion:qcom,ion-heap@27: Fail to allocate buffer
03-03 01:32:32.028  2865  2865 I chatty  : uid=10040(us.zoom.zoompresence) identical 1 line
03-03 01:32:32.028  2865  2865 I auditd  : type=1400 audit(0.0:1284): avc: denied { ioctl } for comm="Thread-5" path="socket:[448813]" dev="sockfs" ino=448813 ioctlcmd=0x8927 scontext=u:r:untrusted_app_27:s0:c40,c256,c512,c768 tcontext=u:r:untrusted_app_27:s0:c40,c256,c512,c768 tclass=udp_socket permissive=0 app=us.zoom.zoompresence
03-03 01:32:36.998  2865  2865 I auditd  : type=1400 audit(0.0:1285): avc: denied { ioctl } for comm="Thread-5" path="socket:[475193]" dev="sockfs" ino=475193 ioctlcmd=0x8927 scontext=u:r:untrusted_app_27:s0:c40,c256,c512,c768 tcontext=u:r:untrusted_app_27:s0:c40,c256,c512,c768 tclass=udp_socket permissive=0 app=us.zoom.zoompresence
03-03 01:32:38.265     0     0 I chatty  : uid=0(root) logd identical 9 lines
03-03 01:32:38.265     0     0 E platform soc: qcom,ion:qcom,ion-heap@27: Fail to allocate buffer
03-03 01:32:39.091     0     0 I msm_vidc: info: Opening video instance: ffffffd1dbfa8000, 1
03-03 01:32:39.110     0     0 I msm_vidc: warn: Unknown control (992029, 32)
03-03 01:32:39.881     0     0 I msm_vidc: info: Closed video instance: ffffffd1dbfa8000
03-03 01:32:41.629     0     0 I msm_vidc: info: Opening video instance: ffffffd1c5280000, 1
03-03 01:32:36.998  2865  2865 I chatty  : uid=10040(us.zoom.zoompresence) identical 1 line
03-03 01:32:36.998  2865  2865 I auditd  : type=1400 audit(0.0:1287): avc: denied { ioctl } for comm="Thread-5" path="socket:[475193]" dev="sockfs" ino=475193 ioctlcmd=0x8927 scontext=u:r:untrusted_app_27:s0:c40,c256,c512,c768 tcontext=u:r:untrusted_app_27:s0:c40,c256,c512,c768 tclass=udp_socket permissive=0 app=us.zoom.zoompresence
03-03 01:32:41.988  2865  2865 I auditd  : type=1400 audit(0.0:1288): avc: denied { ioctl } for comm="Thread-5" path="socket:[475213]" dev="sockfs" ino=475213 ioctlcmd=0x8927 scontext=u:r:untrusted_app_27:s0:c40,c256,c512,c768 tcontext=u:r:untrusted_app_27:s0:c40,c256,c512,c768 tclass=udp_socket permissive=0 app=us.zoom.zoompresence
03-03 01:32:42.567     0     0 I msm_vidc: info: Closed video instance: ffffffd1c5280000
03-03 01:32:44.047     0     0 I msm_vidc: info: Opening video instance: ffffffd185dcc000, 1
03-03 01:32:44.829     0     0 I msm_vidc: info: Closed video instance: ffffffd185dcc000
03-03 01:32:41.988  2865  2865 I chatty  : uid=10040(us.zoom.zoompresence) identical 1 line
03-03 01:32:41.988  2865  2865 I auditd  : type=1400 audit(0.0:1290): avc: denied { ioctl } for comm="Thread-5" path="socket:[475213]" dev="sockfs" ino=475213 ioctlcmd=0x8927 scontext=u:r:untrusted_app_27:s0:c40,c256,c512,c768 tcontext=u:r:untrusted_app_27:s0:c40,c256,c512,c768 tclass=udp_socket permissive=0 app=us.zoom.zoompresence
03-03 01:32:45.219  1494  1626 I netstats_mobile_sample: [0,0,0,0,0,0,0,0,0,0,0,0,1614771165220]
03-03 01:32:45.219  1494  1626 I netstats_wifi_sample: [0,0,0,0,0,0,0,0,0,0,0,0,1614771165220]
03-03 01:32:46.958  2865  2865 I auditd  : type=1400 audit(0.0:1291): avc: denied { ioctl } for comm="Thread-5" path="socket:[475229]" dev="sockfs" ino=475229 ioctlcmd=0x8927 scontext=u:r:untrusted_app_27:s0:c40,c256,c512,c768 tcontext=u:r:untrusted_app_27:s0:c40,c256,c512,c768 tclass=udp_socket permissive=0 app=us.zoom.zoompresence
03-03 01:32:46.958  2865  2865 I chatty  : uid=10040(us.zoom.zoompresence) identical 1 line
03-03 01:32:46.958  2865  2865 I auditd  : type=1400 audit(0.0:1293): avc: denied { ioctl } for comm="Thread-5" path="socket:[475229]" dev="sockfs" ino=475229 ioctlcmd=0x8927 scontext=u:r:untrusted_app_27:s0:c40,c256,c512,c768 tcontext=u:r:untrusted_app_27:s0:c40,c256,c512,c768 tclass=udp_socket permissive=0 app=us.zoom.zoompresence
03-03 01:32:51.928  2865  2865 I auditd  : type=1400 audit(0.0:1294): avc: denied { ioctl } for comm="Thread-5" path="socket:[473648]" dev="sockfs" ino=473648 ioctlcmd=0x8927 scontext=u:r:untrusted_app_27:s0:c40,c256,c512,c768 tcontext=u:r:untrusted_app_27:s0:c40,c256,c512,c768 tclass=udp_socket permissive=0 app=us.zoom.zoompresence
03-03 01:32:51.928  2865  2865 I chatty  : uid=10040(us.zoom.zoompresence) identical 1 line
03-03 01:32:51.928  2865  2865 I auditd  : type=1400 audit(0.0:1296): avc: denied { ioctl } for comm="Thread-5" path="socket:[473648]" dev="sockfs" ino=473648 ioctlcmd=0x8927 scontext=u:r:untrusted_app_27:s0:c40,c256,c512,c768 tcontext=u:r:untrusted_app_27:s0:c40,c256,c512,c768 tclass=udp_socket permissive=0 app=us.zoom.zoompresence
03-03 01:32:56.928  2865  2865 I auditd  : type=1400 audit(0.0:1297): avc: denied { ioctl } for comm="Thread-5" path="socket:[472821]" dev="sockfs" ino=472821 ioctlcmd=0x8927 scontext=u:r:untrusted_app_27:s0:c40,c256,c512,c768 tcontext=u:r:untrusted_app_27:s0:c40,c256,c512,c768 tclass=udp_socket permissive=0 app=us.zoom.zoompresence
03-03 01:32:57.805     0     0 I msm_vidc: info: Opening video instance: ffffffd1d8db4000, 1
03-03 01:32:58.313     0     0 I msm_vidc: info: Closed video instance: ffffffd1d8db4000
03-03 01:33:01.397     0     0 E platform soc: qcom,ion:qcom,ion-heap@27: Fail to allocate buffer
03-03 01:32:56.928  2865  2865 I chatty  : uid=10040(us.zoom.zoompresence) identical 1 line
03-03 01:32:56.928  2865  2865 I auditd  : type=1400 audit(0.0:1299): avc: denied { ioctl } for comm="Thread-5" path="socket:[472821]" dev="sockfs" ino=472821 ioctlcmd=0x8927 scontext=u:r:untrusted_app_27:s0:c40,c256,c512,c768 tcontext=u:r:untrusted_app_27:s0:c40,c256,c512,c768 tclass=udp_socket permissive=0 app=us.zoom.zoompresence
03-03 01:33:01.898  2865  2865 I auditd  : type=1400 audit(0.0:1300): avc: denied { ioctl } for comm="Thread-5" path="socket:[472892]" dev="sockfs" ino=472892 ioctlcmd=0x8927 scontext=u:r:untrusted_app_27:s0:c40,c256,c512,c768 tcontext=u:r:untrusted_app_27:s0:c40,c256,c512,c768 tclass=udp_socket permissive=0 app=us.zoom.zoompresence
03-03 01:33:01.400     0     0 I chatty  : uid=0(root) logd identical 3 lines
03-03 01:33:01.910     0     0 E platform soc: qcom,ion:qcom,ion-heap@27: Fail to allocate buffer
03-03 01:33:04.347     0     0 I msm_vidc: info: Opening video instance: ffffffd1c8da8000, 1
03-03 01:33:05.210     0     0 I msm_vidc: info: Closed video instance: ffffffd1c8da8000
03-03 01:33:05.229     0     0 E platform soc: qcom,ion:qcom,ion-heap@27: Fail to allocate buffer
03-03 01:33:01.898  2865  2865 I chatty  : uid=10040(us.zoom.zoompresence) identical 1 line
03-03 01:33:01.898  2865  2865 I auditd  : type=1400 audit(0.0:1302): avc: denied { ioctl } for comm="Thread-5" path="socket:[472892]" dev="sockfs" ino=472892 ioctlcmd=0x8927 scontext=u:r:untrusted_app_27:s0:c40,c256,c512,c768 tcontext=u:r:untrusted_app_27:s0:c40,c256,c512,c768 tclass=udp_socket permissive=0 app=us.zoom.zoompresence
03-03 01:33:06.888  2865  2865 I auditd  : type=1400 audit(0.0:1303): avc: denied { ioctl } for comm="Thread-5" path="socket:[475367]" dev="sockfs" ino=475367 ioctlcmd=0x8927 scontext=u:r:untrusted_app_27:s0:c40,c256,c512,c768 tcontext=u:r:untrusted_app_27:s0:c40,c256,c512,c768 tclass=udp_socket permissive=0 app=us.zoom.zoompresence
03-03 01:33:06.982     0     0 I chatty  : uid=0(root) logd identical 8 lines
03-03 01:33:06.982     0     0 E platform soc: qcom,ion:qcom,ion-heap@27: Fail to allocate buffer
03-03 01:33:07.847     0     0 I msm_vidc: info: Opening video instance: ffffffd1c5280000, 1
03-03 01:33:07.868     0     0 I msm_vidc: warn: Unknown control (992029, 32)
03-03 01:33:08.638     0     0 I msm_vidc: info: Closed video instance: ffffffd1c5280000
03-03 01:33:06.888  2865  2865 I chatty  : uid=10040(us.zoom.zoompresence) identical 1 line
03-03 01:33:06.888  2865  2865 I auditd  : type=1400 audit(0.0:1305): avc: denied { ioctl } for comm="Thread-5" path="socket:[475367]" dev="sockfs" ino=475367 ioctlcmd=0x8927 scontext=u:r:untrusted_app_27:s0:c40,c256,c512,c768 tcontext=u:r:untrusted_app_27:s0:c40,c256,c512,c768 tclass=udp_socket permissive=0 app=us.zoom.zoompresence
03-03 01:33:10.374  1494  5975 I wm_stack_created: 94
03-03 01:33:10.376  1494  5975 I wm_task_created: [96,94]
03-03 01:33:10.376  1494  5975 I wm_task_moved: [96,0,2147483647]
03-03 01:33:10.376  1494  5975 I am_focused_stack: [0,0,94,92,reuseOrNewTask]
03-03 01:33:10.377  1494  5975 I am_create_task: [0,96]
03-03 01:33:10.377  1494  5975 I am_create_activity: [0,130932665,96,com.logitech.integration.test.test/androidx.test.core.app.InstrumentationActivityInvoker$BootstrapActivity,android.intent.action.MAIN,NULL,NULL,268468224]
03-03 01:33:10.377  3599  3599 I am_on_top_resumed_lost_called: [0,com.logitech.videocollaboration.froggersettings.NetworkConnectionActivity,topStateChangedWhenResumed]
03-03 01:33:10.377  1494  5975 I wm_task_moved: [96,0,2147483647]
03-03 01:33:10.378  1494  5975 I am_pause_activity: [0,159745936,com.logitech.videocollaboration.froggersettings/.NetworkConnectionActivity,userLeaving=true]
03-03 01:33:10.382  3599  3599 I am_on_paused_called: [0,com.logitech.videocollaboration.froggersettings.NetworkConnectionActivity,performPause]
03-03 01:33:10.384  1494 16046 I am_add_to_stopping: [0,159745936,com.logitech.videocollaboration.froggersettings/.NetworkConnectionActivity,makeInvisible]
03-03 01:33:10.385  1494  1522 I am_uid_running: 10106
03-03 01:33:10.410  1494  1528 I am_pss  : [8041,10105,com.logitech.integration.test,97239040,92610560,0,181104640,0,5,15]
03-03 01:33:10.411  1494  1530 I am_proc_start: [0,11779,10106,com.logitech.integration.test.test,activity,{com.logitech.integration.test.test/androidx.test.core.app.InstrumentationActivityInvoker$BootstrapActivity}]
03-03 01:33:10.417     0     0 I msm_vidc: info: Opening video instance: ffffffd14bf50000, 1
03-03 01:33:10.444  1494 16046 I am_proc_bound: [0,11779,com.logitech.integration.test.test]
03-03 01:33:10.447  1494 16046 I am_restart_activity: [0,130932665,96,com.logitech.integration.test.test/androidx.test.core.app.InstrumentationActivityInvoker$BootstrapActivity]
03-03 01:33:10.447  1494 16046 I am_set_resumed_activity: [0,com.logitech.integration.test.test/androidx.test.core.app.InstrumentationActivityInvoker$BootstrapActivity,minimalResumeActivityLocked]
03-03 01:33:10.440     0     0 I msm_vidc: warn: Unknown control (992029, 32)
03-03 01:33:10.463  1494  1522 I am_uid_active: 10106
03-03 01:33:10.590 11779 11779 I am_on_create_called: [0,androidx.test.core.app.InstrumentationActivityInvoker$BootstrapActivity,performCreate]
03-03 01:33:10.607 11779 11779 I am_on_start_called: [0,androidx.test.core.app.InstrumentationActivityInvoker$BootstrapActivity,handleStartActivity]
03-03 01:33:10.620  1494  5975 I am_create_activity: [0,156034685,96,com.logitech.integration.test/.MainActivity,NULL,NULL,NULL,0]
03-03 01:33:10.622  1494  5975 I am_pause_activity: [0,130932665,com.logitech.integration.test.test/androidx.test.core.app.InstrumentationActivityInvoker$BootstrapActivity,userLeaving=true]
03-03 01:33:10.624 11779 11779 I am_on_resume_called: [0,androidx.test.core.app.InstrumentationActivityInvoker$BootstrapActivity,RESUME_ACTIVITY]
03-03 01:33:10.624 11779 11779 I am_on_top_resumed_gained_called: [0,androidx.test.core.app.InstrumentationActivityInvoker$BootstrapActivity,topStateChangedWhenResumed]
03-03 01:33:10.625 11779 11779 I am_on_top_resumed_lost_called: [0,androidx.test.core.app.InstrumentationActivityInvoker$BootstrapActivity,topStateChangedWhenResumed]
03-03 01:33:10.625 11779 11779 I am_on_paused_called: [0,androidx.test.core.app.InstrumentationActivityInvoker$BootstrapActivity,performPause]
03-03 01:33:10.626  1494  5975 I am_add_to_stopping: [0,130932665,com.logitech.integration.test.test/androidx.test.core.app.InstrumentationActivityInvoker$BootstrapActivity,makeInvisible]
03-03 01:33:10.627  1494  5975 I am_restart_activity: [0,156034685,96,com.logitech.integration.test/.MainActivity]
03-03 01:33:10.627  1494  5975 I am_set_resumed_activity: [0,com.logitech.integration.test/.MainActivity,minimalResumeActivityLocked]
03-03 01:33:10.635  1494  5975 I am_stop_activity: [0,130932665,com.logitech.integration.test.test/androidx.test.core.app.InstrumentationActivityInvoker$BootstrapActivity]
03-03 01:33:10.636 11779 11779 I am_on_stop_called: [0,androidx.test.core.app.InstrumentationActivityInvoker$BootstrapActivity,STOP_ACTIVITY_ITEM]
03-03 01:33:10.645  1494  1522 I sysui_multi_action: [757,803,799,window_time_0,802,274]
03-03 01:33:10.846  8041  8041 I am_on_create_called: [0,com.logitech.integration.test.MainActivity,performCreate]
03-03 01:33:10.912  8041  8041 I am_on_start_called: [0,com.logitech.integration.test.MainActivity,handleStartActivity]
03-03 01:33:10.915  8041  8041 I am_on_resume_called: [0,com.logitech.integration.test.MainActivity,RESUME_ACTIVITY]
03-03 01:33:10.933  8041  8041 I am_on_top_resumed_gained_called: [0,com.logitech.integration.test.MainActivity,topStateChangedWhenResumed]
03-03 01:33:11.021  1494  1528 I sysui_multi_action: [319,85,321,38,322,651,325,12799,757,761,758,7,759,1,806,com.logitech.integration.test,871,com.logitech.integration.test.MainActivity,904,com.logitech.integration.test,905,0,945,74,1320,12,1321,1]
03-03 01:33:11.023  1494  1528 I am_activity_launch_time: [0,156034685,com.logitech.integration.test/.MainActivity,651]
03-03 01:33:11.049  1494  6547 I am_stop_activity: [0,159745936,com.logitech.videocollaboration.froggersettings/.NetworkConnectionActivity]
03-03 01:33:11.054  3599  3599 I am_on_stop_called: [0,com.logitech.videocollaboration.froggersettings.NetworkConnectionActivity,STOP_ACTIVITY_ITEM]
03-03 01:33:11.419     0     0 I msm_vidc: info: Opening video instance: ffffffd1658f8000, 0
03-03 01:33:11.477     0     0 I aac_in_open: session id 1: NT mode encoder success
03-03 01:33:11.477     0     0 I aac_in_open: session id 1: success
03-03 01:33:11.502     0     0 I msm_vidc: info: Closed video instance: ffffffd14bf50000
03-03 01:33:11.505     0     0 I audio_in_release: session id 1
03-03 01:33:11.518     0     0 I msm_vidc: info: Closed video instance: ffffffd1658f8000
03-03 01:33:11.534     0     0 I CAM_INFO: CAM-SENSOR: cam_sensor_driver_cmd: 1519 CAM_ACQUIRE_DEV,  sensor_state 3 +
03-03 01:33:11.550     0     0 I ueventd : firmware: loading 'CAMERA_ICP.elf' for '/devices/platform/soc/ac00000.qcom,a5/firmware/CAMERA_ICP.elf'
03-03 01:33:11.554     0     0 I ueventd : loading /devices/platform/soc/ac00000.qcom,a5/firmware/CAMERA_ICP.elf took 4ms
03-03 01:33:11.565     0     0 I CAM_INFO: CAM-ICP: cam_icp_mgr_process_dbg_buf: 2042 FW_DBG:CICP_FW_E : HFI  :QC_IMAGE_VERSION_STRING=CICP.FW.2.1-00008,OEM_IMAGE_VERSION_STRING=CRM,BUILD_TIME: Oct 23 2019 14:14:13,CACHE_ENABLED at icphostinterface.c:636 QC_IMAGE_VERSION_STRING=CICP.FW.2.1-00008 OEM_IMAGE_VERSION_STRING=CRM
03-03 01:33:11.565     0     0 I CAM_INFO: CAM-ICP: cam_icp_mgr_process_dbg_buf: 2042 FW_DBG:CICP_FW_E : HFI  :ELF variant: CACHE-ENABLED:API_V1::USE_CDM_1_0: , API version: 0x1000034 at icphostinterface.c:637 QC_IMAGE_VERSION_STRING=CICP.FW.2.1-00008 OEM_IMAGE_VERSION_STRING=CRM
03-03 01:33:11.565     0     0 I CAM_INFO: CAM-ICP: cam_icp_mgr_hw_open: 3209 FW download done successfully
03-03 01:33:11.592     0     0 I CAM_INFO: CAM-SENSOR: cam_sensor_driver_cmd: 1600 CAM_ACQUIRE_DEV Success, sensor_id:0x8000,sensor_slave_addr:0x34
03-03 01:33:11.606     0     0 I CAM_INFO: CAM-SENSOR: cam_sensor_util_request_gpio_table: 787 No GPIO data
03-03 01:33:11.606     0     0 E CAM_ERR : CAM-SENSOR: cam_sensor_core_power_up: 1881 clk index 0 >= max 0
03-03 01:33:11.606     0     0 E CAM_ERR : CAM-SENSOR: cam_sensor_core_power_up: 2064 failed
03-03 01:33:11.606     0     0 I CAM_INFO: CAM-SENSOR: cam_sensor_util_request_gpio_table: 787 No GPIO data
03-03 01:33:11.645  8041 11828 I dvm_lock_sample: [com.logitech.integration.test,0,CameraThread,118,CameraDeviceImpl.java,189,void android.hardware.camera2.impl.CameraDeviceImpl$4.run(),BinderProxy.java,-2,boolean android.os.BinderProxy.transactNative(int, android.os.Parcel, android.os.Parcel, int),23]
03-03 01:33:11.687     0     0 I ueventd : firmware: loading 'CAMERA_ICP.elf' for '/devices/platform/soc/ac00000.qcom,a5/firmware/CAMERA_ICP.elf'
03-03 01:33:11.692     0     0 I ueventd : loading /devices/platform/soc/ac00000.qcom,a5/firmware/CAMERA_ICP.elf took 5ms
03-03 01:33:11.703     0     0 I CAM_INFO: CAM-ICP: cam_icp_mgr_process_dbg_buf: 2042 FW_DBG:CICP_FW_E : HFI  :QC_IMAGE_VERSION_STRING=CICP.FW.2.1-00008,OEM_IMAGE_VERSION_STRING=CRM,BUILD_TIME: Oct 23 2019 14:14:13,CACHE_ENABLED at icphostinterface.c:636 QC_IMAGE_VERSION_STRING=CICP.FW.2.1-00008 OEM_IMAGE_VERSION_STRING=CRM
03-03 01:33:11.703     0     0 I CAM_INFO: CAM-ICP: cam_icp_mgr_process_dbg_buf: 2042 FW_DBG:CICP_FW_E : HFI  :ELF variant: CACHE-ENABLED:API_V1::USE_CDM_1_0: , API version: 0x1000034 at icphostinterface.c:637 QC_IMAGE_VERSION_STRING=CICP.FW.2.1-00008 OEM_IMAGE_VERSION_STRING=CRM
03-03 01:33:11.703     0     0 I CAM_INFO: CAM-ICP: cam_icp_mgr_hw_open: 3209 FW download done successfully
03-03 01:33:11.718     0     0 I CAM_INFO: CAM-CORE: cam_node_handle_ioctl: 756 Acquire HW successful
03-03 01:33:11.733     0     0 I CAM_INFO: CAM-SENSOR: cam_sensor_driver_cmd: 1673 CAM_START_DEV,  sensor_state 2 +
03-03 01:33:11.734     0     0 I CAM_INFO: CAM-SENSOR: cam_sensor_driver_cmd: 1697 CAM_START_DEV Success, sensor_id:0x8000,sensor_slave_addr:0x34
03-03 01:33:11.858  2865  2865 I auditd  : type=1400 audit(0.0:1306): avc: denied { ioctl } for comm="Thread-5" path="socket:[478235]" dev="sockfs" ino=478235 ioctlcmd=0x8927 scontext=u:r:untrusted_app_27:s0:c40,c256,c512,c768 tcontext=u:r:untrusted_app_27:s0:c40,c256,c512,c768 tclass=udp_socket permissive=0 app=us.zoom.zoompresence
03-03 01:33:11.933     0     0 I msm_vidc: info: Opening video instance: ffffffd1a42c4000, 0
03-03 01:33:11.980     0     0 I aac_in_open: session id 1: NT mode encoder success
03-03 01:33:11.980     0     0 I aac_in_open: session id 1: success
03-03 01:33:11.858  2865  2865 I chatty  : uid=10040(us.zoom.zoompresence) identical 1 line
03-03 01:33:11.858  2865  2865 I auditd  : type=1400 audit(0.0:1308): avc: denied { ioctl } for comm="Thread-5" path="socket:[478235]" dev="sockfs" ino=478235 ioctlcmd=0x8927 scontext=u:r:untrusted_app_27:s0:c40,c256,c512,c768 tcontext=u:r:untrusted_app_27:s0:c40,c256,c512,c768 tclass=udp_socket permissive=0 app=us.zoom.zoompresence
03-03 01:33:12.140  8041 11773 I liblog  : 3
03-03 01:33:12.140  8041 11773 I liblog  : 26
03-03 01:33:12.140  8041 11829 I liblog  : 3
03-03 01:33:12.140  8041 11773 I liblog  : 1
03-03 01:33:12.149  2318 12068 I service_manager_stats: [100,23,3156880]
03-03 01:33:12.156   574   574 I auditd  : avc:  denied  { find } for interface=vendor.qti.hardware.servicetracker::IServicetracker sid=u:r:system_server:s0 pid=1494 scontext=u:r:system_server:s0 tcontext=u:object_r:default_android_hwservice:s0 tclass=hwservice_manager permissive=0
03-03 01:33:12.158   574   574 I auditd  : avc:  denied  { find } for interface=vendor.qti.hardware.servicetracker::IServicetracker sid=u:r:system_server:s0 pid=1494 scontext=u:r:system_server:s0 tcontext=u:object_r:default_android_hwservice:s0 tclass=hwservice_manager permissive=0
03-03 01:33:12.173  8041  8060 I liblog  : 1
03-03 01:33:12.182     0     0 I CAM_INFO: CAM-SENSOR: cam_sensor_driver_cmd: 1519 CAM_ACQUIRE_DEV,  sensor_state 0 +
03-03 01:33:12.182     0     0 I CAM_INFO: CAM-ISP: __cam_isp_ctx_flush_req_in_top_state: 2049 ctx id:2 Last request id to flush is 8
03-03 01:33:12.207     0     0 I CAM_INFO: CAM-SENSOR: cam_sensor_driver_cmd: 1701 CAM_STOP_DEV,  sensor_state 3 +
03-03 01:33:12.208     0     0 I CAM_INFO: CAM-SENSOR: cam_sensor_driver_cmd: 1727 CAM_STOP_DEV Success, sensor_id:0x8000,sensor_slave_addr:0x34
03-03 01:33:12.215     0     0 I CAM_INFO: CAM-CORE: cam_node_handle_ioctl: 863 Release HW done(rc = 0)
03-03 01:33:12.219     0     0 I CAM_INFO: CAM-SENSOR: cam_sensor_driver_cmd: 1600 CAM_ACQUIRE_DEV Success, sensor_id:0x8000,sensor_slave_addr:0x34
03-03 01:33:12.269     0     0 I CAM_INFO: CAM-CORE: cam_node_handle_ioctl: 756 Acquire HW successful
03-03 01:33:12.283     0     0 I CAM_INFO: CAM-SENSOR: cam_sensor_driver_cmd: 1673 CAM_START_DEV,  sensor_state 2 +
03-03 01:33:12.284     0     0 I CAM_INFO: CAM-SENSOR: cam_sensor_driver_cmd: 1697 CAM_START_DEV Success, sensor_id:0x8000,sensor_slave_addr:0x34
03-03 01:33:12.593  1494  1626 I netstats_mobile_sample: [0,0,0,0,0,0,0,0,0,0,0,0,1614771192594]
03-03 01:33:12.593  1494  1626 I netstats_wifi_sample: [0,0,0,0,0,0,0,0,0,0,0,0,1614771192594]
03-03 01:33:13.100  2318 31823 I dvm_lock_sample: [com.logitech.service.systemservi,1,Binder:2318_A,547,AICVService.java,-1,boolean com.logitech.service.aicvservice.AICVService.isPaused(),BaseService.java,-1,boolean com.logitech.service.baseservice.BaseService.start(),100]
03-03 01:33:13.136     0     0 I CAM_INFO: CAM-CORE: cam_node_handle_ioctl: 756 Acquire HW successful
03-03 01:33:13.151     0     0 I CAM_INFO: CAM-SENSOR: cam_sensor_driver_cmd: 1673 CAM_START_DEV,  sensor_state 2 +
03-03 01:33:13.151     0     0 I CAM_INFO: CAM-SENSOR: cam_sensor_driver_cmd: 1697 CAM_START_DEV Success, sensor_id:0x8000,sensor_slave_addr:0x34
03-03 01:33:13.383  2318 31823 I dvm_lock_sample: [com.logitech.service.systemservi,1,Binder:2318_A,254,AICVService.java,-1,boolean com.logitech.service.aicvservice.AICVService.isPaused(),-,-1,void com.logitech.service.aicvservice.AICVService.setExecutionMode(com.logitech.service.models.aicv.AICVExecutionMode),50]
03-03 01:33:13.666     0     0 I CAM_INFO: CAM-ISP: __cam_isp_ctx_flush_req_in_top_state: 2049 ctx id:1 Last request id to flush is 14
03-03 01:33:13.666     0     0 I CAM_INFO: CAM-ISP: __cam_isp_ctx_flush_req_in_top_state: 2063 ctx:1 last applied id:11, reported req id:10, buf done id:10
03-03 01:33:13.666     0     0 I CAM_INFO: CAM-ISP: __cam_isp_ctx_flush_req_in_top_state: 2069 current time:12502390 last apply time:12502370, reported req time:12502370, buf done time:12502380
03-03 01:33:13.666     0     0 I CAM_INFO: CAM-ISP: __cam_isp_ctx_dump_state_monitor_array: 121 Dumping state information for preceding requests
03-03 01:33:13.686     0     0 E CAM_ERR : CAM-ISP: cam_ife_csid_irq: 3386 CSID 0 irq status 0x0 0x4000ff 0x1ffa 0x0 0x0 0x1ff8 0x0
03-03 01:33:13.686     0     0 E CAM_ERR : CAM-ISP: cam_ife_csid_irq: 3386 CSID 0 irq status 0x0 0xff 0xc00 0x0 0x0 0xc02 0x0
03-03 01:33:13.688     0     0 I CAM_INFO: CAM-ISP: __cam_isp_ctx_flush_req_in_top_state: 2049 ctx id:1 Last request id to flush is 14
03-03 01:33:13.693     0     0 I CAM_INFO: CAM-SENSOR: cam_sensor_driver_cmd: 1701 CAM_STOP_DEV,  sensor_state 3 +
03-03 01:33:13.693     0     0 I CAM_INFO: CAM-SENSOR: cam_sensor_driver_cmd: 1727 CAM_STOP_DEV Success, sensor_id:0x8000,sensor_slave_addr:0x34
03-03 01:33:13.701     0     0 I CAM_INFO: CAM-CORE: cam_node_handle_ioctl: 863 Release HW done(rc = 0)
03-03 01:33:13.703     0     0 I CAM_INFO: CAM-SENSOR: cam_sensor_driver_cmd: 1604 CAM_RELEASE_DEV,  sensor_state 1 +
03-03 01:33:13.717     0     0 I CAM_INFO: CAM-SENSOR: cam_sensor_driver_cmd: 1654 CAM_RELEASE_DEV Success, sensor_id:0x8000,sensor_slave_addr:0x34
03-03 01:33:13.743   574   574 I auditd  : avc:  denied  { find } for interface=vendor.qti.hardware.servicetracker::IServicetracker sid=u:r:system_server:s0 pid=1494 scontext=u:r:system_server:s0 tcontext=u:object_r:default_android_hwservice:s0 tclass=hwservice_manager permissive=0
03-03 01:33:13.745   574   574 I auditd  : avc:  denied  { find } for interface=vendor.qti.hardware.servicetracker::IServicetracker sid=u:r:system_server:s0 pid=1494 scontext=u:r:system_server:s0 tcontext=u:object_r:default_android_hwservice:s0 tclass=hwservice_manager permissive=0
03-03 01:33:13.749  2318  5582 I dvm_lock_sample: [com.logitech.service.systemservi,1,Binder:2318_6,122,AICVService.java,-1,boolean com.logitech.service.aicvservice.AICVService.isPaused(),BaseService.java,-1,void com.logitech.service.baseservice.BaseService.stop(boolean),24]
03-03 01:33:13.824  1494  1626 I netstats_mobile_sample: [0,0,0,0,0,0,0,0,0,0,0,0,1614771193826]
03-03 01:33:13.825  1494  1626 I netstats_wifi_sample: [0,0,0,0,0,0,0,0,0,0,0,0,1614771193826]
03-03 01:33:15.772  1494  1626 I netstats_mobile_sample: [0,0,0,0,0,0,0,0,0,0,0,0,1614771195773]
03-03 01:33:15.772  1494  1626 I netstats_wifi_sample: [0,0,0,0,0,0,0,0,0,0,0,0,1614771195773]
03-03 01:33:16.828  2865  2865 I auditd  : type=1400 audit(0.0:1309): avc: denied { ioctl } for comm="Thread-5" path="socket:[478307]" dev="sockfs" ino=478307 ioctlcmd=0x8927 scontext=u:r:untrusted_app_27:s0:c40,c256,c512,c768 tcontext=u:r:untrusted_app_27:s0:c40,c256,c512,c768 tclass=udp_socket permissive=0 app=us.zoom.zoompresence
03-03 01:33:16.828  2865  2865 I chatty  : uid=10040(us.zoom.zoompresence) identical 1 line
03-03 01:33:16.828  2865  2865 I auditd  : type=1400 audit(0.0:1311): avc: denied { ioctl } for comm="Thread-5" path="socket:[478307]" dev="sockfs" ino=478307 ioctlcmd=0x8927 scontext=u:r:untrusted_app_27:s0:c40,c256,c512,c768 tcontext=u:r:untrusted_app_27:s0:c40,c256,c512,c768 tclass=udp_socket permissive=0 app=us.zoom.zoompresence
03-03 01:33:18.402  1494  1626 I netstats_mobile_sample: [0,0,0,0,0,0,0,0,0,0,0,0,1614771198403]
03-03 01:33:18.402  1494  1626 I netstats_wifi_sample: [0,0,0,0,0,0,0,0,0,0,0,0,1614771198403]
03-03 01:33:19.535   574   574 I auditd  : avc:  denied  { find } for interface=vendor.qti.hardware.servicetracker::IServicetracker sid=u:r:system_server:s0 pid=1494 scontext=u:r:system_server:s0 tcontext=u:object_r:default_android_hwservice:s0 tclass=hwservice_manager permissive=0
03-03 01:33:19.672  1494  1642 I storage_state: [41217664-9172-527a-b3d5-edabb50a7d69,0,0,52123873280,53087854592]
03-03 01:33:20.431  1494  1546 I commit_sys_config_file: [package-user-0,5]
03-03 01:33:20.834  1494  1626 I netstats_mobile_sample: [0,0,0,0,0,0,0,0,0,0,0,0,1614771200835]
03-03 01:33:20.834  1494  1626 I netstats_wifi_sample: [0,0,0,0,0,0,0,0,0,0,0,0,1614771200835]
03-03 01:33:21.371   574   574 I auditd  : avc:  denied  { find } for interface=vendor.qti.hardware.servicetracker::IServicetracker sid=u:r:system_server:s0 pid=1494 scontext=u:r:system_server:s0 tcontext=u:object_r:default_android_hwservice:s0 tclass=hwservice_manager permissive=0
03-03 01:33:21.741  2049 31825 I dvm_lock_sample: [com.logitech.service.systemservi,1,Binder:2049_A,5,PTZFService.java,-1,int com.logitech.service.ptzfservice.PTZFService.getAbsolute(com.logitech.service.models.ptzf.PtzfType),-,-1,int com.logitech.service.ptzfservice.PTZFService.getAbsolute(com.logitech.service.models.ptzf.PtzfType),1]
03-03 01:33:21.828  2865  2865 I auditd  : type=1400 audit(0.0:1312): avc: denied { ioctl } for comm="Thread-5" path="socket:[479292]" dev="sockfs" ino=479292 ioctlcmd=0x8927 scontext=u:r:untrusted_app_27:s0:c40,c256,c512,c768 tcontext=u:r:untrusted_app_27:s0:c40,c256,c512,c768 tclass=udp_socket permissive=0 app=us.zoom.zoompresence
03-03 01:33:21.828  2865  2865 I chatty  : uid=10040(us.zoom.zoompresence) identical 1 line
03-03 01:33:21.828  2865  2865 I auditd  : type=1400 audit(0.0:1314): avc: denied { ioctl } for comm="Thread-5" path="socket:[479292]" dev="sockfs" ino=479292 ioctlcmd=0x8927 scontext=u:r:untrusted_app_27:s0:c40,c256,c512,c768 tcontext=u:r:untrusted_app_27:s0:c40,c256,c512,c768 tclass=udp_socket permissive=0 app=us.zoom.zoompresence
03-03 01:33:23.465  1494  1626 I netstats_mobile_sample: [0,0,0,0,0,0,0,0,0,0,0,0,1614771203467]
03-03 01:33:23.466  1494  1626 I netstats_wifi_sample: [0,0,0,0,0,0,0,0,0,0,0,0,1614771203467]
03-03 01:33:26.091  1494  1626 I netstats_mobile_sample: [0,0,0,0,0,0,0,0,0,0,0,0,1614771206092]
03-03 01:33:26.091  1494  1626 I netstats_wifi_sample: [0,0,0,0,0,0,0,0,0,0,0,0,1614771206092]
03-03 01:33:26.798  2865  2865 I auditd  : type=1400 audit(0.0:1315): avc: denied { ioctl } for comm="Thread-5" path="socket:[478413]" dev="sockfs" ino=478413 ioctlcmd=0x8927 scontext=u:r:untrusted_app_27:s0:c40,c256,c512,c768 tcontext=u:r:untrusted_app_27:s0:c40,c256,c512,c768 tclass=udp_socket permissive=0 app=us.zoom.zoompresence
03-03 01:33:26.798  2865  2865 I chatty  : uid=10040(us.zoom.zoompresence) identical 1 line
03-03 01:33:26.798  2865  2865 I auditd  : type=1400 audit(0.0:1317): avc: denied { ioctl } for comm="Thread-5" path="socket:[478413]" dev="sockfs" ino=478413 ioctlcmd=0x8927 scontext=u:r:untrusted_app_27:s0:c40,c256,c512,c768 tcontext=u:r:untrusted_app_27:s0:c40,c256,c512,c768 tclass=udp_socket permissive=0 app=us.zoom.zoompresence
03-03 01:33:28.652  1494  1626 I netstats_mobile_sample: [0,0,0,0,0,0,0,0,0,0,0,0,1614771208654]
03-03 01:33:28.652  1494  1626 I netstats_wifi_sample: [0,0,0,0,0,0,0,0,0,0,0,0,1614771208654]
03-03 01:33:31.315  1494  1626 I netstats_mobile_sample: [0,0,0,0,0,0,0,0,0,0,0,0,1614771211316]
03-03 01:33:31.315  1494  1626 I netstats_wifi_sample: [0,0,0,0,0,0,0,0,0,0,0,0,1614771211316]
03-03 01:33:31.758  2865  2865 I auditd  : type=1400 audit(0.0:1318): avc: denied { ioctl } for comm="Thread-5" path="socket:[475662]" dev="sockfs" ino=475662 ioctlcmd=0x8927 scontext=u:r:untrusted_app_27:s0:c40,c256,c512,c768 tcontext=u:r:untrusted_app_27:s0:c40,c256,c512,c768 tclass=udp_socket permissive=0 app=us.zoom.zoompresence
03-03 01:33:31.758  2865  2865 I chatty  : uid=10040(us.zoom.zoompresence) identical 1 line
03-03 01:33:31.758  2865  2865 I auditd  : type=1400 audit(0.0:1320): avc: denied { ioctl } for comm="Thread-5" path="socket:[475662]" dev="sockfs" ino=475662 ioctlcmd=0x8927 scontext=u:r:untrusted_app_27:s0:c40,c256,c512,c768 tcontext=u:r:untrusted_app_27:s0:c40,c256,c512,c768 tclass=udp_socket permissive=0 app=us.zoom.zoompresence
