03-03 01:33:33.920  1494  1626 I netstats_mobile_sample: [0,0,0,0,0,0,0,0,0,0,0,0,1614771213921]
03-03 01:33:33.920  1494  1626 I netstats_wifi_sample: [0,0,0,0,0,0,0,0,0,0,0,0,1614771213921]
03-03 01:33:36.582  1494  1626 I netstats_mobile_sample: [0,0,0,0,0,0,0,0,0,0,0,0,1614771216583]
03-03 01:33:36.582  1494  1626 I netstats_wifi_sample: [0,0,0,0,0,0,0,0,0,0,0,0,1614771216583]
03-03 01:33:36.758  2865  2865 I auditd  : type=1400 audit(0.0:1321): avc: denied { ioctl } for comm="Thread-5" path="socket:[479400]" dev="sockfs" ino=479400 ioctlcmd=0x8927 scontext=u:r:untrusted_app_27:s0:c40,c256,c512,c768 tcontext=u:r:untrusted_app_27:s0:c40,c256,c512,c768 tclass=udp_socket permissive=0 app=us.zoom.zoompresence
03-03 01:33:36.758  2865  2865 I chatty  : uid=10040(us.zoom.zoompresence) identical 1 line
03-03 01:33:36.758  2865  2865 I auditd  : type=1400 audit(0.0:1323): avc: denied { ioctl } for comm="Thread-5" path="socket:[479400]" dev="sockfs" ino=479400 ioctlcmd=0x8927 scontext=u:r:untrusted_app_27:s0:c40,c256,c512,c768 tcontext=u:r:untrusted_app_27:s0:c40,c256,c512,c768 tclass=udp_socket permissive=0 app=us.zoom.zoompresence
03-03 01:33:39.186  1494  1626 I netstats_mobile_sample: [0,0,0,0,0,0,0,0,0,0,0,0,1614771219187]
03-03 01:33:39.186  1494  1626 I netstats_wifi_sample: [0,0,0,0,0,0,0,0,0,0,0,0,1614771219187]
03-03 01:33:41.728  2865  2865 I auditd  : type=1400 audit(0.0:1324): avc: denied { ioctl } for comm="Thread-5" path="socket:[475735]" dev="sockfs" ino=475735 ioctlcmd=0x8927 scontext=u:r:untrusted_app_27:s0:c40,c256,c512,c768 tcontext=u:r:untrusted_app_27:s0:c40,c256,c512,c768 tclass=udp_socket permissive=0 app=us.zoom.zoompresence
03-03 01:33:41.728  2865  2865 I chatty  : uid=10040(us.zoom.zoompresence) identical 1 line
03-03 01:33:41.728  2865  2865 I auditd  : type=1400 audit(0.0:1326): avc: denied { ioctl } for comm="Thread-5" path="socket:[475735]" dev="sockfs" ino=475735 ioctlcmd=0x8927 scontext=u:r:untrusted_app_27:s0:c40,c256,c512,c768 tcontext=u:r:untrusted_app_27:s0:c40,c256,c512,c768 tclass=udp_socket permissive=0 app=us.zoom.zoompresence
03-03 01:33:41.833  1494  1626 I netstats_mobile_sample: [0,0,0,0,0,0,0,0,0,0,0,0,1614771221834]
03-03 01:33:41.833  1494  1626 I netstats_wifi_sample: [0,0,0,0,0,0,0,0,0,0,0,0,1614771221834]
03-03 01:33:44.504  1494  1626 I netstats_mobile_sample: [0,0,0,0,0,0,0,0,0,0,0,0,1614771224505]
03-03 01:33:44.504  1494  1626 I netstats_wifi_sample: [0,0,0,0,0,0,0,0,0,0,0,0,1614771224505]
03-03 01:33:46.688  2865  2865 I auditd  : type=1400 audit(0.0:1327): avc: denied { ioctl } for comm="Thread-5" path="socket:[479492]" dev="sockfs" ino=479492 ioctlcmd=0x8927 scontext=u:r:untrusted_app_27:s0:c40,c256,c512,c768 tcontext=u:r:untrusted_app_27:s0:c40,c256,c512,c768 tclass=udp_socket permissive=0 app=us.zoom.zoompresence
03-03 01:33:46.688  2865  2865 I chatty  : uid=10040(us.zoom.zoompresence) identical 1 line
03-03 01:33:46.688  2865  2865 I auditd  : type=1400 audit(0.0:1329): avc: denied { ioctl } for comm="Thread-5" path="socket:[479492]" dev="sockfs" ino=479492 ioctlcmd=0x8927 scontext=u:r:untrusted_app_27:s0:c40,c256,c512,c768 tcontext=u:r:untrusted_app_27:s0:c40,c256,c512,c768 tclass=udp_socket permissive=0 app=us.zoom.zoompresence
03-03 01:33:47.094  1494  1626 I service_manager_stats: [100,22,140385]
03-03 01:33:47.101  1494  1626 I netstats_mobile_sample: [0,0,0,0,0,0,0,0,0,0,0,0,1614771227103]
03-03 01:33:47.102  1494  1626 I netstats_wifi_sample: [0,0,0,0,0,0,0,0,0,0,0,0,1614771227103]
03-03 01:33:49.699  1494  1626 I netstats_mobile_sample: [0,0,0,0,0,0,0,0,0,0,0,0,1614771229700]
03-03 01:33:49.699  1494  1626 I netstats_wifi_sample: [0,0,0,0,0,0,0,0,0,0,0,0,1614771229700]
03-03 01:33:51.718  2865  2865 I auditd  : type=1400 audit(0.0:1330): avc: denied { ioctl } for comm="Thread-5" path="socket:[478633]" dev="sockfs" ino=478633 ioctlcmd=0x8927 scontext=u:r:untrusted_app_27:s0:c40,c256,c512,c768 tcontext=u:r:untrusted_app_27:s0:c40,c256,c512,c768 tclass=udp_socket permissive=0 app=us.zoom.zoompresence
03-03 01:33:51.718  2865  2865 I chatty  : uid=10040(us.zoom.zoompresence) identical 1 line
03-03 01:33:51.718  2865  2865 I auditd  : type=1400 audit(0.0:1332): avc: denied { ioctl } for comm="Thread-5" path="socket:[478633]" dev="sockfs" ino=478633 ioctlcmd=0x8927 scontext=u:r:untrusted_app_27:s0:c40,c256,c512,c768 tcontext=u:r:untrusted_app_27:s0:c40,c256,c512,c768 tclass=udp_socket permissive=0 app=us.zoom.zoompresence
03-03 01:33:52.231  1494  1626 I netstats_mobile_sample: [0,0,0,0,0,0,0,0,0,0,0,0,1614771232232]
03-03 01:33:52.231  1494  1626 I netstats_wifi_sample: [0,0,0,0,0,0,0,0,0,0,0,0,1614771232232]
03-03 01:33:54.965  1494  1626 I netstats_mobile_sample: [0,0,0,0,0,0,0,0,0,0,0,0,1614771234966]
03-03 01:33:54.965  1494  1626 I netstats_wifi_sample: [0,0,0,0,0,0,0,0,0,0,0,0,1614771234966]
03-03 01:33:56.688  2865  2865 I auditd  : type=1400 audit(0.0:1333): avc: denied { ioctl } for comm="Thread-5" path="socket:[479575]" dev="sockfs" ino=479575 ioctlcmd=0x8927 scontext=u:r:untrusted_app_27:s0:c40,c256,c512,c768 tcontext=u:r:untrusted_app_27:s0:c40,c256,c512,c768 tclass=udp_socket permissive=0 app=us.zoom.zoompresence
03-03 01:33:56.688  2865  2865 I chatty  : uid=10040(us.zoom.zoompresence) identical 1 line
03-03 01:33:56.688  2865  2865 I auditd  : type=1400 audit(0.0:1335): avc: denied { ioctl } for comm="Thread-5" path="socket:[479575]" dev="sockfs" ino=479575 ioctlcmd=0x8927 scontext=u:r:untrusted_app_27:s0:c40,c256,c512,c768 tcontext=u:r:untrusted_app_27:s0:c40,c256,c512,c768 tclass=udp_socket permissive=0 app=us.zoom.zoompresence
03-03 01:33:57.570  1494  1626 I netstats_mobile_sample: [0,0,0,0,0,0,0,0,0,0,0,0,1614771237571]
03-03 01:33:57.570  1494  1626 I netstats_wifi_sample: [0,0,0,0,0,0,0,0,0,0,0,0,1614771237571]
03-03 01:34:00.191  1494  1626 I netstats_mobile_sample: [0,0,0,0,0,0,0,0,0,0,0,0,1614771240192]
03-03 01:34:00.191  1494  1626 I netstats_wifi_sample: [0,0,0,0,0,0,0,0,0,0,0,0,1614771240192]
03-03 01:34:01.658  2865  2865 I auditd  : type=1400 audit(0.0:1336): avc: denied { ioctl } for comm="Thread-5" path="socket:[478729]" dev="sockfs" ino=478729 ioctlcmd=0x8927 scontext=u:r:untrusted_app_27:s0:c40,c256,c512,c768 tcontext=u:r:untrusted_app_27:s0:c40,c256,c512,c768 tclass=udp_socket permissive=0 app=us.zoom.zoompresence
03-03 01:34:01.658  2865  2865 I chatty  : uid=10040(us.zoom.zoompresence) identical 1 line
03-03 01:34:01.658  2865  2865 I auditd  : type=1400 audit(0.0:1338): avc: denied { ioctl } for comm="Thread-5" path="socket:[478729]" dev="sockfs" ino=478729 ioctlcmd=0x8927 scontext=u:r:untrusted_app_27:s0:c40,c256,c512,c768 tcontext=u:r:untrusted_app_27:s0:c40,c256,c512,c768 tclass=udp_socket permissive=0 app=us.zoom.zoompresence
03-03 01:34:02.854  1494  1626 I netstats_mobile_sample: [0,0,0,0,0,0,0,0,0,0,0,0,1614771242855]
03-03 01:34:02.854  1494  1626 I netstats_wifi_sample: [0,0,0,0,0,0,0,0,0,0,0,0,1614771242855]
03-03 01:34:05.520  1494  1626 I netstats_mobile_sample: [0,0,0,0,0,0,0,0,0,0,0,0,1614771245521]
03-03 01:34:05.520  1494  1626 I netstats_wifi_sample: [0,0,0,0,0,0,0,0,0,0,0,0,1614771245521]
03-03 01:34:06.658  2865  2865 I auditd  : type=1400 audit(0.0:1339): avc: denied { ioctl } for comm="Thread-5" path="socket:[478775]" dev="sockfs" ino=478775 ioctlcmd=0x8927 scontext=u:r:untrusted_app_27:s0:c40,c256,c512,c768 tcontext=u:r:untrusted_app_27:s0:c40,c256,c512,c768 tclass=udp_socket permissive=0 app=us.zoom.zoompresence
03-03 01:34:06.658  2865  2865 I chatty  : uid=10040(us.zoom.zoompresence) identical 1 line
03-03 01:34:06.658  2865  2865 I auditd  : type=1400 audit(0.0:1341): avc: denied { ioctl } for comm="Thread-5" path="socket:[478775]" dev="sockfs" ino=478775 ioctlcmd=0x8927 scontext=u:r:untrusted_app_27:s0:c40,c256,c512,c768 tcontext=u:r:untrusted_app_27:s0:c40,c256,c512,c768 tclass=udp_socket permissive=0 app=us.zoom.zoompresence
03-03 01:34:08.151  1494  1626 I netstats_mobile_sample: [0,0,0,0,0,0,0,0,0,0,0,0,1614771248152]
03-03 01:34:08.151  1494  1626 I netstats_wifi_sample: [0,0,0,0,0,0,0,0,0,0,0,0,1614771248152]
03-03 01:34:10.641  1494  1529 I am_uid_idle: 10106
03-03 01:34:10.785  1494  1626 I netstats_mobile_sample: [0,0,0,0,0,0,0,0,0,0,0,0,1614771250787]
03-03 01:34:10.786  1494  1626 I netstats_wifi_sample: [0,0,0,0,0,0,0,0,0,0,0,0,1614771250787]
03-03 01:34:11.628  2865  2865 I auditd  : type=1400 audit(0.0:1342): avc: denied { ioctl } for comm="Thread-5" path="socket:[478820]" dev="sockfs" ino=478820 ioctlcmd=0x8927 scontext=u:r:untrusted_app_27:s0:c40,c256,c512,c768 tcontext=u:r:untrusted_app_27:s0:c40,c256,c512,c768 tclass=udp_socket permissive=0 app=us.zoom.zoompresence
03-03 01:34:11.628  2865  2865 I chatty  : uid=10040(us.zoom.zoompresence) identical 1 line
03-03 01:34:11.628  2865  2865 I auditd  : type=1400 audit(0.0:1344): avc: denied { ioctl } for comm="Thread-5" path="socket:[478820]" dev="sockfs" ino=478820 ioctlcmd=0x8927 scontext=u:r:untrusted_app_27:s0:c40,c256,c512,c768 tcontext=u:r:untrusted_app_27:s0:c40,c256,c512,c768 tclass=udp_socket permissive=0 app=us.zoom.zoompresence
03-03 01:34:13.501  1494  1626 I netstats_mobile_sample: [0,0,0,0,0,0,0,0,0,0,0,0,1614771253502]
03-03 01:34:13.501  1494  1626 I netstats_wifi_sample: [0,0,0,0,0,0,0,0,0,0,0,0,1614771253502]
03-03 01:34:16.168  1494  1626 I netstats_mobile_sample: [0,0,0,0,0,0,0,0,0,0,0,0,1614771256169]
03-03 01:34:16.168  1494  1626 I netstats_wifi_sample: [0,0,0,0,0,0,0,0,0,0,0,0,1614771256169]
03-03 01:34:16.588  2865  2865 I auditd  : type=1400 audit(0.0:1345): avc: denied { ioctl } for comm="Thread-5" path="socket:[479748]" dev="sockfs" ino=479748 ioctlcmd=0x8927 scontext=u:r:untrusted_app_27:s0:c40,c256,c512,c768 tcontext=u:r:untrusted_app_27:s0:c40,c256,c512,c768 tclass=udp_socket permissive=0 app=us.zoom.zoompresence
03-03 01:34:16.588  2865  2865 I chatty  : uid=10040(us.zoom.zoompresence) identical 1 line
03-03 01:34:16.588  2865  2865 I auditd  : type=1400 audit(0.0:1347): avc: denied { ioctl } for comm="Thread-5" path="socket:[479748]" dev="sockfs" ino=479748 ioctlcmd=0x8927 scontext=u:r:untrusted_app_27:s0:c40,c256,c512,c768 tcontext=u:r:untrusted_app_27:s0:c40,c256,c512,c768 tclass=udp_socket permissive=0 app=us.zoom.zoompresence
03-03 01:34:18.872  1494  1626 I netstats_mobile_sample: [0,0,0,0,0,0,0,0,0,0,0,0,1614771258873]
03-03 01:34:18.872  1494  1626 I netstats_wifi_sample: [0,0,0,0,0,0,0,0,0,0,0,0,1614771258873]
03-03 01:34:19.768  1494  1642 I storage_state: [41217664-9172-527a-b3d5-edabb50a7d69,0,0,52049088512,53087854592]
03-03 01:34:19.813     0     0 I audio_in_release: session id 1
03-03 01:34:19.822     0     0 I event_handler: reclaimed all bufs
03-03 01:34:19.828     0     0 I msm_mi2s_snd_shutdown(): substream = subdevice #0  stream = 1 did not shutdown
03-03 01:34:19.858     0     0 I msm_vidc: info: Closed video instance: ffffffd1a42c4000
03-03 01:34:19.870  1494  6547 I am_finish_activity: [0,156034685,96,com.logitech.integration.test/.MainActivity,app-request]
03-03 01:34:19.881  1494  6547 I am_pause_activity: [0,156034685,com.logitech.integration.test/.MainActivity,userLeaving=false]
03-03 01:34:19.882  8041  8041 I am_on_top_resumed_lost_called: [0,com.logitech.integration.test.MainActivity,topStateChangedWhenResumed]
03-03 01:34:19.882  1494  1522 I sysui_multi_action: [757,803,799,window_time_0,802,69]
03-03 01:34:19.884  8041  8041 I am_on_paused_called: [0,com.logitech.integration.test.MainActivity,performPause]
03-03 01:34:19.885  1494  5975 I am_add_to_stopping: [0,156034685,com.logitech.integration.test/.MainActivity,finishCurrentActivityLocked]
03-03 01:34:19.887  1494  5975 I am_set_resumed_activity: [0,com.logitech.integration.test.test/androidx.test.core.app.InstrumentationActivityInvoker$BootstrapActivity,resumeTopActivityInnerLocked]
03-03 01:34:19.888  1494  5975 I am_resume_activity: [0,130932665,96,com.logitech.integration.test.test/androidx.test.core.app.InstrumentationActivityInvoker$BootstrapActivity]
03-03 01:34:19.893  1494  6547 I am_finish_activity: [0,130932665,96,com.logitech.integration.test.test/androidx.test.core.app.InstrumentationActivityInvoker$BootstrapActivity,app-request]
03-03 01:34:19.894  1494  6547 I am_focused_stack: [0,0,92,94,finishActivity adjustFocus adjustFocusToNextFocusableStack]
03-03 01:34:19.894  1494  6547 I am_set_resumed_activity: [0,com.logitech.videocollaboration.froggersettings/.NetworkConnectionActivity,finishActivity]
03-03 01:34:19.912  1494  6547 I am_pause_activity: [0,130932665,com.logitech.integration.test.test/androidx.test.core.app.InstrumentationActivityInvoker$BootstrapActivity,userLeaving=false]
03-03 01:34:19.914 11779 11779 I am_on_activity_result_called: [0,androidx.test.core.app.InstrumentationActivityInvoker$BootstrapActivity,ACTIVITY_RESULT]
03-03 01:34:19.915 11779 11779 I am_on_restart_called: [0,androidx.test.core.app.InstrumentationActivityInvoker$BootstrapActivity,performRestartActivity]
03-03 01:34:19.916  1494 16046 I am_add_to_stopping: [0,130932665,com.logitech.integration.test.test/androidx.test.core.app.InstrumentationActivityInvoker$BootstrapActivity,finishCurrentActivityLocked]
03-03 01:34:19.917  1494 16046 I am_set_resumed_activity: [0,com.logitech.videocollaboration.froggersettings/.NetworkConnectionActivity,resumeTopActivityInnerLocked]
03-03 01:34:19.918  1494 16046 I am_resume_activity: [0,159745936,94,com.logitech.videocollaboration.froggersettings/.NetworkConnectionActivity]
03-03 01:34:19.922  1494  1522 I am_uid_active: 10106
03-03 01:34:19.923  1494  1522 I sysui_multi_action: [757,803,799,window_time_0,802,0]
03-03 01:34:19.923  1494  1522 I chatty  : uid=1000(system) android.display identical 1 line
03-03 01:34:19.927  1494  1522 I sysui_multi_action: [757,803,799,window_time_0,802,0]
03-03 01:34:19.932  3599  3599 I am_on_restart_called: [0,com.logitech.videocollaboration.froggersettings.NetworkConnectionActivity,performRestartActivity]
03-03 01:34:19.934  3599  3599 I am_on_start_called: [0,com.logitech.videocollaboration.froggersettings.NetworkConnectionActivity,handleStartActivity]
03-03 01:34:19.954  3599  3599 I am_on_resume_called: [0,com.logitech.videocollaboration.froggersettings.NetworkConnectionActivity,RESUME_ACTIVITY]
03-03 01:34:19.955  3599  3599 I am_on_top_resumed_gained_called: [0,com.logitech.videocollaboration.froggersettings.NetworkConnectionActivity,topWhenResuming]
03-03 01:34:19.948  3599  3599 I auditd  : type=1400 audit(0.0:1348): avc: denied { search } for comm="RenderThread" name="gpu" dev="sda11" ino=3145776 scontext=u:r:settings_app:s0 tcontext=u:object_r:system_gles_data_file:s0 tclass=dir permissive=0
03-03 01:34:19.948  3599  3599 I chatty  : uid=1000(system) com.logitech.videocollaboration.froggersettings identical 4 lines
03-03 01:34:19.948  3599  3599 I auditd  : type=1400 audit(0.0:1353): avc: denied { search } for comm="RenderThread" name="gpu" dev="sda11" ino=3145776 scontext=u:r:settings_app:s0 tcontext=u:object_r:system_gles_data_file:s0 tclass=dir permissive=0
03-03 01:34:20.003  1494  6547 I am_destroy_activity: [0,130932665,96,com.logitech.integration.test.test/androidx.test.core.app.InstrumentationActivityInvoker$BootstrapActivity,finish-imm:activityIdleInternalLocked]
03-03 01:34:20.003  1494  6547 I am_destroy_activity: [0,156034685,96,com.logitech.integration.test/.MainActivity,finish-imm:activityIdleInternalLocked]
03-03 01:34:20.006 11779 11779 I am_on_destroy_called: [0,androidx.test.core.app.InstrumentationActivityInvoker$BootstrapActivity,performDestroy]
03-03 01:34:20.019     0     0 I CAM_INFO: CAM-ISP: __cam_isp_ctx_flush_req_in_top_state: 2049 ctx id:4 Last request id to flush is 2031
03-03 01:34:20.019     0     0 I CAM_INFO: CAM-ISP: __cam_isp_ctx_flush_req_in_top_state: 2063 ctx:4 last applied id:2027, reported req id:2026, buf done id:2026
03-03 01:34:20.019     0     0 I CAM_INFO: CAM-ISP: __cam_isp_ctx_flush_req_in_top_state: 2069 current time:12568750 last apply time:12568730, reported req time:12568730, buf done time:12568740
03-03 01:34:20.019     0     0 I CAM_INFO: CAM-ISP: __cam_isp_ctx_dump_state_monitor_array: 121 Dumping state information for preceding requests
03-03 01:34:20.046     0     0 E CAM_ERR : CAM-ISP: cam_ife_csid_irq: 3386 CSID 1 irq status 0x0 0x4000ff 0x1ffa 0x0 0x0 0x0 0x0
03-03 01:34:20.048     0     0 I CAM_INFO: CAM-ISP: __cam_isp_ctx_flush_req_in_top_state: 2049 ctx id:4 Last request id to flush is 2031
03-03 01:34:20.053     0     0 I CAM_INFO: CAM-SENSOR: cam_sensor_driver_cmd: 1701 CAM_STOP_DEV,  sensor_state 3 +
03-03 01:34:20.054     0     0 I CAM_INFO: CAM-SENSOR: cam_sensor_driver_cmd: 1727 CAM_STOP_DEV Success, sensor_id:0x8000,sensor_slave_addr:0x34
03-03 01:34:20.061     0     0 I CAM_INFO: CAM-CORE: cam_node_handle_ioctl: 863 Release HW done(rc = 0)
03-03 01:34:20.065     0     0 I CAM_INFO: CAM-SENSOR: cam_sensor_util_request_gpio_table: 787 No GPIO data
03-03 01:34:20.065     0     0 I CAM_INFO: CAM-SENSOR: cam_sensor_driver_cmd: 1604 CAM_RELEASE_DEV,  sensor_state 1 +
03-03 01:34:20.075     0     0 E CAM_ERR : CAM-SENSOR: cam_sensor_cci_i2c_util: 235 Failed rc = -19
03-03 01:34:20.097     0     0 I CAM_INFO: CAM-SENSOR: cam_sensor_driver_cmd: 1654 CAM_RELEASE_DEV Success, sensor_id:0x8000,sensor_slave_addr:0x34
03-03 01:34:20.143  8041  8041 I am_on_stop_called: [0,com.logitech.integration.test.MainActivity,LIFECYCLER_STOP_ACTIVITY]
03-03 01:34:20.146  8041  8041 I am_on_destroy_called: [0,com.logitech.integration.test.MainActivity,performDestroy]
03-03 01:34:20.150  1494  5975 I wm_task_removed: [96,removeAppToken: last token]
03-03 01:34:20.150  1494  5975 I am_remove_task: [96,94]
03-03 01:34:20.150  1494  5975 I wm_task_removed: [96,removeTask]
03-03 01:34:20.152  1494  5975 I wm_stack_removed: 94
03-03 01:34:21.369   574   574 I auditd  : avc:  denied  { find } for interface=vendor.qti.hardware.servicetracker::IServicetracker sid=u:r:system_server:s0 pid=1494 scontext=u:r:system_server:s0 tcontext=u:object_r:default_android_hwservice:s0 tclass=hwservice_manager permissive=0
03-03 01:34:21.588  2865  2865 I auditd  : type=1400 audit(0.0:1354): avc: denied { ioctl } for comm="Thread-5" path="socket:[476015]" dev="sockfs" ino=476015 ioctlcmd=0x8927 scontext=u:r:untrusted_app_27:s0:c40,c256,c512,c768 tcontext=u:r:untrusted_app_27:s0:c40,c256,c512,c768 tclass=udp_socket permissive=0 app=us.zoom.zoompresence
03-03 01:34:21.588  2865  2865 I chatty  : uid=10040(us.zoom.zoompresence) identical 1 line
03-03 01:34:21.588  2865  2865 I auditd  : type=1400 audit(0.0:1356): avc: denied { ioctl } for comm="Thread-5" path="socket:[476015]" dev="sockfs" ino=476015 ioctlcmd=0x8927 scontext=u:r:untrusted_app_27:s0:c40,c256,c512,c768 tcontext=u:r:untrusted_app_27:s0:c40,c256,c512,c768 tclass=udp_socket permissive=0 app=us.zoom.zoompresence
03-03 01:34:23.103  1494  5615 I wm_stack_created: 95
03-03 01:34:23.106  1494  5615 I wm_task_created: [97,95]
03-03 01:34:23.107  1494  5615 I wm_task_moved: [97,0,2147483647]
03-03 01:34:23.107  1494  5615 I am_focused_stack: [0,0,95,92,reuseOrNewTask]
03-03 01:34:23.107  1494  5615 I am_create_task: [0,97]
03-03 01:34:23.107  1494  5615 I am_create_activity: [0,105954046,97,com.logitech.integration.test.test/androidx.test.core.app.InstrumentationActivityInvoker$BootstrapActivity,android.intent.action.MAIN,NULL,NULL,268468224]
03-03 01:34:23.108  3599  3599 I am_on_top_resumed_lost_called: [0,com.logitech.videocollaboration.froggersettings.NetworkConnectionActivity,topStateChangedWhenResumed]
03-03 01:34:23.108  1494  5615 I wm_task_moved: [97,0,2147483647]
03-03 01:34:23.109  1494  5615 I am_pause_activity: [0,159745936,com.logitech.videocollaboration.froggersettings/.NetworkConnectionActivity,userLeaving=true]
03-03 01:34:23.115  3599  3599 I am_on_paused_called: [0,com.logitech.videocollaboration.froggersettings.NetworkConnectionActivity,performPause]
03-03 01:34:23.117  1494  6547 I am_add_to_stopping: [0,159745936,com.logitech.videocollaboration.froggersettings/.NetworkConnectionActivity,makeInvisible]
03-03 01:34:23.117  1494  6547 I am_restart_activity: [0,105954046,97,com.logitech.integration.test.test/androidx.test.core.app.InstrumentationActivityInvoker$BootstrapActivity]
03-03 01:34:23.118  1494  6547 I am_set_resumed_activity: [0,com.logitech.integration.test.test/androidx.test.core.app.InstrumentationActivityInvoker$BootstrapActivity,minimalResumeActivityLocked]
03-03 01:34:23.128  1494  1522 I sysui_multi_action: [757,803,799,window_time_0,802,3]
03-03 01:34:23.129 11779 11779 I am_on_create_called: [0,androidx.test.core.app.InstrumentationActivityInvoker$BootstrapActivity,performCreate]
03-03 01:34:23.135 11779 11779 I am_on_start_called: [0,androidx.test.core.app.InstrumentationActivityInvoker$BootstrapActivity,handleStartActivity]
03-03 01:34:23.138  1494 16046 I am_create_activity: [0,153865928,97,com.logitech.integration.test/.MainActivity,NULL,NULL,NULL,0]
03-03 01:34:23.140  1494 16046 I am_pause_activity: [0,105954046,com.logitech.integration.test.test/androidx.test.core.app.InstrumentationActivityInvoker$BootstrapActivity,userLeaving=true]
03-03 01:34:23.141 11779 11779 I am_on_resume_called: [0,androidx.test.core.app.InstrumentationActivityInvoker$BootstrapActivity,RESUME_ACTIVITY]
03-03 01:34:23.143 11779 11779 I am_on_top_resumed_gained_called: [0,androidx.test.core.app.InstrumentationActivityInvoker$BootstrapActivity,topStateChangedWhenResumed]
03-03 01:34:23.143 11779 11779 I am_on_top_resumed_lost_called: [0,androidx.test.core.app.InstrumentationActivityInvoker$BootstrapActivity,topStateChangedWhenResumed]
03-03 01:34:23.143 11779 11779 I am_on_paused_called: [0,androidx.test.core.app.InstrumentationActivityInvoker$BootstrapActivity,performPause]
03-03 01:34:23.144  1494  5615 I am_add_to_stopping: [0,105954046,com.logitech.integration.test.test/androidx.test.core.app.InstrumentationActivityInvoker$BootstrapActivity,makeInvisible]
03-03 01:34:23.145  1494  5615 I am_restart_activity: [0,153865928,97,com.logitech.integration.test/.MainActivity]
03-03 01:34:23.145  1494  5615 I am_set_resumed_activity: [0,com.logitech.integration.test/.MainActivity,minimalResumeActivityLocked]
03-03 01:34:23.153     0     0 I msm_vidc: info: Opening video instance: ffffffd2133d4000, 1
03-03 01:34:23.161  1494 16046 I am_stop_activity: [0,105954046,com.logitech.integration.test.test/androidx.test.core.app.InstrumentationActivityInvoker$BootstrapActivity]
03-03 01:34:23.162  1494 16046 I am_stop_activity: [0,159745936,com.logitech.videocollaboration.froggersettings/.NetworkConnectionActivity]
03-03 01:34:23.162 11779 11779 I am_on_stop_called: [0,androidx.test.core.app.InstrumentationActivityInvoker$BootstrapActivity,STOP_ACTIVITY_ITEM]
03-03 01:34:23.169  1494  1522 I sysui_multi_action: [757,803,799,window_time_0,802,0]
03-03 01:34:23.181  3599  3599 I am_on_stop_called: [0,com.logitech.videocollaboration.froggersettings.NetworkConnectionActivity,STOP_ACTIVITY_ITEM]
03-03 01:34:23.187     0     0 I msm_vidc: warn: Unknown control (992029, 32)
03-03 01:34:23.196  8041  8041 I am_on_create_called: [0,com.logitech.integration.test.MainActivity,performCreate]
03-03 01:34:23.211  8041  8041 I am_on_start_called: [0,com.logitech.integration.test.MainActivity,handleStartActivity]
03-03 01:34:23.213  8041  8041 I am_on_resume_called: [0,com.logitech.integration.test.MainActivity,RESUME_ACTIVITY]
03-03 01:34:23.222  8041  8041 I am_on_top_resumed_gained_called: [0,com.logitech.integration.test.MainActivity,topStateChangedWhenResumed]
03-03 01:34:23.254  1494  1528 I sysui_multi_action: [319,56,321,45,322,153,325,12871,757,761,758,8,759,1,806,com.logitech.integration.test,871,com.logitech.integration.test.MainActivity,904,com.logitech.integration.test,905,0,1320,12,1321,1]
03-03 01:34:23.256  1494  1528 I am_activity_launch_time: [0,153865928,com.logitech.integration.test/.MainActivity,153]
03-03 01:34:23.359     0     0 E CAM_ERR : CAM-ACTUATOR: cam_afptz_store: 434 try to power on!
03-03 01:34:23.396     0     0 I CAM_INFO: CAM-ACTUATOR: cam_afptz_store: 437 skip actuator camera_io_init
03-03 01:34:23.467   574   574 I auditd  : avc:  denied  { find } for interface=vendor.qti.hardware.servicetracker::IServicetracker sid=u:r:system_server:s0 pid=1494 scontext=u:r:system_server:s0 tcontext=u:object_r:default_android_hwservice:s0 tclass=hwservice_manager permissive=0
03-03 01:34:23.493     0     0 I msm_vidc: info: Opening video instance: ffffffd1c61b4000, 0
03-03 01:34:23.562     0     0 I aac_in_open: session id 1: NT mode encoder success
03-03 01:34:23.562     0     0 I aac_in_open: session id 1: success
03-03 01:34:23.601     0     0 I audio_in_release: session id 1
03-03 01:34:23.614     0     0 I msm_vidc: info: Closed video instance: ffffffd1c61b4000
03-03 01:34:23.635     0     0 I CAM_INFO: CAM-SENSOR: cam_sensor_driver_cmd: 1519 CAM_ACQUIRE_DEV,  sensor_state 3 +
03-03 01:34:23.655     0     0 I ueventd : firmware: loading 'CAMERA_ICP.elf' for '/devices/platform/soc/ac00000.qcom,a5/firmware/CAMERA_ICP.elf'
03-03 01:34:23.658     0     0 I ueventd : loading /devices/platform/soc/ac00000.qcom,a5/firmware/CAMERA_ICP.elf took 3ms
03-03 01:34:23.669     0     0 I CAM_INFO: CAM-ICP: cam_icp_mgr_hw_open: 3209 FW download done successfully
03-03 01:34:23.669     0     0 I CAM_INFO: CAM-ICP: cam_icp_mgr_process_dbg_buf: 2042 FW_DBG:CICP_FW_E : HFI  :QC_IMAGE_VERSION_STRING=CICP.FW.2.1-00008,OEM_IMAGE_VERSION_STRING=CRM,BUILD_TIME: Oct 23 2019 14:14:13,CACHE_ENABLED at icphostinterface.c:636 QC_IMAGE_VERSION_STRING=CICP.FW.2.1-00008 OEM_IMAGE_VERSION_STRING=CRM
03-03 01:34:23.669     0     0 I CAM_INFO: CAM-ICP: cam_icp_mgr_process_dbg_buf: 2042 FW_DBG:CICP_FW_E : HFI  :ELF variant: CACHE-ENABLED:API_V1::USE_CDM_1_0: , API version: 0x1000034 at icphostinterface.c:637 QC_IMAGE_VERSION_STRING=CICP.FW.2.1-00008 OEM_IMAGE_VERSION_STRING=CRM
03-03 01:34:23.692     0     0 I CAM_INFO: CAM-SENSOR: cam_sensor_driver_cmd: 1600 CAM_ACQUIRE_DEV Success, sensor_id:0x8000,sensor_slave_addr:0x34
03-03 01:34:23.706     0     0 I CAM_INFO: CAM-SENSOR: cam_sensor_util_request_gpio_table: 787 No GPIO data
03-03 01:34:23.706     0     0 E CAM_ERR : CAM-SENSOR: cam_sensor_core_power_up: 1881 clk index 0 >= max 0
03-03 01:34:23.706     0     0 E CAM_ERR : CAM-SENSOR: cam_sensor_core_power_up: 2064 failed
03-03 01:34:23.706     0     0 I CAM_INFO: CAM-SENSOR: cam_sensor_util_request_gpio_table: 787 No GPIO data
03-03 01:34:23.797     0     0 I ueventd : firmware: loading 'CAMERA_ICP.elf' for '/devices/platform/soc/ac00000.qcom,a5/firmware/CAMERA_ICP.elf'
03-03 01:34:23.800     0     0 I ueventd : loading /devices/platform/soc/ac00000.qcom,a5/firmware/CAMERA_ICP.elf took 3ms
03-03 01:34:23.811     0     0 I CAM_INFO: CAM-ICP: cam_icp_mgr_process_dbg_buf: 2042 FW_DBG:CICP_FW_E : HFI  :QC_IMAGE_VERSION_STRING=CICP.FW.2.1-00008,OEM_IMAGE_VERSION_STRING=CRM,BUILD_TIME: Oct 23 2019 14:14:13,CACHE_ENABLED at icphostinterface.c:636 QC_IMAGE_VERSION_STRING=CICP.FW.2.1-00008 OEM_IMAGE_VERSION_STRING=CRM
03-03 01:34:23.811     0     0 I CAM_INFO: CAM-ICP: cam_icp_mgr_process_dbg_buf: 2042 FW_DBG:CICP_FW_E : HFI  :ELF variant: CACHE-ENABLED:API_V1::USE_CDM_1_0: , API version: 0x1000034 at icphostinterface.c:637 QC_IMAGE_VERSION_STRING=CICP.FW.2.1-00008 OEM_IMAGE_VERSION_STRING=CRM
03-03 01:34:23.811     0     0 I CAM_INFO: CAM-ICP: cam_icp_mgr_hw_open: 3209 FW download done successfully
03-03 01:34:23.830     0     0 I CAM_INFO: CAM-CORE: cam_node_handle_ioctl: 756 Acquire HW successful
03-03 01:34:23.844     0     0 I CAM_INFO: CAM-SENSOR: cam_sensor_driver_cmd: 1673 CAM_START_DEV,  sensor_state 2 +
03-03 01:34:23.846     0     0 I CAM_INFO: CAM-SENSOR: cam_sensor_driver_cmd: 1697 CAM_START_DEV Success, sensor_id:0x8000,sensor_slave_addr:0x34
03-03 01:34:23.885     0     0 I msm_vidc: info: Opening video instance: ffffffd191e20000, 0
03-03 01:34:23.942     0     0 I aac_in_open: session id 1: NT mode encoder success
03-03 01:34:23.942     0     0 I aac_in_open: session id 1: success
03-03 01:34:23.978     0     0 E q6asm_send_cal: cal_block is NULL or stale
03-03 01:34:24.133     0     0 I CAM_INFO: CAM-SENSOR: cam_sensor_driver_cmd: 1519 CAM_ACQUIRE_DEV,  sensor_state 0 +
03-03 01:34:24.165     0     0 I msm_vidc: info: Closed video instance: ffffffd2133d4000
03-03 01:34:24.171     0     0 I CAM_INFO: CAM-SENSOR: cam_sensor_driver_cmd: 1600 CAM_ACQUIRE_DEV Success, sensor_id:0x8000,sensor_slave_addr:0x34
03-03 01:34:24.173     0     0 I CAM_INFO: CAM-ISP: __cam_isp_ctx_flush_req_in_top_state: 2049 ctx id:6 Last request id to flush is 6
03-03 01:34:24.194     0     0 I CAM_INFO: CAM-ISP: __cam_isp_ctx_handle_irq_in_activated: 3796 Ctx:6 No handle function for substate 6
03-03 01:34:24.194     0     0 I CAM_INFO: CAM-ISP: __cam_isp_ctx_dump_state_monitor_array: 121 Dumping state information for preceding requests
03-03 01:34:24.204     0     0 I CAM_INFO: CAM-ISP: __cam_isp_ctx_handle_irq_in_activated: 3796 Ctx:6 No handle function for substate 6
03-03 01:34:24.204     0     0 I CAM_INFO: CAM-ISP: __cam_isp_ctx_dump_state_monitor_array: 121 Dumping state information for preceding requests
03-03 01:34:24.218     0     0 I CAM_INFO: CAM-SENSOR: cam_sensor_driver_cmd: 1701 CAM_STOP_DEV,  sensor_state 3 +
03-03 01:34:24.219     0     0 I CAM_INFO: CAM-SENSOR: cam_sensor_driver_cmd: 1727 CAM_STOP_DEV Success, sensor_id:0x8000,sensor_slave_addr:0x34
03-03 01:34:24.226     0     0 I CAM_INFO: CAM-CORE: cam_node_handle_ioctl: 863 Release HW done(rc = 0)
03-03 01:34:24.278     0     0 I CAM_INFO: CAM-CORE: cam_node_handle_ioctl: 756 Acquire HW successful
03-03 01:34:24.292     0     0 I CAM_INFO: CAM-SENSOR: cam_sensor_driver_cmd: 1673 CAM_START_DEV,  sensor_state 2 +
03-03 01:34:24.294     0     0 I CAM_INFO: CAM-SENSOR: cam_sensor_driver_cmd: 1697 CAM_START_DEV Success, sensor_id:0x8000,sensor_slave_addr:0x34
03-03 01:34:25.026     0     0 I CAM_INFO: CAM-CORE: cam_node_handle_ioctl: 756 Acquire HW successful
03-03 01:34:25.039     0     0 I CAM_INFO: CAM-SENSOR: cam_sensor_driver_cmd: 1673 CAM_START_DEV,  sensor_state 2 +
03-03 01:34:25.039     0     0 I CAM_INFO: CAM-SENSOR: cam_sensor_driver_cmd: 1697 CAM_START_DEV Success, sensor_id:0x8000,sensor_slave_addr:0x34
03-03 01:34:24.113   574   574 I chatty  : uid=1000(system) hwservicemanage identical 1 line
03-03 01:34:24.115   574   574 I auditd  : avc:  denied  { find } for interface=vendor.qti.hardware.servicetracker::IServicetracker sid=u:r:system_server:s0 pid=1494 scontext=u:r:system_server:s0 tcontext=u:object_r:default_android_hwservice:s0 tclass=hwservice_manager permissive=0
03-03 01:34:25.383  2049  5236 I dvm_lock_sample: [com.logitech.service.systemservi,1,Binder:2049_7,386,PTZFService.java,-1,com.logitech.service.models.ptzf.PtzfRange com.logitech.service.ptzfservice.PTZFService.getRange(com.logitech.service.models.ptzf.PtzfType),-,-1,void com.logitech.service.ptzfservice.PTZFService.setAbsolutePt(com.logitech.service.models.ptzf.PtzfInput, com.logitech.service.models.ptzf.PtData),77]
03-03 01:34:25.429  1494  1626 I netstats_mobile_sample: [0,0,0,0,0,0,0,0,0,0,0,0,1614771265430]
03-03 01:34:25.429  1494  1626 I netstats_wifi_sample: [0,0,0,0,0,0,0,0,0,0,0,0,1614771265430]
03-03 01:34:25.456  2246  2359 I service_manager_stats: [100,42,1855974]
03-03 01:34:25.521     0     0 I CAM_INFO: CAM-ISP: __cam_isp_ctx_flush_req_in_top_state: 2049 ctx id:2 Last request id to flush is 13
03-03 01:34:25.521     0     0 I CAM_INFO: CAM-ISP: __cam_isp_ctx_flush_req_in_top_state: 2063 ctx:2 last applied id:10, reported req id:9, buf done id:9
03-03 01:34:25.521     0     0 I CAM_INFO: CAM-ISP: __cam_isp_ctx_flush_req_in_top_state: 2069 current time:12574250 last apply time:12574220, reported req time:12574220, buf done time:12574230
03-03 01:34:25.521     0     0 I CAM_INFO: CAM-ISP: __cam_isp_ctx_dump_state_monitor_array: 121 Dumping state information for preceding requests
03-03 01:34:25.541     0     0 E CAM_ERR : CAM-ISP: cam_ife_csid_irq: 3386 CSID 0 irq status 0x0 0x4000ff 0x1ffa 0x0 0x0 0x1ff8 0x0
03-03 01:34:25.541     0     0 E CAM_ERR : CAM-ISP: cam_ife_csid_irq: 3386 CSID 0 irq status 0x0 0xff 0xc00 0x0 0x0 0xc02 0x0
03-03 01:34:25.544     0     0 I CAM_INFO: CAM-ISP: __cam_isp_ctx_flush_req_in_top_state: 2049 ctx id:2 Last request id to flush is 13
03-03 01:34:25.549     0     0 I CAM_INFO: CAM-SENSOR: cam_sensor_driver_cmd: 1701 CAM_STOP_DEV,  sensor_state 3 +
03-03 01:34:25.549     0     0 I CAM_INFO: CAM-SENSOR: cam_sensor_driver_cmd: 1727 CAM_STOP_DEV Success, sensor_id:0x8000,sensor_slave_addr:0x34
03-03 01:34:25.556     0     0 I CAM_INFO: CAM-CORE: cam_node_handle_ioctl: 863 Release HW done(rc = 0)
03-03 01:34:25.558     0     0 I CAM_INFO: CAM-SENSOR: cam_sensor_driver_cmd: 1604 CAM_RELEASE_DEV,  sensor_state 1 +
03-03 01:34:25.572     0     0 I CAM_INFO: CAM-SENSOR: cam_sensor_driver_cmd: 1654 CAM_RELEASE_DEV Success, sensor_id:0x8000,sensor_slave_addr:0x34
03-03 01:34:25.602   574   574 I auditd  : avc:  denied  { find } for interface=vendor.qti.hardware.servicetracker::IServicetracker sid=u:r:system_server:s0 pid=1494 scontext=u:r:system_server:s0 tcontext=u:object_r:default_android_hwservice:s0 tclass=hwservice_manager permissive=0
03-03 01:34:25.604   574   574 I auditd  : avc:  denied  { find } for interface=vendor.qti.hardware.servicetracker::IServicetracker sid=u:r:system_server:s0 pid=1494 scontext=u:r:system_server:s0 tcontext=u:object_r:default_android_hwservice:s0 tclass=hwservice_manager permissive=0
03-03 01:34:26.558  2865  2865 I auditd  : type=1400 audit(0.0:1357): avc: denied { ioctl } for comm="Thread-5" path="socket:[479055]" dev="sockfs" ino=479055 ioctlcmd=0x8927 scontext=u:r:untrusted_app_27:s0:c40,c256,c512,c768 tcontext=u:r:untrusted_app_27:s0:c40,c256,c512,c768 tclass=udp_socket permissive=0 app=us.zoom.zoompresence
03-03 01:34:26.558  2865  2865 I chatty  : uid=10040(us.zoom.zoompresence) identical 1 line
03-03 01:34:26.558  2865  2865 I auditd  : type=1400 audit(0.0:1359): avc: denied { ioctl } for comm="Thread-5" path="socket:[479055]" dev="sockfs" ino=479055 ioctlcmd=0x8927 scontext=u:r:untrusted_app_27:s0:c40,c256,c512,c768 tcontext=u:r:untrusted_app_27:s0:c40,c256,c512,c768 tclass=udp_socket permissive=0 app=us.zoom.zoompresence
03-03 01:34:27.653  1494  1626 I netstats_mobile_sample: [0,0,0,0,0,0,0,0,0,0,0,0,1614771267654]
03-03 01:34:27.653  1494  1626 I netstats_wifi_sample: [0,0,0,0,0,0,0,0,0,0,0,0,1614771267654]
03-03 01:34:30.828  1494  1626 I netstats_mobile_sample: [0,0,0,0,0,0,0,0,0,0,0,0,1614771270830]
03-03 01:34:30.829  1494  1626 I netstats_wifi_sample: [0,0,0,0,0,0,0,0,0,0,0,0,1614771270830]
03-03 01:34:31.528  2865  2865 I auditd  : type=1400 audit(0.0:1360): avc: denied { ioctl } for comm="Thread-5" path="socket:[479098]" dev="sockfs" ino=479098 ioctlcmd=0x8927 scontext=u:r:untrusted_app_27:s0:c40,c256,c512,c768 tcontext=u:r:untrusted_app_27:s0:c40,c256,c512,c768 tclass=udp_socket permissive=0 app=us.zoom.zoompresence
03-03 01:34:31.528  2865  2865 I chatty  : uid=10040(us.zoom.zoompresence) identical 1 line
03-03 01:34:31.528  2865  2865 I auditd  : type=1400 audit(0.0:1362): avc: denied { ioctl } for comm="Thread-5" path="socket:[479098]" dev="sockfs" ino=479098 ioctlcmd=0x8927 scontext=u:r:untrusted_app_27:s0:c40,c256,c512,c768 tcontext=u:r:untrusted_app_27:s0:c40,c256,c512,c768 tclass=udp_socket permissive=0 app=us.zoom.zoompresence
03-03 01:34:33.438  1494  1626 I netstats_mobile_sample: [0,0,0,0,0,0,0,0,0,0,0,0,1614771273439]
03-03 01:34:33.438  1494  1626 I netstats_wifi_sample: [0,0,0,0,0,0,0,0,0,0,0,0,1614771273439]
03-03 01:34:36.102  1494  1626 I netstats_mobile_sample: [0,0,0,0,0,0,0,0,0,0,0,0,1614771276103]
03-03 01:34:36.102  1494  1626 I netstats_wifi_sample: [0,0,0,0,0,0,0,0,0,0,0,0,1614771276103]
03-03 01:34:36.498  2865  2865 I auditd  : type=1400 audit(0.0:1363): avc: denied { ioctl } for comm="Thread-5" path="socket:[482351]" dev="sockfs" ino=482351 ioctlcmd=0x8927 scontext=u:r:untrusted_app_27:s0:c40,c256,c512,c768 tcontext=u:r:untrusted_app_27:s0:c40,c256,c512,c768 tclass=udp_socket permissive=0 app=us.zoom.zoompresence
03-03 01:34:36.498  2865  2865 I chatty  : uid=10040(us.zoom.zoompresence) identical 1 line
03-03 01:34:36.498  2865  2865 I auditd  : type=1400 audit(0.0:1365): avc: denied { ioctl } for comm="Thread-5" path="socket:[482351]" dev="sockfs" ino=482351 ioctlcmd=0x8927 scontext=u:r:untrusted_app_27:s0:c40,c256,c512,c768 tcontext=u:r:untrusted_app_27:s0:c40,c256,c512,c768 tclass=udp_socket permissive=0 app=us.zoom.zoompresence
03-03 01:34:38.636  1494  1626 I netstats_mobile_sample: [0,0,0,0,0,0,0,0,0,0,0,0,1614771278637]
03-03 01:34:38.636  1494  1626 I netstats_wifi_sample: [0,0,0,0,0,0,0,0,0,0,0,0,1614771278637]
03-03 01:34:41.271  1494  1626 I netstats_mobile_sample: [0,0,0,0,0,0,0,0,0,0,0,0,1614771281272]
03-03 01:34:41.271  1494  1626 I netstats_wifi_sample: [0,0,0,0,0,0,0,0,0,0,0,0,1614771281272]
03-03 01:34:41.488  2865  2865 I auditd  : type=1400 audit(0.0:1366): avc: denied { ioctl } for comm="Thread-5" path="socket:[482390]" dev="sockfs" ino=482390 ioctlcmd=0x8927 scontext=u:r:untrusted_app_27:s0:c40,c256,c512,c768 tcontext=u:r:untrusted_app_27:s0:c40,c256,c512,c768 tclass=udp_socket permissive=0 app=us.zoom.zoompresence
03-03 01:34:41.488  2865  2865 I chatty  : uid=10040(us.zoom.zoompresence) identical 1 line
03-03 01:34:41.488  2865  2865 I auditd  : type=1400 audit(0.0:1368): avc: denied { ioctl } for comm="Thread-5" path="socket:[482390]" dev="sockfs" ino=482390 ioctlcmd=0x8927 scontext=u:r:untrusted_app_27:s0:c40,c256,c512,c768 tcontext=u:r:untrusted_app_27:s0:c40,c256,c512,c768 tclass=udp_socket permissive=0 app=us.zoom.zoompresence
03-03 01:34:43.929  1494  1626 I service_manager_stats: [100,27,56835]
03-03 01:34:43.936  1494  1626 I netstats_mobile_sample: [0,0,0,0,0,0,0,0,0,0,0,0,1614771283937]
03-03 01:34:43.936  1494  1626 I netstats_wifi_sample: [0,0,0,0,0,0,0,0,0,0,0,0,1614771283937]
03-03 01:34:46.488  2865  2865 I auditd  : type=1400 audit(0.0:1369): avc: denied { ioctl } for comm="Thread-5" path="socket:[480129]" dev="sockfs" ino=480129 ioctlcmd=0x8927 scontext=u:r:untrusted_app_27:s0:c40,c256,c512,c768 tcontext=u:r:untrusted_app_27:s0:c40,c256,c512,c768 tclass=udp_socket permissive=0 app=us.zoom.zoompresence
03-03 01:34:46.488  2865  2865 I chatty  : uid=10040(us.zoom.zoompresence) identical 1 line
03-03 01:34:46.488  2865  2865 I auditd  : type=1400 audit(0.0:1371): avc: denied { ioctl } for comm="Thread-5" path="socket:[480129]" dev="sockfs" ino=480129 ioctlcmd=0x8927 scontext=u:r:untrusted_app_27:s0:c40,c256,c512,c768 tcontext=u:r:untrusted_app_27:s0:c40,c256,c512,c768 tclass=udp_socket permissive=0 app=us.zoom.zoompresence
03-03 01:34:46.602  1494  1626 I netstats_mobile_sample: [0,0,0,0,0,0,0,0,0,0,0,0,1614771286603]
03-03 01:34:46.602  1494  1626 I netstats_wifi_sample: [0,0,0,0,0,0,0,0,0,0,0,0,1614771286603]
03-03 01:34:49.218  1494  1626 I netstats_mobile_sample: [0,0,0,0,0,0,0,0,0,0,0,0,1614771289219]
03-03 01:34:49.218  1494  1626 I netstats_wifi_sample: [0,0,0,0,0,0,0,0,0,0,0,0,1614771289219]
03-03 01:34:51.458  2865  2865 I auditd  : type=1400 audit(0.0:1372): avc: denied { ioctl } for comm="Thread-5" path="socket:[481516]" dev="sockfs" ino=481516 ioctlcmd=0x8927 scontext=u:r:untrusted_app_27:s0:c40,c256,c512,c768 tcontext=u:r:untrusted_app_27:s0:c40,c256,c512,c768 tclass=udp_socket permissive=0 app=us.zoom.zoompresence
03-03 01:34:51.458  2865  2865 I chatty  : uid=10040(us.zoom.zoompresence) identical 1 line
03-03 01:34:51.458  2865  2865 I auditd  : type=1400 audit(0.0:1374): avc: denied { ioctl } for comm="Thread-5" path="socket:[481516]" dev="sockfs" ino=481516 ioctlcmd=0x8927 scontext=u:r:untrusted_app_27:s0:c40,c256,c512,c768 tcontext=u:r:untrusted_app_27:s0:c40,c256,c512,c768 tclass=udp_socket permissive=0 app=us.zoom.zoompresence
03-03 01:34:51.783  1494  1626 I netstats_mobile_sample: [0,0,0,0,0,0,0,0,0,0,0,0,1614771291784]
03-03 01:34:51.783  1494  1626 I netstats_wifi_sample: [0,0,0,0,0,0,0,0,0,0,0,0,1614771291784]
03-03 01:34:54.382  1494  1626 I netstats_mobile_sample: [0,0,0,0,0,0,0,0,0,0,0,0,1614771294383]
03-03 01:34:54.382  1494  1626 I netstats_wifi_sample: [0,0,0,0,0,0,0,0,0,0,0,0,1614771294383]
03-03 01:34:55.674  1494 16046 I am_crash: [8041,0,com.logitech.integration.test,552123974,java.lang.AssertionError,expected:<-3240.0> but was:<0.0>,Assert.java,88]
03-03 01:34:55.702     0     0 I binder  : undelivered transaction 17647153, process died.
03-03 01:34:55.702     0     0 I binder  : undelivered transaction 17647154, process died.
03-03 01:34:55.703     0     0 I binder  : undelivered transaction 17647137, process died.
03-03 01:34:55.704  1494  5975 I am_proc_died: [0,8041,com.logitech.integration.test,0,2]
03-03 01:34:55.704     0     0 I binder  : 1288:12078 transaction failed 29189/-22, size 80-0 line 3136
03-03 01:34:55.706   574   574 I auditd  : avc:  denied  { find } for interface=vendor.qti.hardware.servicetracker::IServicetracker sid=u:r:system_server:s0 pid=1494 scontext=u:r:system_server:s0 tcontext=u:object_r:default_android_hwservice:s0 tclass=hwservice_manager permissive=0
03-03 01:34:55.707  1494  5975 I am_uid_stopped: 10105
03-03 01:34:55.707  1494  5975 I am_finish_activity: [0,153865928,97,com.logitech.integration.test/.MainActivity,proc died without state saved]
03-03 01:34:55.706     0     0 I binder  : 1288:12095 transaction failed 29189/-22, size 96-0 line 3136
03-03 01:34:55.710  1494  5975 I am_set_resumed_activity: [0,com.logitech.integration.test.test/androidx.test.core.app.InstrumentationActivityInvoker$BootstrapActivity,resumeTopActivityInnerLocked]
03-03 01:34:55.711  1494  5975 I am_resume_activity: [0,105954046,97,com.logitech.integration.test.test/androidx.test.core.app.InstrumentationActivityInvoker$BootstrapActivity]
03-03 01:34:55.712  1494  1522 I sysui_multi_action: [757,803,799,window_time_0,802,33]
03-03 01:34:55.714  1494  6547 I am_finish_activity: [0,105954046,97,com.logitech.integration.test.test/androidx.test.core.app.InstrumentationActivityInvoker$BootstrapActivity,app-request]
03-03 01:34:55.714  1494  6547 I am_focused_stack: [0,0,92,95,finishActivity adjustFocus adjustFocusToNextFocusableStack]
03-03 01:34:55.714  1494  6547 I am_set_resumed_activity: [0,com.logitech.videocollaboration.froggersettings/.NetworkConnectionActivity,finishActivity]
03-03 01:34:55.714  1494  6547 I am_pause_activity: [0,105954046,com.logitech.integration.test.test/androidx.test.core.app.InstrumentationActivityInvoker$BootstrapActivity,userLeaving=false]
03-03 01:34:55.718  1494  1522 I sysui_multi_action: [757,803,799,window_time_0,802,0]
03-03 01:34:55.719 11779 11779 I am_on_activity_result_called: [0,androidx.test.core.app.InstrumentationActivityInvoker$BootstrapActivity,ACTIVITY_RESULT]
03-03 01:34:55.719 11779 11779 I am_on_restart_called: [0,androidx.test.core.app.InstrumentationActivityInvoker$BootstrapActivity,performRestartActivity]
03-03 01:34:55.720  1494  5975 I am_add_to_stopping: [0,105954046,com.logitech.integration.test.test/androidx.test.core.app.InstrumentationActivityInvoker$BootstrapActivity,finishCurrentActivityLocked]
03-03 01:34:55.723  1494  5975 I am_set_resumed_activity: [0,com.logitech.videocollaboration.froggersettings/.NetworkConnectionActivity,resumeTopActivityInnerLocked]
03-03 01:34:55.724  1494  5975 I am_resume_activity: [0,159745936,94,com.logitech.videocollaboration.froggersettings/.NetworkConnectionActivity]
03-03 01:34:55.723     0     0 I CAM_INFO: CAM-ISP: __cam_isp_ctx_flush_req_in_top_state: 2049 ctx id:5 Last request id to flush is 944
03-03 01:34:55.723     0     0 I CAM_INFO: CAM-ISP: __cam_isp_ctx_flush_req_in_top_state: 2063 ctx:5 last applied id:941, reported req id:940, buf done id:939
03-03 01:34:55.723     0     0 I CAM_INFO: CAM-ISP: __cam_isp_ctx_flush_req_in_top_state: 2069 current time:12604450 last apply time:12604450, reported req time:12604450, buf done time:12604420
03-03 01:34:55.723     0     0 I CAM_INFO: CAM-ISP: __cam_isp_ctx_dump_state_monitor_array: 121 Dumping state information for preceding requests
03-03 01:34:55.724     0     0 I audio_in_release: session id 1
03-03 01:34:55.729  1494  1522 I sysui_multi_action: [757,803,799,window_time_0,802,0]
03-03 01:34:55.734  3599  3599 I am_on_restart_called: [0,com.logitech.videocollaboration.froggersettings.NetworkConnectionActivity,performRestartActivity]
03-03 01:34:55.733     0     0 E CAM_ERR : CAM-ISP: cam_ife_csid_irq: 3386 CSID 1 irq status 0x0 0x4000ff 0x1ffa 0x0 0x0 0x0 0x0
03-03 01:34:55.734  3599  3599 I am_on_start_called: [0,com.logitech.videocollaboration.froggersettings.NetworkConnectionActivity,handleStartActivity]
03-03 01:34:55.749     0     0 I event_handler: reclaimed all bufs
03-03 01:34:55.750  3599  3599 I am_on_resume_called: [0,com.logitech.videocollaboration.froggersettings.NetworkConnectionActivity,RESUME_ACTIVITY]
03-03 01:34:55.751  3599  3599 I am_on_top_resumed_gained_called: [0,com.logitech.videocollaboration.froggersettings.NetworkConnectionActivity,topWhenResuming]
03-03 01:34:55.755     0     0 I msm_mi2s_snd_shutdown(): substream = subdevice #0  stream = 1 did not shutdown
03-03 01:34:55.738  3599  3599 I auditd  : type=1400 audit(0.0:1375): avc: denied { search } for comm="RenderThread" name="gpu" dev="sda11" ino=3145776 scontext=u:r:settings_app:s0 tcontext=u:object_r:system_gles_data_file:s0 tclass=dir permissive=0
03-03 01:34:55.738  3599  3599 I chatty  : uid=1000(system) com.logitech.videocollaboration.froggersettings identical 4 lines
03-03 01:34:55.738  3599  3599 I auditd  : type=1400 audit(0.0:1380): avc: denied { search } for comm="RenderThread" name="gpu" dev="sda11" ino=3145776 scontext=u:r:settings_app:s0 tcontext=u:object_r:system_gles_data_file:s0 tclass=dir permissive=0
03-03 01:34:55.803  1494  5975 I am_destroy_activity: [0,105954046,97,com.logitech.integration.test.test/androidx.test.core.app.InstrumentationActivityInvoker$BootstrapActivity,finish-imm:activityIdleInternalLocked]
03-03 01:34:55.804 11779 11779 I am_on_destroy_called: [0,androidx.test.core.app.InstrumentationActivityInvoker$BootstrapActivity,performDestroy]
03-03 01:34:55.805  1494  5975 I wm_task_removed: [97,removeAppToken: last token]
03-03 01:34:55.805  1494  5975 I am_remove_task: [97,95]
03-03 01:34:55.805  1494  5975 I wm_task_removed: [97,removeTask]
03-03 01:34:55.806  1494  5975 I wm_stack_removed: 95
03-03 01:34:55.940  1494  1606 I commit_sys_config_file: [settings-2-0,9]
03-03 01:34:55.956  1494  1529 I am_uid_stopped: 10106
03-03 01:34:55.956  1494  1529 I am_kill : [0,11779,com.logitech.integration.test.test,900,stop com.logitech.integration.test.test]
03-03 01:34:55.958   574   574 I auditd  : avc:  denied  { find } for interface=vendor.qti.hardware.servicetracker::IServicetracker sid=u:r:system_server:s0 pid=1494 scontext=u:r:system_server:s0 tcontext=u:object_r:default_android_hwservice:s0 tclass=hwservice_manager permissive=0
03-03 01:34:55.990     0     0 I sdcardfs: removing com.logitech.integration.test.test
03-03 01:34:56.003  1494  1546 I commit_sys_config_file: [package-user-0,4]
03-03 01:34:56.003  1494  1546 I commit_sys_config_file: [package,46]
03-03 01:34:56.070   574   574 I auditd  : avc:  denied  { find } for interface=vendor.qti.hardware.servicetracker::IServicetracker sid=u:r:system_server:s0 pid=1494 scontext=u:r:system_server:s0 tcontext=u:object_r:default_android_hwservice:s0 tclass=hwservice_manager permissive=0
03-03 01:34:56.072  1494  1494 I notification_cancel_all: [1000,1494,com.logitech.integration.test.test,0,0,0,5,NULL]
03-03 01:34:56.075   574   574 I auditd  : avc:  denied  { find } for interface=vendor.qti.hardware.servicetracker::IServicetracker sid=u:r:system_server:s0 pid=1494 scontext=u:r:system_server:s0 tcontext=u:object_r:default_android_hwservice:s0 tclass=hwservice_manager permissive=0
03-03 01:34:56.077  1494  1519 I am_uid_active: 10016
03-03 01:34:56.081   574   574 I auditd  : avc:  denied  { find } for interface=vendor.qti.hardware.servicetracker::IServicetracker sid=u:r:system_server:s0 pid=1494 scontext=u:r:system_server:s0 tcontext=u:object_r:default_android_hwservice:s0 tclass=hwservice_manager permissive=0
03-03 01:34:56.081  1494  1627 I commit_sys_config_file: [net-policy,8]
03-03 01:34:56.088   574   574 I auditd  : avc:  denied  { find } for interface=vendor.qti.hardware.servicetracker::IServicetracker sid=u:r:system_server:s0 pid=1494 scontext=u:r:system_server:s0 tcontext=u:object_r:default_android_hwservice:s0 tclass=hwservice_manager permissive=0
03-03 01:34:56.091  1494  1521 I commit_sys_config_file: [notification-policy,6]
03-03 01:34:56.091  1494  1626 I netstats_mobile_sample: [0,0,0,0,0,0,0,0,0,0,0,0,1614771296092]
03-03 01:34:56.091  1494  1626 I netstats_wifi_sample: [0,0,0,0,0,0,0,0,0,0,0,0,1614771296092]
03-03 01:34:56.093   574   574 I auditd  : avc:  denied  { find } for interface=vendor.qti.hardware.servicetracker::IServicetracker sid=u:r:system_server:s0 pid=1494 scontext=u:r:system_server:s0 tcontext=u:object_r:default_android_hwservice:s0 tclass=hwservice_manager permissive=0
03-03 01:34:56.091     0     0 I CAM_INFO: CAM-ISP: __cam_isp_ctx_flush_req_in_top_state: 2049 ctx id:5 Last request id to flush is 944
03-03 01:34:56.097     0     0 I CAM_INFO: CAM-ISP: __cam_isp_ctx_handle_irq_in_activated: 3796 Ctx:5 No handle function for substate 6
03-03 01:34:56.097     0     0 I CAM_INFO: CAM-ISP: __cam_isp_ctx_dump_state_monitor_array: 121 Dumping state information for preceding requests
03-03 01:34:56.103     0     0 I CAM_INFO: CAM-SENSOR: cam_sensor_driver_cmd: 1701 CAM_STOP_DEV,  sensor_state 3 +
03-03 01:34:56.105     0     0 I CAM_INFO: CAM-SENSOR: cam_sensor_driver_cmd: 1727 CAM_STOP_DEV Success, sensor_id:0x8000,sensor_slave_addr:0x34
