03-03 01:22:48.755   574   574 I auditd  : avc:  denied  { find } for interface=vendor.qti.hardware.servicetracker::IServicetracker sid=u:r:system_server:s0 pid=1494 scontext=u:r:system_server:s0 tcontext=u:object_r:default_android_hwservice:s0 tclass=hwservice_manager permissive=0
03-03 01:22:48.755  1494  1626 I netstats_mobile_sample: [0,0,0,0,0,0,0,0,0,0,0,0,1614770568756]
03-03 01:22:48.755  1494  1626 I netstats_wifi_sample: [0,0,0,0,0,0,0,0,0,0,0,0,1614770568756]
03-03 01:22:48.758  1494  1627 I commit_sys_config_file: [net-policy,6]
03-03 01:22:48.759   574   574 I auditd  : avc:  denied  { find } for interface=vendor.qti.hardware.servicetracker::IServicetracker sid=u:r:system_server:s0 pid=1494 scontext=u:r:system_server:s0 tcontext=u:object_r:default_android_hwservice:s0 tclass=hwservice_manager permissive=0
03-03 01:22:48.760  1494  1521 I commit_sys_config_file: [notification-policy,6]
03-03 01:22:48.764   574   574 I auditd  : avc:  denied  { find } for interface=vendor.qti.hardware.servicetracker::IServicetracker sid=u:r:system_server:s0 pid=1494 scontext=u:r:system_server:s0 tcontext=u:object_r:default_android_hwservice:s0 tclass=hwservice_manager permissive=0
03-03 01:22:48.769  1494  1521 I commit_sys_config_file: [notification-policy,9]
03-03 01:22:48.798  1494  1528 I commit_sys_config_file: [roles-0,4]
03-03 01:22:48.896  1494  1528 I commit_sys_config_file: [package-perms-0,9]
03-03 01:22:49.368  2865  2865 I auditd  : type=1400 audit(0.0:921): avc: denied { ioctl } for comm="Thread-5" path="socket:[457226]" dev="sockfs" ino=457226 ioctlcmd=0x8927 scontext=u:r:untrusted_app_27:s0:c40,c256,c512,c768 tcontext=u:r:untrusted_app_27:s0:c40,c256,c512,c768 tclass=udp_socket permissive=0 app=us.zoom.zoompresence
03-03 01:22:49.368  2865  2865 I chatty  : uid=10040(us.zoom.zoompresence) identical 1 line
03-03 01:22:49.368  2865  2865 I auditd  : type=1400 audit(0.0:923): avc: denied { ioctl } for comm="Thread-5" path="socket:[457226]" dev="sockfs" ino=457226 ioctlcmd=0x8927 scontext=u:r:untrusted_app_27:s0:c40,c256,c512,c768 tcontext=u:r:untrusted_app_27:s0:c40,c256,c512,c768 tclass=udp_socket permissive=0 app=us.zoom.zoompresence
03-03 01:22:50.111  1494  1546 I commit_sys_config_file: [package-user-0,6]
03-03 01:22:51.756  1494  1528 I sysui_multi_action: [757,1717,758,1,759,0]
03-03 01:22:51.756  1494  1528 I sysui_multi_action: [757,1717,758,2,759,0]
03-03 01:22:51.757  1494  1528 I sysui_multi_action: [757,1717,758,3,759,0]
03-03 01:22:54.338  2865  2865 I auditd  : type=1400 audit(0.0:924): avc: denied { ioctl } for comm="Thread-5" path="socket:[456426]" dev="sockfs" ino=456426 ioctlcmd=0x8927 scontext=u:r:untrusted_app_27:s0:c40,c256,c512,c768 tcontext=u:r:untrusted_app_27:s0:c40,c256,c512,c768 tclass=udp_socket permissive=0 app=us.zoom.zoompresence
03-03 01:22:54.338  2865  2865 I chatty  : uid=10040(us.zoom.zoompresence) identical 1 line
03-03 01:22:54.338  2865  2865 I auditd  : type=1400 audit(0.0:926): avc: denied { ioctl } for comm="Thread-5" path="socket:[456426]" dev="sockfs" ino=456426 ioctlcmd=0x8927 scontext=u:r:untrusted_app_27:s0:c40,c256,c512,c768 tcontext=u:r:untrusted_app_27:s0:c40,c256,c512,c768 tclass=udp_socket permissive=0 app=us.zoom.zoompresence
03-03 01:22:58.589  1494  1713 I commit_sys_config_file: [appops,7]
03-03 01:22:58.745  1494  1522 I commit_sys_config_file: [warnings-config,5]
03-03 01:22:59.328  2865  2865 I auditd  : type=1400 audit(0.0:927): avc: denied { ioctl } for comm="Thread-5" path="socket:[457227]" dev="sockfs" ino=457227 ioctlcmd=0x8927 scontext=u:r:untrusted_app_27:s0:c40,c256,c512,c768 tcontext=u:r:untrusted_app_27:s0:c40,c256,c512,c768 tclass=udp_socket permissive=0 app=us.zoom.zoompresence
03-03 01:22:59.328  2865  2865 I chatty  : uid=10040(us.zoom.zoompresence) identical 1 line
03-03 01:22:59.328  2865  2865 I auditd  : type=1400 audit(0.0:929): avc: denied { ioctl } for comm="Thread-5" path="socket:[457227]" dev="sockfs" ino=457227 ioctlcmd=0x8927 scontext=u:r:untrusted_app_27:s0:c40,c256,c512,c768 tcontext=u:r:untrusted_app_27:s0:c40,c256,c512,c768 tclass=udp_socket permissive=0 app=us.zoom.zoompresence
03-03 01:23:03.752   574   574 I auditd  : avc:  denied  { find } for interface=vendor.qti.hardware.servicetracker::IServicetracker sid=u:r:system_server:s0 pid=1494 scontext=u:r:system_server:s0 tcontext=u:object_r:default_android_hwservice:s0 tclass=hwservice_manager permissive=0
03-03 01:23:03.754   574   574 I auditd  : avc:  denied  { find } for interface=vendor.qti.hardware.servicetracker::IServicetracker sid=u:r:system_server:s0 pid=1494 scontext=u:r:system_server:s0 tcontext=u:object_r:default_android_hwservice:s0 tclass=hwservice_manager permissive=0
03-03 01:23:04.318  2865  2865 I auditd  : type=1400 audit(0.0:930): avc: denied { ioctl } for comm="Thread-5" path="socket:[456428]" dev="sockfs" ino=456428 ioctlcmd=0x8927 scontext=u:r:untrusted_app_27:s0:c40,c256,c512,c768 tcontext=u:r:untrusted_app_27:s0:c40,c256,c512,c768 tclass=udp_socket permissive=0 app=us.zoom.zoompresence
03-03 01:23:04.318  2865  2865 I chatty  : uid=10040(us.zoom.zoompresence) identical 1 line
03-03 01:23:04.318  2865  2865 I auditd  : type=1400 audit(0.0:932): avc: denied { ioctl } for comm="Thread-5" path="socket:[456428]" dev="sockfs" ino=456428 ioctlcmd=0x8927 scontext=u:r:untrusted_app_27:s0:c40,c256,c512,c768 tcontext=u:r:untrusted_app_27:s0:c40,c256,c512,c768 tclass=udp_socket permissive=0 app=us.zoom.zoompresence
03-03 01:23:09.288  2865  2865 I auditd  : type=1400 audit(0.0:933): avc: denied { ioctl } for comm="Thread-5" path="socket:[459069]" dev="sockfs" ino=459069 ioctlcmd=0x8927 scontext=u:r:untrusted_app_27:s0:c40,c256,c512,c768 tcontext=u:r:untrusted_app_27:s0:c40,c256,c512,c768 tclass=udp_socket permissive=0 app=us.zoom.zoompresence
03-03 01:23:09.288  2865  2865 I chatty  : uid=10040(us.zoom.zoompresence) identical 1 line
03-03 01:23:09.288  2865  2865 I auditd  : type=1400 audit(0.0:935): avc: denied { ioctl } for comm="Thread-5" path="socket:[459069]" dev="sockfs" ino=459069 ioctlcmd=0x8927 scontext=u:r:untrusted_app_27:s0:c40,c256,c512,c768 tcontext=u:r:untrusted_app_27:s0:c40,c256,c512,c768 tclass=udp_socket permissive=0 app=us.zoom.zoompresence
03-03 01:23:10.282   574   574 I auditd  : avc:  denied  { find } for interface=vendor.qti.hardware.servicetracker::IServicetracker sid=u:r:system_server:s0 pid=1494 scontext=u:r:system_server:s0 tcontext=u:object_r:default_android_hwservice:s0 tclass=hwservice_manager permissive=0
03-03 01:23:12.095   574   574 I auditd  : avc:  denied  { find } for interface=vendor.qti.hardware.servicetracker::IServicetracker sid=u:r:system_server:s0 pid=1494 scontext=u:r:system_server:s0 tcontext=u:object_r:default_android_hwservice:s0 tclass=hwservice_manager permissive=0
03-03 01:23:14.248  2865  2865 I auditd  : type=1400 audit(0.0:936): avc: denied { ioctl } for comm="Thread-5" path="socket:[457929]" dev="sockfs" ino=457929 ioctlcmd=0x8927 scontext=u:r:untrusted_app_27:s0:c40,c256,c512,c768 tcontext=u:r:untrusted_app_27:s0:c40,c256,c512,c768 tclass=udp_socket permissive=0 app=us.zoom.zoompresence
03-03 01:23:14.248  2865  2865 I chatty  : uid=10040(us.zoom.zoompresence) identical 1 line
03-03 01:23:14.248  2865  2865 I auditd  : type=1400 audit(0.0:938): avc: denied { ioctl } for comm="Thread-5" path="socket:[457929]" dev="sockfs" ino=457929 ioctlcmd=0x8927 scontext=u:r:untrusted_app_27:s0:c40,c256,c512,c768 tcontext=u:r:untrusted_app_27:s0:c40,c256,c512,c768 tclass=udp_socket permissive=0 app=us.zoom.zoompresence
03-03 01:23:18.765  1494  1528 I am_pss  : [7180,1002,com.android.bluetooth,20346880,16953344,0,108638208,0,0,13]
03-03 01:23:19.248  2865  2865 I auditd  : type=1400 audit(0.0:939): avc: denied { ioctl } for comm="Thread-5" path="socket:[457932]" dev="sockfs" ino=457932 ioctlcmd=0x8927 scontext=u:r:untrusted_app_27:s0:c40,c256,c512,c768 tcontext=u:r:untrusted_app_27:s0:c40,c256,c512,c768 tclass=udp_socket permissive=0 app=us.zoom.zoompresence
03-03 01:23:19.248  2865  2865 I chatty  : uid=10040(us.zoom.zoompresence) identical 1 line
03-03 01:23:19.248  2865  2865 I auditd  : type=1400 audit(0.0:941): avc: denied { ioctl } for comm="Thread-5" path="socket:[457932]" dev="sockfs" ino=457932 ioctlcmd=0x8927 scontext=u:r:untrusted_app_27:s0:c40,c256,c512,c768 tcontext=u:r:untrusted_app_27:s0:c40,c256,c512,c768 tclass=udp_socket permissive=0 app=us.zoom.zoompresence
03-03 01:23:24.248  2865  2865 I auditd  : type=1400 audit(0.0:942): avc: denied { ioctl } for comm="Thread-5" path="socket:[457933]" dev="sockfs" ino=457933 ioctlcmd=0x8927 scontext=u:r:untrusted_app_27:s0:c40,c256,c512,c768 tcontext=u:r:untrusted_app_27:s0:c40,c256,c512,c768 tclass=udp_socket permissive=0 app=us.zoom.zoompresence
03-03 01:23:24.248  2865  2865 I chatty  : uid=10040(us.zoom.zoompresence) identical 1 line
03-03 01:23:24.248  2865  2865 I auditd  : type=1400 audit(0.0:944): avc: denied { ioctl } for comm="Thread-5" path="socket:[457933]" dev="sockfs" ino=457933 ioctlcmd=0x8927 scontext=u:r:untrusted_app_27:s0:c40,c256,c512,c768 tcontext=u:r:untrusted_app_27:s0:c40,c256,c512,c768 tclass=udp_socket permissive=0 app=us.zoom.zoompresence
03-03 01:23:29.208  2865  2865 I auditd  : type=1400 audit(0.0:945): avc: denied { ioctl } for comm="Thread-5" path="socket:[456434]" dev="sockfs" ino=456434 ioctlcmd=0x8927 scontext=u:r:untrusted_app_27:s0:c40,c256,c512,c768 tcontext=u:r:untrusted_app_27:s0:c40,c256,c512,c768 tclass=udp_socket permissive=0 app=us.zoom.zoompresence
03-03 01:23:29.208  2865  2865 I chatty  : uid=10040(us.zoom.zoompresence) identical 1 line
03-03 01:23:29.208  2865  2865 I auditd  : type=1400 audit(0.0:947): avc: denied { ioctl } for comm="Thread-5" path="socket:[456434]" dev="sockfs" ino=456434 ioctlcmd=0x8927 scontext=u:r:untrusted_app_27:s0:c40,c256,c512,c768 tcontext=u:r:untrusted_app_27:s0:c40,c256,c512,c768 tclass=udp_socket permissive=0 app=us.zoom.zoompresence
03-03 01:23:34.168  2865  2865 I auditd  : type=1400 audit(0.0:948): avc: denied { ioctl } for comm="Thread-5" path="socket:[459075]" dev="sockfs" ino=459075 ioctlcmd=0x8927 scontext=u:r:untrusted_app_27:s0:c40,c256,c512,c768 tcontext=u:r:untrusted_app_27:s0:c40,c256,c512,c768 tclass=udp_socket permissive=0 app=us.zoom.zoompresence
03-03 01:23:34.168  2865  2865 I chatty  : uid=10040(us.zoom.zoompresence) identical 1 line
03-03 01:23:34.168  2865  2865 I auditd  : type=1400 audit(0.0:950): avc: denied { ioctl } for comm="Thread-5" path="socket:[459075]" dev="sockfs" ino=459075 ioctlcmd=0x8927 scontext=u:r:untrusted_app_27:s0:c40,c256,c512,c768 tcontext=u:r:untrusted_app_27:s0:c40,c256,c512,c768 tclass=udp_socket permissive=0 app=us.zoom.zoompresence
03-03 01:23:39.168  2865  2865 I auditd  : type=1400 audit(0.0:951): avc: denied { ioctl } for comm="Thread-5" path="socket:[456436]" dev="sockfs" ino=456436 ioctlcmd=0x8927 scontext=u:r:untrusted_app_27:s0:c40,c256,c512,c768 tcontext=u:r:untrusted_app_27:s0:c40,c256,c512,c768 tclass=udp_socket permissive=0 app=us.zoom.zoompresence
03-03 01:23:39.168  2865  2865 I chatty  : uid=10040(us.zoom.zoompresence) identical 1 line
03-03 01:23:39.168  2865  2865 I auditd  : type=1400 audit(0.0:953): avc: denied { ioctl } for comm="Thread-5" path="socket:[456436]" dev="sockfs" ino=456436 ioctlcmd=0x8927 scontext=u:r:untrusted_app_27:s0:c40,c256,c512,c768 tcontext=u:r:untrusted_app_27:s0:c40,c256,c512,c768 tclass=udp_socket permissive=0 app=us.zoom.zoompresence
03-03 01:23:39.557  1494  1529 I am_uid_idle: 10013
03-03 01:23:44.118  2865  2865 I auditd  : type=1400 audit(0.0:954): avc: denied { ioctl } for comm="Thread-5" path="socket:[459080]" dev="sockfs" ino=459080 ioctlcmd=0x8927 scontext=u:r:untrusted_app_27:s0:c40,c256,c512,c768 tcontext=u:r:untrusted_app_27:s0:c40,c256,c512,c768 tclass=udp_socket permissive=0 app=us.zoom.zoompresence
03-03 01:23:44.118  2865  2865 I chatty  : uid=10040(us.zoom.zoompresence) identical 1 line
03-03 01:23:44.118  2865  2865 I auditd  : type=1400 audit(0.0:956): avc: denied { ioctl } for comm="Thread-5" path="socket:[459080]" dev="sockfs" ino=459080 ioctlcmd=0x8927 scontext=u:r:untrusted_app_27:s0:c40,c256,c512,c768 tcontext=u:r:untrusted_app_27:s0:c40,c256,c512,c768 tclass=udp_socket permissive=0 app=us.zoom.zoompresence
03-03 01:23:49.118  2865  2865 I auditd  : type=1400 audit(0.0:957): avc: denied { ioctl } for comm="Thread-5" path="socket:[457243]" dev="sockfs" ino=457243 ioctlcmd=0x8927 scontext=u:r:untrusted_app_27:s0:c40,c256,c512,c768 tcontext=u:r:untrusted_app_27:s0:c40,c256,c512,c768 tclass=udp_socket permissive=0 app=us.zoom.zoompresence
03-03 01:23:49.118  2865  2865 I chatty  : uid=10040(us.zoom.zoompresence) identical 1 line
03-03 01:23:49.118  2865  2865 I auditd  : type=1400 audit(0.0:959): avc: denied { ioctl } for comm="Thread-5" path="socket:[457243]" dev="sockfs" ino=457243 ioctlcmd=0x8927 scontext=u:r:untrusted_app_27:s0:c40,c256,c512,c768 tcontext=u:r:untrusted_app_27:s0:c40,c256,c512,c768 tclass=udp_socket permissive=0 app=us.zoom.zoompresence
03-03 01:23:54.118  2865  2865 I auditd  : type=1400 audit(0.0:960): avc: denied { ioctl } for comm="Thread-5" path="socket:[459081]" dev="sockfs" ino=459081 ioctlcmd=0x8927 scontext=u:r:untrusted_app_27:s0:c40,c256,c512,c768 tcontext=u:r:untrusted_app_27:s0:c40,c256,c512,c768 tclass=udp_socket permissive=0 app=us.zoom.zoompresence
03-03 01:23:54.118  2865  2865 I chatty  : uid=10040(us.zoom.zoompresence) identical 1 line
03-03 01:23:54.118  2865  2865 I auditd  : type=1400 audit(0.0:962): avc: denied { ioctl } for comm="Thread-5" path="socket:[459081]" dev="sockfs" ino=459081 ioctlcmd=0x8927 scontext=u:r:untrusted_app_27:s0:c40,c256,c512,c768 tcontext=u:r:untrusted_app_27:s0:c40,c256,c512,c768 tclass=udp_socket permissive=0 app=us.zoom.zoompresence
03-03 01:23:59.098  2865  2865 I auditd  : type=1400 audit(0.0:963): avc: denied { ioctl } for comm="Thread-5" path="socket:[459083]" dev="sockfs" ino=459083 ioctlcmd=0x8927 scontext=u:r:untrusted_app_27:s0:c40,c256,c512,c768 tcontext=u:r:untrusted_app_27:s0:c40,c256,c512,c768 tclass=udp_socket permissive=0 app=us.zoom.zoompresence
03-03 01:23:59.098  2865  2865 I chatty  : uid=10040(us.zoom.zoompresence) identical 1 line
03-03 01:23:59.098  2865  2865 I auditd  : type=1400 audit(0.0:965): avc: denied { ioctl } for comm="Thread-5" path="socket:[459083]" dev="sockfs" ino=459083 ioctlcmd=0x8927 scontext=u:r:untrusted_app_27:s0:c40,c256,c512,c768 tcontext=u:r:untrusted_app_27:s0:c40,c256,c512,c768 tclass=udp_socket permissive=0 app=us.zoom.zoompresence
03-03 01:24:03.760  1494  1529 I am_uid_idle: 10016
03-03 01:24:04.078  2865  2865 I auditd  : type=1400 audit(0.0:966): avc: denied { ioctl } for comm="Thread-5" path="socket:[456437]" dev="sockfs" ino=456437 ioctlcmd=0x8927 scontext=u:r:untrusted_app_27:s0:c40,c256,c512,c768 tcontext=u:r:untrusted_app_27:s0:c40,c256,c512,c768 tclass=udp_socket permissive=0 app=us.zoom.zoompresence
03-03 01:24:04.078  2865  2865 I chatty  : uid=10040(us.zoom.zoompresence) identical 1 line
03-03 01:24:04.078  2865  2865 I auditd  : type=1400 audit(0.0:968): avc: denied { ioctl } for comm="Thread-5" path="socket:[456437]" dev="sockfs" ino=456437 ioctlcmd=0x8927 scontext=u:r:untrusted_app_27:s0:c40,c256,c512,c768 tcontext=u:r:untrusted_app_27:s0:c40,c256,c512,c768 tclass=udp_socket permissive=0 app=us.zoom.zoompresence
03-03 01:24:09.038  2865  2865 I auditd  : type=1400 audit(0.0:969): avc: denied { ioctl } for comm="Thread-5" path="socket:[457937]" dev="sockfs" ino=457937 ioctlcmd=0x8927 scontext=u:r:untrusted_app_27:s0:c40,c256,c512,c768 tcontext=u:r:untrusted_app_27:s0:c40,c256,c512,c768 tclass=udp_socket permissive=0 app=us.zoom.zoompresence
03-03 01:24:09.038  2865  2865 I chatty  : uid=10040(us.zoom.zoompresence) identical 1 line
03-03 01:24:09.038  2865  2865 I auditd  : type=1400 audit(0.0:971): avc: denied { ioctl } for comm="Thread-5" path="socket:[457937]" dev="sockfs" ino=457937 ioctlcmd=0x8927 scontext=u:r:untrusted_app_27:s0:c40,c256,c512,c768 tcontext=u:r:untrusted_app_27:s0:c40,c256,c512,c768 tclass=udp_socket permissive=0 app=us.zoom.zoompresence
03-03 01:24:12.092   574   574 I auditd  : avc:  denied  { find } for interface=vendor.qti.hardware.servicetracker::IServicetracker sid=u:r:system_server:s0 pid=1494 scontext=u:r:system_server:s0 tcontext=u:object_r:default_android_hwservice:s0 tclass=hwservice_manager permissive=0
03-03 01:24:12.103   574   574 I auditd  : avc:  denied  { find } for interface=vendor.qti.hardware.servicetracker::IServicetracker sid=u:r:system_server:s0 pid=1494 scontext=u:r:system_server:s0 tcontext=u:object_r:default_android_hwservice:s0 tclass=hwservice_manager permissive=0
03-03 01:24:12.105  1494  1528 I am_pss  : [7180,1002,com.android.bluetooth,20346880,16953344,0,108638208,0,0,10]
03-03 01:24:13.998  2865  2865 I auditd  : type=1400 audit(0.0:972): avc: denied { ioctl } for comm="Thread-5" path="socket:[456439]" dev="sockfs" ino=456439 ioctlcmd=0x8927 scontext=u:r:untrusted_app_27:s0:c40,c256,c512,c768 tcontext=u:r:untrusted_app_27:s0:c40,c256,c512,c768 tclass=udp_socket permissive=0 app=us.zoom.zoompresence
03-03 01:24:13.998  2865  2865 I chatty  : uid=10040(us.zoom.zoompresence) identical 1 line
03-03 01:24:13.998  2865  2865 I auditd  : type=1400 audit(0.0:974): avc: denied { ioctl } for comm="Thread-5" path="socket:[456439]" dev="sockfs" ino=456439 ioctlcmd=0x8927 scontext=u:r:untrusted_app_27:s0:c40,c256,c512,c768 tcontext=u:r:untrusted_app_27:s0:c40,c256,c512,c768 tclass=udp_socket permissive=0 app=us.zoom.zoompresence
03-03 01:24:19.028  2865  2865 I auditd  : type=1400 audit(0.0:975): avc: denied { ioctl } for comm="Thread-5" path="socket:[457938]" dev="sockfs" ino=457938 ioctlcmd=0x8927 scontext=u:r:untrusted_app_27:s0:c40,c256,c512,c768 tcontext=u:r:untrusted_app_27:s0:c40,c256,c512,c768 tclass=udp_socket permissive=0 app=us.zoom.zoompresence
03-03 01:24:19.028  2865  2865 I chatty  : uid=10040(us.zoom.zoompresence) identical 1 line
03-03 01:24:19.028  2865  2865 I auditd  : type=1400 audit(0.0:977): avc: denied { ioctl } for comm="Thread-5" path="socket:[457938]" dev="sockfs" ino=457938 ioctlcmd=0x8927 scontext=u:r:untrusted_app_27:s0:c40,c256,c512,c768 tcontext=u:r:untrusted_app_27:s0:c40,c256,c512,c768 tclass=udp_socket permissive=0 app=us.zoom.zoompresence
03-03 01:24:23.988  2865  2865 I auditd  : type=1400 audit(0.0:978): avc: denied { ioctl } for comm="Thread-5" path="socket:[456443]" dev="sockfs" ino=456443 ioctlcmd=0x8927 scontext=u:r:untrusted_app_27:s0:c40,c256,c512,c768 tcontext=u:r:untrusted_app_27:s0:c40,c256,c512,c768 tclass=udp_socket permissive=0 app=us.zoom.zoompresence
03-03 01:24:23.988  2865  2865 I chatty  : uid=10040(us.zoom.zoompresence) identical 1 line
03-03 01:24:23.988  2865  2865 I auditd  : type=1400 audit(0.0:980): avc: denied { ioctl } for comm="Thread-5" path="socket:[456443]" dev="sockfs" ino=456443 ioctlcmd=0x8927 scontext=u:r:untrusted_app_27:s0:c40,c256,c512,c768 tcontext=u:r:untrusted_app_27:s0:c40,c256,c512,c768 tclass=udp_socket permissive=0 app=us.zoom.zoompresence
03-03 01:24:28.988  2865  2865 I auditd  : type=1400 audit(0.0:981): avc: denied { ioctl } for comm="Thread-5" path="socket:[457939]" dev="sockfs" ino=457939 ioctlcmd=0x8927 scontext=u:r:untrusted_app_27:s0:c40,c256,c512,c768 tcontext=u:r:untrusted_app_27:s0:c40,c256,c512,c768 tclass=udp_socket permissive=0 app=us.zoom.zoompresence
03-03 01:24:28.988  2865  2865 I chatty  : uid=10040(us.zoom.zoompresence) identical 1 line
03-03 01:24:28.988  2865  2865 I auditd  : type=1400 audit(0.0:983): avc: denied { ioctl } for comm="Thread-5" path="socket:[457939]" dev="sockfs" ino=457939 ioctlcmd=0x8927 scontext=u:r:untrusted_app_27:s0:c40,c256,c512,c768 tcontext=u:r:untrusted_app_27:s0:c40,c256,c512,c768 tclass=udp_socket permissive=0 app=us.zoom.zoompresence
03-03 01:24:33.948  2865  2865 I auditd  : type=1400 audit(0.0:984): avc: denied { ioctl } for comm="Thread-5" path="socket:[457941]" dev="sockfs" ino=457941 ioctlcmd=0x8927 scontext=u:r:untrusted_app_27:s0:c40,c256,c512,c768 tcontext=u:r:untrusted_app_27:s0:c40,c256,c512,c768 tclass=udp_socket permissive=0 app=us.zoom.zoompresence
03-03 01:24:33.948  2865  2865 I chatty  : uid=10040(us.zoom.zoompresence) identical 1 line
03-03 01:24:33.948  2865  2865 I auditd  : type=1400 audit(0.0:986): avc: denied { ioctl } for comm="Thread-5" path="socket:[457941]" dev="sockfs" ino=457941 ioctlcmd=0x8927 scontext=u:r:untrusted_app_27:s0:c40,c256,c512,c768 tcontext=u:r:untrusted_app_27:s0:c40,c256,c512,c768 tclass=udp_socket permissive=0 app=us.zoom.zoompresence
03-03 01:24:38.908  2865  2865 I auditd  : type=1400 audit(0.0:987): avc: denied { ioctl } for comm="Thread-5" path="socket:[457943]" dev="sockfs" ino=457943 ioctlcmd=0x8927 scontext=u:r:untrusted_app_27:s0:c40,c256,c512,c768 tcontext=u:r:untrusted_app_27:s0:c40,c256,c512,c768 tclass=udp_socket permissive=0 app=us.zoom.zoompresence
03-03 01:24:38.908  2865  2865 I chatty  : uid=10040(us.zoom.zoompresence) identical 1 line
03-03 01:24:38.908  2865  2865 I auditd  : type=1400 audit(0.0:989): avc: denied { ioctl } for comm="Thread-5" path="socket:[457943]" dev="sockfs" ino=457943 ioctlcmd=0x8927 scontext=u:r:untrusted_app_27:s0:c40,c256,c512,c768 tcontext=u:r:untrusted_app_27:s0:c40,c256,c512,c768 tclass=udp_socket permissive=0 app=us.zoom.zoompresence
03-03 01:24:43.898  2865  2865 I auditd  : type=1400 audit(0.0:990): avc: denied { ioctl } for comm="Thread-5" path="socket:[456444]" dev="sockfs" ino=456444 ioctlcmd=0x8927 scontext=u:r:untrusted_app_27:s0:c40,c256,c512,c768 tcontext=u:r:untrusted_app_27:s0:c40,c256,c512,c768 tclass=udp_socket permissive=0 app=us.zoom.zoompresence
03-03 01:24:47.578     0     0 D logd    : logdr: UID=0 GID=0 PID=7377 b tail=0 logMask=19 pid=0 start=0ns timeout=0ns
03-03 01:24:43.898  2865  2865 I chatty  : uid=10040(us.zoom.zoompresence) identical 1 line
03-03 01:24:43.898  2865  2865 I auditd  : type=1400 audit(0.0:992): avc: denied { ioctl } for comm="Thread-5" path="socket:[456444]" dev="sockfs" ino=456444 ioctlcmd=0x8927 scontext=u:r:untrusted_app_27:s0:c40,c256,c512,c768 tcontext=u:r:untrusted_app_27:s0:c40,c256,c512,c768 tclass=udp_socket permissive=0 app=us.zoom.zoompresence
03-03 01:24:48.898  2865  2865 I auditd  : type=1400 audit(0.0:993): avc: denied { ioctl } for comm="Thread-5" path="socket:[457970]" dev="sockfs" ino=457970 ioctlcmd=0x8927 scontext=u:r:untrusted_app_27:s0:c40,c256,c512,c768 tcontext=u:r:untrusted_app_27:s0:c40,c256,c512,c768 tclass=udp_socket permissive=0 app=us.zoom.zoompresence
03-03 01:24:48.898  2865  2865 I chatty  : uid=10040(us.zoom.zoompresence) identical 1 line
03-03 01:24:48.898  2865  2865 I auditd  : type=1400 audit(0.0:995): avc: denied { ioctl } for comm="Thread-5" path="socket:[457970]" dev="sockfs" ino=457970 ioctlcmd=0x8927 scontext=u:r:untrusted_app_27:s0:c40,c256,c512,c768 tcontext=u:r:untrusted_app_27:s0:c40,c256,c512,c768 tclass=udp_socket permissive=0 app=us.zoom.zoompresence
03-03 01:24:53.858  2865  2865 I auditd  : type=1400 audit(0.0:996): avc: denied { ioctl } for comm="Thread-5" path="socket:[459098]" dev="sockfs" ino=459098 ioctlcmd=0x8927 scontext=u:r:untrusted_app_27:s0:c40,c256,c512,c768 tcontext=u:r:untrusted_app_27:s0:c40,c256,c512,c768 tclass=udp_socket permissive=0 app=us.zoom.zoompresence
03-03 01:24:53.858  2865  2865 I chatty  : uid=10040(us.zoom.zoompresence) identical 1 line
03-03 01:24:53.858  2865  2865 I auditd  : type=1400 audit(0.0:998): avc: denied { ioctl } for comm="Thread-5" path="socket:[459098]" dev="sockfs" ino=459098 ioctlcmd=0x8927 scontext=u:r:untrusted_app_27:s0:c40,c256,c512,c768 tcontext=u:r:untrusted_app_27:s0:c40,c256,c512,c768 tclass=udp_socket permissive=0 app=us.zoom.zoompresence
03-03 01:24:54.270  1494  1626 I netstats_mobile_sample: [0,0,0,0,0,0,0,0,0,0,0,0,1614770694271]
03-03 01:24:54.270  1494  1626 I netstats_wifi_sample: [0,0,0,0,0,0,0,0,0,0,0,0,1614770694271]
03-03 01:24:54.664  1494  1521 I commit_sys_config_file: [package-session,6]
03-03 01:24:54.669  1494  1521 I commit_sys_config_file: [package-session,4]
03-03 01:24:54.718  1494  4136 I commit_sys_config_file: [package-session,5]
03-03 01:24:54.753  1494  1546 I liblog  : 2
03-03 01:24:54.755  1494  1546 I chatty  : uid=1000(system) PackageManager identical 17 lines
03-03 01:24:54.755  1494  1546 I liblog  : 1
03-03 01:24:54.842  1494  1546 I commit_sys_config_file: [package-user-0,2]
03-03 01:24:54.842  1494  1546 I commit_sys_config_file: [package,86]
03-03 01:24:54.848  1494  1546 I sysui_multi_action: [757,1243,758,4,806,com.logitech.integration.test,1241,android.permission.CAMERA]
03-03 01:24:54.848  1494  1546 I sysui_multi_action: [757,1243,758,4,806,com.logitech.integration.test,1241,android.permission.WRITE_EXTERNAL_STORAGE]
03-03 01:24:54.858  1494  1546 I sysui_multi_action: [757,1243,758,4,806,com.logitech.integration.test,1241,android.permission.READ_EXTERNAL_STORAGE]
03-03 01:24:54.863  1494  1546 I sysui_multi_action: [757,1243,758,4,806,com.logitech.integration.test,1241,android.permission.RECORD_AUDIO]
03-03 01:24:54.865  1494  1546 I unknown_sources_enabled: 1
03-03 01:24:54.868  1494  1494 I notification_cancel_all: [1000,1494,com.logitech.integration.test,0,0,0,5,NULL]
03-03 01:24:54.870  1494  1590 I commit_sys_config_file: [package-session,4]
03-03 01:24:54.874   574   574 I auditd  : avc:  denied  { find } for interface=vendor.qti.hardware.servicetracker::IServicetracker sid=u:r:system_server:s0 pid=1494 scontext=u:r:system_server:s0 tcontext=u:object_r:default_android_hwservice:s0 tclass=hwservice_manager permissive=0
03-03 01:24:54.875  1494  1519 I am_uid_active: 10016
03-03 01:24:54.876   574   574 I auditd  : avc:  denied  { find } for interface=vendor.qti.hardware.servicetracker::IServicetracker sid=u:r:system_server:s0 pid=1494 scontext=u:r:system_server:s0 tcontext=u:object_r:default_android_hwservice:s0 tclass=hwservice_manager permissive=0
03-03 01:24:55.097  1494  1528 I commit_sys_config_file: [roles-0,8]
03-03 01:24:55.175  1494  1528 I commit_sys_config_file: [package-perms-0,8]
03-03 01:24:55.287  1494  1521 I commit_sys_config_file: [package-session,5]
03-03 01:24:55.293  1494  1521 I commit_sys_config_file: [package-session,5]
03-03 01:24:55.313  1494  4492 I commit_sys_config_file: [package-session,5]
03-03 01:24:55.349  1494  1546 I liblog  : 1
03-03 01:24:55.349  1494  1546 I chatty  : uid=1000(system) PackageManager identical 3 lines
03-03 01:24:55.349  1494  1546 I liblog  : 1
03-03 01:24:55.389  1494  1546 I commit_sys_config_file: [package-user-0,3]
03-03 01:24:55.390  1494  1546 I commit_sys_config_file: [package,40]
03-03 01:24:55.394  1494  1546 I sysui_multi_action: [757,1243,758,4,806,com.logitech.integration.test.test,1241,android.permission.WRITE_EXTERNAL_STORAGE]
03-03 01:24:55.401  1494  1546 I sysui_multi_action: [757,1243,758,4,806,com.logitech.integration.test.test,1241,android.permission.READ_EXTERNAL_STORAGE]
03-03 01:24:55.410  1494  1546 I unknown_sources_enabled: 1
03-03 01:24:55.416  1494  1494 I notification_cancel_all: [1000,1494,com.logitech.integration.test.test,0,0,0,5,NULL]
03-03 01:24:55.418  1494  1590 I commit_sys_config_file: [package-session,7]
03-03 01:24:55.648  1494  1528 I commit_sys_config_file: [roles-0,7]
03-03 01:24:55.680  1494  1528 I commit_sys_config_file: [package-perms-0,6]
03-03 01:24:55.747  1494  2371 I am_uid_active: 10013
03-03 01:24:56.272  1494  2371 I am_uid_running: 10101
03-03 01:24:56.294  1494  1530 I am_proc_start: [0,7448,10101,com.logitech.integration.test,added application,com.logitech.integration.test]
03-03 01:24:56.321  1494  2371 I am_proc_bound: [0,7448,com.logitech.integration.test]
03-03 01:24:56.322  1494  2371 I am_uid_active: 10101
03-03 01:24:58.168   574   574 I auditd  : avc:  denied  { find } for interface=vendor.qti.hardware.servicetracker::IServicetracker sid=u:r:system_server:s0 pid=1494 scontext=u:r:system_server:s0 tcontext=u:object_r:default_android_hwservice:s0 tclass=hwservice_manager permissive=0
03-03 01:24:58.172  1494  1618 I configuration_changed: 48
03-03 01:24:58.174   574   574 I auditd  : avc:  denied  { find } for interface=vendor.qti.hardware.servicetracker::IServicetracker sid=u:r:system_server:s0 pid=1494 scontext=u:r:system_server:s0 tcontext=u:object_r:default_android_hwservice:s0 tclass=hwservice_manager permissive=0
03-03 01:24:58.175  1494  1494 I sysui_multi_action: [757,128,758,5,759,8,793,130601,794,0,795,130601,796,19,806,android,857,PHYSICAL_KEYBOARD,858,3,947,0,1500,130499,1688,1]
03-03 01:24:58.175  1494  1494 I notification_canceled: [-1|android|19|null|1000,8,130601,130601,0,-1,-1,NULL]
03-03 01:22:42.005  1686  1686 I chatty  : uid=10055(com.android.systemui) identical 4 lines
03-03 01:22:47.600  1686  1686 W CarrierConfigManager: Error getting config for subId -1 ICarrierConfigLoader is null
03-03 01:24:58.205  1686  1686 W CarrierConfigManager: Error getting config for subId -1 ICarrierConfigLoader is null
03-03 01:24:58.223  1494  1618 I am_relaunch_resume_activity: [0,159745936,94,com.logitech.videocollaboration.froggersettings/.NetworkConnectionActivity]
03-03 01:24:58.224  3599  3599 I am_on_top_resumed_lost_called: [0,com.logitech.videocollaboration.froggersettings.NetworkConnectionActivity,pausing]
03-03 01:24:58.227  3599  3599 I am_on_paused_called: [0,com.logitech.videocollaboration.froggersettings.NetworkConnectionActivity,performPause]
03-03 01:24:58.231  1494  4492 I dvm_lock_sample: [system_server,1,Binder:1494_B,54,ActivityManagerService.java,15638,int com.android.server.am.ActivityManagerService.broadcastIntent(android.app.IApplicationThread, android.content.Intent, java.lang.String, android.content.IIntentReceiver, int, java.lang.String, android.os.Bundle, java.lang.String[], int, android.os.Bundle, boolean, boolean, int),-,14155,boolean com.android.server.am.ActivityManagerService.unbindService(android.app.IServiceConnection),10]
03-03 01:24:58.239  3599  3599 I am_on_stop_called: [0,com.logitech.videocollaboration.froggersettings.NetworkConnectionActivity,handleRelaunchActivity]
03-03 01:24:58.240  3599  3599 I am_on_destroy_called: [0,com.logitech.videocollaboration.froggersettings.NetworkConnectionActivity,performDestroy]
03-03 01:24:58.259  3599  3599 I am_on_create_called: [0,com.logitech.videocollaboration.froggersettings.NetworkConnectionActivity,performCreate]
03-03 01:24:58.265  3599  3599 I am_on_start_called: [0,com.logitech.videocollaboration.froggersettings.NetworkConnectionActivity,handleStartActivity]
03-03 01:24:58.275  3599  3599 I am_on_resume_called: [0,com.logitech.videocollaboration.froggersettings.NetworkConnectionActivity,RESUME_ACTIVITY]
03-03 01:24:58.275  3599  3599 I am_on_top_resumed_gained_called: [0,com.logitech.videocollaboration.froggersettings.NetworkConnectionActivity,topWhenResuming]
03-03 01:24:58.404  1494  1606 I commit_sys_config_file: [settings-0-0,5]
03-03 01:24:58.408  1494  1606 I commit_sys_config_file: [settings-2-0,4]
03-03 01:24:58.848  2865  2865 I auditd  : type=1400 audit(0.0:999): avc: denied { ioctl } for comm="Thread-5" path="socket:[456650]" dev="sockfs" ino=456650 ioctlcmd=0x8927 scontext=u:r:untrusted_app_27:s0:c40,c256,c512,c768 tcontext=u:r:untrusted_app_27:s0:c40,c256,c512,c768 tclass=udp_socket permissive=0 app=us.zoom.zoompresence
03-03 01:25:00.507     0     0 E bt_ioctl: BT_CMD_PWR_CTRL pwr_cntrl:0
03-03 01:25:00.507     0     0 E qcom,rpmh-regulator soc: rpmh-regulator-ldoa7: TCS Busy, retrying RPMH message send
03-03 01:24:58.848  2865  2865 I chatty  : uid=10040(us.zoom.zoompresence) identical 1 line
03-03 01:24:58.848  2865  2865 I auditd  : type=1400 audit(0.0:1001): avc: denied { ioctl } for comm="Thread-5" path="socket:[456650]" dev="sockfs" ino=456650 ioctlcmd=0x8927 scontext=u:r:untrusted_app_27:s0:c40,c256,c512,c768 tcontext=u:r:untrusted_app_27:s0:c40,c256,c512,c768 tclass=udp_socket permissive=0 app=us.zoom.zoompresence
03-03 01:25:00.529   574   574 I auditd  : avc:  denied  { find } for interface=vendor.qti.hardware.servicetracker::IServicetracker sid=u:r:system_server:s0 pid=1494 scontext=u:r:system_server:s0 tcontext=u:object_r:default_android_hwservice:s0 tclass=hwservice_manager permissive=0
03-03 01:25:00.531   574   574 I chatty  : uid=1000(system) hwservicemanage identical 2 lines
03-03 01:25:00.532   574   574 I auditd  : avc:  denied  { find } for interface=vendor.qti.hardware.servicetracker::IServicetracker sid=u:r:system_server:s0 pid=1494 scontext=u:r:system_server:s0 tcontext=u:object_r:default_android_hwservice:s0 tclass=hwservice_manager permissive=0
03-03 01:25:00.602  1494  4512 I am_proc_died: [0,7180,com.android.bluetooth,0,11]
03-03 01:25:00.603   574   574 I auditd  : avc:  denied  { find } for interface=vendor.qti.hardware.servicetracker::IServicetracker sid=u:r:system_server:s0 pid=1494 scontext=u:r:system_server:s0 tcontext=u:object_r:default_android_hwservice:s0 tclass=hwservice_manager permissive=0
03-03 01:25:00.603  1494  4512 I am_uid_stopped: 1002
03-03 01:25:00.937   574   574 I auditd  : avc:  denied  { find } for interface=vendor.qti.hardware.servicetracker::IServicetracker sid=u:r:system_server:s0 pid=1494 scontext=u:r:system_server:s0 tcontext=u:object_r:default_android_hwservice:s0 tclass=hwservice_manager permissive=0
03-03 01:25:00.937  1494  1521 I am_uid_running: 1002
03-03 01:25:00.960  1494  1530 I am_proc_start: [0,7512,1002,com.android.bluetooth,service,{com.android.bluetooth/com.android.bluetooth.btservice.AdapterService}]
03-03 01:25:00.969  1494  1789 I am_proc_bound: [0,7512,com.android.bluetooth]
03-03 01:25:00.971  1494  1789 I am_uid_active: 1002
03-03 01:25:00.972   574   574 I auditd  : avc:  denied  { find } for interface=vendor.qti.hardware.servicetracker::IServicetracker sid=u:r:system_server:s0 pid=1494 scontext=u:r:system_server:s0 tcontext=u:object_r:default_android_hwservice:s0 tclass=hwservice_manager permissive=0
03-03 01:25:01.021  7512  7541 I bt_config_source: 1
03-03 01:25:01.053   574   574 I auditd  : avc:  denied  { find } for interface=vendor.qti.hardware.servicetracker::IServicetracker sid=u:r:system_server:s0 pid=1494 scontext=u:r:system_server:s0 tcontext=u:object_r:default_android_hwservice:s0 tclass=hwservice_manager permissive=0
03-03 01:25:01.065     0     0 E bt_ioctl: BT_CMD_PWR_CTRL pwr_cntrl:0
03-03 01:25:01.065     0     0 E bt_ioctl: BT chip state is already :0 no change d
03-03 01:25:01.065     0     0 E bt_ioctl: BT_CMD_PWR_CTRL pwr_cntrl:1
03-03 01:25:01.312     0     0 E bt_ioctl: BT_CMD_CHIP_VERS soc_version:40010214
03-03 01:25:02.482   574   574 I chatty  : uid=1000(system) hwservicemanage identical 2 lines
03-03 01:25:02.488   574   574 I auditd  : avc:  denied  { find } for interface=vendor.qti.hardware.servicetracker::IServicetracker sid=u:r:system_server:s0 pid=1494 scontext=u:r:system_server:s0 tcontext=u:object_r:default_android_hwservice:s0 tclass=hwservice_manager permissive=0
03-03 01:25:02.505  1494  1494 I service_manager_stats: [100,31,261288]
03-03 01:25:02.516  1494  4478 I dvm_lock_sample: [system_server,1,Binder:1494_1C,14,BluetoothManagerService.java,1199,boolean com.android.server.BluetoothManagerService.bindBluetoothProfileService(int, android.bluetooth.IBluetoothProfileServiceConnection),-,1199,boolean com.android.server.BluetoothManagerService.bindBluetoothProfileService(int, android.bluetooth.IBluetoothProfileServiceConnection),2]
03-03 01:25:02.726  1494  1606 I commit_sys_config_file: [settings-0-0,8]
03-03 01:25:02.731  1494  1606 I commit_sys_config_file: [settings-2-0,5]
03-03 01:25:03.764     0     0 I input   : RallyBarRem as /devices/virtual/misc/uhid/0005:046D:08D5.000C/input/input12
03-03 01:25:03.765     0     0 I hid-generic 0005: 046D:08D5.000C: input,hidraw1: BLUETOOTH HID v1.01 Keyboard [RallyBarRem] on
03-03 01:25:03.773  1494  1618 I configuration_changed: 48
03-03 01:25:03.776  1494  1494 I notification_enqueue: [1000,1494,android,19,NULL,-1,Notification(channel=PHYSICAL_KEYBOARD pri=0 contentView=null vibrate=null sound=null defaults=0x0 flags=0x0 color=0xff607d8b vis=PRIVATE),0]
03-03 01:25:03.824  1494  1618 I am_relaunch_resume_activity: [0,159745936,94,com.logitech.videocollaboration.froggersettings/.NetworkConnectionActivity]
03-03 01:25:03.825  3599  3599 I am_on_top_resumed_lost_called: [0,com.logitech.videocollaboration.froggersettings.NetworkConnectionActivity,pausing]
03-03 01:25:03.825  1494  1523 I dvm_lock_sample: [system_server,1,android.anim,29,WindowAnimator.java,96,void com.android.server.wm.WindowAnimator.lambda$new$1$WindowAnimator(long),ActivityTaskManagerService.java,4441,boolean com.android.server.wm.ActivityTaskManagerService.updateDisplayOverrideConfiguration(android.content.res.Configuration, int),5]
03-03 01:25:03.827  3599  3599 I am_on_paused_called: [0,com.logitech.videocollaboration.froggersettings.NetworkConnectionActivity,performPause]
03-03 01:25:03.818  2865  2865 I auditd  : type=1400 audit(0.0:1002): avc: denied { ioctl } for comm="Thread-5" path="socket:[459862]" dev="sockfs" ino=459862 ioctlcmd=0x8927 scontext=u:r:untrusted_app_27:s0:c40,c256,c512,c768 tcontext=u:r:untrusted_app_27:s0:c40,c256,c512,c768 tclass=udp_socket permissive=0 app=us.zoom.zoompresence
03-03 01:25:03.818  2865  2865 I auditd  : type=1400 audit(0.0:1003): avc: denied { ioctl } for comm="Thread-5" path="socket:[459862]" dev="sockfs" ino=459862 ioctlcmd=0x8927 scontext=u:r:untrusted_app_27:s0:c40,c256,c512,c768 tcontext=u:r:untrusted_app_27:s0:c40,c256,c512,c768 tclass=udp_socket permissive=0 app=us.zoom.zoompresence
03-03 01:25:03.830  3599  3599 I am_on_stop_called: [0,com.logitech.videocollaboration.froggersettings.NetworkConnectionActivity,handleRelaunchActivity]
03-03 01:25:03.818  2865  2865 I auditd  : type=1400 audit(0.0:1004): avc: denied { ioctl } for comm="Thread-5" path="socket:[459862]" dev="sockfs" ino=459862 ioctlcmd=0x8927 scontext=u:r:untrusted_app_27:s0:c40,c256,c512,c768 tcontext=u:r:untrusted_app_27:s0:c40,c256,c512,c768 tclass=udp_socket permissive=0 app=us.zoom.zoompresence
03-03 01:25:03.831  3599  3599 I am_on_destroy_called: [0,com.logitech.videocollaboration.froggersettings.NetworkConnectionActivity,performDestroy]
03-03 01:25:03.851  3599  3599 I am_on_create_called: [0,com.logitech.videocollaboration.froggersettings.NetworkConnectionActivity,performCreate]
03-03 01:25:03.857  3599  3599 I am_on_start_called: [0,com.logitech.videocollaboration.froggersettings.NetworkConnectionActivity,handleStartActivity]
03-03 01:25:03.867  3599  3599 I am_on_resume_called: [0,com.logitech.videocollaboration.froggersettings.NetworkConnectionActivity,RESUME_ACTIVITY]
03-03 01:25:03.867  3599  3599 I am_on_top_resumed_gained_called: [0,com.logitech.videocollaboration.froggersettings.NetworkConnectionActivity,topWhenResuming]
03-03 01:25:03.878  1494  1494 I sysui_multi_action: [757,1501,758,1,793,102,794,0,795,102,796,19,806,android,857,PHYSICAL_KEYBOARD,858,3,947,0,1500,0]
03-03 01:25:03.878  1494  1494 I sysui_multi_action: [757,804,799,note_interruptive,801,0,802,1]
03-03 01:25:03.879  1494  1494 I sysui_multi_action: [757,1501,758,1,793,103,794,0,795,103,796,19,806,android,857,PHYSICAL_KEYBOARD,858,3,947,0,1500,0,1688,1]
03-03 01:25:03.879  1494  1494 I sysui_multi_action: [757,804,799,note_interruptive,801,0,802,1]
03-03 01:25:03.879  1494  1494 I sysui_multi_action: [757,199,758,1,759,2,793,103,794,0,795,103,796,19,806,android,857,PHYSICAL_KEYBOARD,858,3,947,0,1500,0,1688,1]
03-03 01:25:03.879  1494  1494 I notification_alert: [-1|android|19|null|1000,0,1,0]
03-03 01:25:04.434  1494 16046 I am_uid_stopped: 10101
03-03 01:25:04.437  1494 16046 I am_kill : [0,7448,com.logitech.integration.test,0,stop com.logitech.integration.test]
03-03 01:25:04.438   574   574 I auditd  : avc:  denied  { find } for interface=vendor.qti.hardware.servicetracker::IServicetracker sid=u:r:system_server:s0 pid=1494 scontext=u:r:system_server:s0 tcontext=u:object_r:default_android_hwservice:s0 tclass=hwservice_manager permissive=0
03-03 01:25:04.457     0     0 I binder  : undelivered TRANSACTION_COMPLETE
03-03 01:25:04.457     0     0 I binder  : undelivered transaction 16482315, process died.
03-03 01:25:04.687     0     0 I sdcardfs: removing com.logitech.integration.test.test
03-03 01:25:04.699  1494  1546 I commit_sys_config_file: [package-user-0,4]
03-03 01:25:04.699  1494  1546 I commit_sys_config_file: [package,46]
03-03 01:25:04.779   574   574 I auditd  : avc:  denied  { find } for interface=vendor.qti.hardware.servicetracker::IServicetracker sid=u:r:system_server:s0 pid=1494 scontext=u:r:system_server:s0 tcontext=u:object_r:default_android_hwservice:s0 tclass=hwservice_manager permissive=0
03-03 01:25:04.784  1494  1494 I notification_cancel_all: [1000,1494,com.logitech.integration.test.test,0,0,0,5,NULL]
03-03 01:25:04.787   574   574 I auditd  : avc:  denied  { find } for interface=vendor.qti.hardware.servicetracker::IServicetracker sid=u:r:system_server:s0 pid=1494 scontext=u:r:system_server:s0 tcontext=u:object_r:default_android_hwservice:s0 tclass=hwservice_manager permissive=0
03-03 01:25:04.788   574   574 I chatty  : uid=1000(system) hwservicemanage identical 1 line
03-03 01:25:04.801   574   574 I auditd  : avc:  denied  { find } for interface=vendor.qti.hardware.servicetracker::IServicetracker sid=u:r:system_server:s0 pid=1494 scontext=u:r:system_server:s0 tcontext=u:object_r:default_android_hwservice:s0 tclass=hwservice_manager permissive=0
03-03 01:25:04.822  1494  1627 I commit_sys_config_file: [net-policy,49]
03-03 01:25:04.824  1494  1521 I commit_sys_config_file: [notification-policy,35]
03-03 01:25:04.837  1494  1521 I commit_sys_config_file: [notification-policy,13]
03-03 01:25:04.839  1494  1626 I netstats_mobile_sample: [0,0,0,0,0,0,0,0,0,0,0,0,1614770704840]
03-03 01:25:04.839  1494  1626 I netstats_wifi_sample: [0,0,0,0,0,0,0,0,0,0,0,0,1614770704840]
03-03 01:25:04.845     0     0 I sdcardfs: removing com.logitech.integration.test
03-03 01:25:04.853  1494  1546 I commit_sys_config_file: [package-user-0,2]
03-03 01:25:04.853  1494  1546 I commit_sys_config_file: [package,29]
03-03 01:25:04.920   574   574 I auditd  : avc:  denied  { find } for interface=vendor.qti.hardware.servicetracker::IServicetracker sid=u:r:system_server:s0 pid=1494 scontext=u:r:system_server:s0 tcontext=u:object_r:default_android_hwservice:s0 tclass=hwservice_manager permissive=0
03-03 01:25:04.922  1494  1626 I netstats_mobile_sample: [0,0,0,0,0,0,0,0,0,0,0,0,1614770704923]
03-03 01:25:04.922  1494  1626 I netstats_wifi_sample: [0,0,0,0,0,0,0,0,0,0,0,0,1614770704923]
03-03 01:25:04.923  1494  1627 I commit_sys_config_file: [net-policy,6]
03-03 01:25:04.924  1494  1494 I notification_cancel_all: [1000,1494,com.logitech.integration.test,0,0,0,5,NULL]
03-03 01:25:04.927   574   574 I auditd  : avc:  denied  { find } for interface=vendor.qti.hardware.servicetracker::IServicetracker sid=u:r:system_server:s0 pid=1494 scontext=u:r:system_server:s0 tcontext=u:object_r:default_android_hwservice:s0 tclass=hwservice_manager permissive=0
03-03 01:25:04.932  1494  1521 I commit_sys_config_file: [notification-policy,5]
03-03 01:25:04.933   574   574 I auditd  : avc:  denied  { find } for interface=vendor.qti.hardware.servicetracker::IServicetracker sid=u:r:system_server:s0 pid=1494 scontext=u:r:system_server:s0 tcontext=u:object_r:default_android_hwservice:s0 tclass=hwservice_manager permissive=0
03-03 01:25:04.936   574   574 I auditd  : avc:  denied  { find } for interface=vendor.qti.hardware.servicetracker::IServicetracker sid=u:r:system_server:s0 pid=1494 scontext=u:r:system_server:s0 tcontext=u:object_r:default_android_hwservice:s0 tclass=hwservice_manager permissive=0
03-03 01:25:04.938  1494  1521 I commit_sys_config_file: [notification-policy,5]
03-03 01:25:04.994  1494  1528 I commit_sys_config_file: [roles-0,4]
03-03 01:25:05.100  1494  1528 I commit_sys_config_file: [package-perms-0,6]
03-03 01:25:06.320  1494  1546 I commit_sys_config_file: [package-user-0,6]
03-03 01:25:07.957  1494  1528 I sysui_multi_action: [757,1717,758,1,759,0]
03-03 01:25:07.958  1494  1528 I sysui_multi_action: [757,1717,758,2,759,0]
03-03 01:25:07.958  1494  1528 I sysui_multi_action: [757,1717,758,3,759,0]
03-03 01:25:08.818  2865  2865 I auditd  : type=1400 audit(0.0:1005): avc: denied { ioctl } for comm="Thread-5" path="socket:[459935]" dev="sockfs" ino=459935 ioctlcmd=0x8927 scontext=u:r:untrusted_app_27:s0:c40,c256,c512,c768 tcontext=u:r:untrusted_app_27:s0:c40,c256,c512,c768 tclass=udp_socket permissive=0 app=us.zoom.zoompresence
03-03 01:25:08.818  2865  2865 I chatty  : uid=10040(us.zoom.zoompresence) identical 1 line
03-03 01:25:08.818  2865  2865 I auditd  : type=1400 audit(0.0:1007): avc: denied { ioctl } for comm="Thread-5" path="socket:[459935]" dev="sockfs" ino=459935 ioctlcmd=0x8927 scontext=u:r:untrusted_app_27:s0:c40,c256,c512,c768 tcontext=u:r:untrusted_app_27:s0:c40,c256,c512,c768 tclass=udp_socket permissive=0 app=us.zoom.zoompresence
03-03 01:25:12.100   574   574 I auditd  : avc:  denied  { find } for interface=vendor.qti.hardware.servicetracker::IServicetracker sid=u:r:system_server:s0 pid=1494 scontext=u:r:system_server:s0 tcontext=u:object_r:default_android_hwservice:s0 tclass=hwservice_manager permissive=0
03-03 01:25:13.808  2865  2865 I auditd  : type=1400 audit(0.0:1008): avc: denied { ioctl } for comm="Thread-5" path="socket:[461003]" dev="sockfs" ino=461003 ioctlcmd=0x8927 scontext=u:r:untrusted_app_27:s0:c40,c256,c512,c768 tcontext=u:r:untrusted_app_27:s0:c40,c256,c512,c768 tclass=udp_socket permissive=0 app=us.zoom.zoompresence
03-03 01:25:13.808  2865  2865 I chatty  : uid=10040(us.zoom.zoompresence) identical 1 line
03-03 01:25:13.808  2865  2865 I auditd  : type=1400 audit(0.0:1010): avc: denied { ioctl } for comm="Thread-5" path="socket:[461003]" dev="sockfs" ino=461003 ioctlcmd=0x8927 scontext=u:r:untrusted_app_27:s0:c40,c256,c512,c768 tcontext=u:r:untrusted_app_27:s0:c40,c256,c512,c768 tclass=udp_socket permissive=0 app=us.zoom.zoompresence
03-03 01:25:13.858   574   574 I auditd  : avc:  denied  { find } for interface=vendor.qti.hardware.servicetracker::IServicetracker sid=u:r:system_server:s0 pid=1494 scontext=u:r:system_server:s0 tcontext=u:object_r:default_android_hwservice:s0 tclass=hwservice_manager permissive=0
03-03 01:25:14.786  1494  1713 I commit_sys_config_file: [appops,7]
03-03 01:25:14.928  1494  1522 I commit_sys_config_file: [warnings-config,6]
03-03 01:25:18.768  2865  2865 I auditd  : type=1400 audit(0.0:1011): avc: denied { ioctl } for comm="Thread-5" path="socket:[461005]" dev="sockfs" ino=461005 ioctlcmd=0x8927 scontext=u:r:untrusted_app_27:s0:c40,c256,c512,c768 tcontext=u:r:untrusted_app_27:s0:c40,c256,c512,c768 tclass=udp_socket permissive=0 app=us.zoom.zoompresence
03-03 01:25:18.768  2865  2865 I chatty  : uid=10040(us.zoom.zoompresence) identical 1 line
03-03 01:25:18.768  2865  2865 I auditd  : type=1400 audit(0.0:1013): avc: denied { ioctl } for comm="Thread-5" path="socket:[461005]" dev="sockfs" ino=461005 ioctlcmd=0x8927 scontext=u:r:untrusted_app_27:s0:c40,c256,c512,c768 tcontext=u:r:untrusted_app_27:s0:c40,c256,c512,c768 tclass=udp_socket permissive=0 app=us.zoom.zoompresence
03-03 01:25:19.926   574   574 I auditd  : avc:  denied  { find } for interface=vendor.qti.hardware.servicetracker::IServicetracker sid=u:r:system_server:s0 pid=1494 scontext=u:r:system_server:s0 tcontext=u:object_r:default_android_hwservice:s0 tclass=hwservice_manager permissive=0
03-03 01:25:19.928   574   574 I auditd  : avc:  denied  { find } for interface=vendor.qti.hardware.servicetracker::IServicetracker sid=u:r:system_server:s0 pid=1494 scontext=u:r:system_server:s0 tcontext=u:object_r:default_android_hwservice:s0 tclass=hwservice_manager permissive=0
03-03 01:25:23.758  2865  2865 I auditd  : type=1400 audit(0.0:1014): avc: denied { ioctl } for comm="Thread-5" path="socket:[461006]" dev="sockfs" ino=461006 ioctlcmd=0x8927 scontext=u:r:untrusted_app_27:s0:c40,c256,c512,c768 tcontext=u:r:untrusted_app_27:s0:c40,c256,c512,c768 tclass=udp_socket permissive=0 app=us.zoom.zoompresence
03-03 01:25:23.758  2865  2865 I chatty  : uid=10040(us.zoom.zoompresence) identical 1 line
03-03 01:25:23.758  2865  2865 I auditd  : type=1400 audit(0.0:1016): avc: denied { ioctl } for comm="Thread-5" path="socket:[461006]" dev="sockfs" ino=461006 ioctlcmd=0x8927 scontext=u:r:untrusted_app_27:s0:c40,c256,c512,c768 tcontext=u:r:untrusted_app_27:s0:c40,c256,c512,c768 tclass=udp_socket permissive=0 app=us.zoom.zoompresence
03-03 01:25:28.738  2865  2865 I auditd  : type=1400 audit(0.0:1017): avc: denied { ioctl } for comm="Thread-5" path="socket:[461008]" dev="sockfs" ino=461008 ioctlcmd=0x8927 scontext=u:r:untrusted_app_27:s0:c40,c256,c512,c768 tcontext=u:r:untrusted_app_27:s0:c40,c256,c512,c768 tclass=udp_socket permissive=0 app=us.zoom.zoompresence
03-03 01:25:28.738  2865  2865 I chatty  : uid=10040(us.zoom.zoompresence) identical 1 line
03-03 01:25:28.738  2865  2865 I auditd  : type=1400 audit(0.0:1019): avc: denied { ioctl } for comm="Thread-5" path="socket:[461008]" dev="sockfs" ino=461008 ioctlcmd=0x8927 scontext=u:r:untrusted_app_27:s0:c40,c256,c512,c768 tcontext=u:r:untrusted_app_27:s0:c40,c256,c512,c768 tclass=udp_socket permissive=0 app=us.zoom.zoompresence
03-03 01:25:33.718  2865  2865 I auditd  : type=1400 audit(0.0:1020): avc: denied { ioctl } for comm="Thread-5" path="socket:[461009]" dev="sockfs" ino=461009 ioctlcmd=0x8927 scontext=u:r:untrusted_app_27:s0:c40,c256,c512,c768 tcontext=u:r:untrusted_app_27:s0:c40,c256,c512,c768 tclass=udp_socket permissive=0 app=us.zoom.zoompresence
03-03 01:25:33.718  2865  2865 I chatty  : uid=10040(us.zoom.zoompresence) identical 1 line
